 MQ2NetBots

 Timestamp is 4d3d7c87 (Mon Jan 24 08:20:07 2011)

 Preferred load address is 04000000

 Start         Length     Name                   Class
 0001:00000000 0002ccb2H .text                   CODE
 0001:0002ccc0 00000408H .text$x                 CODE
 0001:0002d0d0 000000aaH .text$yc                CODE
 0001:0002d180 0000006eH .text$yd                CODE
 0002:00000000 000001f8H .idata$5                DATA
 0002:000001f8 00000004H .CRT$XCA                DATA
 0002:000001fc 00000008H .CRT$XCU                DATA
 0002:00000204 00000004H .CRT$XCZ                DATA
 0002:00000208 00000004H .CRT$XIA                DATA
 0002:0000020c 00000014H .CRT$XIC                DATA
 0002:00000220 00000004H .CRT$XIZ                DATA
 0002:00000224 00000004H .CRT$XPA                DATA
 0002:00000228 00000004H .CRT$XPX                DATA
 0002:0000022c 00000004H .CRT$XPXA               DATA
 0002:00000230 00000004H .CRT$XPZ                DATA
 0002:00000234 00000004H .CRT$XTA                DATA
 0002:00000238 00000004H .CRT$XTZ                DATA
 0002:00000240 00003040H .rdata                  DATA
 0002:00003280 00000069H .rdata$debug            DATA
 0002:000032ec 000003e0H .rdata$r                DATA
 0002:000036d0 00000094H .rdata$sxdata           DATA
 0002:00003764 00000004H .rtc$IAA                DATA
 0002:00003768 00000004H .rtc$IZZ                DATA
 0002:0000376c 00000004H .rtc$TAA                DATA
 0002:00003770 00000004H .rtc$TZZ                DATA
 0002:00003778 00001064H .xdata$x                DATA
 0002:000047dc 00000028H .idata$2                DATA
 0002:00004804 00000014H .idata$3                DATA
 0002:00004818 000001f8H .idata$4                DATA
 0002:00004a10 00000956H .idata$6                DATA
 0002:00005370 0000010cH .edata                  DATA
 0003:00000000 000014e0H .data                   DATA
 0003:000014e0 00004168H .bss                    DATA

  Address         Publics by Value              Rva+Base       Lib:Object

 0000:00000000       __except_list              00000000     <absolute>
 0000:00000025       ___safe_se_handler_count   00000025     <absolute>
 0000:00000000       ___ImageBase               04000000     <linker-defined>
 0001:00000000       ??0bad_alloc@std@@QAE@PBD@Z 04001000 f i MQ2NetBots.obj
 0001:00000020       ??1bad_alloc@std@@UAE@XZ   04001020 f i MQ2NetBots.obj
 0001:00000030       ??_Gbad_alloc@std@@UAEPAXI@Z 04001030 f i MQ2NetBots.obj
 0001:00000030       ??_Ebad_alloc@std@@UAEPAXI@Z 04001030 f i MQ2NetBots.obj
 0001:00000060       ??2@YAPAXIPAX@Z            04001060 f i MQ2NetBots.obj
 0001:00000070       ??3@YAXPAX0@Z              04001070 f i MQ2NetBots.obj
 0001:00000080       ?assign@?$char_traits@D@std@@SAXAADABD@Z 04001080 f i MQ2NetBots.obj
 0001:00000090       ?compare@?$char_traits@D@std@@SAHPBD0I@Z 04001090 f i MQ2NetBots.obj
 0001:00000110       ?length@?$char_traits@D@std@@SAIPBD@Z 04001110 f i MQ2NetBots.obj
 0001:00000130       ?_Copy_s@?$char_traits@D@std@@SAPADPADIPBDI@Z 04001130 f i MQ2NetBots.obj
 0001:00000160       ?_Move_s@?$char_traits@D@std@@SAPADPADIPBDI@Z 04001160 f i MQ2NetBots.obj
 0001:00000190       ??0_Aux_cont@std@@QAE@QBV_Container_base_aux@1@@Z 04001190 f i MQ2NetBots.obj
 0001:000001a0       ?_Getcont@_Aux_cont@std@@QBEPBV_Container_base_aux@2@XZ 040011a0 f i MQ2NetBots.obj
 0001:000001b0       ??0_Container_base_aux@std@@QAE@XZ 040011b0 f i MQ2NetBots.obj
 0001:000001c0       ??1_Container_base_aux@std@@QAE@XZ 040011c0 f i MQ2NetBots.obj
 0001:000001d0       ??0_Iterator_base_aux@std@@QAE@XZ 040011d0 f i MQ2NetBots.obj
 0001:000001e0       ?_Set_container@_Iterator_base_aux@std@@QAEXQBV_Container_base_aux@2@@Z 040011e0 f i MQ2NetBots.obj
 0001:000001f0       ?_Getmycont@_Iterator_base_aux@std@@QBEPBV_Container_base_aux@2@XZ 040011f0 f i MQ2NetBots.obj
 0001:00000200       ?_Same_container@_Iterator_base_aux@std@@QBE_NABV12@@Z 04001200 f i MQ2NetBots.obj
 0001:00000220       ?_Has_container@_Iterator_base_aux@std@@QBE_NXZ 04001220 f i MQ2NetBots.obj
 0001:00000280       ??0BlechNode@@QAE@PAV0@PAPAV0@PBDW4eBlechStringType@@@Z 04001280 f i MQ2NetBots.obj
 0001:000002e0       ??1BlechNode@@QAE@XZ       040012e0 f i MQ2NetBots.obj
 0001:00000390       ?AddChild@BlechNode@@QAEPAV1@PBDW4eBlechStringType@@@Z 04001390 f i MQ2NetBots.obj
 0001:00000590       ?AddEvent@BlechNode@@QAEXPAU_BLECHEVENT@@@Z 04001590 f i MQ2NetBots.obj
 0001:000005d0       ??_GBlechNode@@QAEPAXI@Z   040015d0 f i MQ2NetBots.obj
 0001:000005f0       ?stristr@Blech@@SAPBDPBD0@Z 040015f0 f i MQ2NetBots.obj
 0001:000006b0       ?FreeExecution@Blech@@AAEXPAU_BLECHEXECUTE@@@Z 040016b0 f i MQ2NetBots.obj
 0001:00000700       ?ProcessExecutionList@Blech@@AAEIPAPAU_BLECHEXECUTE@@@Z 04001700 f i MQ2NetBots.obj
 0001:00000770       ?QueueEvent@Blech@@AAEXPAPAU_BLECHEXECUTE@@PAU_BLECHEVENT@@PAU_BLECHVALUE@@@Z 04001770 f i MQ2NetBots.obj
 0001:00000800       ?QueueEvents@Blech@@AAEXPAPAU_BLECHEXECUTE@@PAVBlechNode@@PBDI@Z 04001800 f i MQ2NetBots.obj
 0001:00000cb0       ?Chew@Blech@@AAEIPAVBlechNode@@PBD@Z 04001cb0 f i MQ2NetBots.obj
 0001:00000fa0       ?AddNode@Blech@@AAEPAVBlechNode@@IPBDW4eBlechStringType@@@Z 04001fa0 f i MQ2NetBots.obj
 0001:000011a0       ?AddNode@Blech@@AAEPAVBlechNode@@PAV2@PBD1W4eBlechStringType@@@Z 040021a0 f i MQ2NetBots.obj
 0001:00001250       ?Initialize@Blech@@AAEXXZ  04002250 f i MQ2NetBots.obj
 0001:00001290       ?Lock@CAutoLock@MQ2Internal@@QAEXXZ 04002290 f i MQ2NetBots.obj
 0001:000012b0       ?Unlock@CAutoLock@MQ2Internal@@QAEXXZ 040022b0 f i MQ2NetBots.obj
 0001:000012d0       ??0CAutoLock@MQ2Internal@@QAE@PAU_RTL_CRITICAL_SECTION@@@Z 040022d0 f i MQ2NetBots.obj
 0001:00001300       ??1CAutoLock@MQ2Internal@@QAE@XZ 04002300 f i MQ2NetBots.obj
 0001:00001440       _DllMain@12                04002440 f   MQ2NetBots.obj
 0001:000014a0       ?EQBCConnected@@YA_NXZ     040024a0 f   MQ2NetBots.obj
 0001:00001500       ?EQBCBroadCast@@YAXPAD@Z   04002500 f   MQ2NetBots.obj
 0001:00001580       ?inGroup@@YA_NK@Z          04002580 f   MQ2NetBots.obj
 0001:00001620       ?inZoned@@YA_NKK@Z         04002620 f   MQ2NetBots.obj
 0001:00001650       ?InfoSong@@YAXPAD@Z        04002650 f   MQ2NetBots.obj
 0001:000016c0       ?InfoPets@@YAXPAD@Z        040026c0 f   MQ2NetBots.obj
 0001:00001730       ?InfoBuff@@YAXPAD@Z        04002730 f   MQ2NetBots.obj
 0001:000017a0       ?ParseInfo@@YGXIPAXPAU_BLECHVALUE@@@Z 040027a0 f   MQ2NetBots.obj
 0001:00001b10       ?MakeBUFFS@@YAPADPAD@Z     04002b10 f   MQ2NetBots.obj
 0001:00001c00       ?MakeCASTD@@YAPADPAD@Z     04002c00 f   MQ2NetBots.obj
 0001:00001c40       ?MakeEXPER@@YAPADPAD@Z     04002c40 f   MQ2NetBots.obj
 0001:00001c80       ?MakeLEADR@@YAPADPAD@Z     04002c80 f   MQ2NetBots.obj
 0001:00001cc0       ?MakeLEVEL@@YAPADPAD@Z     04002cc0 f   MQ2NetBots.obj
 0001:00001d00       ?MakeLIFES@@YAPADPAD@Z     04002d00 f   MQ2NetBots.obj
 0001:00001d50       ?MakeMANAS@@YAPADPAD@Z     04002d50 f   MQ2NetBots.obj
 0001:00001db0       ?MakePBUFF@@YAPADPAD@Z     04002db0 f   MQ2NetBots.obj
 0001:00001e70       ?MakePETIL@@YAPADPAD@Z     04002e70 f   MQ2NetBots.obj
 0001:00001ef0       ?MakeSONGS@@YAPADPAD@Z     04002ef0 f   MQ2NetBots.obj
 0001:00001f70       ?MakeSTATE@@YAPADPAD@Z     04002f70 f   MQ2NetBots.obj
 0001:00002090       ?MakeOOCST@@YAPADPAD@Z     04003090 f   MQ2NetBots.obj
 0001:000020c0       ?MakeAAPTS@@YAPADPAD@Z     040030c0 f   MQ2NetBots.obj
 0001:00002100       ?MakeTARGT@@YAPADPAD@Z     04003100 f   MQ2NetBots.obj
 0001:00002150       ?MakeZONES@@YAPADPAD@Z     04003150 f   MQ2NetBots.obj
 0001:00002190       ?Command@@YAXPAU_SPAWNINFO@EQData@@PAD@Z 04003190 f   MQ2NetBots.obj
 0001:000023e0       _OnBeginZone               040033e0 f   MQ2NetBots.obj
 0001:00002420       _SetGameState              04003420 f   MQ2NetBots.obj
 0001:00002500       ?size@?$basic_string@DU?$char_traits@D@std@@V?$allocator@D@2@@std@@QBEIXZ 04003500 f i MQ2NetBots.obj
 0001:00002510       ??0?$CIndex@PAU_MQ2TypeMember@MQ2Internal@@@MQ2Internal@@QAE@XZ 04003510 f i MQ2NetBots.obj
 0001:00002530       ??1?$CIndex@PAU_MQ2TypeMember@MQ2Internal@@@MQ2Internal@@QAE@XZ 04003530 f i MQ2NetBots.obj
 0001:00002570       ?Cleanup@?$CIndex@PAU_MQ2TypeMember@MQ2Internal@@@MQ2Internal@@QAEXXZ 04003570 f i MQ2NetBots.obj
 0001:000025b0       ??A?$CIndex@PAU_MQ2TypeMember@MQ2Internal@@@MQ2Internal@@QAEAAPAU_MQ2TypeMember@1@K@Z 040035b0 f i MQ2NetBots.obj
 0001:000025c0       ??8const_iterator@?$_Tree@V?$_Tmap_traits@V?$basic_string@DU?$char_traits@D@std@@V?$allocator@D@2@@std@@VBotInfo@@U?$less@V?$basic_string@DU?$char_traits@D@std@@V?$allocator@D@2@@std@@@2@V?$allocator@U?$pair@$$CBV?$basic_string@DU?$char_traits@D@std@@V?$allocator@D@2@@std@@VBotInfo@@@std@@@2@$0A@@std@@@std@@QBE_NABV012@@Z 040035c0 f i MQ2NetBots.obj
 0001:000025f0       ??9const_iterator@?$_Tree@V?$_Tmap_traits@V?$basic_string@DU?$char_traits@D@std@@V?$allocator@D@2@@std@@VBotInfo@@U?$less@V?$basic_string@DU?$char_traits@D@std@@V?$allocator@D@2@@std@@@2@V?$allocator@U?$pair@$$CBV?$basic_string@DU?$char_traits@D@std@@V?$allocator@D@2@@std@@VBotInfo@@@std@@@2@$0A@@std@@@std@@QBE_NABV012@@Z 040035f0 f i MQ2NetBots.obj
 0001:00002620       ?_Myptr@?$basic_string@DU?$char_traits@D@std@@V?$allocator@D@2@@std@@IBEPBDXZ 04003620 f i MQ2NetBots.obj
 0001:00002630       ??0?$allocator@D@std@@QAE@XZ 04003630 f i MQ2NetBots.obj
 0001:00002640       ??0?$allocator@U?$pair@$$CBIPAU_BLECHEVENT@@@std@@@std@@QAE@XZ 04003640 f i MQ2NetBots.obj
 0001:00002650       ??R?$less@I@std@@QBE_NABI0@Z 04003650 f i MQ2NetBots.obj
 0001:00002670       ??8const_iterator@?$_Tree@V?$_Tmap_traits@IPAU_BLECHEVENT@@U?$less@I@std@@V?$allocator@U?$pair@$$CBIPAU_BLECHEVENT@@@std@@@3@$0A@@std@@@std@@QBE_NABV012@@Z 04003670 f i MQ2NetBots.obj
 0001:000026a0       ?_Mynode@const_iterator@?$_Tree@V?$_Tmap_traits@IPAU_BLECHEVENT@@U?$less@I@std@@V?$allocator@U?$pair@$$CBIPAU_BLECHEVENT@@@std@@@3@$0A@@std@@@std@@QBEPAU_Node@?$_Tree_nod@V?$_Tmap_traits@IPAU_BLECHEVENT@@U?$less@I@std@@V?$allocator@U?$pair@$$CBIPAU_BLECHEVENT@@@std@@@3@$0A@@std@@@3@XZ 040036a0 f i MQ2NetBots.obj
 0001:000026b0       ??0?$pair@$$CBIPAU_BLECHEVENT@@@std@@QAE@ABIABQAU_BLECHEVENT@@@Z 040036b0 f i MQ2NetBots.obj
 0001:000026d0       ?Resize@?$CIndex@PAU_MQ2TypeMember@MQ2Internal@@@MQ2Internal@@QAEXK@Z 040036d0 f i MQ2NetBots.obj
 0001:00002780       ??0?$allocator@U?$pair@$$CBV?$basic_string@DU?$char_traits@D@std@@V?$allocator@D@2@@std@@K@std@@@std@@QAE@XZ 04003780 f i MQ2NetBots.obj
 0001:00002790       ?_Color@?$_Tree@V?$_Tmap_traits@V?$basic_string@DU?$char_traits@D@std@@V?$allocator@D@2@@std@@VBotInfo@@U?$less@V?$basic_string@DU?$char_traits@D@std@@V?$allocator@D@2@@std@@@2@V?$allocator@U?$pair@$$CBV?$basic_string@DU?$char_traits@D@std@@V?$allocator@D@2@@std@@VBotInfo@@@std@@@2@$0A@@std@@@std@@KAAADPAU_Node@?$_Tree_nod@V?$_Tmap_traits@V?$basic_string@DU?$char_traits@D@std@@V?$allocator@D@2@@std@@VBotInfo@@U?$less@V?$basic_string@DU?$char_traits@D@std@@V?$allocator@D@2@@std@@@2@V?$allocator@U?$pair@$$CBV?$basic_string@DU?$char_traits@D@std@@V?$allocator@D@2@@std@@VBotInfo@@@std@@@2@$0A@@std@@@2@@Z 04003790 f i MQ2NetBots.obj
 0001:000027a0       ?_Isnil@?$_Tree@V?$_Tmap_traits@V?$basic_string@DU?$char_traits@D@std@@V?$allocator@D@2@@std@@VBotInfo@@U?$less@V?$basic_string@DU?$char_traits@D@std@@V?$allocator@D@2@@std@@@2@V?$allocator@U?$pair@$$CBV?$basic_string@DU?$char_traits@D@std@@V?$allocator@D@2@@std@@VBotInfo@@@std@@@2@$0A@@std@@@std@@KAAADPAU_Node@?$_Tree_nod@V?$_Tmap_traits@V?$basic_string@DU?$char_traits@D@std@@V?$allocator@D@2@@std@@VBotInfo@@U?$less@V?$basic_string@DU?$char_traits@D@std@@V?$allocator@D@2@@std@@@2@V?$allocator@U?$pair@$$CBV?$basic_string@DU?$char_traits@D@std@@V?$allocator@D@2@@std@@VBotInfo@@@std@@@2@$0A@@std@@@2@@Z 040037a0 f i MQ2NetBots.obj
 0001:000027b0       ?_Left@?$_Tree@V?$_Tmap_traits@V?$basic_string@DU?$char_traits@D@std@@V?$allocator@D@2@@std@@VBotInfo@@U?$less@V?$basic_string@DU?$char_traits@D@std@@V?$allocator@D@2@@std@@@2@V?$allocator@U?$pair@$$CBV?$basic_string@DU?$char_traits@D@std@@V?$allocator@D@2@@std@@VBotInfo@@@std@@@2@$0A@@std@@@std@@KAAAPAU_Node@?$_Tree_nod@V?$_Tmap_traits@V?$basic_string@DU?$char_traits@D@std@@V?$allocator@D@2@@std@@VBotInfo@@U?$less@V?$basic_string@DU?$char_traits@D@std@@V?$allocator@D@2@@std@@@2@V?$allocator@U?$pair@$$CBV?$basic_string@DU?$char_traits@D@std@@V?$allocator@D@2@@std@@VBotInfo@@@std@@@2@$0A@@std@@@2@PAU342@@Z 040037b0 f i MQ2NetBots.obj
 0001:000027c0       ?_Parent@?$_Tree@V?$_Tmap_traits@V?$basic_string@DU?$char_traits@D@std@@V?$allocator@D@2@@std@@VBotInfo@@U?$less@V?$basic_string@DU?$char_traits@D@std@@V?$allocator@D@2@@std@@@2@V?$allocator@U?$pair@$$CBV?$basic_string@DU?$char_traits@D@std@@V?$allocator@D@2@@std@@VBotInfo@@@std@@@2@$0A@@std@@@std@@KAAAPAU_Node@?$_Tree_nod@V?$_Tmap_traits@V?$basic_string@DU?$char_traits@D@std@@V?$allocator@D@2@@std@@VBotInfo@@U?$less@V?$basic_string@DU?$char_traits@D@std@@V?$allocator@D@2@@std@@@2@V?$allocator@U?$pair@$$CBV?$basic_string@DU?$char_traits@D@std@@V?$allocator@D@2@@std@@VBotInfo@@@std@@@2@$0A@@std@@@2@PAU342@@Z 040037c0 f i MQ2NetBots.obj
 0001:000027d0       ?_Right@?$_Tree@V?$_Tmap_traits@V?$basic_string@DU?$char_traits@D@std@@V?$allocator@D@2@@std@@VBotInfo@@U?$less@V?$basic_string@DU?$char_traits@D@std@@V?$allocator@D@2@@std@@@2@V?$allocator@U?$pair@$$CBV?$basic_string@DU?$char_traits@D@std@@V?$allocator@D@2@@std@@VBotInfo@@@std@@@2@$0A@@std@@@std@@KAAAPAU_Node@?$_Tree_nod@V?$_Tmap_traits@V?$basic_string@DU?$char_traits@D@std@@V?$allocator@D@2@@std@@VBotInfo@@U?$less@V?$basic_string@DU?$char_traits@D@std@@V?$allocator@D@2@@std@@@2@V?$allocator@U?$pair@$$CBV?$basic_string@DU?$char_traits@D@std@@V?$allocator@D@2@@std@@VBotInfo@@@std@@@2@$0A@@std@@@2@PAU342@@Z 040037d0 f i MQ2NetBots.obj
 0001:000027e0       ?_Lmost@?$_Tree@V?$_Tmap_traits@V?$basic_string@DU?$char_traits@D@std@@V?$allocator@D@2@@std@@VBotInfo@@U?$less@V?$basic_string@DU?$char_traits@D@std@@V?$allocator@D@2@@std@@@2@V?$allocator@U?$pair@$$CBV?$basic_string@DU?$char_traits@D@std@@V?$allocator@D@2@@std@@VBotInfo@@@std@@@2@$0A@@std@@@std@@IBEAAPAU_Node@?$_Tree_nod@V?$_Tmap_traits@V?$basic_string@DU?$char_traits@D@std@@V?$allocator@D@2@@std@@VBotInfo@@U?$less@V?$basic_string@DU?$char_traits@D@std@@V?$allocator@D@2@@std@@@2@V?$allocator@U?$pair@$$CBV?$basic_string@DU?$char_traits@D@std@@V?$allocator@D@2@@std@@VBotInfo@@@std@@@2@$0A@@std@@@2@XZ 040037e0 f i MQ2NetBots.obj
 0001:000027f0       ?_Max@?$_Tree@V?$_Tmap_traits@V?$basic_string@DU?$char_traits@D@std@@V?$allocator@D@2@@std@@VBotInfo@@U?$less@V?$basic_string@DU?$char_traits@D@std@@V?$allocator@D@2@@std@@@2@V?$allocator@U?$pair@$$CBV?$basic_string@DU?$char_traits@D@std@@V?$allocator@D@2@@std@@VBotInfo@@@std@@@2@$0A@@std@@@std@@KAPAU_Node@?$_Tree_nod@V?$_Tmap_traits@V?$basic_string@DU?$char_traits@D@std@@V?$allocator@D@2@@std@@VBotInfo@@U?$less@V?$basic_string@DU?$char_traits@D@std@@V?$allocator@D@2@@std@@@2@V?$allocator@U?$pair@$$CBV?$basic_string@DU?$char_traits@D@std@@V?$allocator@D@2@@std@@VBotInfo@@@std@@@2@$0A@@std@@@2@PAU342@@Z 040037f0 f i MQ2NetBots.obj
 0001:00002810       ?_Min@?$_Tree@V?$_Tmap_traits@V?$basic_string@DU?$char_traits@D@std@@V?$allocator@D@2@@std@@VBotInfo@@U?$less@V?$basic_string@DU?$char_traits@D@std@@V?$allocator@D@2@@std@@@2@V?$allocator@U?$pair@$$CBV?$basic_string@DU?$char_traits@D@std@@V?$allocator@D@2@@std@@VBotInfo@@@std@@@2@$0A@@std@@@std@@KAPAU_Node@?$_Tree_nod@V?$_Tmap_traits@V?$basic_string@DU?$char_traits@D@std@@V?$allocator@D@2@@std@@VBotInfo@@U?$less@V?$basic_string@DU?$char_traits@D@std@@V?$allocator@D@2@@std@@@2@V?$allocator@U?$pair@$$CBV?$basic_string@DU?$char_traits@D@std@@V?$allocator@D@2@@std@@VBotInfo@@@std@@@2@$0A@@std@@@2@PAU342@@Z 04003810 f i MQ2NetBots.obj
 0001:00002830       ?_Rmost@?$_Tree@V?$_Tmap_traits@V?$basic_string@DU?$char_traits@D@std@@V?$allocator@D@2@@std@@VBotInfo@@U?$less@V?$basic_string@DU?$char_traits@D@std@@V?$allocator@D@2@@std@@@2@V?$allocator@U?$pair@$$CBV?$basic_string@DU?$char_traits@D@std@@V?$allocator@D@2@@std@@VBotInfo@@@std@@@2@$0A@@std@@@std@@IBEAAPAU_Node@?$_Tree_nod@V?$_Tmap_traits@V?$basic_string@DU?$char_traits@D@std@@V?$allocator@D@2@@std@@VBotInfo@@U?$less@V?$basic_string@DU?$char_traits@D@std@@V?$allocator@D@2@@std@@@2@V?$allocator@U?$pair@$$CBV?$basic_string@DU?$char_traits@D@std@@V?$allocator@D@2@@std@@VBotInfo@@@std@@@2@$0A@@std@@@2@XZ 04003830 f i MQ2NetBots.obj
 0001:00002840       ?_Root@?$_Tree@V?$_Tmap_traits@V?$basic_string@DU?$char_traits@D@std@@V?$allocator@D@2@@std@@VBotInfo@@U?$less@V?$basic_string@DU?$char_traits@D@std@@V?$allocator@D@2@@std@@@2@V?$allocator@U?$pair@$$CBV?$basic_string@DU?$char_traits@D@std@@V?$allocator@D@2@@std@@VBotInfo@@@std@@@2@$0A@@std@@@std@@IBEAAPAU_Node@?$_Tree_nod@V?$_Tmap_traits@V?$basic_string@DU?$char_traits@D@std@@V?$allocator@D@2@@std@@VBotInfo@@U?$less@V?$basic_string@DU?$char_traits@D@std@@V?$allocator@D@2@@std@@@2@V?$allocator@U?$pair@$$CBV?$basic_string@DU?$char_traits@D@std@@V?$allocator@D@2@@std@@VBotInfo@@@std@@@2@$0A@@std@@@2@XZ 04003840 f i MQ2NetBots.obj
 0001:00002850       ?_Rrotate@?$_Tree@V?$_Tmap_traits@V?$basic_string@DU?$char_traits@D@std@@V?$allocator@D@2@@std@@VBotInfo@@U?$less@V?$basic_string@DU?$char_traits@D@std@@V?$allocator@D@2@@std@@@2@V?$allocator@U?$pair@$$CBV?$basic_string@DU?$char_traits@D@std@@V?$allocator@D@2@@std@@VBotInfo@@@std@@@2@$0A@@std@@@std@@IAEXPAU_Node@?$_Tree_nod@V?$_Tmap_traits@V?$basic_string@DU?$char_traits@D@std@@V?$allocator@D@2@@std@@VBotInfo@@U?$less@V?$basic_string@DU?$char_traits@D@std@@V?$allocator@D@2@@std@@@2@V?$allocator@U?$pair@$$CBV?$basic_string@DU?$char_traits@D@std@@V?$allocator@D@2@@std@@VBotInfo@@@std@@@2@$0A@@std@@@2@@Z 04003850 f i MQ2NetBots.obj
 0001:000028b0       ?_Kfn@?$_Tmap_traits@V?$basic_string@DU?$char_traits@D@std@@V?$allocator@D@2@@std@@VBotInfo@@U?$less@V?$basic_string@DU?$char_traits@D@std@@V?$allocator@D@2@@std@@@2@V?$allocator@U?$pair@$$CBV?$basic_string@DU?$char_traits@D@std@@V?$allocator@D@2@@std@@VBotInfo@@@std@@@2@$0A@@std@@SAABV?$basic_string@DU?$char_traits@D@std@@V?$allocator@D@2@@2@ABU?$pair@$$CBV?$basic_string@DU?$char_traits@D@std@@V?$allocator@D@2@@std@@VBotInfo@@@2@@Z 040038b0 f i MQ2NetBots.obj
 0001:000028c0       ??0?$allocator@U?$pair@$$CBV?$basic_string@DU?$char_traits@D@std@@V?$allocator@D@2@@std@@VBotInfo@@@std@@@std@@QAE@XZ 040038c0 f i MQ2NetBots.obj
 0001:000028d0       ?deallocate@?$allocator@U_Node@?$_Tree_nod@V?$_Tmap_traits@V?$basic_string@DU?$char_traits@D@std@@V?$allocator@D@2@@std@@VBotInfo@@U?$less@V?$basic_string@DU?$char_traits@D@std@@V?$allocator@D@2@@std@@@2@V?$allocator@U?$pair@$$CBV?$basic_string@DU?$char_traits@D@std@@V?$allocator@D@2@@std@@VBotInfo@@@std@@@2@$0A@@std@@@std@@@std@@QAEXPAU_Node@?$_Tree_nod@V?$_Tmap_traits@V?$basic_string@DU?$char_traits@D@std@@V?$allocator@D@2@@std@@VBotInfo@@U?$less@V?$basic_string@DU?$char_traits@D@std@@V?$allocator@D@2@@std@@@2@V?$allocator@U?$pair@$$CBV?$basic_string@DU?$char_traits@D@std@@V?$allocator@D@2@@std@@VBotInfo@@@std@@@2@$0A@@std@@@2@I@Z 040038d0 f i MQ2NetBots.obj
 0001:000028e0       ?_Mynode@const_iterator@?$_Tree@V?$_Tmap_traits@V?$basic_string@DU?$char_traits@D@std@@V?$allocator@D@2@@std@@VBotInfo@@U?$less@V?$basic_string@DU?$char_traits@D@std@@V?$allocator@D@2@@std@@@2@V?$allocator@U?$pair@$$CBV?$basic_string@DU?$char_traits@D@std@@V?$allocator@D@2@@std@@VBotInfo@@@std@@@2@$0A@@std@@@std@@QBEPAU_Node@?$_Tree_nod@V?$_Tmap_traits@V?$basic_string@DU?$char_traits@D@std@@V?$allocator@D@2@@std@@VBotInfo@@U?$less@V?$basic_string@DU?$char_traits@D@std@@V?$allocator@D@2@@std@@@2@V?$allocator@U?$pair@$$CBV?$basic_string@DU?$char_traits@D@std@@V?$allocator@D@2@@std@@VBotInfo@@@std@@@2@$0A@@std@@@3@XZ 040038e0 f i MQ2NetBots.obj
 0001:000028f0       ??0?$pair@Viterator@?$_Tree@V?$_Tmap_traits@V?$basic_string@DU?$char_traits@D@std@@V?$allocator@D@2@@std@@VBotInfo@@U?$less@V?$basic_string@DU?$char_traits@D@std@@V?$allocator@D@2@@std@@@2@V?$allocator@U?$pair@$$CBV?$basic_string@DU?$char_traits@D@std@@V?$allocator@D@2@@std@@VBotInfo@@@std@@@2@$0A@@std@@@std@@_N@std@@QAE@ABViterator@?$_Tree@V?$_Tmap_traits@V?$basic_string@DU?$char_traits@D@std@@V?$allocator@D@2@@std@@VBotInfo@@U?$less@V?$basic_string@DU?$char_traits@D@std@@V?$allocator@D@2@@std@@@2@V?$allocator@U?$pair@$$CBV?$basic_string@DU?$char_traits@D@std@@V?$allocator@D@2@@std@@VBotInfo@@@std@@@2@$0A@@std@@@1@AB_N@Z 040038f0 f i MQ2NetBots.obj
 0001:00002910       ??8const_iterator@?$_Tree@V?$_Tmap_traits@V?$basic_string@DU?$char_traits@D@std@@V?$allocator@D@2@@std@@KU?$less@V?$basic_string@DU?$char_traits@D@std@@V?$allocator@D@2@@std@@@2@V?$allocator@U?$pair@$$CBV?$basic_string@DU?$char_traits@D@std@@V?$allocator@D@2@@std@@K@std@@@2@$0A@@std@@@std@@QBE_NABV012@@Z 04003910 f i MQ2NetBots.obj
 0001:00002940       ?_Mynode@const_iterator@?$_Tree@V?$_Tmap_traits@V?$basic_string@DU?$char_traits@D@std@@V?$allocator@D@2@@std@@KU?$less@V?$basic_string@DU?$char_traits@D@std@@V?$allocator@D@2@@std@@@2@V?$allocator@U?$pair@$$CBV?$basic_string@DU?$char_traits@D@std@@V?$allocator@D@2@@std@@K@std@@@2@$0A@@std@@@std@@QBEPAU_Node@?$_Tree_nod@V?$_Tmap_traits@V?$basic_string@DU?$char_traits@D@std@@V?$allocator@D@2@@std@@KU?$less@V?$basic_string@DU?$char_traits@D@std@@V?$allocator@D@2@@std@@@2@V?$allocator@U?$pair@$$CBV?$basic_string@DU?$char_traits@D@std@@V?$allocator@D@2@@std@@K@std@@@2@$0A@@std@@@3@XZ 04003940 f i MQ2NetBots.obj
 0001:00002950       ??0?$_Iterator_with_base@Ubidirectional_iterator_tag@std@@U?$pair@$$CBV?$basic_string@DU?$char_traits@D@std@@V?$allocator@D@2@@std@@VBotInfo@@@2@HPBU32@ABU32@V_Iterator_base_aux@2@@std@@QAE@XZ 04003950 f i MQ2NetBots.obj
 0001:00002960       ?_Myptr@?$basic_string@DU?$char_traits@D@std@@V?$allocator@D@2@@std@@IAEPADXZ 04003960 f i MQ2NetBots.obj
 0001:00002970       ??0?$allocator@D@std@@QAE@ABV01@@Z 04003970 f i MQ2NetBots.obj
 0001:00002980       ?deallocate@?$allocator@D@std@@QAEXPADI@Z 04003980 f i MQ2NetBots.obj
 0001:00002990       ?_Isnil@?$_Tree@V?$_Tmap_traits@IPAU_BLECHEVENT@@U?$less@I@std@@V?$allocator@U?$pair@$$CBIPAU_BLECHEVENT@@@std@@@3@$0A@@std@@@std@@KAAADPAU_Node@?$_Tree_nod@V?$_Tmap_traits@IPAU_BLECHEVENT@@U?$less@I@std@@V?$allocator@U?$pair@$$CBIPAU_BLECHEVENT@@@std@@@3@$0A@@std@@@2@@Z 04003990 f i MQ2NetBots.obj
 0001:000029a0       ?_Left@?$_Tree@V?$_Tmap_traits@IPAU_BLECHEVENT@@U?$less@I@std@@V?$allocator@U?$pair@$$CBIPAU_BLECHEVENT@@@std@@@3@$0A@@std@@@std@@KAAAPAU_Node@?$_Tree_nod@V?$_Tmap_traits@IPAU_BLECHEVENT@@U?$less@I@std@@V?$allocator@U?$pair@$$CBIPAU_BLECHEVENT@@@std@@@3@$0A@@std@@@2@PAU342@@Z 040039a0 f i MQ2NetBots.obj
 0001:000029b0       ?_Parent@?$_Tree@V?$_Tmap_traits@IPAU_BLECHEVENT@@U?$less@I@std@@V?$allocator@U?$pair@$$CBIPAU_BLECHEVENT@@@std@@@3@$0A@@std@@@std@@KAAAPAU_Node@?$_Tree_nod@V?$_Tmap_traits@IPAU_BLECHEVENT@@U?$less@I@std@@V?$allocator@U?$pair@$$CBIPAU_BLECHEVENT@@@std@@@3@$0A@@std@@@2@PAU342@@Z 040039b0 f i MQ2NetBots.obj
 0001:000029c0       ?_Right@?$_Tree@V?$_Tmap_traits@IPAU_BLECHEVENT@@U?$less@I@std@@V?$allocator@U?$pair@$$CBIPAU_BLECHEVENT@@@std@@@3@$0A@@std@@@std@@KAAAPAU_Node@?$_Tree_nod@V?$_Tmap_traits@IPAU_BLECHEVENT@@U?$less@I@std@@V?$allocator@U?$pair@$$CBIPAU_BLECHEVENT@@@std@@@3@$0A@@std@@@2@PAU342@@Z 040039c0 f i MQ2NetBots.obj
 0001:000029d0       ?_Myval@?$_Tree@V?$_Tmap_traits@IPAU_BLECHEVENT@@U?$less@I@std@@V?$allocator@U?$pair@$$CBIPAU_BLECHEVENT@@@std@@@3@$0A@@std@@@std@@KAAAU?$pair@$$CBIPAU_BLECHEVENT@@@2@PAU_Node@?$_Tree_nod@V?$_Tmap_traits@IPAU_BLECHEVENT@@U?$less@I@std@@V?$allocator@U?$pair@$$CBIPAU_BLECHEVENT@@@std@@@3@$0A@@std@@@2@@Z 040039d0 f i MQ2NetBots.obj
 0001:000029e0       ?size@?$_Tree@V?$_Tmap_traits@IPAU_BLECHEVENT@@U?$less@I@std@@V?$allocator@U?$pair@$$CBIPAU_BLECHEVENT@@@std@@@3@$0A@@std@@@std@@QBEIXZ 040039e0 f i MQ2NetBots.obj
 0001:000029f0       ?_Kfn@?$_Tmap_traits@IPAU_BLECHEVENT@@U?$less@I@std@@V?$allocator@U?$pair@$$CBIPAU_BLECHEVENT@@@std@@@3@$0A@@std@@SAABIABU?$pair@$$CBIPAU_BLECHEVENT@@@2@@Z 040039f0 f i MQ2NetBots.obj
 0001:00002a00       ??0?$allocator@U?$pair@$$CBIPAU_BLECHEVENT@@@std@@@std@@QAE@ABV01@@Z 04003a00 f i MQ2NetBots.obj
 0001:00002a10       ?deallocate@?$allocator@V_Aux_cont@std@@@std@@QAEXPAV_Aux_cont@2@I@Z 04003a10 f i MQ2NetBots.obj
 0001:00002a20       ?deallocate@?$allocator@U_Node@?$_Tree_nod@V?$_Tmap_traits@IPAU_BLECHEVENT@@U?$less@I@std@@V?$allocator@U?$pair@$$CBIPAU_BLECHEVENT@@@std@@@3@$0A@@std@@@std@@@std@@QAEXPAU_Node@?$_Tree_nod@V?$_Tmap_traits@IPAU_BLECHEVENT@@U?$less@I@std@@V?$allocator@U?$pair@$$CBIPAU_BLECHEVENT@@@std@@@3@$0A@@std@@@2@I@Z 04003a20 f i MQ2NetBots.obj
 0001:00002a30       ??Dconst_iterator@?$_Tree@V?$_Tmap_traits@IPAU_BLECHEVENT@@U?$less@I@std@@V?$allocator@U?$pair@$$CBIPAU_BLECHEVENT@@@std@@@3@$0A@@std@@@std@@QBEABU?$pair@$$CBIPAU_BLECHEVENT@@@2@XZ 04003a30 f i MQ2NetBots.obj
 0001:00002a60       ?_Isnil@?$_Tree@V?$_Tmap_traits@V?$basic_string@DU?$char_traits@D@std@@V?$allocator@D@2@@std@@KU?$less@V?$basic_string@DU?$char_traits@D@std@@V?$allocator@D@2@@std@@@2@V?$allocator@U?$pair@$$CBV?$basic_string@DU?$char_traits@D@std@@V?$allocator@D@2@@std@@K@std@@@2@$0A@@std@@@std@@KAAADPAU_Node@?$_Tree_nod@V?$_Tmap_traits@V?$basic_string@DU?$char_traits@D@std@@V?$allocator@D@2@@std@@KU?$less@V?$basic_string@DU?$char_traits@D@std@@V?$allocator@D@2@@std@@@2@V?$allocator@U?$pair@$$CBV?$basic_string@DU?$char_traits@D@std@@V?$allocator@D@2@@std@@K@std@@@2@$0A@@std@@@2@@Z 04003a60 f i MQ2NetBots.obj
 0001:00002a70       ?_Left@?$_Tree@V?$_Tmap_traits@V?$basic_string@DU?$char_traits@D@std@@V?$allocator@D@2@@std@@KU?$less@V?$basic_string@DU?$char_traits@D@std@@V?$allocator@D@2@@std@@@2@V?$allocator@U?$pair@$$CBV?$basic_string@DU?$char_traits@D@std@@V?$allocator@D@2@@std@@K@std@@@2@$0A@@std@@@std@@KAAAPAU_Node@?$_Tree_nod@V?$_Tmap_traits@V?$basic_string@DU?$char_traits@D@std@@V?$allocator@D@2@@std@@KU?$less@V?$basic_string@DU?$char_traits@D@std@@V?$allocator@D@2@@std@@@2@V?$allocator@U?$pair@$$CBV?$basic_string@DU?$char_traits@D@std@@V?$allocator@D@2@@std@@K@std@@@2@$0A@@std@@@2@PAU342@@Z 04003a70 f i MQ2NetBots.obj
 0001:00002a80       ?_Parent@?$_Tree@V?$_Tmap_traits@V?$basic_string@DU?$char_traits@D@std@@V?$allocator@D@2@@std@@KU?$less@V?$basic_string@DU?$char_traits@D@std@@V?$allocator@D@2@@std@@@2@V?$allocator@U?$pair@$$CBV?$basic_string@DU?$char_traits@D@std@@V?$allocator@D@2@@std@@K@std@@@2@$0A@@std@@@std@@KAAAPAU_Node@?$_Tree_nod@V?$_Tmap_traits@V?$basic_string@DU?$char_traits@D@std@@V?$allocator@D@2@@std@@KU?$less@V?$basic_string@DU?$char_traits@D@std@@V?$allocator@D@2@@std@@@2@V?$allocator@U?$pair@$$CBV?$basic_string@DU?$char_traits@D@std@@V?$allocator@D@2@@std@@K@std@@@2@$0A@@std@@@2@PAU342@@Z 04003a80 f i MQ2NetBots.obj
 0001:00002a90       ?_Right@?$_Tree@V?$_Tmap_traits@V?$basic_string@DU?$char_traits@D@std@@V?$allocator@D@2@@std@@KU?$less@V?$basic_string@DU?$char_traits@D@std@@V?$allocator@D@2@@std@@@2@V?$allocator@U?$pair@$$CBV?$basic_string@DU?$char_traits@D@std@@V?$allocator@D@2@@std@@K@std@@@2@$0A@@std@@@std@@KAAAPAU_Node@?$_Tree_nod@V?$_Tmap_traits@V?$basic_string@DU?$char_traits@D@std@@V?$allocator@D@2@@std@@KU?$less@V?$basic_string@DU?$char_traits@D@std@@V?$allocator@D@2@@std@@@2@V?$allocator@U?$pair@$$CBV?$basic_string@DU?$char_traits@D@std@@V?$allocator@D@2@@std@@K@std@@@2@$0A@@std@@@2@PAU342@@Z 04003a90 f i MQ2NetBots.obj
 0001:00002aa0       ?_Myval@?$_Tree@V?$_Tmap_traits@V?$basic_string@DU?$char_traits@D@std@@V?$allocator@D@2@@std@@KU?$less@V?$basic_string@DU?$char_traits@D@std@@V?$allocator@D@2@@std@@@2@V?$allocator@U?$pair@$$CBV?$basic_string@DU?$char_traits@D@std@@V?$allocator@D@2@@std@@K@std@@@2@$0A@@std@@@std@@KAAAU?$pair@$$CBV?$basic_string@DU?$char_traits@D@std@@V?$allocator@D@2@@std@@K@2@PAU_Node@?$_Tree_nod@V?$_Tmap_traits@V?$basic_string@DU?$char_traits@D@std@@V?$allocator@D@2@@std@@KU?$less@V?$basic_string@DU?$char_traits@D@std@@V?$allocator@D@2@@std@@@2@V?$allocator@U?$pair@$$CBV?$basic_string@DU?$char_traits@D@std@@V?$allocator@D@2@@std@@K@std@@@2@$0A@@std@@@2@@Z 04003aa0 f i MQ2NetBots.obj
 0001:00002ab0       ?size@?$_Tree@V?$_Tmap_traits@V?$basic_string@DU?$char_traits@D@std@@V?$allocator@D@2@@std@@KU?$less@V?$basic_string@DU?$char_traits@D@std@@V?$allocator@D@2@@std@@@2@V?$allocator@U?$pair@$$CBV?$basic_string@DU?$char_traits@D@std@@V?$allocator@D@2@@std@@K@std@@@2@$0A@@std@@@std@@QBEIXZ 04003ab0 f i MQ2NetBots.obj
 0001:00002ac0       ?_Rmost@?$_Tree@V?$_Tmap_traits@V?$basic_string@DU?$char_traits@D@std@@V?$allocator@D@2@@std@@KU?$less@V?$basic_string@DU?$char_traits@D@std@@V?$allocator@D@2@@std@@@2@V?$allocator@U?$pair@$$CBV?$basic_string@DU?$char_traits@D@std@@V?$allocator@D@2@@std@@K@std@@@2@$0A@@std@@@std@@IBEAAPAU_Node@?$_Tree_nod@V?$_Tmap_traits@V?$basic_string@DU?$char_traits@D@std@@V?$allocator@D@2@@std@@KU?$less@V?$basic_string@DU?$char_traits@D@std@@V?$allocator@D@2@@std@@@2@V?$allocator@U?$pair@$$CBV?$basic_string@DU?$char_traits@D@std@@V?$allocator@D@2@@std@@K@std@@@2@$0A@@std@@@2@XZ 04003ac0 f i MQ2NetBots.obj
 0001:00002ad0       ?_Kfn@?$_Tmap_traits@V?$basic_string@DU?$char_traits@D@std@@V?$allocator@D@2@@std@@KU?$less@V?$basic_string@DU?$char_traits@D@std@@V?$allocator@D@2@@std@@@2@V?$allocator@U?$pair@$$CBV?$basic_string@DU?$char_traits@D@std@@V?$allocator@D@2@@std@@K@std@@@2@$0A@@std@@SAABV?$basic_string@DU?$char_traits@D@std@@V?$allocator@D@2@@2@ABU?$pair@$$CBV?$basic_string@DU?$char_traits@D@std@@V?$allocator@D@2@@std@@K@2@@Z 04003ad0 f i MQ2NetBots.obj
 0001:00002ae0       ??0?$allocator@U?$pair@$$CBV?$basic_string@DU?$char_traits@D@std@@V?$allocator@D@2@@std@@K@std@@@std@@QAE@ABV01@@Z 04003ae0 f i MQ2NetBots.obj
 0001:00002af0       ?deallocate@?$allocator@U_Node@?$_Tree_nod@V?$_Tmap_traits@V?$basic_string@DU?$char_traits@D@std@@V?$allocator@D@2@@std@@KU?$less@V?$basic_string@DU?$char_traits@D@std@@V?$allocator@D@2@@std@@@2@V?$allocator@U?$pair@$$CBV?$basic_string@DU?$char_traits@D@std@@V?$allocator@D@2@@std@@K@std@@@2@$0A@@std@@@std@@@std@@QAEXPAU_Node@?$_Tree_nod@V?$_Tmap_traits@V?$basic_string@DU?$char_traits@D@std@@V?$allocator@D@2@@std@@KU?$less@V?$basic_string@DU?$char_traits@D@std@@V?$allocator@D@2@@std@@@2@V?$allocator@U?$pair@$$CBV?$basic_string@DU?$char_traits@D@std@@V?$allocator@D@2@@std@@K@std@@@2@$0A@@std@@@2@I@Z 04003af0 f i MQ2NetBots.obj
 0001:00002b00       ?_Myval@?$_Tree@V?$_Tmap_traits@V?$basic_string@DU?$char_traits@D@std@@V?$allocator@D@2@@std@@VBotInfo@@U?$less@V?$basic_string@DU?$char_traits@D@std@@V?$allocator@D@2@@std@@@2@V?$allocator@U?$pair@$$CBV?$basic_string@DU?$char_traits@D@std@@V?$allocator@D@2@@std@@VBotInfo@@@std@@@2@$0A@@std@@@std@@KAAAU?$pair@$$CBV?$basic_string@DU?$char_traits@D@std@@V?$allocator@D@2@@std@@VBotInfo@@@2@PAU_Node@?$_Tree_nod@V?$_Tmap_traits@V?$basic_string@DU?$char_traits@D@std@@V?$allocator@D@2@@std@@VBotInfo@@U?$less@V?$basic_string@DU?$char_traits@D@std@@V?$allocator@D@2@@std@@@2@V?$allocator@U?$pair@$$CBV?$basic_string@DU?$char_traits@D@std@@V?$allocator@D@2@@std@@VBotInfo@@@std@@@2@$0A@@std@@@2@@Z 04003b00 f i MQ2NetBots.obj
 0001:00002b10       ??0?$allocator@U?$pair@$$CBV?$basic_string@DU?$char_traits@D@std@@V?$allocator@D@2@@std@@VBotInfo@@@std@@@std@@QAE@ABV01@@Z 04003b10 f i MQ2NetBots.obj
 0001:00002b20       ?_Inc@const_iterator@?$_Tree@V?$_Tmap_traits@V?$basic_string@DU?$char_traits@D@std@@V?$allocator@D@2@@std@@VBotInfo@@U?$less@V?$basic_string@DU?$char_traits@D@std@@V?$allocator@D@2@@std@@@2@V?$allocator@U?$pair@$$CBV?$basic_string@DU?$char_traits@D@std@@V?$allocator@D@2@@std@@VBotInfo@@@std@@@2@$0A@@std@@@std@@QAEXXZ 04003b20 f i MQ2NetBots.obj
 0001:00002ba0       ??Dconst_iterator@?$_Tree@V?$_Tmap_traits@V?$basic_string@DU?$char_traits@D@std@@V?$allocator@D@2@@std@@KU?$less@V?$basic_string@DU?$char_traits@D@std@@V?$allocator@D@2@@std@@@2@V?$allocator@U?$pair@$$CBV?$basic_string@DU?$char_traits@D@std@@V?$allocator@D@2@@std@@K@std@@@2@$0A@@std@@@std@@QBEABU?$pair@$$CBV?$basic_string@DU?$char_traits@D@std@@V?$allocator@D@2@@std@@K@2@XZ 04003ba0 f i MQ2NetBots.obj
 0001:00002bd0       ??0?$_Iterator_with_base@Ubidirectional_iterator_tag@std@@U?$pair@$$CBIPAU_BLECHEVENT@@@2@HPBU32@ABU32@V_Iterator_base_aux@2@@std@@QAE@XZ 04003bd0 f i MQ2NetBots.obj
 0001:00002be0       ??0?$_Iterator_with_base@Ubidirectional_iterator_tag@std@@U?$pair@$$CBV?$basic_string@DU?$char_traits@D@std@@V?$allocator@D@2@@std@@K@2@HPBU32@ABU32@V_Iterator_base_aux@2@@std@@QAE@XZ 04003be0 f i MQ2NetBots.obj
 0001:00002bf0       ?_Inside@?$basic_string@DU?$char_traits@D@std@@V?$allocator@D@2@@std@@IAE_NPBD@Z 04003bf0 f i MQ2NetBots.obj
 0001:00002c30       ?_Color@?$_Tree@V?$_Tmap_traits@IPAU_BLECHEVENT@@U?$less@I@std@@V?$allocator@U?$pair@$$CBIPAU_BLECHEVENT@@@std@@@3@$0A@@std@@@std@@KAAADPAU_Node@?$_Tree_nod@V?$_Tmap_traits@IPAU_BLECHEVENT@@U?$less@I@std@@V?$allocator@U?$pair@$$CBIPAU_BLECHEVENT@@@std@@@3@$0A@@std@@@2@@Z 04003c30 f i MQ2NetBots.obj
 0001:00002c40       ?_Max@?$_Tree@V?$_Tmap_traits@IPAU_BLECHEVENT@@U?$less@I@std@@V?$allocator@U?$pair@$$CBIPAU_BLECHEVENT@@@std@@@3@$0A@@std@@@std@@KAPAU_Node@?$_Tree_nod@V?$_Tmap_traits@IPAU_BLECHEVENT@@U?$less@I@std@@V?$allocator@U?$pair@$$CBIPAU_BLECHEVENT@@@std@@@3@$0A@@std@@@2@PAU342@@Z 04003c40 f i MQ2NetBots.obj
 0001:00002c60       ?_Min@?$_Tree@V?$_Tmap_traits@IPAU_BLECHEVENT@@U?$less@I@std@@V?$allocator@U?$pair@$$CBIPAU_BLECHEVENT@@@std@@@3@$0A@@std@@@std@@KAPAU_Node@?$_Tree_nod@V?$_Tmap_traits@IPAU_BLECHEVENT@@U?$less@I@std@@V?$allocator@U?$pair@$$CBIPAU_BLECHEVENT@@@std@@@3@$0A@@std@@@2@PAU342@@Z 04003c60 f i MQ2NetBots.obj
 0001:00002c80       ?_Dec@const_iterator@?$_Tree@V?$_Tmap_traits@IPAU_BLECHEVENT@@U?$less@I@std@@V?$allocator@U?$pair@$$CBIPAU_BLECHEVENT@@@std@@@3@$0A@@std@@@std@@QAEXXZ 04003c80 f i MQ2NetBots.obj
 0001:00002d10       ?_Inc@const_iterator@?$_Tree@V?$_Tmap_traits@IPAU_BLECHEVENT@@U?$less@I@std@@V?$allocator@U?$pair@$$CBIPAU_BLECHEVENT@@@std@@@3@$0A@@std@@@std@@QAEXXZ 04003d10 f i MQ2NetBots.obj
 0001:00002d80       ?_Color@?$_Tree@V?$_Tmap_traits@V?$basic_string@DU?$char_traits@D@std@@V?$allocator@D@2@@std@@KU?$less@V?$basic_string@DU?$char_traits@D@std@@V?$allocator@D@2@@std@@@2@V?$allocator@U?$pair@$$CBV?$basic_string@DU?$char_traits@D@std@@V?$allocator@D@2@@std@@K@std@@@2@$0A@@std@@@std@@KAAADPAU_Node@?$_Tree_nod@V?$_Tmap_traits@V?$basic_string@DU?$char_traits@D@std@@V?$allocator@D@2@@std@@KU?$less@V?$basic_string@DU?$char_traits@D@std@@V?$allocator@D@2@@std@@@2@V?$allocator@U?$pair@$$CBV?$basic_string@DU?$char_traits@D@std@@V?$allocator@D@2@@std@@K@std@@@2@$0A@@std@@@2@@Z 04003d80 f i MQ2NetBots.obj
 0001:00002d90       ?_Lmost@?$_Tree@V?$_Tmap_traits@V?$basic_string@DU?$char_traits@D@std@@V?$allocator@D@2@@std@@KU?$less@V?$basic_string@DU?$char_traits@D@std@@V?$allocator@D@2@@std@@@2@V?$allocator@U?$pair@$$CBV?$basic_string@DU?$char_traits@D@std@@V?$allocator@D@2@@std@@K@std@@@2@$0A@@std@@@std@@IBEAAPAU_Node@?$_Tree_nod@V?$_Tmap_traits@V?$basic_string@DU?$char_traits@D@std@@V?$allocator@D@2@@std@@KU?$less@V?$basic_string@DU?$char_traits@D@std@@V?$allocator@D@2@@std@@@2@V?$allocator@U?$pair@$$CBV?$basic_string@DU?$char_traits@D@std@@V?$allocator@D@2@@std@@K@std@@@2@$0A@@std@@@2@XZ 04003d90 f i MQ2NetBots.obj
 0001:00002da0       ?_Root@?$_Tree@V?$_Tmap_traits@V?$basic_string@DU?$char_traits@D@std@@V?$allocator@D@2@@std@@KU?$less@V?$basic_string@DU?$char_traits@D@std@@V?$allocator@D@2@@std@@@2@V?$allocator@U?$pair@$$CBV?$basic_string@DU?$char_traits@D@std@@V?$allocator@D@2@@std@@K@std@@@2@$0A@@std@@@std@@IBEAAPAU_Node@?$_Tree_nod@V?$_Tmap_traits@V?$basic_string@DU?$char_traits@D@std@@V?$allocator@D@2@@std@@KU?$less@V?$basic_string@DU?$char_traits@D@std@@V?$allocator@D@2@@std@@@2@V?$allocator@U?$pair@$$CBV?$basic_string@DU?$char_traits@D@std@@V?$allocator@D@2@@std@@K@std@@@2@$0A@@std@@@2@XZ 04003da0 f i MQ2NetBots.obj
 0001:00002db0       ?_Rrotate@?$_Tree@V?$_Tmap_traits@V?$basic_string@DU?$char_traits@D@std@@V?$allocator@D@2@@std@@KU?$less@V?$basic_string@DU?$char_traits@D@std@@V?$allocator@D@2@@std@@@2@V?$allocator@U?$pair@$$CBV?$basic_string@DU?$char_traits@D@std@@V?$allocator@D@2@@std@@K@std@@@2@$0A@@std@@@std@@IAEXPAU_Node@?$_Tree_nod@V?$_Tmap_traits@V?$basic_string@DU?$char_traits@D@std@@V?$allocator@D@2@@std@@KU?$less@V?$basic_string@DU?$char_traits@D@std@@V?$allocator@D@2@@std@@@2@V?$allocator@U?$pair@$$CBV?$basic_string@DU?$char_traits@D@std@@V?$allocator@D@2@@std@@K@std@@@2@$0A@@std@@@2@@Z 04003db0 f i MQ2NetBots.obj
 0001:00002e10       ?max_size@?$allocator@U?$pair@$$CBV?$basic_string@DU?$char_traits@D@std@@V?$allocator@D@2@@std@@VBotInfo@@@std@@@std@@QBEIXZ 04003e10 f i MQ2NetBots.obj
 0001:00002e20       ?_Dec@const_iterator@?$_Tree@V?$_Tmap_traits@V?$basic_string@DU?$char_traits@D@std@@V?$allocator@D@2@@std@@VBotInfo@@U?$less@V?$basic_string@DU?$char_traits@D@std@@V?$allocator@D@2@@std@@@2@V?$allocator@U?$pair@$$CBV?$basic_string@DU?$char_traits@D@std@@V?$allocator@D@2@@std@@VBotInfo@@@std@@@2@$0A@@std@@@std@@QAEXXZ 04003e20 f i MQ2NetBots.obj
 0001:00002ec0       ??9const_iterator@?$_Tree@V?$_Tmap_traits@V?$basic_string@DU?$char_traits@D@std@@V?$allocator@D@2@@std@@KU?$less@V?$basic_string@DU?$char_traits@D@std@@V?$allocator@D@2@@std@@@2@V?$allocator@U?$pair@$$CBV?$basic_string@DU?$char_traits@D@std@@V?$allocator@D@2@@std@@K@std@@@2@$0A@@std@@@std@@QBE_NABV012@@Z 04003ec0 f i MQ2NetBots.obj
 0001:00002ef0       ??0?$pair@Viterator@?$_Tree@V?$_Tmap_traits@IPAU_BLECHEVENT@@U?$less@I@std@@V?$allocator@U?$pair@$$CBIPAU_BLECHEVENT@@@std@@@3@$0A@@std@@@std@@_N@std@@QAE@ABViterator@?$_Tree@V?$_Tmap_traits@IPAU_BLECHEVENT@@U?$less@I@std@@V?$allocator@U?$pair@$$CBIPAU_BLECHEVENT@@@std@@@3@$0A@@std@@@1@AB_N@Z 04003ef0 f i MQ2NetBots.obj
 0001:00002f10       ??0?$pair@Viterator@?$_Tree@V?$_Tmap_traits@V?$basic_string@DU?$char_traits@D@std@@V?$allocator@D@2@@std@@KU?$less@V?$basic_string@DU?$char_traits@D@std@@V?$allocator@D@2@@std@@@2@V?$allocator@U?$pair@$$CBV?$basic_string@DU?$char_traits@D@std@@V?$allocator@D@2@@std@@K@std@@@2@$0A@@std@@@std@@_N@std@@QAE@ABViterator@?$_Tree@V?$_Tmap_traits@V?$basic_string@DU?$char_traits@D@std@@V?$allocator@D@2@@std@@KU?$less@V?$basic_string@DU?$char_traits@D@std@@V?$allocator@D@2@@std@@@2@V?$allocator@U?$pair@$$CBV?$basic_string@DU?$char_traits@D@std@@V?$allocator@D@2@@std@@K@std@@@2@$0A@@std@@@1@AB_N@Z 04003f10 f i MQ2NetBots.obj
 0001:00002f30       ?max_size@?$allocator@D@std@@QBEIXZ 04003f30 f i MQ2NetBots.obj
 0001:00002f40       ?max_size@?$allocator@U?$pair@$$CBIPAU_BLECHEVENT@@@std@@@std@@QBEIXZ 04003f40 f i MQ2NetBots.obj
 0001:00002f50       ?_Max@?$_Tree@V?$_Tmap_traits@V?$basic_string@DU?$char_traits@D@std@@V?$allocator@D@2@@std@@KU?$less@V?$basic_string@DU?$char_traits@D@std@@V?$allocator@D@2@@std@@@2@V?$allocator@U?$pair@$$CBV?$basic_string@DU?$char_traits@D@std@@V?$allocator@D@2@@std@@K@std@@@2@$0A@@std@@@std@@KAPAU_Node@?$_Tree_nod@V?$_Tmap_traits@V?$basic_string@DU?$char_traits@D@std@@V?$allocator@D@2@@std@@KU?$less@V?$basic_string@DU?$char_traits@D@std@@V?$allocator@D@2@@std@@@2@V?$allocator@U?$pair@$$CBV?$basic_string@DU?$char_traits@D@std@@V?$allocator@D@2@@std@@K@std@@@2@$0A@@std@@@2@PAU342@@Z 04003f50 f i MQ2NetBots.obj
 0001:00002f70       ?_Min@?$_Tree@V?$_Tmap_traits@V?$basic_string@DU?$char_traits@D@std@@V?$allocator@D@2@@std@@KU?$less@V?$basic_string@DU?$char_traits@D@std@@V?$allocator@D@2@@std@@@2@V?$allocator@U?$pair@$$CBV?$basic_string@DU?$char_traits@D@std@@V?$allocator@D@2@@std@@K@std@@@2@$0A@@std@@@std@@KAPAU_Node@?$_Tree_nod@V?$_Tmap_traits@V?$basic_string@DU?$char_traits@D@std@@V?$allocator@D@2@@std@@KU?$less@V?$basic_string@DU?$char_traits@D@std@@V?$allocator@D@2@@std@@@2@V?$allocator@U?$pair@$$CBV?$basic_string@DU?$char_traits@D@std@@V?$allocator@D@2@@std@@K@std@@@2@$0A@@std@@@2@PAU342@@Z 04003f70 f i MQ2NetBots.obj
 0001:00002f90       ?max_size@?$allocator@U?$pair@$$CBV?$basic_string@DU?$char_traits@D@std@@V?$allocator@D@2@@std@@K@std@@@std@@QBEIXZ 04003f90 f i MQ2NetBots.obj
 0001:00002fa0       ??0_Node@?$_Tree_nod@V?$_Tmap_traits@IPAU_BLECHEVENT@@U?$less@I@std@@V?$allocator@U?$pair@$$CBIPAU_BLECHEVENT@@@std@@@3@$0A@@std@@@std@@QAE@PAU012@00ABU?$pair@$$CBIPAU_BLECHEVENT@@@2@D@Z 04003fa0 f i MQ2NetBots.obj
 0001:00002fe0       ??$swap@D@std@@YAXAAD0@Z   04003fe0 f i MQ2NetBots.obj
 0001:00003000       ??$_Destroy@U_Node@?$_Tree_nod@V?$_Tmap_traits@IPAU_BLECHEVENT@@U?$less@I@std@@V?$allocator@U?$pair@$$CBIPAU_BLECHEVENT@@@std@@@3@$0A@@std@@@std@@@std@@YAXPAU_Node@?$_Tree_nod@V?$_Tmap_traits@IPAU_BLECHEVENT@@U?$less@I@std@@V?$allocator@U?$pair@$$CBIPAU_BLECHEVENT@@@std@@@3@$0A@@std@@@0@@Z 04004000 f i MQ2NetBots.obj
 0001:00003010       ??$_Destroy@PAU_Node@?$_Tree_nod@V?$_Tmap_traits@IPAU_BLECHEVENT@@U?$less@I@std@@V?$allocator@U?$pair@$$CBIPAU_BLECHEVENT@@@std@@@3@$0A@@std@@@std@@@std@@YAXPAPAU_Node@?$_Tree_nod@V?$_Tmap_traits@IPAU_BLECHEVENT@@U?$less@I@std@@V?$allocator@U?$pair@$$CBIPAU_BLECHEVENT@@@std@@@3@$0A@@std@@@0@@Z 04004010 f i MQ2NetBots.obj
 0001:00003020       ??$_Destroy@PAU_Node@?$_Tree_nod@V?$_Tmap_traits@V?$basic_string@DU?$char_traits@D@std@@V?$allocator@D@2@@std@@KU?$less@V?$basic_string@DU?$char_traits@D@std@@V?$allocator@D@2@@std@@@2@V?$allocator@U?$pair@$$CBV?$basic_string@DU?$char_traits@D@std@@V?$allocator@D@2@@std@@K@std@@@2@$0A@@std@@@std@@@std@@YAXPAPAU_Node@?$_Tree_nod@V?$_Tmap_traits@V?$basic_string@DU?$char_traits@D@std@@V?$allocator@D@2@@std@@KU?$less@V?$basic_string@DU?$char_traits@D@std@@V?$allocator@D@2@@std@@@2@V?$allocator@U?$pair@$$CBV?$basic_string@DU?$char_traits@D@std@@V?$allocator@D@2@@std@@K@std@@@2@$0A@@std@@@0@@Z 04004020 f i MQ2NetBots.obj
 0001:00003030       ??$_Destroy@PAU_Node@?$_Tree_nod@V?$_Tmap_traits@V?$basic_string@DU?$char_traits@D@std@@V?$allocator@D@2@@std@@VBotInfo@@U?$less@V?$basic_string@DU?$char_traits@D@std@@V?$allocator@D@2@@std@@@2@V?$allocator@U?$pair@$$CBV?$basic_string@DU?$char_traits@D@std@@V?$allocator@D@2@@std@@VBotInfo@@@std@@@2@$0A@@std@@@std@@@std@@YAXPAPAU_Node@?$_Tree_nod@V?$_Tmap_traits@V?$basic_string@DU?$char_traits@D@std@@V?$allocator@D@2@@std@@VBotInfo@@U?$less@V?$basic_string@DU?$char_traits@D@std@@V?$allocator@D@2@@std@@@2@V?$allocator@U?$pair@$$CBV?$basic_string@DU?$char_traits@D@std@@V?$allocator@D@2@@std@@VBotInfo@@@std@@@2@$0A@@std@@@0@@Z 04004030 f i MQ2NetBots.obj
 0001:00003040       ??$?0U?$pair@$$CBIPAU_BLECHEVENT@@@std@@@?$allocator@PAU_Node@?$_Tree_nod@V?$_Tmap_traits@IPAU_BLECHEVENT@@U?$less@I@std@@V?$allocator@U?$pair@$$CBIPAU_BLECHEVENT@@@std@@@3@$0A@@std@@@std@@@std@@QAE@ABV?$allocator@U?$pair@$$CBIPAU_BLECHEVENT@@@std@@@1@@Z 04004040 f i MQ2NetBots.obj
 0001:00003050       ??$?0U?$pair@$$CBV?$basic_string@DU?$char_traits@D@std@@V?$allocator@D@2@@std@@K@std@@@?$allocator@PAU_Node@?$_Tree_nod@V?$_Tmap_traits@V?$basic_string@DU?$char_traits@D@std@@V?$allocator@D@2@@std@@KU?$less@V?$basic_string@DU?$char_traits@D@std@@V?$allocator@D@2@@std@@@2@V?$allocator@U?$pair@$$CBV?$basic_string@DU?$char_traits@D@std@@V?$allocator@D@2@@std@@K@std@@@2@$0A@@std@@@std@@@std@@QAE@ABV?$allocator@U?$pair@$$CBV?$basic_string@DU?$char_traits@D@std@@V?$allocator@D@2@@std@@K@std@@@1@@Z 04004050 f i MQ2NetBots.obj
 0001:00003060       ??$?0U?$pair@$$CBV?$basic_string@DU?$char_traits@D@std@@V?$allocator@D@2@@std@@VBotInfo@@@std@@@?$allocator@PAU_Node@?$_Tree_nod@V?$_Tmap_traits@V?$basic_string@DU?$char_traits@D@std@@V?$allocator@D@2@@std@@VBotInfo@@U?$less@V?$basic_string@DU?$char_traits@D@std@@V?$allocator@D@2@@std@@@2@V?$allocator@U?$pair@$$CBV?$basic_string@DU?$char_traits@D@std@@V?$allocator@D@2@@std@@VBotInfo@@@std@@@2@$0A@@std@@@std@@@std@@QAE@ABV?$allocator@U?$pair@$$CBV?$basic_string@DU?$char_traits@D@std@@V?$allocator@D@2@@std@@VBotInfo@@@std@@@1@@Z 04004060 f i MQ2NetBots.obj
 0001:00003070       ??$_Allocate@U_Node@?$_Tree_nod@V?$_Tmap_traits@V?$basic_string@DU?$char_traits@D@std@@V?$allocator@D@2@@std@@VBotInfo@@U?$less@V?$basic_string@DU?$char_traits@D@std@@V?$allocator@D@2@@std@@@2@V?$allocator@U?$pair@$$CBV?$basic_string@DU?$char_traits@D@std@@V?$allocator@D@2@@std@@VBotInfo@@@std@@@2@$0A@@std@@@std@@@std@@YAPAU_Node@?$_Tree_nod@V?$_Tmap_traits@V?$basic_string@DU?$char_traits@D@std@@V?$allocator@D@2@@std@@VBotInfo@@U?$less@V?$basic_string@DU?$char_traits@D@std@@V?$allocator@D@2@@std@@@2@V?$allocator@U?$pair@$$CBV?$basic_string@DU?$char_traits@D@std@@V?$allocator@D@2@@std@@VBotInfo@@@std@@@2@$0A@@std@@@0@IPAU120@@Z 04004070 f i MQ2NetBots.obj
 0001:000030d0       ??$_Allocate@D@std@@YAPADIPAD@Z 040040d0 f i MQ2NetBots.obj
 0001:00003130       ??$?0U?$pair@$$CBIPAU_BLECHEVENT@@@std@@@?$allocator@U_Node@?$_Tree_nod@V?$_Tmap_traits@IPAU_BLECHEVENT@@U?$less@I@std@@V?$allocator@U?$pair@$$CBIPAU_BLECHEVENT@@@std@@@3@$0A@@std@@@std@@@std@@QAE@ABV?$allocator@U?$pair@$$CBIPAU_BLECHEVENT@@@std@@@1@@Z 04004130 f i MQ2NetBots.obj
 0001:00003140       ??$_Allocate@U_Node@?$_Tree_nod@V?$_Tmap_traits@IPAU_BLECHEVENT@@U?$less@I@std@@V?$allocator@U?$pair@$$CBIPAU_BLECHEVENT@@@std@@@3@$0A@@std@@@std@@@std@@YAPAU_Node@?$_Tree_nod@V?$_Tmap_traits@IPAU_BLECHEVENT@@U?$less@I@std@@V?$allocator@U?$pair@$$CBIPAU_BLECHEVENT@@@std@@@3@$0A@@std@@@0@IPAU120@@Z 04004140 f i MQ2NetBots.obj
 0001:000031a0       ??$_Construct@PAU_Node@?$_Tree_nod@V?$_Tmap_traits@IPAU_BLECHEVENT@@U?$less@I@std@@V?$allocator@U?$pair@$$CBIPAU_BLECHEVENT@@@std@@@3@$0A@@std@@@std@@PAU123@@std@@YAXPAPAU_Node@?$_Tree_nod@V?$_Tmap_traits@IPAU_BLECHEVENT@@U?$less@I@std@@V?$allocator@U?$pair@$$CBIPAU_BLECHEVENT@@@std@@@3@$0A@@std@@@0@ABQAU120@@Z 040041a0 f i MQ2NetBots.obj
 0001:000031c0       ??$?0U?$pair@$$CBV?$basic_string@DU?$char_traits@D@std@@V?$allocator@D@2@@std@@K@std@@@?$allocator@U_Node@?$_Tree_nod@V?$_Tmap_traits@V?$basic_string@DU?$char_traits@D@std@@V?$allocator@D@2@@std@@KU?$less@V?$basic_string@DU?$char_traits@D@std@@V?$allocator@D@2@@std@@@2@V?$allocator@U?$pair@$$CBV?$basic_string@DU?$char_traits@D@std@@V?$allocator@D@2@@std@@K@std@@@2@$0A@@std@@@std@@@std@@QAE@ABV?$allocator@U?$pair@$$CBV?$basic_string@DU?$char_traits@D@std@@V?$allocator@D@2@@std@@K@std@@@1@@Z 040041c0 f i MQ2NetBots.obj
 0001:000031d0       ??$_Allocate@U_Node@?$_Tree_nod@V?$_Tmap_traits@V?$basic_string@DU?$char_traits@D@std@@V?$allocator@D@2@@std@@KU?$less@V?$basic_string@DU?$char_traits@D@std@@V?$allocator@D@2@@std@@@2@V?$allocator@U?$pair@$$CBV?$basic_string@DU?$char_traits@D@std@@V?$allocator@D@2@@std@@K@std@@@2@$0A@@std@@@std@@@std@@YAPAU_Node@?$_Tree_nod@V?$_Tmap_traits@V?$basic_string@DU?$char_traits@D@std@@V?$allocator@D@2@@std@@KU?$less@V?$basic_string@DU?$char_traits@D@std@@V?$allocator@D@2@@std@@@2@V?$allocator@U?$pair@$$CBV?$basic_string@DU?$char_traits@D@std@@V?$allocator@D@2@@std@@K@std@@@2@$0A@@std@@@0@IPAU120@@Z 040041d0 f i MQ2NetBots.obj
 0001:00003230       ??$_Construct@PAU_Node@?$_Tree_nod@V?$_Tmap_traits@V?$basic_string@DU?$char_traits@D@std@@V?$allocator@D@2@@std@@KU?$less@V?$basic_string@DU?$char_traits@D@std@@V?$allocator@D@2@@std@@@2@V?$allocator@U?$pair@$$CBV?$basic_string@DU?$char_traits@D@std@@V?$allocator@D@2@@std@@K@std@@@2@$0A@@std@@@std@@PAU123@@std@@YAXPAPAU_Node@?$_Tree_nod@V?$_Tmap_traits@V?$basic_string@DU?$char_traits@D@std@@V?$allocator@D@2@@std@@KU?$less@V?$basic_string@DU?$char_traits@D@std@@V?$allocator@D@2@@std@@@2@V?$allocator@U?$pair@$$CBV?$basic_string@DU?$char_traits@D@std@@V?$allocator@D@2@@std@@K@std@@@2@$0A@@std@@@0@ABQAU120@@Z 04004230 f i MQ2NetBots.obj
 0001:00003250       ??$?0U?$pair@$$CBV?$basic_string@DU?$char_traits@D@std@@V?$allocator@D@2@@std@@VBotInfo@@@std@@@?$allocator@U_Node@?$_Tree_nod@V?$_Tmap_traits@V?$basic_string@DU?$char_traits@D@std@@V?$allocator@D@2@@std@@VBotInfo@@U?$less@V?$basic_string@DU?$char_traits@D@std@@V?$allocator@D@2@@std@@@2@V?$allocator@U?$pair@$$CBV?$basic_string@DU?$char_traits@D@std@@V?$allocator@D@2@@std@@VBotInfo@@@std@@@2@$0A@@std@@@std@@@std@@QAE@ABV?$allocator@U?$pair@$$CBV?$basic_string@DU?$char_traits@D@std@@V?$allocator@D@2@@std@@VBotInfo@@@std@@@1@@Z 04004250 f i MQ2NetBots.obj
 0001:00003260       ??$_Construct@PAU_Node@?$_Tree_nod@V?$_Tmap_traits@V?$basic_string@DU?$char_traits@D@std@@V?$allocator@D@2@@std@@VBotInfo@@U?$less@V?$basic_string@DU?$char_traits@D@std@@V?$allocator@D@2@@std@@@2@V?$allocator@U?$pair@$$CBV?$basic_string@DU?$char_traits@D@std@@V?$allocator@D@2@@std@@VBotInfo@@@std@@@2@$0A@@std@@@std@@PAU123@@std@@YAXPAPAU_Node@?$_Tree_nod@V?$_Tmap_traits@V?$basic_string@DU?$char_traits@D@std@@V?$allocator@D@2@@std@@VBotInfo@@U?$less@V?$basic_string@DU?$char_traits@D@std@@V?$allocator@D@2@@std@@@2@V?$allocator@U?$pair@$$CBV?$basic_string@DU?$char_traits@D@std@@V?$allocator@D@2@@std@@VBotInfo@@@std@@@2@$0A@@std@@@0@ABQAU120@@Z 04004260 f i MQ2NetBots.obj
 0001:00003280       ??$?0U?$pair@$$CBIPAU_BLECHEVENT@@@std@@@?$allocator@V_Aux_cont@std@@@std@@QAE@ABV?$allocator@U?$pair@$$CBIPAU_BLECHEVENT@@@std@@@1@@Z 04004280 f i MQ2NetBots.obj
 0001:00003290       ??$?0U?$pair@$$CBV?$basic_string@DU?$char_traits@D@std@@V?$allocator@D@2@@std@@K@std@@@?$allocator@V_Aux_cont@std@@@std@@QAE@ABV?$allocator@U?$pair@$$CBV?$basic_string@DU?$char_traits@D@std@@V?$allocator@D@2@@std@@K@std@@@1@@Z 04004290 f i MQ2NetBots.obj
 0001:000032a0       ??$?0U?$pair@$$CBV?$basic_string@DU?$char_traits@D@std@@V?$allocator@D@2@@std@@VBotInfo@@@std@@@?$allocator@V_Aux_cont@std@@@std@@QAE@ABV?$allocator@U?$pair@$$CBV?$basic_string@DU?$char_traits@D@std@@V?$allocator@D@2@@std@@VBotInfo@@@std@@@1@@Z 040042a0 f i MQ2NetBots.obj
 0001:000032b0       ??$_Allocate@V_Aux_cont@std@@@std@@YAPAV_Aux_cont@0@IPAV10@@Z 040042b0 f i MQ2NetBots.obj
 0001:00003310       ??0bad_alloc@std@@QAE@ABV01@@Z 04004310 f i MQ2NetBots.obj
 0001:00003330       ??$_Char_traits_cat@U?$char_traits@D@std@@@std@@YA?AU_Secure_char_traits_tag@0@XZ 04004330 f i MQ2NetBots.obj
 0001:00003340       ??$copy_s@U?$char_traits@D@std@@@_Traits_helper@std@@YAPADPADIPBDIU_Secure_char_traits_tag@1@@Z 04004340 f i MQ2NetBots.obj
 0001:00003370       ??$move_s@U?$char_traits@D@std@@@_Traits_helper@std@@YAPADPADIPBDIU_Secure_char_traits_tag@1@@Z 04004370 f i MQ2NetBots.obj
 0001:000033a0       ?Feed@Blech@@QAEIPBD@Z     040043a0 f i MQ2NetBots.obj
 0001:000033f0       ??9const_iterator@?$_Tree@V?$_Tmap_traits@IPAU_BLECHEVENT@@U?$less@I@std@@V?$allocator@U?$pair@$$CBIPAU_BLECHEVENT@@@std@@@3@$0A@@std@@@std@@QBE_NABV012@@Z 040043f0 f i MQ2NetBots.obj
 0001:00003420       ?GetUnused@?$CIndex@PAU_MQ2TypeMember@MQ2Internal@@@MQ2Internal@@QAEKXZ 04004420 f i MQ2NetBots.obj
 0001:00003470       ?compare@?$basic_string@DU?$char_traits@D@std@@V?$allocator@D@2@@std@@QBEHIIPBDI@Z 04004470 f i MQ2NetBots.obj
 0001:000034e0       ??0?$_String_val@DV?$allocator@D@std@@@std@@IAE@V?$allocator@D@1@@Z 040044e0 f i MQ2NetBots.obj
 0001:000034f0       ??0?$_String_val@DV?$allocator@D@std@@@std@@QAE@ABV01@@Z 040044f0 f i MQ2NetBots.obj
 0001:00003500       ?_Key@?$_Tree@V?$_Tmap_traits@IPAU_BLECHEVENT@@U?$less@I@std@@V?$allocator@U?$pair@$$CBIPAU_BLECHEVENT@@@std@@@3@$0A@@std@@@std@@KAABIPAU_Node@?$_Tree_nod@V?$_Tmap_traits@IPAU_BLECHEVENT@@U?$less@I@std@@V?$allocator@U?$pair@$$CBIPAU_BLECHEVENT@@@std@@@3@$0A@@std@@@2@@Z 04004500 f i MQ2NetBots.obj
 0001:00003510       ?_Lmost@?$_Tree@V?$_Tmap_traits@IPAU_BLECHEVENT@@U?$less@I@std@@V?$allocator@U?$pair@$$CBIPAU_BLECHEVENT@@@std@@@3@$0A@@std@@@std@@IBEAAPAU_Node@?$_Tree_nod@V?$_Tmap_traits@IPAU_BLECHEVENT@@U?$less@I@std@@V?$allocator@U?$pair@$$CBIPAU_BLECHEVENT@@@std@@@3@$0A@@std@@@2@XZ 04004510 f i MQ2NetBots.obj
 0001:00003520       ?_Rmost@?$_Tree@V?$_Tmap_traits@IPAU_BLECHEVENT@@U?$less@I@std@@V?$allocator@U?$pair@$$CBIPAU_BLECHEVENT@@@std@@@3@$0A@@std@@@std@@IBEAAPAU_Node@?$_Tree_nod@V?$_Tmap_traits@IPAU_BLECHEVENT@@U?$less@I@std@@V?$allocator@U?$pair@$$CBIPAU_BLECHEVENT@@@std@@@3@$0A@@std@@@2@XZ 04004520 f i MQ2NetBots.obj
 0001:00003530       ?_Root@?$_Tree@V?$_Tmap_traits@IPAU_BLECHEVENT@@U?$less@I@std@@V?$allocator@U?$pair@$$CBIPAU_BLECHEVENT@@@std@@@3@$0A@@std@@@std@@IBEAAPAU_Node@?$_Tree_nod@V?$_Tmap_traits@IPAU_BLECHEVENT@@U?$less@I@std@@V?$allocator@U?$pair@$$CBIPAU_BLECHEVENT@@@std@@@3@$0A@@std@@@2@XZ 04004530 f i MQ2NetBots.obj
 0001:00003540       ??1?$_Container_base_aux_alloc_real@V?$allocator@U?$pair@$$CBIPAU_BLECHEVENT@@@std@@@std@@@std@@IAE@XZ 04004540 f i MQ2NetBots.obj
 0001:00003550       ??Diterator@?$_Tree@V?$_Tmap_traits@IPAU_BLECHEVENT@@U?$less@I@std@@V?$allocator@U?$pair@$$CBIPAU_BLECHEVENT@@@std@@@3@$0A@@std@@@std@@QBEAAU?$pair@$$CBIPAU_BLECHEVENT@@@2@XZ 04004550 f i MQ2NetBots.obj
 0001:00003580       ?_Key@?$_Tree@V?$_Tmap_traits@V?$basic_string@DU?$char_traits@D@std@@V?$allocator@D@2@@std@@KU?$less@V?$basic_string@DU?$char_traits@D@std@@V?$allocator@D@2@@std@@@2@V?$allocator@U?$pair@$$CBV?$basic_string@DU?$char_traits@D@std@@V?$allocator@D@2@@std@@K@std@@@2@$0A@@std@@@std@@KAABV?$basic_string@DU?$char_traits@D@std@@V?$allocator@D@2@@2@PAU_Node@?$_Tree_nod@V?$_Tmap_traits@V?$basic_string@DU?$char_traits@D@std@@V?$allocator@D@2@@std@@KU?$less@V?$basic_string@DU?$char_traits@D@std@@V?$allocator@D@2@@std@@@2@V?$allocator@U?$pair@$$CBV?$basic_string@DU?$char_traits@D@std@@V?$allocator@D@2@@std@@K@std@@@2@$0A@@std@@@2@@Z 04004580 f i MQ2NetBots.obj
 0001:00003590       ??1?$_Container_base_aux_alloc_real@V?$allocator@U?$pair@$$CBV?$basic_string@DU?$char_traits@D@std@@V?$allocator@D@2@@std@@K@std@@@std@@@std@@IAE@XZ 04004590 f i MQ2NetBots.obj
 0001:000035a0       ?_Key@?$_Tree@V?$_Tmap_traits@V?$basic_string@DU?$char_traits@D@std@@V?$allocator@D@2@@std@@VBotInfo@@U?$less@V?$basic_string@DU?$char_traits@D@std@@V?$allocator@D@2@@std@@@2@V?$allocator@U?$pair@$$CBV?$basic_string@DU?$char_traits@D@std@@V?$allocator@D@2@@std@@VBotInfo@@@std@@@2@$0A@@std@@@std@@KAABV?$basic_string@DU?$char_traits@D@std@@V?$allocator@D@2@@2@PAU_Node@?$_Tree_nod@V?$_Tmap_traits@V?$basic_string@DU?$char_traits@D@std@@V?$allocator@D@2@@std@@VBotInfo@@U?$less@V?$basic_string@DU?$char_traits@D@std@@V?$allocator@D@2@@std@@@2@V?$allocator@U?$pair@$$CBV?$basic_string@DU?$char_traits@D@std@@V?$allocator@D@2@@std@@VBotInfo@@@std@@@2@$0A@@std@@@2@@Z 040045a0 f i MQ2NetBots.obj
 0001:000035b0       ?_Lrotate@?$_Tree@V?$_Tmap_traits@V?$basic_string@DU?$char_traits@D@std@@V?$allocator@D@2@@std@@VBotInfo@@U?$less@V?$basic_string@DU?$char_traits@D@std@@V?$allocator@D@2@@std@@@2@V?$allocator@U?$pair@$$CBV?$basic_string@DU?$char_traits@D@std@@V?$allocator@D@2@@std@@VBotInfo@@@std@@@2@$0A@@std@@@std@@IAEXPAU_Node@?$_Tree_nod@V?$_Tmap_traits@V?$basic_string@DU?$char_traits@D@std@@V?$allocator@D@2@@std@@VBotInfo@@U?$less@V?$basic_string@DU?$char_traits@D@std@@V?$allocator@D@2@@std@@@2@V?$allocator@U?$pair@$$CBV?$basic_string@DU?$char_traits@D@std@@V?$allocator@D@2@@std@@VBotInfo@@@std@@@2@$0A@@std@@@2@@Z 040045b0 f i MQ2NetBots.obj
 0001:00003610       ??1?$_Container_base_aux_alloc_real@V?$allocator@U?$pair@$$CBV?$basic_string@DU?$char_traits@D@std@@V?$allocator@D@2@@std@@VBotInfo@@@std@@@std@@@std@@IAE@XZ 04004610 f i MQ2NetBots.obj
 0001:00003620       ??Dconst_iterator@?$_Tree@V?$_Tmap_traits@V?$basic_string@DU?$char_traits@D@std@@V?$allocator@D@2@@std@@VBotInfo@@U?$less@V?$basic_string@DU?$char_traits@D@std@@V?$allocator@D@2@@std@@@2@V?$allocator@U?$pair@$$CBV?$basic_string@DU?$char_traits@D@std@@V?$allocator@D@2@@std@@VBotInfo@@@std@@@2@$0A@@std@@@std@@QBEABU?$pair@$$CBV?$basic_string@DU?$char_traits@D@std@@V?$allocator@D@2@@std@@VBotInfo@@@2@XZ 04004620 f i MQ2NetBots.obj
 0001:00003650       ??Econst_iterator@?$_Tree@V?$_Tmap_traits@V?$basic_string@DU?$char_traits@D@std@@V?$allocator@D@2@@std@@VBotInfo@@U?$less@V?$basic_string@DU?$char_traits@D@std@@V?$allocator@D@2@@std@@@2@V?$allocator@U?$pair@$$CBV?$basic_string@DU?$char_traits@D@std@@V?$allocator@D@2@@std@@VBotInfo@@@std@@@2@$0A@@std@@@std@@QAEAAV012@XZ 04004650 f i MQ2NetBots.obj
 0001:00003660       ??Diterator@?$_Tree@V?$_Tmap_traits@V?$basic_string@DU?$char_traits@D@std@@V?$allocator@D@2@@std@@KU?$less@V?$basic_string@DU?$char_traits@D@std@@V?$allocator@D@2@@std@@@2@V?$allocator@U?$pair@$$CBV?$basic_string@DU?$char_traits@D@std@@V?$allocator@D@2@@std@@K@std@@@2@$0A@@std@@@std@@QBEAAU?$pair@$$CBV?$basic_string@DU?$char_traits@D@std@@V?$allocator@D@2@@std@@K@2@XZ 04004660 f i MQ2NetBots.obj
 0001:00003690       ??0?$_Bidit@U?$pair@$$CBV?$basic_string@DU?$char_traits@D@std@@V?$allocator@D@2@@std@@VBotInfo@@@std@@HPBU12@ABU12@@std@@QAE@XZ 04004690 f i MQ2NetBots.obj
 0001:000036a0       ?_Eos@?$basic_string@DU?$char_traits@D@std@@V?$allocator@D@2@@std@@IAEXI@Z 040046a0 f i MQ2NetBots.obj
 0001:000036c0       ?_Lbound@?$_Tree@V?$_Tmap_traits@IPAU_BLECHEVENT@@U?$less@I@std@@V?$allocator@U?$pair@$$CBIPAU_BLECHEVENT@@@std@@@3@$0A@@std@@@std@@IBEPAU_Node@?$_Tree_nod@V?$_Tmap_traits@IPAU_BLECHEVENT@@U?$less@I@std@@V?$allocator@U?$pair@$$CBIPAU_BLECHEVENT@@@std@@@3@$0A@@std@@@2@ABI@Z 040046c0 f i MQ2NetBots.obj
 0001:000036f0       ?destroy@?$allocator@U_Node@?$_Tree_nod@V?$_Tmap_traits@IPAU_BLECHEVENT@@U?$less@I@std@@V?$allocator@U?$pair@$$CBIPAU_BLECHEVENT@@@std@@@3@$0A@@std@@@std@@@std@@QAEXPAU_Node@?$_Tree_nod@V?$_Tmap_traits@IPAU_BLECHEVENT@@U?$less@I@std@@V?$allocator@U?$pair@$$CBIPAU_BLECHEVENT@@@std@@@3@$0A@@std@@@2@@Z 040046f0 f i MQ2NetBots.obj
 0001:00003700       ?destroy@?$allocator@PAU_Node@?$_Tree_nod@V?$_Tmap_traits@IPAU_BLECHEVENT@@U?$less@I@std@@V?$allocator@U?$pair@$$CBIPAU_BLECHEVENT@@@std@@@3@$0A@@std@@@std@@@std@@QAEXPAPAU_Node@?$_Tree_nod@V?$_Tmap_traits@IPAU_BLECHEVENT@@U?$less@I@std@@V?$allocator@U?$pair@$$CBIPAU_BLECHEVENT@@@std@@@3@$0A@@std@@@2@@Z 04004700 f i MQ2NetBots.obj
 0001:00003710       ??Econst_iterator@?$_Tree@V?$_Tmap_traits@IPAU_BLECHEVENT@@U?$less@I@std@@V?$allocator@U?$pair@$$CBIPAU_BLECHEVENT@@@std@@@3@$0A@@std@@@std@@QAEAAV012@XZ 04004710 f i MQ2NetBots.obj
 0001:00003720       ??Econst_iterator@?$_Tree@V?$_Tmap_traits@IPAU_BLECHEVENT@@U?$less@I@std@@V?$allocator@U?$pair@$$CBIPAU_BLECHEVENT@@@std@@@3@$0A@@std@@@std@@QAE?AV012@H@Z 04004720 f i MQ2NetBots.obj
 0001:00003740       ??Fconst_iterator@?$_Tree@V?$_Tmap_traits@IPAU_BLECHEVENT@@U?$less@I@std@@V?$allocator@U?$pair@$$CBIPAU_BLECHEVENT@@@std@@@3@$0A@@std@@@std@@QAEAAV012@XZ 04004740 f i MQ2NetBots.obj
 0001:00003750       ?destroy@?$allocator@PAU_Node@?$_Tree_nod@V?$_Tmap_traits@V?$basic_string@DU?$char_traits@D@std@@V?$allocator@D@2@@std@@KU?$less@V?$basic_string@DU?$char_traits@D@std@@V?$allocator@D@2@@std@@@2@V?$allocator@U?$pair@$$CBV?$basic_string@DU?$char_traits@D@std@@V?$allocator@D@2@@std@@K@std@@@2@$0A@@std@@@std@@@std@@QAEXPAPAU_Node@?$_Tree_nod@V?$_Tmap_traits@V?$basic_string@DU?$char_traits@D@std@@V?$allocator@D@2@@std@@KU?$less@V?$basic_string@DU?$char_traits@D@std@@V?$allocator@D@2@@std@@@2@V?$allocator@U?$pair@$$CBV?$basic_string@DU?$char_traits@D@std@@V?$allocator@D@2@@std@@K@std@@@2@$0A@@std@@@2@@Z 04004750 f i MQ2NetBots.obj
 0001:00003760       ?max_size@?$_Tree@V?$_Tmap_traits@V?$basic_string@DU?$char_traits@D@std@@V?$allocator@D@2@@std@@VBotInfo@@U?$less@V?$basic_string@DU?$char_traits@D@std@@V?$allocator@D@2@@std@@@2@V?$allocator@U?$pair@$$CBV?$basic_string@DU?$char_traits@D@std@@V?$allocator@D@2@@std@@VBotInfo@@@std@@@2@$0A@@std@@@std@@QBEIXZ 04004760 f i MQ2NetBots.obj
 0001:00003770       ?destroy@?$allocator@PAU_Node@?$_Tree_nod@V?$_Tmap_traits@V?$basic_string@DU?$char_traits@D@std@@V?$allocator@D@2@@std@@VBotInfo@@U?$less@V?$basic_string@DU?$char_traits@D@std@@V?$allocator@D@2@@std@@@2@V?$allocator@U?$pair@$$CBV?$basic_string@DU?$char_traits@D@std@@V?$allocator@D@2@@std@@VBotInfo@@@std@@@2@$0A@@std@@@std@@@std@@QAEXPAPAU_Node@?$_Tree_nod@V?$_Tmap_traits@V?$basic_string@DU?$char_traits@D@std@@V?$allocator@D@2@@std@@VBotInfo@@U?$less@V?$basic_string@DU?$char_traits@D@std@@V?$allocator@D@2@@std@@@2@V?$allocator@U?$pair@$$CBV?$basic_string@DU?$char_traits@D@std@@V?$allocator@D@2@@std@@VBotInfo@@@std@@@2@$0A@@std@@@2@@Z 04004770 f i MQ2NetBots.obj
 0001:00003780       ??0const_iterator@?$_Tree@V?$_Tmap_traits@V?$basic_string@DU?$char_traits@D@std@@V?$allocator@D@2@@std@@VBotInfo@@U?$less@V?$basic_string@DU?$char_traits@D@std@@V?$allocator@D@2@@std@@@2@V?$allocator@U?$pair@$$CBV?$basic_string@DU?$char_traits@D@std@@V?$allocator@D@2@@std@@VBotInfo@@@std@@@2@$0A@@std@@@std@@QAE@PAU_Node@?$_Tree_nod@V?$_Tmap_traits@V?$basic_string@DU?$char_traits@D@std@@V?$allocator@D@2@@std@@VBotInfo@@U?$less@V?$basic_string@DU?$char_traits@D@std@@V?$allocator@D@2@@std@@@2@V?$allocator@U?$pair@$$CBV?$basic_string@DU?$char_traits@D@std@@V?$allocator@D@2@@std@@VBotInfo@@@std@@@2@$0A@@std@@@2@PBV12@@Z 04004780 f i MQ2NetBots.obj
 0001:000037b0       ??Fconst_iterator@?$_Tree@V?$_Tmap_traits@V?$basic_string@DU?$char_traits@D@std@@V?$allocator@D@2@@std@@VBotInfo@@U?$less@V?$basic_string@DU?$char_traits@D@std@@V?$allocator@D@2@@std@@@2@V?$allocator@U?$pair@$$CBV?$basic_string@DU?$char_traits@D@std@@V?$allocator@D@2@@std@@VBotInfo@@@std@@@2@$0A@@std@@@std@@QAEAAV012@XZ 040047b0 f i MQ2NetBots.obj
 0001:000037c0       ??0?$_Bidit@U?$pair@$$CBIPAU_BLECHEVENT@@@std@@HPBU12@ABU12@@std@@QAE@XZ 040047c0 f i MQ2NetBots.obj
 0001:000037d0       ??0?$_Bidit@U?$pair@$$CBV?$basic_string@DU?$char_traits@D@std@@V?$allocator@D@2@@std@@K@std@@HPBU12@ABU12@@std@@QAE@XZ 040047d0 f i MQ2NetBots.obj
 0001:000037e0       ?max_size@?$basic_string@DU?$char_traits@D@std@@V?$allocator@D@2@@std@@QBEIXZ 040047e0 f i MQ2NetBots.obj
 0001:000037f0       ?max_size@?$_Tree@V?$_Tmap_traits@IPAU_BLECHEVENT@@U?$less@I@std@@V?$allocator@U?$pair@$$CBIPAU_BLECHEVENT@@@std@@@3@$0A@@std@@@std@@QBEIXZ 040047f0 f i MQ2NetBots.obj
 0001:00003800       ?_Lrotate@?$_Tree@V?$_Tmap_traits@IPAU_BLECHEVENT@@U?$less@I@std@@V?$allocator@U?$pair@$$CBIPAU_BLECHEVENT@@@std@@@3@$0A@@std@@@std@@IAEXPAU_Node@?$_Tree_nod@V?$_Tmap_traits@IPAU_BLECHEVENT@@U?$less@I@std@@V?$allocator@U?$pair@$$CBIPAU_BLECHEVENT@@@std@@@3@$0A@@std@@@2@@Z 04004800 f i MQ2NetBots.obj
 0001:00003850       ?_Rrotate@?$_Tree@V?$_Tmap_traits@IPAU_BLECHEVENT@@U?$less@I@std@@V?$allocator@U?$pair@$$CBIPAU_BLECHEVENT@@@std@@@3@$0A@@std@@@std@@IAEXPAU_Node@?$_Tree_nod@V?$_Tmap_traits@IPAU_BLECHEVENT@@U?$less@I@std@@V?$allocator@U?$pair@$$CBIPAU_BLECHEVENT@@@std@@@3@$0A@@std@@@2@@Z 04004850 f i MQ2NetBots.obj
 0001:000038b0       ??Fiterator@?$_Tree@V?$_Tmap_traits@IPAU_BLECHEVENT@@U?$less@I@std@@V?$allocator@U?$pair@$$CBIPAU_BLECHEVENT@@@std@@@3@$0A@@std@@@std@@QAEAAV012@XZ 040048b0 f i MQ2NetBots.obj
 0001:000038c0       ?max_size@?$_Tree@V?$_Tmap_traits@V?$basic_string@DU?$char_traits@D@std@@V?$allocator@D@2@@std@@KU?$less@V?$basic_string@DU?$char_traits@D@std@@V?$allocator@D@2@@std@@@2@V?$allocator@U?$pair@$$CBV?$basic_string@DU?$char_traits@D@std@@V?$allocator@D@2@@std@@K@std@@@2@$0A@@std@@@std@@QBEIXZ 040048c0 f i MQ2NetBots.obj
 0001:000038d0       ?_Lrotate@?$_Tree@V?$_Tmap_traits@V?$basic_string@DU?$char_traits@D@std@@V?$allocator@D@2@@std@@KU?$less@V?$basic_string@DU?$char_traits@D@std@@V?$allocator@D@2@@std@@@2@V?$allocator@U?$pair@$$CBV?$basic_string@DU?$char_traits@D@std@@V?$allocator@D@2@@std@@K@std@@@2@$0A@@std@@@std@@IAEXPAU_Node@?$_Tree_nod@V?$_Tmap_traits@V?$basic_string@DU?$char_traits@D@std@@V?$allocator@D@2@@std@@KU?$less@V?$basic_string@DU?$char_traits@D@std@@V?$allocator@D@2@@std@@@2@V?$allocator@U?$pair@$$CBV?$basic_string@DU?$char_traits@D@std@@V?$allocator@D@2@@std@@K@std@@@2@$0A@@std@@@2@@Z 040048d0 f i MQ2NetBots.obj
 0001:00003920       ?allocate@?$allocator@U_Node@?$_Tree_nod@V?$_Tmap_traits@V?$basic_string@DU?$char_traits@D@std@@V?$allocator@D@2@@std@@VBotInfo@@U?$less@V?$basic_string@DU?$char_traits@D@std@@V?$allocator@D@2@@std@@@2@V?$allocator@U?$pair@$$CBV?$basic_string@DU?$char_traits@D@std@@V?$allocator@D@2@@std@@VBotInfo@@@std@@@2@$0A@@std@@@std@@@std@@QAEPAU_Node@?$_Tree_nod@V?$_Tmap_traits@V?$basic_string@DU?$char_traits@D@std@@V?$allocator@D@2@@std@@VBotInfo@@U?$less@V?$basic_string@DU?$char_traits@D@std@@V?$allocator@D@2@@std@@@2@V?$allocator@U?$pair@$$CBV?$basic_string@DU?$char_traits@D@std@@V?$allocator@D@2@@std@@VBotInfo@@@std@@@2@$0A@@std@@@2@I@Z 04004920 f i MQ2NetBots.obj
 0001:00003940       ??Econst_iterator@?$_Tree@V?$_Tmap_traits@V?$basic_string@DU?$char_traits@D@std@@V?$allocator@D@2@@std@@VBotInfo@@U?$less@V?$basic_string@DU?$char_traits@D@std@@V?$allocator@D@2@@std@@@2@V?$allocator@U?$pair@$$CBV?$basic_string@DU?$char_traits@D@std@@V?$allocator@D@2@@std@@VBotInfo@@@std@@@2@$0A@@std@@@std@@QAE?AV012@H@Z 04004940 f i MQ2NetBots.obj
 0001:00003960       ??0const_iterator@?$_Tree@V?$_Tmap_traits@V?$basic_string@DU?$char_traits@D@std@@V?$allocator@D@2@@std@@KU?$less@V?$basic_string@DU?$char_traits@D@std@@V?$allocator@D@2@@std@@@2@V?$allocator@U?$pair@$$CBV?$basic_string@DU?$char_traits@D@std@@V?$allocator@D@2@@std@@K@std@@@2@$0A@@std@@@std@@QAE@PAU_Node@?$_Tree_nod@V?$_Tmap_traits@V?$basic_string@DU?$char_traits@D@std@@V?$allocator@D@2@@std@@KU?$less@V?$basic_string@DU?$char_traits@D@std@@V?$allocator@D@2@@std@@@2@V?$allocator@U?$pair@$$CBV?$basic_string@DU?$char_traits@D@std@@V?$allocator@D@2@@std@@K@std@@@2@$0A@@std@@@2@PBV12@@Z 04004960 f i MQ2NetBots.obj
 0001:00003990       ?_Dec@const_iterator@?$_Tree@V?$_Tmap_traits@V?$basic_string@DU?$char_traits@D@std@@V?$allocator@D@2@@std@@KU?$less@V?$basic_string@DU?$char_traits@D@std@@V?$allocator@D@2@@std@@@2@V?$allocator@U?$pair@$$CBV?$basic_string@DU?$char_traits@D@std@@V?$allocator@D@2@@std@@K@std@@@2@$0A@@std@@@std@@QAEXXZ 04004990 f i MQ2NetBots.obj
 0001:00003a20       ?_Inc@const_iterator@?$_Tree@V?$_Tmap_traits@V?$basic_string@DU?$char_traits@D@std@@V?$allocator@D@2@@std@@KU?$less@V?$basic_string@DU?$char_traits@D@std@@V?$allocator@D@2@@std@@@2@V?$allocator@U?$pair@$$CBV?$basic_string@DU?$char_traits@D@std@@V?$allocator@D@2@@std@@K@std@@@2@$0A@@std@@@std@@QAEXXZ 04004a20 f i MQ2NetBots.obj
 0001:00003a90       ?allocate@?$allocator@D@std@@QAEPADI@Z 04004a90 f i MQ2NetBots.obj
 0001:00003ab0       ?allocate@?$allocator@U_Node@?$_Tree_nod@V?$_Tmap_traits@IPAU_BLECHEVENT@@U?$less@I@std@@V?$allocator@U?$pair@$$CBIPAU_BLECHEVENT@@@std@@@3@$0A@@std@@@std@@@std@@QAEPAU_Node@?$_Tree_nod@V?$_Tmap_traits@IPAU_BLECHEVENT@@U?$less@I@std@@V?$allocator@U?$pair@$$CBIPAU_BLECHEVENT@@@std@@@3@$0A@@std@@@2@I@Z 04004ab0 f i MQ2NetBots.obj
 0001:00003ad0       ?construct@?$allocator@PAU_Node@?$_Tree_nod@V?$_Tmap_traits@IPAU_BLECHEVENT@@U?$less@I@std@@V?$allocator@U?$pair@$$CBIPAU_BLECHEVENT@@@std@@@3@$0A@@std@@@std@@@std@@QAEXPAPAU_Node@?$_Tree_nod@V?$_Tmap_traits@IPAU_BLECHEVENT@@U?$less@I@std@@V?$allocator@U?$pair@$$CBIPAU_BLECHEVENT@@@std@@@3@$0A@@std@@@2@ABQAU342@@Z 04004ad0 f i MQ2NetBots.obj
 0001:00003af0       ?allocate@?$allocator@U_Node@?$_Tree_nod@V?$_Tmap_traits@V?$basic_string@DU?$char_traits@D@std@@V?$allocator@D@2@@std@@KU?$less@V?$basic_string@DU?$char_traits@D@std@@V?$allocator@D@2@@std@@@2@V?$allocator@U?$pair@$$CBV?$basic_string@DU?$char_traits@D@std@@V?$allocator@D@2@@std@@K@std@@@2@$0A@@std@@@std@@@std@@QAEPAU_Node@?$_Tree_nod@V?$_Tmap_traits@V?$basic_string@DU?$char_traits@D@std@@V?$allocator@D@2@@std@@KU?$less@V?$basic_string@DU?$char_traits@D@std@@V?$allocator@D@2@@std@@@2@V?$allocator@U?$pair@$$CBV?$basic_string@DU?$char_traits@D@std@@V?$allocator@D@2@@std@@K@std@@@2@$0A@@std@@@2@I@Z 04004af0 f i MQ2NetBots.obj
 0001:00003b10       ?construct@?$allocator@PAU_Node@?$_Tree_nod@V?$_Tmap_traits@V?$basic_string@DU?$char_traits@D@std@@V?$allocator@D@2@@std@@KU?$less@V?$basic_string@DU?$char_traits@D@std@@V?$allocator@D@2@@std@@@2@V?$allocator@U?$pair@$$CBV?$basic_string@DU?$char_traits@D@std@@V?$allocator@D@2@@std@@K@std@@@2@$0A@@std@@@std@@@std@@QAEXPAPAU_Node@?$_Tree_nod@V?$_Tmap_traits@V?$basic_string@DU?$char_traits@D@std@@V?$allocator@D@2@@std@@KU?$less@V?$basic_string@DU?$char_traits@D@std@@V?$allocator@D@2@@std@@@2@V?$allocator@U?$pair@$$CBV?$basic_string@DU?$char_traits@D@std@@V?$allocator@D@2@@std@@K@std@@@2@$0A@@std@@@2@ABQAU342@@Z 04004b10 f i MQ2NetBots.obj
 0001:00003b30       ?construct@?$allocator@PAU_Node@?$_Tree_nod@V?$_Tmap_traits@V?$basic_string@DU?$char_traits@D@std@@V?$allocator@D@2@@std@@VBotInfo@@U?$less@V?$basic_string@DU?$char_traits@D@std@@V?$allocator@D@2@@std@@@2@V?$allocator@U?$pair@$$CBV?$basic_string@DU?$char_traits@D@std@@V?$allocator@D@2@@std@@VBotInfo@@@std@@@2@$0A@@std@@@std@@@std@@QAEXPAPAU_Node@?$_Tree_nod@V?$_Tmap_traits@V?$basic_string@DU?$char_traits@D@std@@V?$allocator@D@2@@std@@VBotInfo@@U?$less@V?$basic_string@DU?$char_traits@D@std@@V?$allocator@D@2@@std@@@2@V?$allocator@U?$pair@$$CBV?$basic_string@DU?$char_traits@D@std@@V?$allocator@D@2@@std@@VBotInfo@@@std@@@2@$0A@@std@@@2@ABQAU342@@Z 04004b30 f i MQ2NetBots.obj
 0001:00003b50       ?allocate@?$allocator@V_Aux_cont@std@@@std@@QAEPAV_Aux_cont@2@I@Z 04004b50 f i MQ2NetBots.obj
 0001:00003b70       ??$copy_s@U?$char_traits@D@std@@@_Traits_helper@std@@YAPADPADIPBDI@Z 04004b70 f i MQ2NetBots.obj
 0001:00003ba0       ??$move_s@U?$char_traits@D@std@@@_Traits_helper@std@@YAPADPADIPBDI@Z 04004ba0 f i MQ2NetBots.obj
 0001:00003bd0       ?compare@?$basic_string@DU?$char_traits@D@std@@V?$allocator@D@2@@std@@QBEHABV12@@Z 04004bd0 f i MQ2NetBots.obj
 0001:00003c10       ??Citerator@?$_Tree@V?$_Tmap_traits@IPAU_BLECHEVENT@@U?$less@I@std@@V?$allocator@U?$pair@$$CBIPAU_BLECHEVENT@@@std@@@3@$0A@@std@@@std@@QBEPAU?$pair@$$CBIPAU_BLECHEVENT@@@2@XZ 04004c10 f i MQ2NetBots.obj
 0001:00003c40       ??Diterator@?$_Tree@V?$_Tmap_traits@V?$basic_string@DU?$char_traits@D@std@@V?$allocator@D@2@@std@@VBotInfo@@U?$less@V?$basic_string@DU?$char_traits@D@std@@V?$allocator@D@2@@std@@@2@V?$allocator@U?$pair@$$CBV?$basic_string@DU?$char_traits@D@std@@V?$allocator@D@2@@std@@VBotInfo@@@std@@@2@$0A@@std@@@std@@QBEAAU?$pair@$$CBV?$basic_string@DU?$char_traits@D@std@@V?$allocator@D@2@@std@@VBotInfo@@@2@XZ 04004c40 f i MQ2NetBots.obj
 0001:00003c70       ??1?$_Tmap_traits@IPAU_BLECHEVENT@@U?$less@I@std@@V?$allocator@U?$pair@$$CBIPAU_BLECHEVENT@@@std@@@3@$0A@@std@@QAE@XZ 04004c70 f i MQ2NetBots.obj
 0001:00003c80       ??1?$_Tmap_traits@V?$basic_string@DU?$char_traits@D@std@@V?$allocator@D@2@@std@@KU?$less@V?$basic_string@DU?$char_traits@D@std@@V?$allocator@D@2@@std@@@2@V?$allocator@U?$pair@$$CBV?$basic_string@DU?$char_traits@D@std@@V?$allocator@D@2@@std@@K@std@@@2@$0A@@std@@QAE@XZ 04004c80 f i MQ2NetBots.obj
 0001:00003c90       ??1?$_Tmap_traits@V?$basic_string@DU?$char_traits@D@std@@V?$allocator@D@2@@std@@VBotInfo@@U?$less@V?$basic_string@DU?$char_traits@D@std@@V?$allocator@D@2@@std@@@2@V?$allocator@U?$pair@$$CBV?$basic_string@DU?$char_traits@D@std@@V?$allocator@D@2@@std@@VBotInfo@@@std@@@2@$0A@@std@@QAE@XZ 04004c90 f i MQ2NetBots.obj
 0001:00003ca0       ?_Tidy@?$basic_string@DU?$char_traits@D@std@@V?$allocator@D@2@@std@@IAEX_NI@Z 04004ca0 f i MQ2NetBots.obj
 0001:00003cf0       ?_Erase@?$_Tree@V?$_Tmap_traits@IPAU_BLECHEVENT@@U?$less@I@std@@V?$allocator@U?$pair@$$CBIPAU_BLECHEVENT@@@std@@@3@$0A@@std@@@std@@IAEXPAU_Node@?$_Tree_nod@V?$_Tmap_traits@IPAU_BLECHEVENT@@U?$less@I@std@@V?$allocator@U?$pair@$$CBIPAU_BLECHEVENT@@@std@@@3@$0A@@std@@@2@@Z 04004cf0 f i MQ2NetBots.obj
 0001:00003d30       ??Eiterator@?$_Tree@V?$_Tmap_traits@IPAU_BLECHEVENT@@U?$less@I@std@@V?$allocator@U?$pair@$$CBIPAU_BLECHEVENT@@@std@@@3@$0A@@std@@@std@@QAEAAV012@XZ 04004d30 f i MQ2NetBots.obj
 0001:00003d40       ??0iterator@?$_Tree@V?$_Tmap_traits@V?$basic_string@DU?$char_traits@D@std@@V?$allocator@D@2@@std@@VBotInfo@@U?$less@V?$basic_string@DU?$char_traits@D@std@@V?$allocator@D@2@@std@@@2@V?$allocator@U?$pair@$$CBV?$basic_string@DU?$char_traits@D@std@@V?$allocator@D@2@@std@@VBotInfo@@@std@@@2@$0A@@std@@@std@@QAE@PAU_Node@?$_Tree_nod@V?$_Tmap_traits@V?$basic_string@DU?$char_traits@D@std@@V?$allocator@D@2@@std@@VBotInfo@@U?$less@V?$basic_string@DU?$char_traits@D@std@@V?$allocator@D@2@@std@@@2@V?$allocator@U?$pair@$$CBV?$basic_string@DU?$char_traits@D@std@@V?$allocator@D@2@@std@@VBotInfo@@@std@@@2@$0A@@std@@@2@PBV12@@Z 04004d40 f i MQ2NetBots.obj
 0001:00003d70       ??Eiterator@?$_Tree@V?$_Tmap_traits@V?$basic_string@DU?$char_traits@D@std@@V?$allocator@D@2@@std@@VBotInfo@@U?$less@V?$basic_string@DU?$char_traits@D@std@@V?$allocator@D@2@@std@@@2@V?$allocator@U?$pair@$$CBV?$basic_string@DU?$char_traits@D@std@@V?$allocator@D@2@@std@@VBotInfo@@@std@@@2@$0A@@std@@@std@@QAEAAV012@XZ 04004d70 f i MQ2NetBots.obj
 0001:00003d80       ??Fiterator@?$_Tree@V?$_Tmap_traits@V?$basic_string@DU?$char_traits@D@std@@V?$allocator@D@2@@std@@VBotInfo@@U?$less@V?$basic_string@DU?$char_traits@D@std@@V?$allocator@D@2@@std@@@2@V?$allocator@U?$pair@$$CBV?$basic_string@DU?$char_traits@D@std@@V?$allocator@D@2@@std@@VBotInfo@@@std@@@2@$0A@@std@@@std@@QAEAAV012@XZ 04004d80 f i MQ2NetBots.obj
 0001:00003d90       ??0const_iterator@?$_Tree@V?$_Tmap_traits@V?$basic_string@DU?$char_traits@D@std@@V?$allocator@D@2@@std@@VBotInfo@@U?$less@V?$basic_string@DU?$char_traits@D@std@@V?$allocator@D@2@@std@@@2@V?$allocator@U?$pair@$$CBV?$basic_string@DU?$char_traits@D@std@@V?$allocator@D@2@@std@@VBotInfo@@@std@@@2@$0A@@std@@@std@@QAE@XZ 04004d90 f i MQ2NetBots.obj
 0001:00003da0       ?erase@?$basic_string@DU?$char_traits@D@std@@V?$allocator@D@2@@std@@QAEAAV12@II@Z 04004da0 f i MQ2NetBots.obj
 0001:00003e30       ??0const_iterator@?$_Tree@V?$_Tmap_traits@IPAU_BLECHEVENT@@U?$less@I@std@@V?$allocator@U?$pair@$$CBIPAU_BLECHEVENT@@@std@@@3@$0A@@std@@@std@@QAE@XZ 04004e30 f i MQ2NetBots.obj
 0001:00003e40       ??0const_iterator@?$_Tree@V?$_Tmap_traits@IPAU_BLECHEVENT@@U?$less@I@std@@V?$allocator@U?$pair@$$CBIPAU_BLECHEVENT@@@std@@@3@$0A@@std@@@std@@QAE@PAU_Node@?$_Tree_nod@V?$_Tmap_traits@IPAU_BLECHEVENT@@U?$less@I@std@@V?$allocator@U?$pair@$$CBIPAU_BLECHEVENT@@@std@@@3@$0A@@std@@@2@PBV12@@Z 04004e40 f i MQ2NetBots.obj
 0001:00003e70       ??0iterator@?$_Tree@V?$_Tmap_traits@V?$basic_string@DU?$char_traits@D@std@@V?$allocator@D@2@@std@@KU?$less@V?$basic_string@DU?$char_traits@D@std@@V?$allocator@D@2@@std@@@2@V?$allocator@U?$pair@$$CBV?$basic_string@DU?$char_traits@D@std@@V?$allocator@D@2@@std@@K@std@@@2@$0A@@std@@@std@@QAE@PAU_Node@?$_Tree_nod@V?$_Tmap_traits@V?$basic_string@DU?$char_traits@D@std@@V?$allocator@D@2@@std@@KU?$less@V?$basic_string@DU?$char_traits@D@std@@V?$allocator@D@2@@std@@@2@V?$allocator@U?$pair@$$CBV?$basic_string@DU?$char_traits@D@std@@V?$allocator@D@2@@std@@K@std@@@2@$0A@@std@@@2@PBV12@@Z 04004e70 f i MQ2NetBots.obj
 0001:00003ea0       ??0const_iterator@?$_Tree@V?$_Tmap_traits@V?$basic_string@DU?$char_traits@D@std@@V?$allocator@D@2@@std@@KU?$less@V?$basic_string@DU?$char_traits@D@std@@V?$allocator@D@2@@std@@@2@V?$allocator@U?$pair@$$CBV?$basic_string@DU?$char_traits@D@std@@V?$allocator@D@2@@std@@K@std@@@2@$0A@@std@@@std@@QAE@XZ 04004ea0 f i MQ2NetBots.obj
 0001:00003eb0       ??Econst_iterator@?$_Tree@V?$_Tmap_traits@V?$basic_string@DU?$char_traits@D@std@@V?$allocator@D@2@@std@@KU?$less@V?$basic_string@DU?$char_traits@D@std@@V?$allocator@D@2@@std@@@2@V?$allocator@U?$pair@$$CBV?$basic_string@DU?$char_traits@D@std@@V?$allocator@D@2@@std@@K@std@@@2@$0A@@std@@@std@@QAEAAV012@XZ 04004eb0 f i MQ2NetBots.obj
 0001:00003ec0       ??Fconst_iterator@?$_Tree@V?$_Tmap_traits@V?$basic_string@DU?$char_traits@D@std@@V?$allocator@D@2@@std@@KU?$less@V?$basic_string@DU?$char_traits@D@std@@V?$allocator@D@2@@std@@@2@V?$allocator@U?$pair@$$CBV?$basic_string@DU?$char_traits@D@std@@V?$allocator@D@2@@std@@K@std@@@2@$0A@@std@@@std@@QAEAAV012@XZ 04004ec0 f i MQ2NetBots.obj
 0001:00003ed0       ?_Copy@?$basic_string@DU?$char_traits@D@std@@V?$allocator@D@2@@std@@IAEXII@Z 04004ed0 f i MQ2NetBots.obj
 0001:00004010       ?_Buynode@?$_Tree@V?$_Tmap_traits@IPAU_BLECHEVENT@@U?$less@I@std@@V?$allocator@U?$pair@$$CBIPAU_BLECHEVENT@@@std@@@3@$0A@@std@@@std@@IAEPAU_Node@?$_Tree_nod@V?$_Tmap_traits@IPAU_BLECHEVENT@@U?$less@I@std@@V?$allocator@U?$pair@$$CBIPAU_BLECHEVENT@@@std@@@3@$0A@@std@@@2@XZ 04005010 f i MQ2NetBots.obj
 0001:00004050       ?_Buynode@?$_Tree@V?$_Tmap_traits@IPAU_BLECHEVENT@@U?$less@I@std@@V?$allocator@U?$pair@$$CBIPAU_BLECHEVENT@@@std@@@3@$0A@@std@@@std@@IAEPAU_Node@?$_Tree_nod@V?$_Tmap_traits@IPAU_BLECHEVENT@@U?$less@I@std@@V?$allocator@U?$pair@$$CBIPAU_BLECHEVENT@@@std@@@3@$0A@@std@@@2@PAU342@00ABU?$pair@$$CBIPAU_BLECHEVENT@@@2@D@Z 04005050 f i MQ2NetBots.obj
 0001:00004090       ?_Make_iter@?$_Tree@V?$_Tmap_traits@V?$basic_string@DU?$char_traits@D@std@@V?$allocator@D@2@@std@@KU?$less@V?$basic_string@DU?$char_traits@D@std@@V?$allocator@D@2@@std@@@2@V?$allocator@U?$pair@$$CBV?$basic_string@DU?$char_traits@D@std@@V?$allocator@D@2@@std@@K@std@@@2@$0A@@std@@@std@@QBE?AViterator@12@Vconst_iterator@12@@Z 04005090 f i MQ2NetBots.obj
 0001:000040c0       ?_Buynode@?$_Tree@V?$_Tmap_traits@V?$basic_string@DU?$char_traits@D@std@@V?$allocator@D@2@@std@@KU?$less@V?$basic_string@DU?$char_traits@D@std@@V?$allocator@D@2@@std@@@2@V?$allocator@U?$pair@$$CBV?$basic_string@DU?$char_traits@D@std@@V?$allocator@D@2@@std@@K@std@@@2@$0A@@std@@@std@@IAEPAU_Node@?$_Tree_nod@V?$_Tmap_traits@V?$basic_string@DU?$char_traits@D@std@@V?$allocator@D@2@@std@@KU?$less@V?$basic_string@DU?$char_traits@D@std@@V?$allocator@D@2@@std@@@2@V?$allocator@U?$pair@$$CBV?$basic_string@DU?$char_traits@D@std@@V?$allocator@D@2@@std@@K@std@@@2@$0A@@std@@@2@XZ 040050c0 f i MQ2NetBots.obj
 0001:00004100       ?_Buynode@?$_Tree@V?$_Tmap_traits@V?$basic_string@DU?$char_traits@D@std@@V?$allocator@D@2@@std@@VBotInfo@@U?$less@V?$basic_string@DU?$char_traits@D@std@@V?$allocator@D@2@@std@@@2@V?$allocator@U?$pair@$$CBV?$basic_string@DU?$char_traits@D@std@@V?$allocator@D@2@@std@@VBotInfo@@@std@@@2@$0A@@std@@@std@@IAEPAU_Node@?$_Tree_nod@V?$_Tmap_traits@V?$basic_string@DU?$char_traits@D@std@@V?$allocator@D@2@@std@@VBotInfo@@U?$less@V?$basic_string@DU?$char_traits@D@std@@V?$allocator@D@2@@std@@@2@V?$allocator@U?$pair@$$CBV?$basic_string@DU?$char_traits@D@std@@V?$allocator@D@2@@std@@VBotInfo@@@std@@@2@$0A@@std@@@2@XZ 04005100 f i MQ2NetBots.obj
 0001:00004140       ??Fiterator@?$_Tree@V?$_Tmap_traits@V?$basic_string@DU?$char_traits@D@std@@V?$allocator@D@2@@std@@KU?$less@V?$basic_string@DU?$char_traits@D@std@@V?$allocator@D@2@@std@@@2@V?$allocator@U?$pair@$$CBV?$basic_string@DU?$char_traits@D@std@@V?$allocator@D@2@@std@@K@std@@@2@$0A@@std@@@std@@QAEAAV012@XZ 04005140 f i MQ2NetBots.obj
 0001:00004150       ??Econst_iterator@?$_Tree@V?$_Tmap_traits@V?$basic_string@DU?$char_traits@D@std@@V?$allocator@D@2@@std@@KU?$less@V?$basic_string@DU?$char_traits@D@std@@V?$allocator@D@2@@std@@@2@V?$allocator@U?$pair@$$CBV?$basic_string@DU?$char_traits@D@std@@V?$allocator@D@2@@std@@K@std@@@2@$0A@@std@@@std@@QAE?AV012@H@Z 04005150 f i MQ2NetBots.obj
 0001:00004170       ??0?$_Container_base_aux_alloc_real@V?$allocator@U?$pair@$$CBIPAU_BLECHEVENT@@@std@@@std@@@std@@IAE@V?$allocator@U?$pair@$$CBIPAU_BLECHEVENT@@@std@@@1@@Z 04005170 f i MQ2NetBots.obj
 0001:000041a0       ??0?$_Container_base_aux_alloc_real@V?$allocator@U?$pair@$$CBV?$basic_string@DU?$char_traits@D@std@@V?$allocator@D@2@@std@@K@std@@@std@@@std@@IAE@V?$allocator@U?$pair@$$CBV?$basic_string@DU?$char_traits@D@std@@V?$allocator@D@2@@std@@K@std@@@1@@Z 040051a0 f i MQ2NetBots.obj
 0001:000041d0       ??0?$_Container_base_aux_alloc_real@V?$allocator@U?$pair@$$CBV?$basic_string@DU?$char_traits@D@std@@V?$allocator@D@2@@std@@VBotInfo@@@std@@@std@@@std@@IAE@V?$allocator@U?$pair@$$CBV?$basic_string@DU?$char_traits@D@std@@V?$allocator@D@2@@std@@VBotInfo@@@std@@@1@@Z 040051d0 f i MQ2NetBots.obj
 0001:00004200       ??$?MDU?$char_traits@D@std@@V?$allocator@D@1@@std@@YA_NABV?$basic_string@DU?$char_traits@D@std@@V?$allocator@D@2@@0@0@Z 04005200 f i MQ2NetBots.obj
 0001:00004230       ??1?$basic_string@DU?$char_traits@D@std@@V?$allocator@D@2@@std@@QAE@XZ 04005230 f i MQ2NetBots.obj
 0001:00004260       ?clear@?$_Tree@V?$_Tmap_traits@IPAU_BLECHEVENT@@U?$less@I@std@@V?$allocator@U?$pair@$$CBIPAU_BLECHEVENT@@@std@@@3@$0A@@std@@@std@@QAEXXZ 04005260 f i MQ2NetBots.obj
[...]
 0001:0002a5d2       ___abstract_sw_sse2        0402b5d2 f   LIBCMT:_ieee87_.obj
 0001:0002a615       ___fpreset_sse2            0402b615 f   LIBCMT:_ieee87_.obj
 0001:0002a6eb       ___statusfp_sse2           0402b6eb f   LIBCMT:_ieee87_.obj
 0001:0002a726       ___clearfp_sse2            0402b726 f   LIBCMT:_ieee87_.obj
 0001:0002a776       ___control87_sse2          0402b776 f   LIBCMT:_ieee87_.obj
 0001:0002b3db       __getenv_s_helper          0402c3db f   LIBCMT:getenv.obj
 0001:0002b470       __dupenv_s_helper          0402c470 f   LIBCMT:getenv.obj
 0001:0002bf7c       ?strncnt@@YAHPBDH@Z        0402cf7c f   LIBCMT:a_cmp.obj
 0001:0002bf9a       ?__crtCompareStringA_stat@@YAHPAUlocaleinfo_struct@@KKPBDH1HH@Z 0402cf9a f   LIBCMT:a_cmp.obj
 0001:0002c46f       _findenv                   0402d46f f   LIBCMT:setenv.obj
 0001:0002c4c1       _copy_environ              0402d4c1 f   LIBCMT:setenv.obj
 0001:0002cb44       _xtoa@16                   0402db44 f   LIBCMT:xtoa.obj
 0001:0002cbf3       @x64toa@20                 0402dbf3 f   LIBCMT:xtoa.obj
 0001:0002ccc0       __ehhandler$?_Copy@?$basic_string@DU?$char_traits@D@std@@V?$allocator@D@2@@std@@IAEXII@Z 0402dcc0 f   MQ2NetBots.obj
 0001:0002ccd0       __unwindfunclet$??0logic_error@std@@QAE@ABV?$basic_string@DU?$char_traits@D@std@@V?$allocator@D@2@@1@@Z$0 0402dcd0 f   MQ2NetBots.obj
 0001:0002ccd8       __ehhandler$??0logic_error@std@@QAE@ABV?$basic_string@DU?$char_traits@D@std@@V?$allocator@D@2@@1@@Z 0402dcd8 f   MQ2NetBots.obj
 0001:0002ccf0       __unwindfunclet$?erase@?$_Tree@V?$_Tmap_traits@IPAU_BLECHEVENT@@U?$less@I@std@@V?$allocator@U?$pair@$$CBIPAU_BLECHEVENT@@@std@@@3@$0A@@std@@@std@@QAE?AViterator@12@Vconst_iterator@12@@Z$0 0402dcf0 f   MQ2NetBots.obj
 0001:0002ccf8       __ehhandler$?erase@?$_Tree@V?$_Tmap_traits@IPAU_BLECHEVENT@@U?$less@I@std@@V?$allocator@U?$pair@$$CBIPAU_BLECHEVENT@@@std@@@3@$0A@@std@@@std@@QAE?AViterator@12@Vconst_iterator@12@@Z 0402dcf8 f   MQ2NetBots.obj
 0001:0002cd10       __unwindfunclet$??0logic_error@std@@QAE@ABV01@@Z$0 0402dd10 f   MQ2NetBots.obj
 0001:0002cd18       __ehhandler$??0logic_error@std@@QAE@ABV01@@Z 0402dd18 f   MQ2NetBots.obj
 0001:0002cd30       __unwindfunclet$?_Insert@?$_Tree@V?$_Tmap_traits@IPAU_BLECHEVENT@@U?$less@I@std@@V?$allocator@U?$pair@$$CBIPAU_BLECHEVENT@@@std@@@3@$0A@@std@@@std@@IAE?AViterator@12@_NPAU_Node@?$_Tree_nod@V?$_Tmap_traits@IPAU_BLECHEVENT@@U?$less@I@std@@V?$allocator@U?$pair@$$CBIPAU_BLECHEVENT@@@std@@@3@$0A@@std@@@2@ABU?$pair@$$CBIPAU_BLECHEVENT@@@2@@Z$0 0402dd30 f   MQ2NetBots.obj
 0001:0002cd38       __ehhandler$?_Insert@?$_Tree@V?$_Tmap_traits@IPAU_BLECHEVENT@@U?$less@I@std@@V?$allocator@U?$pair@$$CBIPAU_BLECHEVENT@@@std@@@3@$0A@@std@@@std@@IAE?AViterator@12@_NPAU_Node@?$_Tree_nod@V?$_Tmap_traits@IPAU_BLECHEVENT@@U?$less@I@std@@V?$allocator@U?$pair@$$CBIPAU_BLECHEVENT@@@std@@@3@$0A@@std@@@2@ABU?$pair@$$CBIPAU_BLECHEVENT@@@2@@Z 0402dd38 f   MQ2NetBots.obj
 0001:0002cd50       __unwindfunclet$?BotFind@@YAPAVBotInfo@@PAD@Z$0 0402dd50 f   MQ2NetBots.obj
 0001:0002cd58       __ehhandler$?BotFind@@YAPAVBotInfo@@PAD@Z 0402dd58 f   MQ2NetBots.obj
 0001:0002cd70       __unwindfunclet$??0?$_Tree@V?$_Tmap_traits@IPAU_BLECHEVENT@@U?$less@I@std@@V?$allocator@U?$pair@$$CBIPAU_BLECHEVENT@@@std@@@3@$0A@@std@@@std@@QAE@ABU?$less@I@1@ABV?$allocator@U?$pair@$$CBIPAU_BLECHEVENT@@@std@@@1@@Z$0 0402dd70 f   MQ2NetBots.obj
 0001:0002cd78       __ehhandler$??0?$_Tree@V?$_Tmap_traits@IPAU_BLECHEVENT@@U?$less@I@std@@V?$allocator@U?$pair@$$CBIPAU_BLECHEVENT@@@std@@@3@$0A@@std@@@std@@QAE@ABU?$less@I@1@ABV?$allocator@U?$pair@$$CBIPAU_BLECHEVENT@@@std@@@1@@Z 0402dd78 f   MQ2NetBots.obj
 0001:0002cd90       __unwindfunclet$??0?$_Tree@V?$_Tmap_traits@V?$basic_string@DU?$char_traits@D@std@@V?$allocator@D@2@@std@@KU?$less@V?$basic_string@DU?$char_traits@D@std@@V?$allocator@D@2@@std@@@2@V?$allocator@U?$pair@$$CBV?$basic_string@DU?$char_traits@D@std@@V?$allocator@D@2@@std@@K@std@@@2@$0A@@std@@@std@@QAE@ABU?$less@V?$basic_string@DU?$char_traits@D@std@@V?$allocator@D@2@@std@@@1@ABV?$allocator@U?$pair@$$CBV?$basic_string@DU?$char_traits@D@std@@V?$allocator@D@2@@std@@K@std@@@1@@Z$0 0402dd90 f   MQ2NetBots.obj
 0001:0002cd98       __ehhandler$??0?$_Tree@V?$_Tmap_traits@V?$basic_string@DU?$char_traits@D@std@@V?$allocator@D@2@@std@@KU?$less@V?$basic_string@DU?$char_traits@D@std@@V?$allocator@D@2@@std@@@2@V?$allocator@U?$pair@$$CBV?$basic_string@DU?$char_traits@D@std@@V?$allocator@D@2@@std@@K@std@@@2@$0A@@std@@@std@@QAE@ABU?$less@V?$basic_string@DU?$char_traits@D@std@@V?$allocator@D@2@@std@@@1@ABV?$allocator@U?$pair@$$CBV?$basic_string@DU?$char_traits@D@std@@V?$allocator@D@2@@std@@K@std@@@1@@Z 0402dd98 f   MQ2NetBots.obj
 0001:0002cdb0       __unwindfunclet$??0?$_Tree@V?$_Tmap_traits@V?$basic_string@DU?$char_traits@D@std@@V?$allocator@D@2@@std@@VBotInfo@@U?$less@V?$basic_string@DU?$char_traits@D@std@@V?$allocator@D@2@@std@@@2@V?$allocator@U?$pair@$$CBV?$basic_string@DU?$char_traits@D@std@@V?$allocator@D@2@@std@@VBotInfo@@@std@@@2@$0A@@std@@@std@@QAE@ABU?$less@V?$basic_string@DU?$char_traits@D@std@@V?$allocator@D@2@@std@@@1@ABV?$allocator@U?$pair@$$CBV?$basic_string@DU?$char_traits@D@std@@V?$allocator@D@2@@std@@VBotInfo@@@std@@@1@@Z$0 0402ddb0 f   MQ2NetBots.obj
 0001:0002cdb8       __ehhandler$??0?$_Tree@V?$_Tmap_traits@V?$basic_string@DU?$char_traits@D@std@@V?$allocator@D@2@@std@@VBotInfo@@U?$less@V?$basic_string@DU?$char_traits@D@std@@V?$allocator@D@2@@std@@@2@V?$allocator@U?$pair@$$CBV?$basic_string@DU?$char_traits@D@std@@V?$allocator@D@2@@std@@VBotInfo@@@std@@@2@$0A@@std@@@std@@QAE@ABU?$less@V?$basic_string@DU?$char_traits@D@std@@V?$allocator@D@2@@std@@@1@ABV?$allocator@U?$pair@$$CBV?$basic_string@DU?$char_traits@D@std@@V?$allocator@D@2@@std@@VBotInfo@@@std@@@1@@Z 0402ddb8 f   MQ2NetBots.obj
 0001:0002cdd0       __unwindfunclet$?_Buynode@?$_Tree@V?$_Tmap_traits@V?$basic_string@DU?$char_traits@D@std@@V?$allocator@D@2@@std@@VBotInfo@@U?$less@V?$basic_string@DU?$char_traits@D@std@@V?$allocator@D@2@@std@@@2@V?$allocator@U?$pair@$$CBV?$basic_string@DU?$char_traits@D@std@@V?$allocator@D@2@@std@@VBotInfo@@@std@@@2@$0A@@std@@@std@@IAEPAU_Node@?$_Tree_nod@V?$_Tmap_traits@V?$basic_string@DU?$char_traits@D@std@@V?$allocator@D@2@@std@@VBotInfo@@U?$less@V?$basic_string@DU?$char_traits@D@std@@V?$allocator@D@2@@std@@@2@V?$allocator@U?$pair@$$CBV?$basic_string@DU?$char_traits@D@std@@V?$allocator@D@2@@std@@VBotInfo@@@std@@@2@$0A@@std@@@2@PAU342@00ABU?$pair@$$CBV?$basic_string@DU?$char_traits@D@std@@V?$allocator@D@2@@std@@VBotInfo@@@2@D@Z$2 0402ddd0 f   MQ2NetBots.obj
 0001:0002cde1       __ehhandler$?_Buynode@?$_Tree@V?$_Tmap_traits@V?$basic_string@DU?$char_traits@D@std@@V?$allocator@D@2@@std@@VBotInfo@@U?$less@V?$basic_string@DU?$char_traits@D@std@@V?$allocator@D@2@@std@@@2@V?$allocator@U?$pair@$$CBV?$basic_string@DU?$char_traits@D@std@@V?$allocator@D@2@@std@@VBotInfo@@@std@@@2@$0A@@std@@@std@@IAEPAU_Node@?$_Tree_nod@V?$_Tmap_traits@V?$basic_string@DU?$char_traits@D@std@@V?$allocator@D@2@@std@@VBotInfo@@U?$less@V?$basic_string@DU?$char_traits@D@std@@V?$allocator@D@2@@std@@@2@V?$allocator@U?$pair@$$CBV?$basic_string@DU?$char_traits@D@std@@V?$allocator@D@2@@std@@VBotInfo@@@std@@@2@$0A@@std@@@2@PAU342@00ABU?$pair@$$CBV?$basic_string@DU?$char_traits@D@std@@V?$allocator@D@2@@std@@VBotInfo@@@2@D@Z 0402dde1 f   MQ2NetBots.obj
 0001:0002cdf0       __unwindfunclet$?erase@?$_Tree@V?$_Tmap_traits@V?$basic_string@DU?$char_traits@D@std@@V?$allocator@D@2@@std@@KU?$less@V?$basic_string@DU?$char_traits@D@std@@V?$allocator@D@2@@std@@@2@V?$allocator@U?$pair@$$CBV?$basic_string@DU?$char_traits@D@std@@V?$allocator@D@2@@std@@K@std@@@2@$0A@@std@@@std@@QAE?AViterator@12@Vconst_iterator@12@@Z$0 0402ddf0 f   MQ2NetBots.obj
 0001:0002cdf8       __ehhandler$?erase@?$_Tree@V?$_Tmap_traits@V?$basic_string@DU?$char_traits@D@std@@V?$allocator@D@2@@std@@KU?$less@V?$basic_string@DU?$char_traits@D@std@@V?$allocator@D@2@@std@@@2@V?$allocator@U?$pair@$$CBV?$basic_string@DU?$char_traits@D@std@@V?$allocator@D@2@@std@@K@std@@@2@$0A@@std@@@std@@QAE?AViterator@12@Vconst_iterator@12@@Z 0402ddf8 f   MQ2NetBots.obj
 0001:0002ce10       __unwindfunclet$?_Buynode@?$_Tree@V?$_Tmap_traits@V?$basic_string@DU?$char_traits@D@std@@V?$allocator@D@2@@std@@KU?$less@V?$basic_string@DU?$char_traits@D@std@@V?$allocator@D@2@@std@@@2@V?$allocator@U?$pair@$$CBV?$basic_string@DU?$char_traits@D@std@@V?$allocator@D@2@@std@@K@std@@@2@$0A@@std@@@std@@IAEPAU_Node@?$_Tree_nod@V?$_Tmap_traits@V?$basic_string@DU?$char_traits@D@std@@V?$allocator@D@2@@std@@KU?$less@V?$basic_string@DU?$char_traits@D@std@@V?$allocator@D@2@@std@@@2@V?$allocator@U?$pair@$$CBV?$basic_string@DU?$char_traits@D@std@@V?$allocator@D@2@@std@@K@std@@@2@$0A@@std@@@2@PAU342@00ABU?$pair@$$CBV?$basic_string@DU?$char_traits@D@std@@V?$allocator@D@2@@std@@K@2@D@Z$2 0402de10 f   MQ2NetBots.obj
 0001:0002ce21       __ehhandler$?_Buynode@?$_Tree@V?$_Tmap_traits@V?$basic_string@DU?$char_traits@D@std@@V?$allocator@D@2@@std@@KU?$less@V?$basic_string@DU?$char_traits@D@std@@V?$allocator@D@2@@std@@@2@V?$allocator@U?$pair@$$CBV?$basic_string@DU?$char_traits@D@std@@V?$allocator@D@2@@std@@K@std@@@2@$0A@@std@@@std@@IAEPAU_Node@?$_Tree_nod@V?$_Tmap_traits@V?$basic_string@DU?$char_traits@D@std@@V?$allocator@D@2@@std@@KU?$less@V?$basic_string@DU?$char_traits@D@std@@V?$allocator@D@2@@std@@@2@V?$allocator@U?$pair@$$CBV?$basic_string@DU?$char_traits@D@std@@V?$allocator@D@2@@std@@K@std@@@2@$0A@@std@@@2@PAU342@00ABU?$pair@$$CBV?$basic_string@DU?$char_traits@D@std@@V?$allocator@D@2@@std@@K@2@D@Z 0402de21 f   MQ2NetBots.obj
 0001:0002ce30       __unwindfunclet$??1?$_Tree@V?$_Tmap_traits@IPAU_BLECHEVENT@@U?$less@I@std@@V?$allocator@U?$pair@$$CBIPAU_BLECHEVENT@@@std@@@3@$0A@@std@@@std@@QAE@XZ$0 0402de30 f   MQ2NetBots.obj
 0001:0002ce38       __ehhandler$??1?$_Tree@V?$_Tmap_traits@IPAU_BLECHEVENT@@U?$less@I@std@@V?$allocator@U?$pair@$$CBIPAU_BLECHEVENT@@@std@@@3@$0A@@std@@@std@@QAE@XZ 0402de38 f   MQ2NetBots.obj
 0001:0002ce50       __unwindfunclet$?erase@?$_Tree@V?$_Tmap_traits@V?$basic_string@DU?$char_traits@D@std@@V?$allocator@D@2@@std@@VBotInfo@@U?$less@V?$basic_string@DU?$char_traits@D@std@@V?$allocator@D@2@@std@@@2@V?$allocator@U?$pair@$$CBV?$basic_string@DU?$char_traits@D@std@@V?$allocator@D@2@@std@@VBotInfo@@@std@@@2@$0A@@std@@@std@@QAE?AViterator@12@Vconst_iterator@12@@Z$0 0402de50 f   MQ2NetBots.obj
 0001:0002ce58       __ehhandler$?erase@?$_Tree@V?$_Tmap_traits@V?$basic_string@DU?$char_traits@D@std@@V?$allocator@D@2@@std@@VBotInfo@@U?$less@V?$basic_string@DU?$char_traits@D@std@@V?$allocator@D@2@@std@@@2@V?$allocator@U?$pair@$$CBV?$basic_string@DU?$char_traits@D@std@@V?$allocator@D@2@@std@@VBotInfo@@@std@@@2@$0A@@std@@@std@@QAE?AViterator@12@Vconst_iterator@12@@Z 0402de58 f   MQ2NetBots.obj
 0001:0002ce70       __unwindfunclet$?_Insert@?$_Tree@V?$_Tmap_traits@V?$basic_string@DU?$char_traits@D@std@@V?$allocator@D@2@@std@@VBotInfo@@U?$less@V?$basic_string@DU?$char_traits@D@std@@V?$allocator@D@2@@std@@@2@V?$allocator@U?$pair@$$CBV?$basic_string@DU?$char_traits@D@std@@V?$allocator@D@2@@std@@VBotInfo@@@std@@@2@$0A@@std@@@std@@IAE?AViterator@12@_NPAU_Node@?$_Tree_nod@V?$_Tmap_traits@V?$basic_string@DU?$char_traits@D@std@@V?$allocator@D@2@@std@@VBotInfo@@U?$less@V?$basic_string@DU?$char_traits@D@std@@V?$allocator@D@2@@std@@@2@V?$allocator@U?$pair@$$CBV?$basic_string@DU?$char_traits@D@std@@V?$allocator@D@2@@std@@VBotInfo@@@std@@@2@$0A@@std@@@2@ABU?$pair@$$CBV?$basic_string@DU?$char_traits@D@std@@V?$allocator@D@2@@std@@VBotInfo@@@2@@Z$0 0402de70 f   MQ2NetBots.obj
 0001:0002ce78       __ehhandler$?_Insert@?$_Tree@V?$_Tmap_traits@V?$basic_string@DU?$char_traits@D@std@@V?$allocator@D@2@@std@@VBotInfo@@U?$less@V?$basic_string@DU?$char_traits@D@std@@V?$allocator@D@2@@std@@@2@V?$allocator@U?$pair@$$CBV?$basic_string@DU?$char_traits@D@std@@V?$allocator@D@2@@std@@VBotInfo@@@std@@@2@$0A@@std@@@std@@IAE?AViterator@12@_NPAU_Node@?$_Tree_nod@V?$_Tmap_traits@V?$basic_string@DU?$char_traits@D@std@@V?$allocator@D@2@@std@@VBotInfo@@U?$less@V?$basic_string@DU?$char_traits@D@std@@V?$allocator@D@2@@std@@@2@V?$allocator@U?$pair@$$CBV?$basic_string@DU?$char_traits@D@std@@V?$allocator@D@2@@std@@VBotInfo@@@std@@@2@$0A@@std@@@2@ABU?$pair@$$CBV?$basic_string@DU?$char_traits@D@std@@V?$allocator@D@2@@std@@VBotInfo@@@2@@Z 0402de78 f   MQ2NetBots.obj
 0001:0002ce90       __unwindfunclet$?_Insert@?$_Tree@V?$_Tmap_traits@V?$basic_string@DU?$char_traits@D@std@@V?$allocator@D@2@@std@@KU?$less@V?$basic_string@DU?$char_traits@D@std@@V?$allocator@D@2@@std@@@2@V?$allocator@U?$pair@$$CBV?$basic_string@DU?$char_traits@D@std@@V?$allocator@D@2@@std@@K@std@@@2@$0A@@std@@@std@@IAE?AViterator@12@_NPAU_Node@?$_Tree_nod@V?$_Tmap_traits@V?$basic_string@DU?$char_traits@D@std@@V?$allocator@D@2@@std@@KU?$less@V?$basic_string@DU?$char_traits@D@std@@V?$allocator@D@2@@std@@@2@V?$allocator@U?$pair@$$CBV?$basic_string@DU?$char_traits@D@std@@V?$allocator@D@2@@std@@K@std@@@2@$0A@@std@@@2@ABU?$pair@$$CBV?$basic_string@DU?$char_traits@D@std@@V?$allocator@D@2@@std@@K@2@@Z$0 0402de90 f   MQ2NetBots.obj
 0001:0002ce98       __ehhandler$?_Insert@?$_Tree@V?$_Tmap_traits@V?$basic_string@DU?$char_traits@D@std@@V?$allocator@D@2@@std@@KU?$less@V?$basic_string@DU?$char_traits@D@std@@V?$allocator@D@2@@std@@@2@V?$allocator@U?$pair@$$CBV?$basic_string@DU?$char_traits@D@std@@V?$allocator@D@2@@std@@K@std@@@2@$0A@@std@@@std@@IAE?AViterator@12@_NPAU_Node@?$_Tree_nod@V?$_Tmap_traits@V?$basic_string@DU?$char_traits@D@std@@V?$allocator@D@2@@std@@KU?$less@V?$basic_string@DU?$char_traits@D@std@@V?$allocator@D@2@@std@@@2@V?$allocator@U?$pair@$$CBV?$basic_string@DU?$char_traits@D@std@@V?$allocator@D@2@@std@@K@std@@@2@$0A@@std@@@2@ABU?$pair@$$CBV?$basic_string@DU?$char_traits@D@std@@V?$allocator@D@2@@std@@K@2@@Z 0402de98 f   MQ2NetBots.obj
 0001:0002ceb0       __unwindfunclet$?BotQuit@@YAXPAD@Z$0 0402deb0 f   MQ2NetBots.obj
 0001:0002ceb8       __ehhandler$?BotQuit@@YAXPAD@Z 0402deb8 f   MQ2NetBots.obj
 0001:0002ced0       __unwindfunclet$??1Blech@@QAE@XZ$0 0402ded0 f   MQ2NetBots.obj
 0001:0002cede       __ehhandler$??1Blech@@QAE@XZ 0402dede f   MQ2NetBots.obj
 0001:0002cef0       __unwindfunclet$?BotLoad@@YAPAVBotInfo@@PAD@Z$0 0402def0 f   MQ2NetBots.obj
 0001:0002cefb       __unwindfunclet$?BotLoad@@YAPAVBotInfo@@PAD@Z$1 0402defb f   MQ2NetBots.obj
 0001:0002cf06       __unwindfunclet$?BotLoad@@YAPAVBotInfo@@PAD@Z$2 0402df06 f   MQ2NetBots.obj
 0001:0002cf11       __unwindfunclet$?BotLoad@@YAPAVBotInfo@@PAD@Z$3 0402df11 f   MQ2NetBots.obj
 0001:0002cf1c       __ehhandler$?BotLoad@@YAPAVBotInfo@@PAD@Z 0402df1c f   MQ2NetBots.obj
 0001:0002cf30       __unwindfunclet$??A?$map@V?$basic_string@DU?$char_traits@D@std@@V?$allocator@D@2@@std@@KU?$less@V?$basic_string@DU?$char_traits@D@std@@V?$allocator@D@2@@std@@@2@V?$allocator@U?$pair@$$CBV?$basic_string@DU?$char_traits@D@std@@V?$allocator@D@2@@std@@K@std@@@2@@std@@QAEAAKABV?$basic_string@DU?$char_traits@D@std@@V?$allocator@D@2@@1@@Z$0 0402df30 f   MQ2NetBots.obj
 0001:0002cf38       __ehhandler$??A?$map@V?$basic_string@DU?$char_traits@D@std@@V?$allocator@D@2@@std@@KU?$less@V?$basic_string@DU?$char_traits@D@std@@V?$allocator@D@2@@std@@@2@V?$allocator@U?$pair@$$CBV?$basic_string@DU?$char_traits@D@std@@V?$allocator@D@2@@std@@K@std@@@2@@std@@QAEAAKABV?$basic_string@DU?$char_traits@D@std@@V?$allocator@D@2@@1@@Z 0402df38 f   MQ2NetBots.obj
 0001:0002cf50       __unwindfunclet$??1?$_Tree@V?$_Tmap_traits@V?$basic_string@DU?$char_traits@D@std@@V?$allocator@D@2@@std@@KU?$less@V?$basic_string@DU?$char_traits@D@std@@V?$allocator@D@2@@std@@@2@V?$allocator@U?$pair@$$CBV?$basic_string@DU?$char_traits@D@std@@V?$allocator@D@2@@std@@K@std@@@2@$0A@@std@@@std@@QAE@XZ$0 0402df50 f   MQ2NetBots.obj
 0001:0002cf58       __ehhandler$??1?$_Tree@V?$_Tmap_traits@V?$basic_string@DU?$char_traits@D@std@@V?$allocator@D@2@@std@@KU?$less@V?$basic_string@DU?$char_traits@D@std@@V?$allocator@D@2@@std@@@2@V?$allocator@U?$pair@$$CBV?$basic_string@DU?$char_traits@D@std@@V?$allocator@D@2@@std@@K@std@@@2@$0A@@std@@@std@@QAE@XZ 0402df58 f   MQ2NetBots.obj
 0001:0002cf70       __unwindfunclet$??1?$_Tree@V?$_Tmap_traits@V?$basic_string@DU?$char_traits@D@std@@V?$allocator@D@2@@std@@VBotInfo@@U?$less@V?$basic_string@DU?$char_traits@D@std@@V?$allocator@D@2@@std@@@2@V?$allocator@U?$pair@$$CBV?$basic_string@DU?$char_traits@D@std@@V?$allocator@D@2@@std@@VBotInfo@@@std@@@2@$0A@@std@@@std@@QAE@XZ$0 0402df70 f   MQ2NetBots.obj
 0001:0002cf78       __ehhandler$??1?$_Tree@V?$_Tmap_traits@V?$basic_string@DU?$char_traits@D@std@@V?$allocator@D@2@@std@@VBotInfo@@U?$less@V?$basic_string@DU?$char_traits@D@std@@V?$allocator@D@2@@std@@@2@V?$allocator@U?$pair@$$CBV?$basic_string@DU?$char_traits@D@std@@V?$allocator@D@2@@std@@VBotInfo@@@std@@@2@$0A@@std@@@std@@QAE@XZ 0402df78 f   MQ2NetBots.obj
 0001:0002cf90       __unwindfunclet$?AddMember@MQ2Type@MQ2Internal@@IAEHKPAD@Z$0 0402df90 f   MQ2NetBots.obj
 0001:0002cf98       __unwindfunclet$?AddMember@MQ2Type@MQ2Internal@@IAEHKPAD@Z$1 0402df98 f   MQ2NetBots.obj
 0001:0002cfa0       __ehhandler$?AddMember@MQ2Type@MQ2Internal@@IAEHKPAD@Z 0402dfa0 f   MQ2NetBots.obj
 0001:0002cfb0       __unwindfunclet$??0MQ2Type@MQ2Internal@@QAE@PAD@Z$0 0402dfb0 f   MQ2NetBots.obj
 0001:0002cfbb       __ehhandler$??0MQ2Type@MQ2Internal@@QAE@PAD@Z 0402dfbb f   MQ2NetBots.obj
 0001:0002cfd0       __unwindfunclet$??1MQ2Type@MQ2Internal@@QAE@XZ$0 0402dfd0 f   MQ2NetBots.obj
 0001:0002cfdb       __ehhandler$??1MQ2Type@MQ2Internal@@QAE@XZ 0402dfdb f   MQ2NetBots.obj
 0001:0002cff0       __unwindfunclet$??0MQ2NetBotsType@@QAE@XZ$0 0402dff0 f   MQ2NetBots.obj
 0001:0002cff8       __ehhandler$??0MQ2NetBotsType@@QAE@XZ 0402dff8 f   MQ2NetBots.obj
 0001:0002d010       __unwindfunclet$?FindMember@MQ2Type@MQ2Internal@@QAEPAU_MQ2TypeMember@2@PAD@Z$0 0402e010 f   MQ2NetBots.obj
 0001:0002d018       __ehhandler$?FindMember@MQ2Type@MQ2Internal@@QAEPAU_MQ2TypeMember@2@PAD@Z 0402e018 f   MQ2NetBots.obj
 0001:0002d030       __unwindfunclet$??__FPacket@@YAXXZ$0 0402e030 f   MQ2NetBots.obj
 0001:0002d03a       __ehhandler$??__FPacket@@YAXXZ 0402e03a f   MQ2NetBots.obj
 0001:0002d044       __unwindfunclet$?_Xlen@_String_base@std@@SAXXZ$0 0402e044 f   libcpmt:string.obj
 0001:0002d04c       __ehhandler$?_Xlen@_String_base@std@@SAXXZ 0402e04c f   libcpmt:string.obj
 0001:0002d067       __unwindfunclet$?_Xran@_String_base@std@@SAXXZ$0 0402e067 f   libcpmt:string.obj
 0001:0002d06f       __ehhandler$?_Xran@_String_base@std@@SAXXZ 0402e06f f   libcpmt:string.obj
 0001:0002d08a       __unwindfunclet$?_Xinvarg@_String_base@std@@SAXXZ$0 0402e08a f   libcpmt:string.obj
 0001:0002d092       __ehhandler$?_Xinvarg@_String_base@std@@SAXXZ 0402e092 f   libcpmt:string.obj
 0001:0002d0ad       __ehhandler$?CallUnexpected@@YAXPBU_s_ESTypeList@@@Z 0402e0ad f   LIBCMT:frame.obj
 0001:0002d0d0       ??__ENetMap@@YAXXZ         0402e0d0 f   MQ2NetBots.obj
 0001:0002d100       ??__EPacket@@YAXXZ         0402e100 f   MQ2NetBots.obj
 0001:0002d180       ??__FPacket@@YAXXZ         0402e180 f   MQ2NetBots.obj
 0001:0002d1d0       ??__FNetMap@@YAXXZ         0402e1d0 f   MQ2NetBots.obj
 0001:0002d1da       ??__Fnomem@?5???2@YAPAXI@Z@YAXXZ 0402e1da f   LIBCMT:new.obj

 Exports

  ordinal    name

        1    ?MQ2Version@@3MA (float MQ2Version)
        2    _GetLowestHPBot
               exported name: GetLowestHPBot
        3    _InitializePlugin
               exported name: InitializePlugin
        4    _OnBeginZone
               exported name: OnBeginZone
        5    _OnNetBotEVENT
               exported name: OnNetBotEVENT
        6    _OnNetBotMSG
               exported name: OnNetBotMSG
        7    _OnPulse
               exported name: OnPulse
        8    _SetGameState
               exported name: SetGameState
        9    _ShutdownPlugin
               exported name: ShutdownPlugin
