 MQ2NetAdvPath

 Timestamp is 4d3d7c89 (Mon Jan 24 08:20:09 2011)

 Preferred load address is 04000000

 Start         Length     Name                   Class
 0001:00000000 0002979eH .text                   CODE
 0001:000297a0 00000266H .text$x                 CODE
 0001:00029a10 0000003bH .text$yc                CODE
 0001:00029a50 0000002bH .text$yd                CODE
 0002:00000000 000001dcH .idata$5                DATA
 0002:000001dc 00000004H .CRT$XCA                DATA
 0002:000001e0 0000000cH .CRT$XCU                DATA
 0002:000001ec 00000004H .CRT$XCZ                DATA
 0002:000001f0 00000004H .CRT$XIA                DATA
 0002:000001f4 00000014H .CRT$XIC                DATA
 0002:00000208 00000004H .CRT$XIZ                DATA
 0002:0000020c 00000004H .CRT$XPA                DATA
 0002:00000210 00000004H .CRT$XPX                DATA
 0002:00000214 00000004H .CRT$XPXA               DATA
 0002:00000218 00000004H .CRT$XPZ                DATA
 0002:0000021c 00000004H .CRT$XTA                DATA
 0002:00000220 00000004H .CRT$XTZ                DATA
 0002:00000230 00003188H .rdata                  DATA
 0002:000033b8 0000006cH .rdata$debug            DATA
 0002:00003424 000003e0H .rdata$r                DATA
 0002:00003810 00000064H .rdata$sxdata           DATA
 0002:00003874 00000004H .rtc$IAA                DATA
 0002:00003878 00000004H .rtc$IZZ                DATA
 0002:0000387c 00000004H .rtc$TAA                DATA
 0002:00003880 00000004H .rtc$TZZ                DATA
 0002:00003888 00000e0cH .xdata$x                DATA
 0002:00004694 0000003cH .idata$2                DATA
 0002:000046d0 00000014H .idata$3                DATA
 0002:000046e4 000001dcH .idata$4                DATA
 0002:000048c0 0000084cH .idata$6                DATA
 0002:00005110 000000e0H .edata                  DATA
 0003:00000000 000016a0H .data                   DATA
 0003:000016a0 00002e28H .bss                    DATA

  Address         Publics by Value              Rva+Base       Lib:Object

 0000:00000000       __except_list              00000000     <absolute>
 0000:00000019       ___safe_se_handler_count   00000019     <absolute>
 0000:00000000       ___ImageBase               04000000     <linker-defined>
 0001:00000010       _atan2f                    04001010 f i MQ2NetAdvPath.obj
 0001:00000030       _sqrtf                     04001030 f i MQ2NetAdvPath.obj
 0001:00000050       ?atan2@@YAMMM@Z            04001050 f i MQ2NetAdvPath.obj
 0001:00000070       ??0bad_alloc@std@@QAE@PBD@Z 04001070 f i MQ2NetAdvPath.obj
 0001:00000090       ??1bad_alloc@std@@UAE@XZ   04001090 f i MQ2NetAdvPath.obj
 0001:000000a0       ??_Gbad_alloc@std@@UAEPAXI@Z 040010a0 f i MQ2NetAdvPath.obj
 0001:000000a0       ??_Ebad_alloc@std@@UAEPAXI@Z 040010a0 f i MQ2NetAdvPath.obj
 0001:000000d0       ??2@YAPAXIPAX@Z            040010d0 f i MQ2NetAdvPath.obj
 0001:000000e0       ??3@YAXPAX0@Z              040010e0 f i MQ2NetAdvPath.obj
 0001:000000f0       ?assign@?$char_traits@D@std@@SAXAADABD@Z 040010f0 f i MQ2NetAdvPath.obj
 0001:00000100       ?compare@?$char_traits@D@std@@SAHPBD0I@Z 04001100 f i MQ2NetAdvPath.obj
 0001:00000180       ?length@?$char_traits@D@std@@SAIPBD@Z 04001180 f i MQ2NetAdvPath.obj
 0001:000001a0       ?_Copy_s@?$char_traits@D@std@@SAPADPADIPBDI@Z 040011a0 f i MQ2NetAdvPath.obj
 0001:000001d0       ?_Move_s@?$char_traits@D@std@@SAPADPADIPBDI@Z 040011d0 f i MQ2NetAdvPath.obj
 0001:00000200       ??0_Aux_cont@std@@QAE@QBV_Container_base_aux@1@@Z 04001200 f i MQ2NetAdvPath.obj
 0001:00000210       ?_Getcont@_Aux_cont@std@@QBEPBV_Container_base_aux@2@XZ 04001210 f i MQ2NetAdvPath.obj
 0001:00000220       ??0_Container_base_aux@std@@QAE@XZ 04001220 f i MQ2NetAdvPath.obj
 0001:00000230       ??1_Container_base_aux@std@@QAE@XZ 04001230 f i MQ2NetAdvPath.obj
 0001:00000240       ??0_Iterator_base_aux@std@@QAE@XZ 04001240 f i MQ2NetAdvPath.obj
 0001:00000250       ?_Set_container@_Iterator_base_aux@std@@QAEXQBV_Container_base_aux@2@@Z 04001250 f i MQ2NetAdvPath.obj
 0001:00000260       ?_Getmycont@_Iterator_base_aux@std@@QBEPBV_Container_base_aux@2@XZ 04001260 f i MQ2NetAdvPath.obj
 0001:00000270       ?_Same_container@_Iterator_base_aux@std@@QBE_NABV12@@Z 04001270 f i MQ2NetAdvPath.obj
 0001:00000290       ?_Has_container@_Iterator_base_aux@std@@QBE_NXZ 04001290 f i MQ2NetAdvPath.obj
 0001:000002a0       ?Lock@CAutoLock@MQ2Internal@@QAEXXZ 040012a0 f i MQ2NetAdvPath.obj
 0001:000002c0       ?Unlock@CAutoLock@MQ2Internal@@QAEXXZ 040012c0 f i MQ2NetAdvPath.obj
 0001:000002e0       ??0CAutoLock@MQ2Internal@@QAE@PAU_RTL_CRITICAL_SECTION@@@Z 040012e0 f i MQ2NetAdvPath.obj
 0001:00000310       ??1CAutoLock@MQ2Internal@@QAE@XZ 04001310 f i MQ2NetAdvPath.obj
 0001:00000450       _DllMain@12                04001450 f   MQ2NetAdvPath.obj
 0001:000004b0       ?Evaluate@@YAMPADZZ        040014b0 f   MQ2NetAdvPath.obj
 0001:00000520       ?DoBck@@YAX_N@Z            04001520 f   MQ2NetAdvPath.obj
 0001:000005a0       ?DoRgt@@YAX_N@Z            040015a0 f   MQ2NetAdvPath.obj
 0001:00000620       ?LookAt@@YAXMMM@Z          04001620 f   MQ2NetAdvPath.obj
 0001:000007c0       ?dataNetAdvPath@@YAHPADAAU_MQ2TypeVar@MQ2Internal@@@Z 040017c0 f   MQ2NetAdvPath.obj
 0001:000007e0       _OnRemoveSpawn             040017e0 f   MQ2NetAdvPath.obj
 0001:00000820       ?size@?$basic_string@DU?$char_traits@D@std@@V?$allocator@D@2@@std@@QBEIXZ 04001820 f i MQ2NetAdvPath.obj
 0001:00000830       ??0?$CIndex@PAU_MQ2TypeMember@MQ2Internal@@@MQ2Internal@@QAE@XZ 04001830 f i MQ2NetAdvPath.obj
 0001:00000850       ??1?$CIndex@PAU_MQ2TypeMember@MQ2Internal@@@MQ2Internal@@QAE@XZ 04001850 f i MQ2NetAdvPath.obj
 0001:00000890       ?Cleanup@?$CIndex@PAU_MQ2TypeMember@MQ2Internal@@@MQ2Internal@@QAEXXZ 04001890 f i MQ2NetAdvPath.obj
 0001:000008d0       ??A?$CIndex@PAU_MQ2TypeMember@MQ2Internal@@@MQ2Internal@@QAEAAPAU_MQ2TypeMember@1@K@Z 040018d0 f i MQ2NetAdvPath.obj
 0001:000008e0       ?size@?$list@UPosition@@V?$allocator@UPosition@@@std@@@std@@QBEIXZ 040018e0 f i MQ2NetAdvPath.obj
 0001:000008f0       ??8?$_Const_iterator@$00@?$list@UPosition@@V?$allocator@UPosition@@@std@@@std@@QBE_NABV012@@Z 040018f0 f i MQ2NetAdvPath.obj
 0001:00000920       ??9?$_Const_iterator@$00@?$list@UPosition@@V?$allocator@UPosition@@@std@@@std@@QBE_NABV012@@Z 04001920 f i MQ2NetAdvPath.obj
 0001:00000950       ?_Myptr@?$basic_string@DU?$char_traits@D@std@@V?$allocator@D@2@@std@@IBEPBDXZ 04001950 f i MQ2NetAdvPath.obj
 0001:00000960       ??0?$allocator@D@std@@QAE@XZ 04001960 f i MQ2NetAdvPath.obj
 0001:00000970       ?Resize@?$CIndex@PAU_MQ2TypeMember@MQ2Internal@@@MQ2Internal@@QAEXK@Z 04001970 f i MQ2NetAdvPath.obj
 0001:00000a20       ??0?$allocator@U?$pair@$$CBV?$basic_string@DU?$char_traits@D@std@@V?$allocator@D@2@@std@@K@std@@@std@@QAE@XZ 04001a20 f i MQ2NetAdvPath.obj
 0001:00000a30       ?_Nextnode@?$list@UPosition@@V?$allocator@UPosition@@@std@@@std@@KAAAPAU_Node@?$_List_nod@UPosition@@V?$allocator@UPosition@@@std@@@2@PAU342@@Z 04001a30 f i MQ2NetAdvPath.obj
 0001:00000a40       ?_Prevnode@?$list@UPosition@@V?$allocator@UPosition@@@std@@@std@@KAAAPAU_Node@?$_List_nod@UPosition@@V?$allocator@UPosition@@@std@@@2@PAU342@@Z 04001a40 f i MQ2NetAdvPath.obj
 0001:00000a50       ??0?$allocator@UPosition@@@std@@QAE@XZ 04001a50 f i MQ2NetAdvPath.obj
 0001:00000a60       ?deallocate@?$allocator@U_Node@?$_List_nod@UPosition@@V?$allocator@UPosition@@@std@@@std@@@std@@QAEXPAU_Node@?$_List_nod@UPosition@@V?$allocator@UPosition@@@std@@@2@I@Z 04001a60 f i MQ2NetAdvPath.obj
 0001:00000a70       ?_Mynode@?$_Const_iterator@$00@?$list@UPosition@@V?$allocator@UPosition@@@std@@@std@@QBEPAU_Node@?$_List_nod@UPosition@@V?$allocator@UPosition@@@std@@@3@XZ 04001a70 f i MQ2NetAdvPath.obj
 0001:00000a80       ??8const_iterator@?$_Tree@V?$_Tmap_traits@V?$basic_string@DU?$char_traits@D@std@@V?$allocator@D@2@@std@@KU?$less@V?$basic_string@DU?$char_traits@D@std@@V?$allocator@D@2@@std@@@2@V?$allocator@U?$pair@$$CBV?$basic_string@DU?$char_traits@D@std@@V?$allocator@D@2@@std@@K@std@@@2@$0A@@std@@@std@@QBE_NABV012@@Z 04001a80 f i MQ2NetAdvPath.obj
 0001:00000ab0       ?_Mynode@const_iterator@?$_Tree@V?$_Tmap_traits@V?$basic_string@DU?$char_traits@D@std@@V?$allocator@D@2@@std@@KU?$less@V?$basic_string@DU?$char_traits@D@std@@V?$allocator@D@2@@std@@@2@V?$allocator@U?$pair@$$CBV?$basic_string@DU?$char_traits@D@std@@V?$allocator@D@2@@std@@K@std@@@2@$0A@@std@@@std@@QBEPAU_Node@?$_Tree_nod@V?$_Tmap_traits@V?$basic_string@DU?$char_traits@D@std@@V?$allocator@D@2@@std@@KU?$less@V?$basic_string@DU?$char_traits@D@std@@V?$allocator@D@2@@std@@@2@V?$allocator@U?$pair@$$CBV?$basic_string@DU?$char_traits@D@std@@V?$allocator@D@2@@std@@K@std@@@2@$0A@@std@@@3@XZ 04001ab0 f i MQ2NetAdvPath.obj
 0001:00000ac0       ??0?$_Iterator_with_base@Ubidirectional_iterator_tag@std@@UPosition@@HPBU3@ABU3@V_Iterator_base_aux@2@@std@@QAE@XZ 04001ac0 f i MQ2NetAdvPath.obj
 0001:00000ad0       ?_Myptr@?$basic_string@DU?$char_traits@D@std@@V?$allocator@D@2@@std@@IAEPADXZ 04001ad0 f i MQ2NetAdvPath.obj
 0001:00000ae0       ??0?$allocator@D@std@@QAE@ABV01@@Z 04001ae0 f i MQ2NetAdvPath.obj
 0001:00000af0       ?deallocate@?$allocator@D@std@@QAEXPADI@Z 04001af0 f i MQ2NetAdvPath.obj
 0001:00000b00       ?deallocate@?$allocator@V_Aux_cont@std@@@std@@QAEXPAV_Aux_cont@2@I@Z 04001b00 f i MQ2NetAdvPath.obj
 0001:00000b10       ?_Isnil@?$_Tree@V?$_Tmap_traits@V?$basic_string@DU?$char_traits@D@std@@V?$allocator@D@2@@std@@KU?$less@V?$basic_string@DU?$char_traits@D@std@@V?$allocator@D@2@@std@@@2@V?$allocator@U?$pair@$$CBV?$basic_string@DU?$char_traits@D@std@@V?$allocator@D@2@@std@@K@std@@@2@$0A@@std@@@std@@KAAADPAU_Node@?$_Tree_nod@V?$_Tmap_traits@V?$basic_string@DU?$char_traits@D@std@@V?$allocator@D@2@@std@@KU?$less@V?$basic_string@DU?$char_traits@D@std@@V?$allocator@D@2@@std@@@2@V?$allocator@U?$pair@$$CBV?$basic_string@DU?$char_traits@D@std@@V?$allocator@D@2@@std@@K@std@@@2@$0A@@std@@@2@@Z 04001b10 f i MQ2NetAdvPath.obj
 0001:00000b20       ?_Left@?$_Tree@V?$_Tmap_traits@V?$basic_string@DU?$char_traits@D@std@@V?$allocator@D@2@@std@@KU?$less@V?$basic_string@DU?$char_traits@D@std@@V?$allocator@D@2@@std@@@2@V?$allocator@U?$pair@$$CBV?$basic_string@DU?$char_traits@D@std@@V?$allocator@D@2@@std@@K@std@@@2@$0A@@std@@@std@@KAAAPAU_Node@?$_Tree_nod@V?$_Tmap_traits@V?$basic_string@DU?$char_traits@D@std@@V?$allocator@D@2@@std@@KU?$less@V?$basic_string@DU?$char_traits@D@std@@V?$allocator@D@2@@std@@@2@V?$allocator@U?$pair@$$CBV?$basic_string@DU?$char_traits@D@std@@V?$allocator@D@2@@std@@K@std@@@2@$0A@@std@@@2@PAU342@@Z 04001b20 f i MQ2NetAdvPath.obj
 0001:00000b30       ?_Parent@?$_Tree@V?$_Tmap_traits@V?$basic_string@DU?$char_traits@D@std@@V?$allocator@D@2@@std@@KU?$less@V?$basic_string@DU?$char_traits@D@std@@V?$allocator@D@2@@std@@@2@V?$allocator@U?$pair@$$CBV?$basic_string@DU?$char_traits@D@std@@V?$allocator@D@2@@std@@K@std@@@2@$0A@@std@@@std@@KAAAPAU_Node@?$_Tree_nod@V?$_Tmap_traits@V?$basic_string@DU?$char_traits@D@std@@V?$allocator@D@2@@std@@KU?$less@V?$basic_string@DU?$char_traits@D@std@@V?$allocator@D@2@@std@@@2@V?$allocator@U?$pair@$$CBV?$basic_string@DU?$char_traits@D@std@@V?$allocator@D@2@@std@@K@std@@@2@$0A@@std@@@2@PAU342@@Z 04001b30 f i MQ2NetAdvPath.obj
 0001:00000b40       ?_Right@?$_Tree@V?$_Tmap_traits@V?$basic_string@DU?$char_traits@D@std@@V?$allocator@D@2@@std@@KU?$less@V?$basic_string@DU?$char_traits@D@std@@V?$allocator@D@2@@std@@@2@V?$allocator@U?$pair@$$CBV?$basic_string@DU?$char_traits@D@std@@V?$allocator@D@2@@std@@K@std@@@2@$0A@@std@@@std@@KAAAPAU_Node@?$_Tree_nod@V?$_Tmap_traits@V?$basic_string@DU?$char_traits@D@std@@V?$allocator@D@2@@std@@KU?$less@V?$basic_string@DU?$char_traits@D@std@@V?$allocator@D@2@@std@@@2@V?$allocator@U?$pair@$$CBV?$basic_string@DU?$char_traits@D@std@@V?$allocator@D@2@@std@@K@std@@@2@$0A@@std@@@2@PAU342@@Z 04001b40 f i MQ2NetAdvPath.obj
 0001:00000b50       ?_Myval@?$_Tree@V?$_Tmap_traits@V?$basic_string@DU?$char_traits@D@std@@V?$allocator@D@2@@std@@KU?$less@V?$basic_string@DU?$char_traits@D@std@@V?$allocator@D@2@@std@@@2@V?$allocator@U?$pair@$$CBV?$basic_string@DU?$char_traits@D@std@@V?$allocator@D@2@@std@@K@std@@@2@$0A@@std@@@std@@KAAAU?$pair@$$CBV?$basic_string@DU?$char_traits@D@std@@V?$allocator@D@2@@std@@K@2@PAU_Node@?$_Tree_nod@V?$_Tmap_traits@V?$basic_string@DU?$char_traits@D@std@@V?$allocator@D@2@@std@@KU?$less@V?$basic_string@DU?$char_traits@D@std@@V?$allocator@D@2@@std@@@2@V?$allocator@U?$pair@$$CBV?$basic_string@DU?$char_traits@D@std@@V?$allocator@D@2@@std@@K@std@@@2@$0A@@std@@@2@@Z 04001b50 f i MQ2NetAdvPath.obj
 0001:00000b60       ?size@?$_Tree@V?$_Tmap_traits@V?$basic_string@DU?$char_traits@D@std@@V?$allocator@D@2@@std@@KU?$less@V?$basic_string@DU?$char_traits@D@std@@V?$allocator@D@2@@std@@@2@V?$allocator@U?$pair@$$CBV?$basic_string@DU?$char_traits@D@std@@V?$allocator@D@2@@std@@K@std@@@2@$0A@@std@@@std@@QBEIXZ 04001b60 f i MQ2NetAdvPath.obj
 0001:00000b70       ?_Rmost@?$_Tree@V?$_Tmap_traits@V?$basic_string@DU?$char_traits@D@std@@V?$allocator@D@2@@std@@KU?$less@V?$basic_string@DU?$char_traits@D@std@@V?$allocator@D@2@@std@@@2@V?$allocator@U?$pair@$$CBV?$basic_string@DU?$char_traits@D@std@@V?$allocator@D@2@@std@@K@std@@@2@$0A@@std@@@std@@IBEAAPAU_Node@?$_Tree_nod@V?$_Tmap_traits@V?$basic_string@DU?$char_traits@D@std@@V?$allocator@D@2@@std@@KU?$less@V?$basic_string@DU?$char_traits@D@std@@V?$allocator@D@2@@std@@@2@V?$allocator@U?$pair@$$CBV?$basic_string@DU?$char_traits@D@std@@V?$allocator@D@2@@std@@K@std@@@2@$0A@@std@@@2@XZ 04001b70 f i MQ2NetAdvPath.obj
 0001:00000b80       ?_Kfn@?$_Tmap_traits@V?$basic_string@DU?$char_traits@D@std@@V?$allocator@D@2@@std@@KU?$less@V?$basic_string@DU?$char_traits@D@std@@V?$allocator@D@2@@std@@@2@V?$allocator@U?$pair@$$CBV?$basic_string@DU?$char_traits@D@std@@V?$allocator@D@2@@std@@K@std@@@2@$0A@@std@@SAABV?$basic_string@DU?$char_traits@D@std@@V?$allocator@D@2@@2@ABU?$pair@$$CBV?$basic_string@DU?$char_traits@D@std@@V?$allocator@D@2@@std@@K@2@@Z 04001b80 f i MQ2NetAdvPath.obj
 0001:00000b90       ??0?$allocator@U?$pair@$$CBV?$basic_string@DU?$char_traits@D@std@@V?$allocator@D@2@@std@@K@std@@@std@@QAE@ABV01@@Z 04001b90 f i MQ2NetAdvPath.obj
 0001:00000ba0       ?deallocate@?$allocator@U_Node@?$_Tree_nod@V?$_Tmap_traits@V?$basic_string@DU?$char_traits@D@std@@V?$allocator@D@2@@std@@KU?$less@V?$basic_string@DU?$char_traits@D@std@@V?$allocator@D@2@@std@@@2@V?$allocator@U?$pair@$$CBV?$basic_string@DU?$char_traits@D@std@@V?$allocator@D@2@@std@@K@std@@@2@$0A@@std@@@std@@@std@@QAEXPAU_Node@?$_Tree_nod@V?$_Tmap_traits@V?$basic_string@DU?$char_traits@D@std@@V?$allocator@D@2@@std@@KU?$less@V?$basic_string@DU?$char_traits@D@std@@V?$allocator@D@2@@std@@@2@V?$allocator@U?$pair@$$CBV?$basic_string@DU?$char_traits@D@std@@V?$allocator@D@2@@std@@K@std@@@2@$0A@@std@@@2@I@Z 04001ba0 f i MQ2NetAdvPath.obj
 0001:00000bb0       ??0?$allocator@UPosition@@@std@@QAE@ABV01@@Z 04001bb0 f i MQ2NetAdvPath.obj
 0001:00000bc0       ??E?$_Const_iterator@$00@?$list@UPosition@@V?$allocator@UPosition@@@std@@@std@@QAEAAV012@XZ 04001bc0 f i MQ2NetAdvPath.obj
 0001:00000c00       ??Dconst_iterator@?$_Tree@V?$_Tmap_traits@V?$basic_string@DU?$char_traits@D@std@@V?$allocator@D@2@@std@@KU?$less@V?$basic_string@DU?$char_traits@D@std@@V?$allocator@D@2@@std@@@2@V?$allocator@U?$pair@$$CBV?$basic_string@DU?$char_traits@D@std@@V?$allocator@D@2@@std@@K@std@@@2@$0A@@std@@@std@@QBEABU?$pair@$$CBV?$basic_string@DU?$char_traits@D@std@@V?$allocator@D@2@@std@@K@2@XZ 04001c00 f i MQ2NetAdvPath.obj
 0001:00000c30       ??0?$_Iterator_with_base@Ubidirectional_iterator_tag@std@@U?$pair@$$CBV?$basic_string@DU?$char_traits@D@std@@V?$allocator@D@2@@std@@K@2@HPBU32@ABU32@V_Iterator_base_aux@2@@std@@QAE@XZ 04001c30 f i MQ2NetAdvPath.obj
 0001:00000c40       ?_Inside@?$basic_string@DU?$char_traits@D@std@@V?$allocator@D@2@@std@@IAE_NPBD@Z 04001c40 f i MQ2NetAdvPath.obj
 0001:00000c80       ?_Color@?$_Tree@V?$_Tmap_traits@V?$basic_string@DU?$char_traits@D@std@@V?$allocator@D@2@@std@@KU?$less@V?$basic_string@DU?$char_traits@D@std@@V?$allocator@D@2@@std@@@2@V?$allocator@U?$pair@$$CBV?$basic_string@DU?$char_traits@D@std@@V?$allocator@D@2@@std@@K@std@@@2@$0A@@std@@@std@@KAAADPAU_Node@?$_Tree_nod@V?$_Tmap_traits@V?$basic_string@DU?$char_traits@D@std@@V?$allocator@D@2@@std@@KU?$less@V?$basic_string@DU?$char_traits@D@std@@V?$allocator@D@2@@std@@@2@V?$allocator@U?$pair@$$CBV?$basic_string@DU?$char_traits@D@std@@V?$allocator@D@2@@std@@K@std@@@2@$0A@@std@@@2@@Z 04001c80 f i MQ2NetAdvPath.obj
 0001:00000c90       ?_Lmost@?$_Tree@V?$_Tmap_traits@V?$basic_string@DU?$char_traits@D@std@@V?$allocator@D@2@@std@@KU?$less@V?$basic_string@DU?$char_traits@D@std@@V?$allocator@D@2@@std@@@2@V?$allocator@U?$pair@$$CBV?$basic_string@DU?$char_traits@D@std@@V?$allocator@D@2@@std@@K@std@@@2@$0A@@std@@@std@@IBEAAPAU_Node@?$_Tree_nod@V?$_Tmap_traits@V?$basic_string@DU?$char_traits@D@std@@V?$allocator@D@2@@std@@KU?$less@V?$basic_string@DU?$char_traits@D@std@@V?$allocator@D@2@@std@@@2@V?$allocator@U?$pair@$$CBV?$basic_string@DU?$char_traits@D@std@@V?$allocator@D@2@@std@@K@std@@@2@$0A@@std@@@2@XZ 04001c90 f i MQ2NetAdvPath.obj
 0001:00000ca0       ?_Root@?$_Tree@V?$_Tmap_traits@V?$basic_string@DU?$char_traits@D@std@@V?$allocator@D@2@@std@@KU?$less@V?$basic_string@DU?$char_traits@D@std@@V?$allocator@D@2@@std@@@2@V?$allocator@U?$pair@$$CBV?$basic_string@DU?$char_traits@D@std@@V?$allocator@D@2@@std@@K@std@@@2@$0A@@std@@@std@@IBEAAPAU_Node@?$_Tree_nod@V?$_Tmap_traits@V?$basic_string@DU?$char_traits@D@std@@V?$allocator@D@2@@std@@KU?$less@V?$basic_string@DU?$char_traits@D@std@@V?$allocator@D@2@@std@@@2@V?$allocator@U?$pair@$$CBV?$basic_string@DU?$char_traits@D@std@@V?$allocator@D@2@@std@@K@std@@@2@$0A@@std@@@2@XZ 04001ca0 f i MQ2NetAdvPath.obj
 0001:00000cb0       ?_Rrotate@?$_Tree@V?$_Tmap_traits@V?$basic_string@DU?$char_traits@D@std@@V?$allocator@D@2@@std@@KU?$less@V?$basic_string@DU?$char_traits@D@std@@V?$allocator@D@2@@std@@@2@V?$allocator@U?$pair@$$CBV?$basic_string@DU?$char_traits@D@std@@V?$allocator@D@2@@std@@K@std@@@2@$0A@@std@@@std@@IAEXPAU_Node@?$_Tree_nod@V?$_Tmap_traits@V?$basic_string@DU?$char_traits@D@std@@V?$allocator@D@2@@std@@KU?$less@V?$basic_string@DU?$char_traits@D@std@@V?$allocator@D@2@@std@@@2@V?$allocator@U?$pair@$$CBV?$basic_string@DU?$char_traits@D@std@@V?$allocator@D@2@@std@@K@std@@@2@$0A@@std@@@2@@Z 04001cb0 f i MQ2NetAdvPath.obj
 0001:00000d10       ?_Myval@?$list@UPosition@@V?$allocator@UPosition@@@std@@@std@@KAAAUPosition@@PAU_Node@?$_List_nod@UPosition@@V?$allocator@UPosition@@@std@@@2@@Z 04001d10 f i MQ2NetAdvPath.obj
 0001:00000d20       ??9const_iterator@?$_Tree@V?$_Tmap_traits@V?$basic_string@DU?$char_traits@D@std@@V?$allocator@D@2@@std@@KU?$less@V?$basic_string@DU?$char_traits@D@std@@V?$allocator@D@2@@std@@@2@V?$allocator@U?$pair@$$CBV?$basic_string@DU?$char_traits@D@std@@V?$allocator@D@2@@std@@K@std@@@2@$0A@@std@@@std@@QBE_NABV012@@Z 04001d20 f i MQ2NetAdvPath.obj
 0001:00000d50       ??0?$pair@Viterator@?$_Tree@V?$_Tmap_traits@V?$basic_string@DU?$char_traits@D@std@@V?$allocator@D@2@@std@@KU?$less@V?$basic_string@DU?$char_traits@D@std@@V?$allocator@D@2@@std@@@2@V?$allocator@U?$pair@$$CBV?$basic_string@DU?$char_traits@D@std@@V?$allocator@D@2@@std@@K@std@@@2@$0A@@std@@@std@@_N@std@@QAE@ABViterator@?$_Tree@V?$_Tmap_traits@V?$basic_string@DU?$char_traits@D@std@@V?$allocator@D@2@@std@@KU?$less@V?$basic_string@DU?$char_traits@D@std@@V?$allocator@D@2@@std@@@2@V?$allocator@U?$pair@$$CBV?$basic_string@DU?$char_traits@D@std@@V?$allocator@D@2@@std@@K@std@@@2@$0A@@std@@@1@AB_N@Z 04001d50 f i MQ2NetAdvPath.obj
 0001:00000d70       ?max_size@?$allocator@D@std@@QBEIXZ 04001d70 f i MQ2NetAdvPath.obj
 0001:00000d80       ?_Max@?$_Tree@V?$_Tmap_traits@V?$basic_string@DU?$char_traits@D@std@@V?$allocator@D@2@@std@@KU?$less@V?$basic_string@DU?$char_traits@D@std@@V?$allocator@D@2@@std@@@2@V?$allocator@U?$pair@$$CBV?$basic_string@DU?$char_traits@D@std@@V?$allocator@D@2@@std@@K@std@@@2@$0A@@std@@@std@@KAPAU_Node@?$_Tree_nod@V?$_Tmap_traits@V?$basic_string@DU?$char_traits@D@std@@V?$allocator@D@2@@std@@KU?$less@V?$basic_string@DU?$char_traits@D@std@@V?$allocator@D@2@@std@@@2@V?$allocator@U?$pair@$$CBV?$basic_string@DU?$char_traits@D@std@@V?$allocator@D@2@@std@@K@std@@@2@$0A@@std@@@2@PAU342@@Z 04001d80 f i MQ2NetAdvPath.obj
 0001:00000da0       ?_Min@?$_Tree@V?$_Tmap_traits@V?$basic_string@DU?$char_traits@D@std@@V?$allocator@D@2@@std@@KU?$less@V?$basic_string@DU?$char_traits@D@std@@V?$allocator@D@2@@std@@@2@V?$allocator@U?$pair@$$CBV?$basic_string@DU?$char_traits@D@std@@V?$allocator@D@2@@std@@K@std@@@2@$0A@@std@@@std@@KAPAU_Node@?$_Tree_nod@V?$_Tmap_traits@V?$basic_string@DU?$char_traits@D@std@@V?$allocator@D@2@@std@@KU?$less@V?$basic_string@DU?$char_traits@D@std@@V?$allocator@D@2@@std@@@2@V?$allocator@U?$pair@$$CBV?$basic_string@DU?$char_traits@D@std@@V?$allocator@D@2@@std@@K@std@@@2@$0A@@std@@@2@PAU342@@Z 04001da0 f i MQ2NetAdvPath.obj
 0001:00000dc0       ?max_size@?$allocator@U?$pair@$$CBV?$basic_string@DU?$char_traits@D@std@@V?$allocator@D@2@@std@@K@std@@@std@@QBEIXZ 04001dc0 f i MQ2NetAdvPath.obj
 0001:00000dd0       ?max_size@?$allocator@UPosition@@@std@@QBEIXZ 04001dd0 f i MQ2NetAdvPath.obj
 0001:00000de0       ??$_Destroy@U_Node@?$_List_nod@UPosition@@V?$allocator@UPosition@@@std@@@std@@@std@@YAXPAU_Node@?$_List_nod@UPosition@@V?$allocator@UPosition@@@std@@@0@@Z 04001de0 f i MQ2NetAdvPath.obj
 0001:00000df0       ??$swap@D@std@@YAXAAD0@Z   04001df0 f i MQ2NetAdvPath.obj
 0001:00000e10       ??$_Destroy@PAU_Node@?$_Tree_nod@V?$_Tmap_traits@V?$basic_string@DU?$char_traits@D@std@@V?$allocator@D@2@@std@@KU?$less@V?$basic_string@DU?$char_traits@D@std@@V?$allocator@D@2@@std@@@2@V?$allocator@U?$pair@$$CBV?$basic_string@DU?$char_traits@D@std@@V?$allocator@D@2@@std@@K@std@@@2@$0A@@std@@@std@@@std@@YAXPAPAU_Node@?$_Tree_nod@V?$_Tmap_traits@V?$basic_string@DU?$char_traits@D@std@@V?$allocator@D@2@@std@@KU?$less@V?$basic_string@DU?$char_traits@D@std@@V?$allocator@D@2@@std@@@2@V?$allocator@U?$pair@$$CBV?$basic_string@DU?$char_traits@D@std@@V?$allocator@D@2@@std@@K@std@@@2@$0A@@std@@@0@@Z 04001e10 f i MQ2NetAdvPath.obj
 0001:00000e20       ??$?0UPosition@@@?$allocator@PAU_Node@?$_List_nod@UPosition@@V?$allocator@UPosition@@@std@@@std@@@std@@QAE@ABV?$allocator@UPosition@@@1@@Z 04001e20 f i MQ2NetAdvPath.obj
 0001:00000e30       ??$_Allocate@U_Node@?$_List_nod@UPosition@@V?$allocator@UPosition@@@std@@@std@@@std@@YAPAU_Node@?$_List_nod@UPosition@@V?$allocator@UPosition@@@std@@@0@IPAU120@@Z 04001e30 f i MQ2NetAdvPath.obj
 0001:00000e90       ??$_Construct@PAU_Node@?$_List_nod@UPosition@@V?$allocator@UPosition@@@std@@@std@@PAU123@@std@@YAXPAPAU_Node@?$_List_nod@UPosition@@V?$allocator@UPosition@@@std@@@0@ABQAU120@@Z 04001e90 f i MQ2NetAdvPath.obj
 0001:00000eb0       ??$_Destroy@PAU_Node@?$_List_nod@UPosition@@V?$allocator@UPosition@@@std@@@std@@@std@@YAXPAPAU_Node@?$_List_nod@UPosition@@V?$allocator@UPosition@@@std@@@0@@Z 04001eb0 f i MQ2NetAdvPath.obj
 0001:00000ec0       ??$?0U?$pair@$$CBV?$basic_string@DU?$char_traits@D@std@@V?$allocator@D@2@@std@@K@std@@@?$allocator@PAU_Node@?$_Tree_nod@V?$_Tmap_traits@V?$basic_string@DU?$char_traits@D@std@@V?$allocator@D@2@@std@@KU?$less@V?$basic_string@DU?$char_traits@D@std@@V?$allocator@D@2@@std@@@2@V?$allocator@U?$pair@$$CBV?$basic_string@DU?$char_traits@D@std@@V?$allocator@D@2@@std@@K@std@@@2@$0A@@std@@@std@@@std@@QAE@ABV?$allocator@U?$pair@$$CBV?$basic_string@DU?$char_traits@D@std@@V?$allocator@D@2@@std@@K@std@@@1@@Z 04001ec0 f i MQ2NetAdvPath.obj
 0001:00000ed0       ??$?0UPosition@@@?$allocator@U_Node@?$_List_nod@UPosition@@V?$allocator@UPosition@@@std@@@std@@@std@@QAE@ABV?$allocator@UPosition@@@1@@Z 04001ed0 f i MQ2NetAdvPath.obj
 0001:00000ee0       ??$_Construct@UPosition@@U1@@std@@YAXPAUPosition@@ABU1@@Z 04001ee0 f i MQ2NetAdvPath.obj
 0001:00000f00       ??$_Allocate@D@std@@YAPADIPAD@Z 04001f00 f i MQ2NetAdvPath.obj
 0001:00000f60       ??$?0U?$pair@$$CBV?$basic_string@DU?$char_traits@D@std@@V?$allocator@D@2@@std@@K@std@@@?$allocator@U_Node@?$_Tree_nod@V?$_Tmap_traits@V?$basic_string@DU?$char_traits@D@std@@V?$allocator@D@2@@std@@KU?$less@V?$basic_string@DU?$char_traits@D@std@@V?$allocator@D@2@@std@@@2@V?$allocator@U?$pair@$$CBV?$basic_string@DU?$char_traits@D@std@@V?$allocator@D@2@@std@@K@std@@@2@$0A@@std@@@std@@@std@@QAE@ABV?$allocator@U?$pair@$$CBV?$basic_string@DU?$char_traits@D@std@@V?$allocator@D@2@@std@@K@std@@@1@@Z 04001f60 f i MQ2NetAdvPath.obj
 0001:00000f70       ??$_Allocate@U_Node@?$_Tree_nod@V?$_Tmap_traits@V?$basic_string@DU?$char_traits@D@std@@V?$allocator@D@2@@std@@KU?$less@V?$basic_string@DU?$char_traits@D@std@@V?$allocator@D@2@@std@@@2@V?$allocator@U?$pair@$$CBV?$basic_string@DU?$char_traits@D@std@@V?$allocator@D@2@@std@@K@std@@@2@$0A@@std@@@std@@@std@@YAPAU_Node@?$_Tree_nod@V?$_Tmap_traits@V?$basic_string@DU?$char_traits@D@std@@V?$allocator@D@2@@std@@KU?$less@V?$basic_string@DU?$char_traits@D@std@@V?$allocator@D@2@@std@@@2@V?$allocator@U?$pair@$$CBV?$basic_string@DU?$char_traits@D@std@@V?$allocator@D@2@@std@@K@std@@@2@$0A@@std@@@0@IPAU120@@Z 04001f70 f i MQ2NetAdvPath.obj
 0001:00000fd0       ??$_Construct@PAU_Node@?$_Tree_nod@V?$_Tmap_traits@V?$basic_string@DU?$char_traits@D@std@@V?$allocator@D@2@@std@@KU?$less@V?$basic_string@DU?$char_traits@D@std@@V?$allocator@D@2@@std@@@2@V?$allocator@U?$pair@$$CBV?$basic_string@DU?$char_traits@D@std@@V?$allocator@D@2@@std@@K@std@@@2@$0A@@std@@@std@@PAU123@@std@@YAXPAPAU_Node@?$_Tree_nod@V?$_Tmap_traits@V?$basic_string@DU?$char_traits@D@std@@V?$allocator@D@2@@std@@KU?$less@V?$basic_string@DU?$char_traits@D@std@@V?$allocator@D@2@@std@@@2@V?$allocator@U?$pair@$$CBV?$basic_string@DU?$char_traits@D@std@@V?$allocator@D@2@@std@@K@std@@@2@$0A@@std@@@0@ABQAU120@@Z 04001fd0 f i MQ2NetAdvPath.obj
 0001:00000ff0       ??$?0UPosition@@@?$allocator@V_Aux_cont@std@@@std@@QAE@ABV?$allocator@UPosition@@@1@@Z 04001ff0 f i MQ2NetAdvPath.obj
 0001:00001000       ??$_Allocate@V_Aux_cont@std@@@std@@YAPAV_Aux_cont@0@IPAV10@@Z 04002000 f i MQ2NetAdvPath.obj
 0001:00001060       ??$?0U?$pair@$$CBV?$basic_string@DU?$char_traits@D@std@@V?$allocator@D@2@@std@@K@std@@@?$allocator@V_Aux_cont@std@@@std@@QAE@ABV?$allocator@U?$pair@$$CBV?$basic_string@DU?$char_traits@D@std@@V?$allocator@D@2@@std@@K@std@@@1@@Z 04002060 f i MQ2NetAdvPath.obj
 0001:00001070       ??0bad_alloc@std@@QAE@ABV01@@Z 04002070 f i MQ2NetAdvPath.obj
 0001:00001090       ??$_Char_traits_cat@U?$char_traits@D@std@@@std@@YA?AU_Secure_char_traits_tag@0@XZ 04002090 f i MQ2NetAdvPath.obj
 0001:000010a0       ??$copy_s@U?$char_traits@D@std@@@_Traits_helper@std@@YAPADPADIPBDIU_Secure_char_traits_tag@1@@Z 040020a0 f i MQ2NetAdvPath.obj
 0001:000010d0       ??$move_s@U?$char_traits@D@std@@@_Traits_helper@std@@YAPADPADIPBDIU_Secure_char_traits_tag@1@@Z 040020d0 f i MQ2NetAdvPath.obj
 0001:00001100       ?DoFwd@@YAX_N@Z            04002100 f   MQ2NetAdvPath.obj
 0001:00001180       ?DoLft@@YAX_N@Z            04002180 f   MQ2NetAdvPath.obj
 0001:00001200       ?GetUnused@?$CIndex@PAU_MQ2TypeMember@MQ2Internal@@@MQ2Internal@@QAEKXZ 04002200 f i MQ2NetAdvPath.obj
 0001:00001250       ?compare@?$basic_string@DU?$char_traits@D@std@@V?$allocator@D@2@@std@@QBEHIIPBDI@Z 04002250 f i MQ2NetAdvPath.obj
 0001:000012c0       ??0?$_String_val@DV?$allocator@D@std@@@std@@IAE@V?$allocator@D@1@@Z 040022c0 f i MQ2NetAdvPath.obj
 0001:000012d0       ??0?$_String_val@DV?$allocator@D@std@@@std@@QAE@ABV01@@Z 040022d0 f i MQ2NetAdvPath.obj
 0001:000012e0       ?_Key@?$_Tree@V?$_Tmap_traits@V?$basic_string@DU?$char_traits@D@std@@V?$allocator@D@2@@std@@KU?$less@V?$basic_string@DU?$char_traits@D@std@@V?$allocator@D@2@@std@@@2@V?$allocator@U?$pair@$$CBV?$basic_string@DU?$char_traits@D@std@@V?$allocator@D@2@@std@@K@std@@@2@$0A@@std@@@std@@KAABV?$basic_string@DU?$char_traits@D@std@@V?$allocator@D@2@@2@PAU_Node@?$_Tree_nod@V?$_Tmap_traits@V?$basic_string@DU?$char_traits@D@std@@V?$allocator@D@2@@std@@KU?$less@V?$basic_string@DU?$char_traits@D@std@@V?$allocator@D@2@@std@@@2@V?$allocator@U?$pair@$$CBV?$basic_string@DU?$char_traits@D@std@@V?$allocator@D@2@@std@@K@std@@@2@$0A@@std@@@2@@Z 040022e0 f i MQ2NetAdvPath.obj
 0001:000012f0       ??1?$_Container_base_aux_alloc_real@V?$allocator@U?$pair@$$CBV?$basic_string@DU?$char_traits@D@std@@V?$allocator@D@2@@std@@K@std@@@std@@@std@@IAE@XZ 040022f0 f i MQ2NetAdvPath.obj
 0001:00001300       ??1?$_Container_base_aux_alloc_real@V?$allocator@UPosition@@@std@@@std@@IAE@XZ 04002300 f i MQ2NetAdvPath.obj
 0001:00001310       ?destroy@?$allocator@U_Node@?$_List_nod@UPosition@@V?$allocator@UPosition@@@std@@@std@@@std@@QAEXPAU_Node@?$_List_nod@UPosition@@V?$allocator@UPosition@@@std@@@2@@Z 04002310 f i MQ2NetAdvPath.obj
 0001:00001320       ??E?$_Iterator@$00@?$list@UPosition@@V?$allocator@UPosition@@@std@@@std@@QAEAAV012@XZ 04002320 f i MQ2NetAdvPath.obj
 0001:00001360       ??E?$_Const_iterator@$00@?$list@UPosition@@V?$allocator@UPosition@@@std@@@std@@QAE?AV012@H@Z 04002360 f i MQ2NetAdvPath.obj
 0001:000013b0       ??Diterator@?$_Tree@V?$_Tmap_traits@V?$basic_string@DU?$char_traits@D@std@@V?$allocator@D@2@@std@@KU?$less@V?$basic_string@DU?$char_traits@D@std@@V?$allocator@D@2@@std@@@2@V?$allocator@U?$pair@$$CBV?$basic_string@DU?$char_traits@D@std@@V?$allocator@D@2@@std@@K@std@@@2@$0A@@std@@@std@@QBEAAU?$pair@$$CBV?$basic_string@DU?$char_traits@D@std@@V?$allocator@D@2@@std@@K@2@XZ 040023b0 f i MQ2NetAdvPath.obj
 0001:000013e0       ??0?$_Bidit@UPosition@@HPBU1@ABU1@@std@@QAE@XZ 040023e0 f i MQ2NetAdvPath.obj
 0001:000013f0       ?_Eos@?$basic_string@DU?$char_traits@D@std@@V?$allocator@D@2@@std@@IAEXI@Z 040023f0 f i MQ2NetAdvPath.obj
 0001:00001410       ?destroy@?$allocator@PAU_Node@?$_Tree_nod@V?$_Tmap_traits@V?$basic_string@DU?$char_traits@D@std@@V?$allocator@D@2@@std@@KU?$less@V?$basic_string@DU?$char_traits@D@std@@V?$allocator@D@2@@std@@@2@V?$allocator@U?$pair@$$CBV?$basic_string@DU?$char_traits@D@std@@V?$allocator@D@2@@std@@K@std@@@2@$0A@@std@@@std@@@std@@QAEXPAPAU_Node@?$_Tree_nod@V?$_Tmap_traits@V?$basic_string@DU?$char_traits@D@std@@V?$allocator@D@2@@std@@KU?$less@V?$basic_string@DU?$char_traits@D@std@@V?$allocator@D@2@@std@@@2@V?$allocator@U?$pair@$$CBV?$basic_string@DU?$char_traits@D@std@@V?$allocator@D@2@@std@@K@std@@@2@$0A@@std@@@2@@Z 04002410 f i MQ2NetAdvPath.obj
 0001:00001420       ?allocate@?$allocator@U_Node@?$_List_nod@UPosition@@V?$allocator@UPosition@@@std@@@std@@@std@@QAEPAU_Node@?$_List_nod@UPosition@@V?$allocator@UPosition@@@std@@@2@I@Z 04002420 f i MQ2NetAdvPath.obj
 0001:00001440       ?construct@?$allocator@PAU_Node@?$_List_nod@UPosition@@V?$allocator@UPosition@@@std@@@std@@@std@@QAEXPAPAU_Node@?$_List_nod@UPosition@@V?$allocator@UPosition@@@std@@@2@ABQAU342@@Z 04002440 f i MQ2NetAdvPath.obj
 0001:00001460       ?destroy@?$allocator@PAU_Node@?$_List_nod@UPosition@@V?$allocator@UPosition@@@std@@@std@@@std@@QAEXPAPAU_Node@?$_List_nod@UPosition@@V?$allocator@UPosition@@@std@@@2@@Z 04002460 f i MQ2NetAdvPath.obj
 0001:00001470       ??0?$_Const_iterator@$00@?$list@UPosition@@V?$allocator@UPosition@@@std@@@std@@QAE@PAU_Node@?$_List_nod@UPosition@@V?$allocator@UPosition@@@std@@@2@PBV12@@Z 04002470 f i MQ2NetAdvPath.obj
 0001:000014a0       ??D?$_Const_iterator@$00@?$list@UPosition@@V?$allocator@UPosition@@@std@@@std@@QBEABUPosition@@XZ 040024a0 f i MQ2NetAdvPath.obj
 0001:000014d0       ??0?$_Bidit@U?$pair@$$CBV?$basic_string@DU?$char_traits@D@std@@V?$allocator@D@2@@std@@K@std@@HPBU12@ABU12@@std@@QAE@XZ 040024d0 f i MQ2NetAdvPath.obj
 0001:000014e0       ?max_size@?$basic_string@DU?$char_traits@D@std@@V?$allocator@D@2@@std@@QBEIXZ 040024e0 f i MQ2NetAdvPath.obj
 0001:000014f0       ?max_size@?$_Tree@V?$_Tmap_traits@V?$basic_string@DU?$char_traits@D@std@@V?$allocator@D@2@@std@@KU?$less@V?$basic_string@DU?$char_traits@D@std@@V?$allocator@D@2@@std@@@2@V?$allocator@U?$pair@$$CBV?$basic_string@DU?$char_traits@D@std@@V?$allocator@D@2@@std@@K@std@@@2@$0A@@std@@@std@@QBEIXZ 040024f0 f i MQ2NetAdvPath.obj
 0001:00001500       ?_Lrotate@?$_Tree@V?$_Tmap_traits@V?$basic_string@DU?$char_traits@D@std@@V?$allocator@D@2@@std@@KU?$less@V?$basic_string@DU?$char_traits@D@std@@V?$allocator@D@2@@std@@@2@V?$allocator@U?$pair@$$CBV?$basic_string@DU?$char_traits@D@std@@V?$allocator@D@2@@std@@K@std@@@2@$0A@@std@@@std@@IAEXPAU_Node@?$_Tree_nod@V?$_Tmap_traits@V?$basic_string@DU?$char_traits@D@std@@V?$allocator@D@2@@std@@KU?$less@V?$basic_string@DU?$char_traits@D@std@@V?$allocator@D@2@@std@@@2@V?$allocator@U?$pair@$$CBV?$basic_string@DU?$char_traits@D@std@@V?$allocator@D@2@@std@@K@std@@@2@$0A@@std@@@2@@Z 04002500 f i MQ2NetAdvPath.obj
 0001:00001550       ?max_size@?$list@UPosition@@V?$allocator@UPosition@@@std@@@std@@QBEIXZ 04002550 f i MQ2NetAdvPath.obj
 0001:00001560       ?construct@?$allocator@UPosition@@@std@@QAEXPAUPosition@@ABU3@@Z 04002560 f i MQ2NetAdvPath.obj
 0001:00001580       ??0const_iterator@?$_Tree@V?$_Tmap_traits@V?$basic_string@DU?$char_traits@D@std@@V?$allocator@D@2@@std@@KU?$less@V?$basic_string@DU?$char_traits@D@std@@V?$allocator@D@2@@std@@@2@V?$allocator@U?$pair@$$CBV?$basic_string@DU?$char_traits@D@std@@V?$allocator@D@2@@std@@K@std@@@2@$0A@@std@@@std@@QAE@PAU_Node@?$_Tree_nod@V?$_Tmap_traits@V?$basic_string@DU?$char_traits@D@std@@V?$allocator@D@2@@std@@KU?$less@V?$basic_string@DU?$char_traits@D@std@@V?$allocator@D@2@@std@@@2@V?$allocator@U?$pair@$$CBV?$basic_string@DU?$char_traits@D@std@@V?$allocator@D@2@@std@@K@std@@@2@$0A@@std@@@2@PBV12@@Z 04002580 f i MQ2NetAdvPath.obj
 0001:000015b0       ?_Dec@const_iterator@?$_Tree@V?$_Tmap_traits@V?$basic_string@DU?$char_traits@D@std@@V?$allocator@D@2@@std@@KU?$less@V?$basic_string@DU?$char_traits@D@std@@V?$allocator@D@2@@std@@@2@V?$allocator@U?$pair@$$CBV?$basic_string@DU?$char_traits@D@std@@V?$allocator@D@2@@std@@K@std@@@2@$0A@@std@@@std@@QAEXXZ 040025b0 f i MQ2NetAdvPath.obj
 0001:00001640       ?_Inc@const_iterator@?$_Tree@V?$_Tmap_traits@V?$basic_string@DU?$char_traits@D@std@@V?$allocator@D@2@@std@@KU?$less@V?$basic_string@DU?$char_traits@D@std@@V?$allocator@D@2@@std@@@2@V?$allocator@U?$pair@$$CBV?$basic_string@DU?$char_traits@D@std@@V?$allocator@D@2@@std@@K@std@@@2@$0A@@std@@@std@@QAEXXZ 04002640 f i MQ2NetAdvPath.obj
 0001:000016b0       ?allocate@?$allocator@D@std@@QAEPADI@Z 040026b0 f i MQ2NetAdvPath.obj
 0001:000016d0       ?allocate@?$allocator@U_Node@?$_Tree_nod@V?$_Tmap_traits@V?$basic_string@DU?$char_traits@D@std@@V?$allocator@D@2@@std@@KU?$less@V?$basic_string@DU?$char_traits@D@std@@V?$allocator@D@2@@std@@@2@V?$allocator@U?$pair@$$CBV?$basic_string@DU?$char_traits@D@std@@V?$allocator@D@2@@std@@K@std@@@2@$0A@@std@@@std@@@std@@QAEPAU_Node@?$_Tree_nod@V?$_Tmap_traits@V?$basic_string@DU?$char_traits@D@std@@V?$allocator@D@2@@std@@KU?$less@V?$basic_string@DU?$char_traits@D@std@@V?$allocator@D@2@@std@@@2@V?$allocator@U?$pair@$$CBV?$basic_string@DU?$char_traits@D@std@@V?$allocator@D@2@@std@@K@std@@@2@$0A@@std@@@2@I@Z 040026d0 f i MQ2NetAdvPath.obj
 0001:000016f0       ?construct@?$allocator@PAU_Node@?$_Tree_nod@V?$_Tmap_traits@V?$basic_string@DU?$char_traits@D@std@@V?$allocator@D@2@@std@@KU?$less@V?$basic_string@DU?$char_traits@D@std@@V?$allocator@D@2@@std@@@2@V?$allocator@U?$pair@$$CBV?$basic_string@DU?$char_traits@D@std@@V?$allocator@D@2@@std@@K@std@@@2@$0A@@std@@@std@@@std@@QAEXPAPAU_Node@?$_Tree_nod@V?$_Tmap_traits@V?$basic_string@DU?$char_traits@D@std@@V?$allocator@D@2@@std@@KU?$less@V?$basic_string@DU?$char_traits@D@std@@V?$allocator@D@2@@std@@@2@V?$allocator@U?$pair@$$CBV?$basic_string@DU?$char_traits@D@std@@V?$allocator@D@2@@std@@K@std@@@2@$0A@@std@@@2@ABQAU342@@Z 040026f0 f i MQ2NetAdvPath.obj
 0001:00001710       ?allocate@?$allocator@V_Aux_cont@std@@@std@@QAEPAV_Aux_cont@2@I@Z 04002710 f i MQ2NetAdvPath.obj
 0001:00001730       ??0?$_Container_base_aux_alloc_real@V?$allocator@U?$pair@$$CBV?$basic_string@DU?$char_traits@D@std@@V?$allocator@D@2@@std@@K@std@@@std@@@std@@IAE@V?$allocator@U?$pair@$$CBV?$basic_string@DU?$char_traits@D@std@@V?$allocator@D@2@@std@@K@std@@@1@@Z 04002730 f i MQ2NetAdvPath.obj
 0001:00001760       ??$copy_s@U?$char_traits@D@std@@@_Traits_helper@std@@YAPADPADIPBDI@Z 04002760 f i MQ2NetAdvPath.obj
 0001:00001790       ??$move_s@U?$char_traits@D@std@@@_Traits_helper@std@@YAPADPADIPBDI@Z 04002790 f i MQ2NetAdvPath.obj
 0001:000017c0       ?ReleaseKeys@@YAXXZ        040027c0 f   MQ2NetAdvPath.obj
 0001:000017e0       ?DoStop@@YAXXZ             040027e0 f   MQ2NetAdvPath.obj
 0001:00001810       ?compare@?$basic_string@DU?$char_traits@D@std@@V?$allocator@D@2@@std@@QBEHABV12@@Z 04002810 f i MQ2NetAdvPath.obj
 0001:00001850       ?clear@?$list@UPosition@@V?$allocator@UPosition@@@std@@@std@@QAEXXZ 04002850 f i MQ2NetAdvPath.obj
 0001:00001890       ??E?$_Iterator@$00@?$list@UPosition@@V?$allocator@UPosition@@@std@@@std@@QAE?AV012@H@Z 04002890 f i MQ2NetAdvPath.obj
 0001:000018e0       ??1?$_List_nod@UPosition@@V?$allocator@UPosition@@@std@@@std@@QAE@XZ 040028e0 f i MQ2NetAdvPath.obj
 0001:000018f0       ??1?$_Tmap_traits@V?$basic_string@DU?$char_traits@D@std@@V?$allocator@D@2@@std@@KU?$less@V?$basic_string@DU?$char_traits@D@std@@V?$allocator@D@2@@std@@@2@V?$allocator@U?$pair@$$CBV?$basic_string@DU?$char_traits@D@std@@V?$allocator@D@2@@std@@K@std@@@2@$0A@@std@@QAE@XZ 040028f0 f i MQ2NetAdvPath.obj
 0001:00001900       ?_Tidy@?$basic_string@DU?$char_traits@D@std@@V?$allocator@D@2@@std@@IAEX_NI@Z 04002900 f i MQ2NetAdvPath.obj
 0001:00001950       ?_Buynode@?$list@UPosition@@V?$allocator@UPosition@@@std@@@std@@IAEPAU_Node@?$_List_nod@UPosition@@V?$allocator@UPosition@@@std@@@2@XZ 04002950 f i MQ2NetAdvPath.obj
 0001:00001970       ?_Tidy@?$list@UPosition@@V?$allocator@UPosition@@@std@@@std@@IAEXXZ 04002970 f i MQ2NetAdvPath.obj
 0001:000019c0       ??0?$_Iterator@$00@?$list@UPosition@@V?$allocator@UPosition@@@std@@@std@@QAE@PAU_Node@?$_List_nod@UPosition@@V?$allocator@UPosition@@@std@@@2@PBV12@@Z 040029c0 f i MQ2NetAdvPath.obj
 0001:000019f0       ??D?$_Iterator@$00@?$list@UPosition@@V?$allocator@UPosition@@@std@@@std@@QBEAAUPosition@@XZ 040029f0 f i MQ2NetAdvPath.obj
 0001:00001a20       ??0?$_Const_iterator@$00@?$list@UPosition@@V?$allocator@UPosition@@@std@@@std@@QAE@XZ 04002a20 f i MQ2NetAdvPath.obj
 0001:00001a30       ?erase@?$basic_string@DU?$char_traits@D@std@@V?$allocator@D@2@@std@@QAEAAV12@II@Z 04002a30 f i MQ2NetAdvPath.obj
 0001:00001ac0       ?_Buynode@?$list@UPosition@@V?$allocator@UPosition@@@std@@@std@@IAEPAU_Node@?$_List_nod@UPosition@@V?$allocator@UPosition@@@std@@@2@PAU342@0ABUPosition@@@Z 04002ac0 f i MQ2NetAdvPath.obj
 0001:00001b00       ??0iterator@?$_Tree@V?$_Tmap_traits@V?$basic_string@DU?$char_traits@D@std@@V?$allocator@D@2@@std@@KU?$less@V?$basic_string@DU?$char_traits@D@std@@V?$allocator@D@2@@std@@@2@V?$allocator@U?$pair@$$CBV?$basic_string@DU?$char_traits@D@std@@V?$allocator@D@2@@std@@K@std@@@2@$0A@@std@@@std@@QAE@PAU_Node@?$_Tree_nod@V?$_Tmap_traits@V?$basic_string@DU?$char_traits@D@std@@V?$allocator@D@2@@std@@KU?$less@V?$basic_string@DU?$char_traits@D@std@@V?$allocator@D@2@@std@@@2@V?$allocator@U?$pair@$$CBV?$basic_string@DU?$char_traits@D@std@@V?$allocator@D@2@@std@@K@std@@@2@$0A@@std@@@2@PBV12@@Z 04002b00 f i MQ2NetAdvPath.obj
 0001:00001b30       ??0const_iterator@?$_Tree@V?$_Tmap_traits@V?$basic_string@DU?$char_traits@D@std@@V?$allocator@D@2@@std@@KU?$less@V?$basic_string@DU?$char_traits@D@std@@V?$allocator@D@2@@std@@@2@V?$allocator@U?$pair@$$CBV?$basic_string@DU?$char_traits@D@std@@V?$allocator@D@2@@std@@K@std@@@2@$0A@@std@@@std@@QAE@XZ 04002b30 f i MQ2NetAdvPath.obj
 0001:00001b40       ??Econst_iterator@?$_Tree@V?$_Tmap_traits@V?$basic_string@DU?$char_traits@D@std@@V?$allocator@D@2@@std@@KU?$less@V?$basic_string@DU?$char_traits@D@std@@V?$allocator@D@2@@std@@@2@V?$allocator@U?$pair@$$CBV?$basic_string@DU?$char_traits@D@std@@V?$allocator@D@2@@std@@K@std@@@2@$0A@@std@@@std@@QAEAAV012@XZ 04002b40 f i MQ2NetAdvPath.obj
 0001:00001b50       ??Fconst_iterator@?$_Tree@V?$_Tmap_traits@V?$basic_string@DU?$char_traits@D@std@@V?$allocator@D@2@@std@@KU?$less@V?$basic_string@DU?$char_traits@D@std@@V?$allocator@D@2@@std@@@2@V?$allocator@U?$pair@$$CBV?$basic_string@DU?$char_traits@D@std@@V?$allocator@D@2@@std@@K@std@@@2@$0A@@std@@@std@@QAEAAV012@XZ 04002b50 f i MQ2NetAdvPath.obj
 0001:00001b60       ?_Copy@?$basic_string@DU?$char_traits@D@std@@V?$allocator@D@2@@std@@IAEXII@Z 04002b60 f i MQ2NetAdvPath.obj
 0001:00001ca0       ?_Make_iter@?$_Tree@V?$_Tmap_traits@V?$basic_string@DU?$char_traits@D@std@@V?$allocator@D@2@@std@@KU?$less@V?$basic_string@DU?$char_traits@D@std@@V?$allocator@D@2@@std@@@2@V?$allocator@U?$pair@$$CBV?$basic_string@DU?$char_traits@D@std@@V?$allocator@D@2@@std@@K@std@@@2@$0A@@std@@@std@@QBE?AViterator@12@Vconst_iterator@12@@Z 04002ca0 f i MQ2NetAdvPath.obj
 0001:00001cd0       ?_Buynode@?$_Tree@V?$_Tmap_traits@V?$basic_string@DU?$char_traits@D@std@@V?$allocator@D@2@@std@@KU?$less@V?$basic_string@DU?$char_traits@D@std@@V?$allocator@D@2@@std@@@2@V?$allocator@U?$pair@$$CBV?$basic_string@DU?$char_traits@D@std@@V?$allocator@D@2@@std@@K@std@@@2@$0A@@std@@@std@@IAEPAU_Node@?$_Tree_nod@V?$_Tmap_traits@V?$basic_string@DU?$char_traits@D@std@@V?$allocator@D@2@@std@@KU?$less@V?$basic_string@DU?$char_traits@D@std@@V?$allocator@D@2@@std@@@2@V?$allocator@U?$pair@$$CBV?$basic_string@DU?$char_traits@D@std@@V?$allocator@D@2@@std@@K@std@@@2@$0A@@std@@@2@XZ 04002cd0 f i MQ2NetAdvPath.obj
 0001:00001d10       ??Fiterator@?$_Tree@V?$_Tmap_traits@V?$basic_string@DU?$char_traits@D@std@@V?$allocator@D@2@@std@@KU?$less@V?$basic_string@DU?$char_traits@D@std@@V?$allocator@D@2@@std@@@2@V?$allocator@U?$pair@$$CBV?$basic_string@DU?$char_traits@D@std@@V?$allocator@D@2@@std@@K@std@@@2@$0A@@std@@@std@@QAEAAV012@XZ 04002d10 f i MQ2NetAdvPath.obj
 0001:00001d20       ??Econst_iterator@?$_Tree@V?$_Tmap_traits@V?$basic_string@DU?$char_traits@D@std@@V?$allocator@D@2@@std@@KU?$less@V?$basic_string@DU?$char_traits@D@std@@V?$allocator@D@2@@std@@@2@V?$allocator@U?$pair@$$CBV?$basic_string@DU?$char_traits@D@std@@V?$allocator@D@2@@std@@K@std@@@2@$0A@@std@@@std@@QAE?AV012@H@Z 04002d20 f i MQ2NetAdvPath.obj
 0001:00001d40       ??0?$_Container_base_aux_alloc_real@V?$allocator@UPosition@@@std@@@std@@IAE@V?$allocator@UPosition@@@1@@Z 04002d40 f i MQ2NetAdvPath.obj
 0001:00001d70       ??0?$_Tmap_traits@V?$basic_string@DU?$char_traits@D@std@@V?$allocator@D@2@@std@@KU?$less@V?$basic_string@DU?$char_traits@D@std@@V?$allocator@D@2@@std@@@2@V?$allocator@U?$pair@$$CBV?$basic_string@DU?$char_traits@D@std@@V?$allocator@D@2@@std@@K@std@@@2@$0A@@std@@QAE@U?$less@V?$basic_string@DU?$char_traits@D@std@@V?$allocator@D@2@@std@@@1@V?$allocator@U?$pair@$$CBV?$basic_string@DU?$char_traits@D@std@@V?$allocator@D@2@@std@@K@std@@@1@@Z 04002d70 f i MQ2NetAdvPath.obj
 0001:00001da0       ??$?MDU?$char_traits@D@std@@V?$allocator@D@1@@std@@YA_NABV?$basic_string@DU?$char_traits@D@std@@V?$allocator@D@2@@0@0@Z 04002da0 f i MQ2NetAdvPath.obj
 0001:00001dd0       ??1?$basic_string@DU?$char_traits@D@std@@V?$allocator@D@2@@std@@QAE@XZ 04002dd0 f i MQ2NetAdvPath.obj
 0001:00001e00       ?begin@?$list@UPosition@@V?$allocator@UPosition@@@std@@@std@@QAE?AV?$_Iterator@$00@12@XZ 04002e00 f i MQ2NetAdvPath.obj
 0001:00001e20       ?end@?$list@UPosition@@V?$allocator@UPosition@@@std@@@std@@QAE?AV?$_Iterator@$00@12@XZ 04002e20 f i MQ2NetAdvPath.obj
 0001:00001e40       ??0?$_Iterator@$00@?$list@UPosition@@V?$allocator@UPosition@@@std@@@std@@QAE@XZ 04002e40 f i MQ2NetAdvPath.obj
 0001:00001e50       ??C?$_Iterator@$00@?$list@UPosition@@V?$allocator@UPosition@@@std@@@std@@QBEPAUPosition@@XZ 04002e50 f i MQ2NetAdvPath.obj
 0001:00001e80       ??1?$pair@$$CBV?$basic_string@DU?$char_traits@D@std@@V?$allocator@D@2@@std@@K@std@@QAE@XZ 04002e80 f i MQ2NetAdvPath.obj
 0001:00001eb0       ??1?$_List_ptr@UPosition@@V?$allocator@UPosition@@@std@@@std@@QAE@XZ 04002eb0 f i MQ2NetAdvPath.obj
 0001:00001ec0       ??1?$_Tree_nod@V?$_Tmap_traits@V?$basic_string@DU?$char_traits@D@std@@V?$allocator@D@2@@std@@KU?$less@V?$basic_string@DU?$char_traits@D@std@@V?$allocator@D@2@@std@@@2@V?$allocator@U?$pair@$$CBV?$basic_string@DU?$char_traits@D@std@@V?$allocator@D@2@@std@@K@std@@@2@$0A@@std@@@std@@QAE@XZ 04002ec0 f i MQ2NetAdvPath.obj
 0001:00001ed0       ?end@?$_Tree@V?$_Tmap_traits@V?$basic_string@DU?$char_traits@D@std@@V?$allocator@D@2@@std@@KU?$less@V?$basic_string@DU?$char_traits@D@std@@V?$allocator@D@2@@std@@@2@V?$allocator@U?$pair@$$CBV?$basic_string@DU?$char_traits@D@std@@V?$allocator@D@2@@std@@K@std@@@2@$0A@@std@@@std@@QAE?AViterator@12@XZ 04002ed0 f i MQ2NetAdvPath.obj
 0001:00001ef0       ??R?$less@V?$basic_string@DU?$char_traits@D@std@@V?$allocator@D@2@@std@@@std@@QBE_NABV?$basic_string@DU?$char_traits@D@std@@V?$allocator@D@2@@1@0@Z 04002ef0 f i MQ2NetAdvPath.obj
 0001:00001f30       ?_Make_iter@?$list@UPosition@@V?$allocator@UPosition@@@std@@@std@@QBE?AV?$_Iterator@$00@12@V?$_Const_iterator@$00@12@@Z 04002f30 f i MQ2NetAdvPath.obj
 0001:00001f60       ?_Grow@?$basic_string@DU?$char_traits@D@std@@V?$allocator@D@2@@std@@IAE_NI_N@Z 04002f60 f i MQ2NetAdvPath.obj
 0001:00002020       ?begin@?$_Tree@V?$_Tmap_traits@V?$basic_string@DU?$char_traits@D@std@@V?$allocator@D@2@@std@@KU?$less@V?$basic_string@DU?$char_traits@D@std@@V?$allocator@D@2@@std@@@2@V?$allocator@U?$pair@$$CBV?$basic_string@DU?$char_traits@D@std@@V?$allocator@D@2@@std@@K@std@@@2@$0A@@std@@@std@@QAE?AViterator@12@XZ 04003020 f i MQ2NetAdvPath.obj
 0001:00002040       ?_Init@?$_Tree@V?$_Tmap_traits@V?$basic_string@DU?$char_traits@D@std@@V?$allocator@D@2@@std@@KU?$less@V?$basic_string@DU?$char_traits@D@std@@V?$allocator@D@2@@std@@@2@V?$allocator@U?$pair@$$CBV?$basic_string@DU?$char_traits@D@std@@V?$allocator@D@2@@std@@K@std@@@2@$0A@@std@@@std@@IAEXXZ 04003040 f i MQ2NetAdvPath.obj
 0001:00002070       ?_Lbound@?$_Tree@V?$_Tmap_traits@V?$basic_string@DU?$char_traits@D@std@@V?$allocator@D@2@@std@@KU?$less@V?$basic_string@DU?$char_traits@D@std@@V?$allocator@D@2@@std@@@2@V?$allocator@U?$pair@$$CBV?$basic_string@DU?$char_traits@D@std@@V?$allocator@D@2@@std@@K@std@@@2@$0A@@std@@@std@@IBEPAU_Node@?$_Tree_nod@V?$_Tmap_traits@V?$basic_string@DU?$char_traits@D@std@@V?$allocator@D@2@@std@@KU?$less@V?$basic_string@DU?$char_traits@D@std@@V?$allocator@D@2@@std@@@2@V?$allocator@U?$pair@$$CBV?$basic_string@DU?$char_traits@D@std@@V?$allocator@D@2@@std@@K@std@@@2@$0A@@std@@@2@ABV?$basic_string@DU?$char_traits@D@std@@V?$allocator@D@2@@2@@Z 04003070 f i MQ2NetAdvPath.obj
 0001:00002100       ??0?$_List_nod@UPosition@@V?$allocator@UPosition@@@std@@@std@@IAE@V?$allocator@UPosition@@@1@@Z 04003100 f i MQ2NetAdvPath.obj
 0001:00002130       ??0?$_Tree_nod@V?$_Tmap_traits@V?$basic_string@DU?$char_traits@D@std@@V?$allocator@D@2@@std@@KU?$less@V?$basic_string@DU?$char_traits@D@std@@V?$allocator@D@2@@std@@@2@V?$allocator@U?$pair@$$CBV?$basic_string@DU?$char_traits@D@std@@V?$allocator@D@2@@std@@K@std@@@2@$0A@@std@@@std@@IAE@ABU?$less@V?$basic_string@DU?$char_traits@D@std@@V?$allocator@D@2@@std@@@1@V?$allocator@U?$pair@$$CBV?$basic_string@DU?$char_traits@D@std@@V?$allocator@D@2@@std@@K@std@@@1@@Z 04003130 f i MQ2NetAdvPath.obj
 0001:00002160       ??1_Node@?$_Tree_nod@V?$_Tmap_traits@V?$basic_string@DU?$char_traits@D@std@@V?$allocator@D@2@@std@@KU?$less@V?$basic_string@DU?$char_traits@D@std@@V?$allocator@D@2@@std@@@2@V?$allocator@U?$pair@$$CBV?$basic_string@DU?$char_traits@D@std@@V?$allocator@D@2@@std@@K@std@@@2@$0A@@std@@@std@@QAE@XZ 04003160 f i MQ2NetAdvPath.obj
 0001:00002190       ??1logic_error@std@@UAE@XZ 04003190 f i MQ2NetAdvPath.obj
 0001:000021d0       ?c_str@?$basic_string@DU?$char_traits@D@std@@V?$allocator@D@2@@std@@QBEPBDXZ 040031d0 f i MQ2NetAdvPath.obj
 0001:000021e0       ?what@logic_error@std@@UBEPBDXZ 040031e0 f i MQ2NetAdvPath.obj
 0001:000021f0       ??_Elogic_error@std@@UAEPAXI@Z 040031f0 f i MQ2NetAdvPath.obj
 0001:000021f0       ??_Glogic_error@std@@UAEPAXI@Z 040031f0 f i MQ2NetAdvPath.obj
 0001:00002240       ?StuckCheck@@YAX_N@Z       04003240 f   MQ2NetAdvPath.obj
 0001:00002600       ?erase@?$list@UPosition@@V?$allocator@UPosition@@@std@@@std@@QAE?AV?$_Iterator@$00@12@V?$_Const_iterator@$00@12@@Z 04003600 f i MQ2NetAdvPath.obj
 0001:00002680       ??1?$_List_val@UPosition@@V?$allocator@UPosition@@@std@@@std@@QAE@XZ 04003680 f i MQ2NetAdvPath.obj
 0001:00002690       ??1?$_Tree_ptr@V?$_Tmap_traits@V?$basic_string@DU?$char_traits@D@std@@V?$allocator@D@2@@std@@KU?$less@V?$basic_string@DU?$char_traits@D@std@@V?$allocator@D@2@@std@@@2@V?$allocator@U?$pair@$$CBV?$basic_string@DU?$char_traits@D@std@@V?$allocator@D@2@@std@@K@std@@@2@$0A@@std@@@std@@QAE@XZ 04003690 f i MQ2NetAdvPath.obj
 0001:000026a0       ?assign@?$basic_string@DU?$char_traits@D@std@@V?$allocator@D@2@@std@@QAEAAV12@ABV12@II@Z 040036a0 f i MQ2NetAdvPath.obj
 0001:00002780       ?lower_bound@?$_Tree@V?$_Tmap_traits@V?$basic_string@DU?$char_traits@D@std@@V?$allocator@D@2@@std@@KU?$less@V?$basic_string@DU?$char_traits@D@std@@V?$allocator@D@2@@std@@@2@V?$allocator@U?$pair@$$CBV?$basic_string@DU?$char_traits@D@std@@V?$allocator@D@2@@std@@K@std@@@2@$0A@@std@@@std@@QAE?AViterator@12@ABV?$basic_string@DU?$char_traits@D@std@@V?$allocator@D@2@@2@@Z 04003780 f i MQ2NetAdvPath.obj
 0001:000027b0       ?assign@?$basic_string@DU?$char_traits@D@std@@V?$allocator@D@2@@std@@QAEAAV12@PBDI@Z 040037b0 f i MQ2NetAdvPath.obj
 0001:00002890       ??0?$_List_ptr@UPosition@@V?$allocator@UPosition@@@std@@@std@@IAE@V?$allocator@UPosition@@@1@@Z 04003890 f i MQ2NetAdvPath.obj
 0001:000028c0       ??0?$_Tree_ptr@V?$_Tmap_traits@V?$basic_string@DU?$char_traits@D@std@@V?$allocator@D@2@@std@@KU?$less@V?$basic_string@DU?$char_traits@D@std@@V?$allocator@D@2@@std@@@2@V?$allocator@U?$pair@$$CBV?$basic_string@DU?$char_traits@D@std@@V?$allocator@D@2@@std@@K@std@@@2@$0A@@std@@@std@@IAE@ABU?$less@V?$basic_string@DU?$char_traits@D@std@@V?$allocator@D@2@@std@@@1@V?$allocator@U?$pair@$$CBV?$basic_string@DU?$char_traits@D@std@@V?$allocator@D@2@@std@@K@std@@@1@@Z 040038c0 f i MQ2NetAdvPath.obj
 0001:000028f0       ??_G_Node@?$_Tree_nod@V?$_Tmap_traits@V?$basic_string@DU?$char_traits@D@std@@V?$allocator@D@2@@std@@KU?$less@V?$basic_string@DU?$char_traits@D@std@@V?$allocator@D@2@@std@@@2@V?$allocator@U?$pair@$$CBV?$basic_string@DU?$char_traits@D@std@@V?$allocator@D@2@@std@@K@std@@@2@$0A@@std@@@std@@QAEPAXI@Z 040038f0 f i MQ2NetAdvPath.obj
 0001:00002930       ?ClearAll@@YAXXZ           04003930 f   MQ2NetAdvPath.obj
 0001:000029c0       ?ClearOne@@YAXAAV?$_Iterator@$00@?$list@UPosition@@V?$allocator@UPosition@@@std@@@std@@@Z 040039c0 f   MQ2NetAdvPath.obj
 0001:00002a20       ?FollowSpawn@@YAXXZ        04003a20 f   MQ2NetAdvPath.obj
 0001:00002ec0       ?FollowWaypoints@@YAXXZ    04003ec0 f   MQ2NetAdvPath.obj
 0001:000030c0       _OnEndZone                 040040c0 f   MQ2NetAdvPath.obj
 0001:000030e0       ??0?$basic_string@DU?$char_traits@D@std@@V?$allocator@D@2@@std@@QAE@ABV01@@Z 040040e0 f i MQ2NetAdvPath.obj
 0001:00003110       ??1?$list@UPosition@@V?$allocator@UPosition@@@std@@@std@@QAE@XZ 04004110 f i MQ2NetAdvPath.obj
 0001:00003130       ??1?$_Tree_val@V?$_Tmap_traits@V?$basic_string@DU?$char_traits@D@std@@V?$allocator@D@2@@std@@KU?$less@V?$basic_string@DU?$char_traits@D@std@@V?$allocator@D@2@@std@@@2@V?$allocator@U?$pair@$$CBV?$basic_string@DU?$char_traits@D@std@@V?$allocator@D@2@@std@@K@std@@@2@$0A@@std@@@std@@QAE@XZ 04004130 f i MQ2NetAdvPath.obj
 0001:00003140       ?assign@?$basic_string@DU?$char_traits@D@std@@V?$allocator@D@2@@std@@QAEAAV12@PBD@Z 04004140 f i MQ2NetAdvPath.obj
 0001:00003170       ??0?$_List_val@UPosition@@V?$allocator@UPosition@@@std@@@std@@QAE@V?$allocator@UPosition@@@1@@Z 04004170 f i MQ2NetAdvPath.obj
 0001:000031a0       ??0?$pair@$$CBV?$basic_string@DU?$char_traits@D@std@@V?$allocator@D@2@@std@@K@std@@QAE@ABV?$basic_string@DU?$char_traits@D@std@@V?$allocator@D@2@@1@ABK@Z 040041a0 f i MQ2NetAdvPath.obj
 0001:000031d0       ??0?$_Tree_val@V?$_Tmap_traits@V?$basic_string@DU?$char_traits@D@std@@V?$allocator@D@2@@std@@KU?$less@V?$basic_string@DU?$char_traits@D@std@@V?$allocator@D@2@@std@@@2@V?$allocator@U?$pair@$$CBV?$basic_string@DU?$char_traits@D@std@@V?$allocator@D@2@@std@@K@std@@@2@$0A@@std@@@std@@IAE@ABU?$less@V?$basic_string@DU?$char_traits@D@std@@V?$allocator@D@2@@std@@@1@V?$allocator@U?$pair@$$CBV?$basic_string@DU?$char_traits@D@std@@V?$allocator@D@2@@std@@K@std@@@1@@Z 040041d0 f i MQ2NetAdvPath.obj
 0001:00003200       ??0?$pair@$$CBV?$basic_string@DU?$char_traits@D@std@@V?$allocator@D@2@@std@@K@std@@QAE@ABU01@@Z 04004200 f i MQ2NetAdvPath.obj
 0001:00003230       ??$_Destroy@U_Node@?$_Tree_nod@V?$_Tmap_traits@V?$basic_string@DU?$char_traits@D@std@@V?$allocator@D@2@@std@@KU?$less@V?$basic_string@DU?$char_traits@D@std@@V?$allocator@D@2@@std@@@2@V?$allocator@U?$pair@$$CBV?$basic_string@DU?$char_traits@D@std@@V?$allocator@D@2@@std@@K@std@@@2@$0A@@std@@@std@@@std@@YAXPAU_Node@?$_Tree_nod@V?$_Tmap_traits@V?$basic_string@DU?$char_traits@D@std@@V?$allocator@D@2@@std@@KU?$less@V?$basic_string@DU?$char_traits@D@std@@V?$allocator@D@2@@std@@@2@V?$allocator@U?$pair@$$CBV?$basic_string@DU?$char_traits@D@std@@V?$allocator@D@2@@std@@K@std@@@2@$0A@@std@@@0@@Z 04004230 f i MQ2NetAdvPath.obj
 0001:00003260       ??0logic_error@std@@QAE@ABV?$basic_string@DU?$char_traits@D@std@@V?$allocator@D@2@@1@@Z 04004260 f i MQ2NetAdvPath.obj
 0001:000032c0       ??0length_error@std@@QAE@ABV?$basic_string@DU?$char_traits@D@std@@V?$allocator@D@2@@1@@Z 040042c0 f i MQ2NetAdvPath.obj
 0001:000032e0       ??1length_error@std@@UAE@XZ 040042e0 f i MQ2NetAdvPath.obj
 0001:00003320       ??_Glength_error@std@@UAEPAXI@Z 04004320 f i MQ2NetAdvPath.obj
 0001:00003320       ??_Elength_error@std@@UAEPAXI@Z 04004320 f i MQ2NetAdvPath.obj
 0001:00003370       ??0out_of_range@std@@QAE@ABV?$basic_string@DU?$char_traits@D@std@@V?$allocator@D@2@@1@@Z 04004370 f i MQ2NetAdvPath.obj
 0001:00003390       ??1out_of_range@std@@UAE@XZ 04004390 f i MQ2NetAdvPath.obj
 0001:000033d0       ??_Gout_of_range@std@@UAEPAXI@Z 040043d0 f i MQ2NetAdvPath.obj
 0001:000033d0       ??_Eout_of_range@std@@UAEPAXI@Z 040043d0 f i MQ2NetAdvPath.obj
 0001:00003420       ??0?$basic_string@DU?$char_traits@D@std@@V?$allocator@D@2@@std@@QAE@PBD@Z 04004420 f i MQ2NetAdvPath.obj
 0001:00003460       ??0?$list@UPosition@@V?$allocator@UPosition@@@std@@@std@@QAE@XZ 04004460 f i MQ2NetAdvPath.obj
 0001:000034c0       ??0?$_Tree@V?$_Tmap_traits@V?$basic_string@DU?$char_traits@D@std@@V?$allocator@D@2@@std@@KU?$less@V?$basic_string@DU?$char_traits@D@std@@V?$allocator@D@2@@std@@@2@V?$allocator@U?$pair@$$CBV?$basic_string@DU?$char_traits@D@std@@V?$allocator@D@2@@std@@K@std@@@2@$0A@@std@@@std@@QAE@ABU?$less@V?$basic_string@DU?$char_traits@D@std@@V?$allocator@D@2@@std@@@1@ABV?$allocator@U?$pair@$$CBV?$basic_string@DU?$char_traits@D@std@@V?$allocator@D@2@@std@@K@std@@@1@@Z 040044c0 f i MQ2NetAdvPath.obj
 0001:00003540       ?_Incsize@?$list@UPosition@@V?$allocator@UPosition@@@std@@@std@@IAEXI@Z 04004540 f i MQ2NetAdvPath.obj
 0001:000035e0       ??0logic_error@std@@QAE@ABV01@@Z 040045e0 f i MQ2NetAdvPath.obj
 0001:00003650       ??0length_error@std@@QAE@ABV01@@Z 04004650 f i MQ2NetAdvPath.obj
 0001:00003670       ?destroy@?$allocator@U_Node@?$_Tree_nod@V?$_Tmap_traits@V?$basic_string@DU?$char_traits@D@std@@V?$allocator@D@2@@std@@KU?$less@V?$basic_string@DU?$char_traits@D@std@@V?$allocator@D@2@@std@@@2@V?$allocator@U?$pair@$$CBV?$basic_string@DU?$char_traits@D@std@@V?$allocator@D@2@@std@@K@std@@@2@$0A@@std@@@std@@@std@@QAEXPAU_Node@?$_Tree_nod@V?$_Tmap_traits@V?$basic_string@DU?$char_traits@D@std@@V?$allocator@D@2@@std@@KU?$less@V?$basic_string@DU?$char_traits@D@std@@V?$allocator@D@2@@std@@@2@V?$allocator@U?$pair@$$CBV?$basic_string@DU?$char_traits@D@std@@V?$allocator@D@2@@std@@K@std@@@2@$0A@@std@@@2@@Z 04004670 f i MQ2NetAdvPath.obj
 0001:000036a0       ??0_Node@?$_Tree_nod@V?$_Tmap_traits@V?$basic_string@DU?$char_traits@D@std@@V?$allocator@D@2@@std@@KU?$less@V?$basic_string@DU?$char_traits@D@std@@V?$allocator@D@2@@std@@@2@V?$allocator@U?$pair@$$CBV?$basic_string@DU?$char_traits@D@std@@V?$allocator@D@2@@std@@K@std@@@2@$0A@@std@@@std@@QAE@PAU012@00ABU?$pair@$$CBV?$basic_string@DU?$char_traits@D@std@@V?$allocator@D@2@@std@@K@2@D@Z 040046a0 f i MQ2NetAdvPath.obj
 0001:00003700       ?_Insert@?$list@UPosition@@V?$allocator@UPosition@@@std@@@std@@QAEXV?$_Const_iterator@$00@12@ABUPosition@@@Z 04004700 f i MQ2NetAdvPath.obj
 0001:00003740       ?erase@?$_Tree@V?$_Tmap_traits@V?$basic_string@DU?$char_traits@D@std@@V?$allocator@D@2@@std@@KU?$less@V?$basic_string@DU?$char_traits@D@std@@V?$allocator@D@2@@std@@@2@V?$allocator@U?$pair@$$CBV?$basic_string@DU?$char_traits@D@std@@V?$allocator@D@2@@std@@K@std@@@2@$0A@@std@@@std@@QAE?AViterator@12@Vconst_iterator@12@@Z 04004740 f i MQ2NetAdvPath.obj
 0001:00003a20       ??0out_of_range@std@@QAE@ABV01@@Z 04004a20 f i MQ2NetAdvPath.obj
 0001:00003a40       ?_Buynode@?$_Tree@V?$_Tmap_traits@V?$basic_string@DU?$char_traits@D@std@@V?$allocator@D@2@@std@@KU?$less@V?$basic_string@DU?$char_traits@D@std@@V?$allocator@D@2@@std@@@2@V?$allocator@U?$pair@$$CBV?$basic_string@DU?$char_traits@D@std@@V?$allocator@D@2@@std@@K@std@@@2@$0A@@std@@@std@@IAEPAU_Node@?$_Tree_nod@V?$_Tmap_traits@V?$basic_string@DU?$char_traits@D@std@@V?$allocator@D@2@@std@@KU?$less@V?$basic_string@DU?$char_traits@D@std@@V?$allocator@D@2@@std@@@2@V?$allocator@U?$pair@$$CBV?$basic_string@DU?$char_traits@D@std@@V?$allocator@D@2@@std@@K@std@@@2@$0A@@std@@@2@PAU342@00ABU?$pair@$$CBV?$basic_string@DU?$char_traits@D@std@@V?$allocator@D@2@@std@@K@2@D@Z 04004a40 f i MQ2NetAdvPath.obj
 0001:00003ad0       ?_Erase@?$_Tree@V?$_Tmap_traits@V?$basic_string@DU?$char_traits@D@std@@V?$allocator@D@2@@std@@KU?$less@V?$basic_string@DU?$char_traits@D@std@@V?$allocator@D@2@@std@@@2@V?$allocator@U?$pair@$$CBV?$basic_string@DU?$char_traits@D@std@@V?$allocator@D@2@@std@@K@std@@@2@$0A@@std@@@std@@IAEXPAU_Node@?$_Tree_nod@V?$_Tmap_traits@V?$basic_string@DU?$char_traits@D@std@@V?$allocator@D@2@@std@@KU?$less@V?$basic_string@DU?$char_traits@D@std@@V?$allocator@D@2@@std@@@2@V?$allocator@U?$pair@$$CBV?$basic_string@DU?$char_traits@D@std@@V?$allocator@D@2@@std@@K@std@@@2@$0A@@std@@@2@@Z 04004ad0 f i MQ2NetAdvPath.obj
 0001:00003b30       ?push_back@?$list@UPosition@@V?$allocator@UPosition@@@std@@@std@@QAEXABUPosition@@@Z 04004b30 f i MQ2NetAdvPath.obj
 0001:00003b70       ?_Insert@?$_Tree@V?$_Tmap_traits@V?$basic_string@DU?$char_traits@D@std@@V?$allocator@D@2@@std@@KU?$less@V?$basic_string@DU?$char_traits@D@std@@V?$allocator@D@2@@std@@@2@V?$allocator@U?$pair@$$CBV?$basic_string@DU?$char_traits@D@std@@V?$allocator@D@2@@std@@K@std@@@2@$0A@@std@@@std@@IAE?AViterator@12@_NPAU_Node@?$_Tree_nod@V?$_Tmap_traits@V?$basic_string@DU?$char_traits@D@std@@V?$allocator@D@2@@std@@KU?$less@V?$basic_string@DU?$char_traits@D@std@@V?$allocator@D@2@@std@@@2@V?$allocator@U?$pair@$$CBV?$basic_string@DU?$char_traits@D@std@@V?$allocator@D@2@@std@@K@std@@@2@$0A@@std@@@2@ABU?$pair@$$CBV?$basic_string@DU?$char_traits@D@std@@V?$allocator@D@2@@std@@K@2@@Z 04004b70 f i MQ2NetAdvPath.obj
 0001:00003d60       ?clear@?$_Tree@V?$_Tmap_traits@V?$basic_string@DU?$char_traits@D@std@@V?$allocator@D@2@@std@@KU?$less@V?$basic_string@DU?$char_traits@D@std@@V?$allocator@D@2@@std@@@2@V?$allocator@U?$pair@$$CBV?$basic_string@DU?$char_traits@D@std@@V?$allocator@D@2@@std@@K@std@@@2@$0A@@std@@@std@@QAEXXZ 04004d60 f i MQ2NetAdvPath.obj
 0001:00003d90       ?AddWaypoint@@YAXJ_N@Z     04004d90 f   MQ2NetAdvPath.obj
 0001:00003e90       ?RecordingWaypoints@@YAXXZ 04004e90 f   MQ2NetAdvPath.obj
 0001:00003fb0       _OnPulse                   04004fb0 f   MQ2NetAdvPath.obj
 0001:00004150       ?insert@?$_Tree@V?$_Tmap_traits@V?$basic_string@DU?$char_traits@D@std@@V?$allocator@D@2@@std@@KU?$less@V?$basic_string@DU?$char_traits@D@std@@V?$allocator@D@2@@std@@@2@V?$allocator@U?$pair@$$CBV?$basic_string@DU?$char_traits@D@std@@V?$allocator@D@2@@std@@K@std@@@2@$0A@@std@@@std@@QAE?AU?$pair@Viterator@?$_Tree@V?$_Tmap_traits@V?$basic_string@DU?$char_traits@D@std@@V?$allocator@D@2@@std@@KU?$less@V?$basic_string@DU?$char_traits@D@std@@V?$allocator@D@2@@std@@@2@V?$allocator@U?$pair@$$CBV?$basic_string@DU?$char_traits@D@std@@V?$allocator@D@2@@std@@K@std@@@2@$0A@@std@@@std@@_N@2@ABU?$pair@$$CBV?$basic_string@DU?$char_traits@D@std@@V?$allocator@D@2@@std@@K@2@@Z 04005150 f i MQ2NetAdvPath.obj
 0001:000042b0       ?erase@?$_Tree@V?$_Tmap_traits@V?$basic_string@DU?$char_traits@D@std@@V?$allocator@D@2@@std@@KU?$less@V?$basic_string@DU?$char_traits@D@std@@V?$allocator@D@2@@std@@@2@V?$allocator@U?$pair@$$CBV?$basic_string@DU?$char_traits@D@std@@V?$allocator@D@2@@std@@K@std@@@2@$0A@@std@@@std@@QAE?AViterator@12@Vconst_iterator@12@0@Z 040052b0 f i MQ2NetAdvPath.obj
 0001:00004390       ?MQFollowCommand@@YAXPAU_SPAWNINFO@EQData@@PAD@Z 04005390 f   MQ2NetAdvPath.obj
 0001:00004730       _OnIncomingChat            04005730 f   MQ2NetAdvPath.obj
 0001:00004830       ?insert@?$_Tree@V?$_Tmap_traits@V?$basic_string@DU?$char_traits@D@std@@V?$allocator@D@2@@std@@KU?$less@V?$basic_string@DU?$char_traits@D@std@@V?$allocator@D@2@@std@@@2@V?$allocator@U?$pair@$$CBV?$basic_string@DU?$char_traits@D@std@@V?$allocator@D@2@@std@@K@std@@@2@$0A@@std@@@std@@QAE?AViterator@12@Vconst_iterator@12@ABU?$pair@$$CBV?$basic_string@DU?$char_traits@D@std@@V?$allocator@D@2@@std@@K@2@@Z 04005830 f i MQ2NetAdvPath.obj
 0001:00004a60       ?_Tidy@?$_Tree@V?$_Tmap_traits@V?$basic_string@DU?$char_traits@D@std@@V?$allocator@D@2@@std@@KU?$less@V?$basic_string@DU?$char_traits@D@std@@V?$allocator@D@2@@std@@@2@V?$allocator@U?$pair@$$CBV?$basic_string@DU?$char_traits@D@std@@V?$allocator@D@2@@std@@K@std@@@2@$0A@@std@@@std@@IAEXXZ 04005a60 f i MQ2NetAdvPath.obj
 0001:00004aa0       ??A?$map@V?$basic_string@DU?$char_traits@D@std@@V?$allocator@D@2@@std@@KU?$less@V?$basic_string@DU?$char_traits@D@std@@V?$allocator@D@2@@std@@@2@V?$allocator@U?$pair@$$CBV?$basic_string@DU?$char_traits@D@std@@V?$allocator@D@2@@std@@K@std@@@2@@std@@QAEAAKABV?$basic_string@DU?$char_traits@D@std@@V?$allocator@D@2@@1@@Z 04005aa0 f i MQ2NetAdvPath.obj
 0001:00004bc0       ??1?$_Tree@V?$_Tmap_traits@V?$basic_string@DU?$char_traits@D@std@@V?$allocator@D@2@@std@@KU?$less@V?$basic_string@DU?$char_traits@D@std@@V?$allocator@D@2@@std@@@2@V?$allocator@U?$pair@$$CBV?$basic_string@DU?$char_traits@D@std@@V?$allocator@D@2@@std@@K@std@@@2@$0A@@std@@@std@@QAE@XZ 04005bc0 f i MQ2NetAdvPath.obj
 0001:00004c30       ?AddMember@MQ2Type@MQ2Internal@@IAEHKPAD@Z 04005c30 f i MQ2NetAdvPath.obj
 0001:00004d90       ??1?$map@V?$basic_string@DU?$char_traits@D@std@@V?$allocator@D@2@@std@@KU?$less@V?$basic_string@DU?$char_traits@D@std@@V?$allocator@D@2@@std@@@2@V?$allocator@U?$pair@$$CBV?$basic_string@DU?$char_traits@D@std@@V?$allocator@D@2@@std@@K@std@@@2@@std@@QAE@XZ 04005d90 f i MQ2NetAdvPath.obj
 0001:00004da0       ??0?$map@V?$basic_string@DU?$char_traits@D@std@@V?$allocator@D@2@@std@@KU?$less@V?$basic_string@DU?$char_traits@D@std@@V?$allocator@D@2@@std@@@2@V?$allocator@U?$pair@$$CBV?$basic_string@DU?$char_traits@D@std@@V?$allocator@D@2@@std@@K@std@@@2@@std@@QAE@XZ 04005da0 f i MQ2NetAdvPath.obj
 0001:00004dc0       ??0MQ2Type@MQ2Internal@@QAE@PAD@Z 04005dc0 f i MQ2NetAdvPath.obj
 0001:00004e50       ?InitVariable@MQ2Type@MQ2Internal@@UAEXAAU_MQ2VarPtr@2@@Z 04005e50 f i MQ2NetAdvPath.obj
 0001:00004e60       ?FreeVariable@MQ2Type@MQ2Internal@@UAEXAAU_MQ2VarPtr@2@@Z 04005e60 f i MQ2NetAdvPath.obj
 0001:00004e70       ?ToString@MQ2Type@MQ2Internal@@UAE_NU_MQ2VarPtr@2@PAD@Z 04005e70 f i MQ2NetAdvPath.obj
 0001:00004e90       ??1MQ2Type@MQ2Internal@@QAE@XZ 04005e90 f i MQ2NetAdvPath.obj
 0001:00004f30       ??0MQ2NetAdvPathType@@QAE@XZ 04005f30 f i MQ2NetAdvPath.obj
 0001:00005060       ?ToString@MQ2NetAdvPathType@@UAE_NU_MQ2VarPtr@MQ2Internal@@PAD@Z 04006060 f i MQ2NetAdvPath.obj
 0001:00005080       ?FromData@MQ2NetAdvPathType@@UAE_NAAU_MQ2VarPtr@MQ2Internal@@AAU_MQ2TypeVar@3@@Z 04006080 f i MQ2NetAdvPath.obj
 0001:00005090       ?FromString@MQ2NetAdvPathType@@UAE_NAAU_MQ2VarPtr@MQ2Internal@@PAD@Z 04006090 f i MQ2NetAdvPath.obj
 0001:000050a0       ?FindMember@MQ2Type@MQ2Internal@@QAEPAU_MQ2TypeMember@2@PAD@Z 040060a0 f i MQ2NetAdvPath.obj
 0001:00005160       ?GetMember@MQ2NetAdvPathType@@UAE_NU_MQ2VarPtr@MQ2Internal@@PAD1AAU_MQ2TypeVar@3@@Z 04006160 f i MQ2NetAdvPath.obj
 0001:00005770       ??1MQ2NetAdvPathType@@QAE@XZ 04006770 f i MQ2NetAdvPath.obj
 0001:00005780       _InitializePlugin          04006780 f   MQ2NetAdvPath.obj
 0001:00005810       ??_GMQ2NetAdvPathType@@QAEPAXI@Z 04006810 f i MQ2NetAdvPath.obj
 0001:00005840       _ShutdownPlugin            04006840 f   MQ2NetAdvPath.obj
 0001:00005890       _EnterCriticalSection@4    04006890 f   kernel32:KERNEL32.dll
 0001:00005896       _LeaveCriticalSection@4    04006896 f   kernel32:KERNEL32.dll
 0001:0000589c       _InitializeCriticalSection@4 0400689c f   kernel32:KERNEL32.dll
 0001:000058a2       _DeleteCriticalSection@4   040068a2 f   kernel32:KERNEL32.dll
 0001:000058a8       _GetProcAddress@8          040068a8 f   kernel32:KERNEL32.dll
 0001:000058ae       _GetModuleHandleA@4        040068ae f   kernel32:KERNEL32.dll
 0001:000058b4       _GetForegroundWindow@0     040068b4 f   user32:USER32.dll
 0001:000058ba       ??0invalid_argument@std@@QAE@ABV?$basic_string@DU?$char_traits@D@std@@V?$allocator@D@2@@1@@Z 040068ba f i libcpmt:string.obj
 0001:000058d7       ??1invalid_argument@std@@UAE@XZ 040068d7 f i libcpmt:string.obj
 0001:000058e2       ??_Einvalid_argument@std@@UAEPAXI@Z 040068e2 f i libcpmt:string.obj
 0001:000058e2       ??_Ginvalid_argument@std@@UAEPAXI@Z 040068e2 f i libcpmt:string.obj
 0001:00005909       ?_Xlen@_String_base@std@@SAXXZ 04006909 f   libcpmt:string.obj
 0001:00005941       ?_Xran@_String_base@std@@SAXXZ 04006941 f   libcpmt:string.obj
 0001:00005979       ?_Xinvarg@_String_base@std@@SAXXZ 04006979 f   libcpmt:string.obj
 0001:000059b1       ??0invalid_argument@std@@QAE@ABV01@@Z 040069b1 f i libcpmt:string.obj
 0001:000059ce       ?GetSpawnByID@EQPlayerManager@EQClasses@@QAEPAVEQPlayer@2@H@Z 040069ce f   MQ2Main:MQ2Main.dll
 0001:000059d4       _DebugSpewAlways           040069d4 f   MQ2Main:MQ2Main.dll
 0001:000059da       _ParseMacroData            040069da f   MQ2Main:MQ2Main.dll
 0001:000059e0       _FindMappableCommand       040069e0 f   MQ2Main:MQ2Main.dll
 0001:000059e6       _WriteChatf                040069e6 f   MQ2Main:MQ2Main.dll
 0001:000059ec       _FindSpeed                 040069ec f   MQ2Main:MQ2Main.dll
 0001:000059f2       _GetArg                    040069f2 f   MQ2Main:MQ2Main.dll
 0001:000059f8       _AddMQ2Type                040069f8 f   MQ2Main:MQ2Main.dll
 0001:000059fe       _RemoveMQ2Type             040069fe f   MQ2Main:MQ2Main.dll
 0001:00005a04       _AddMQ2Data                04006a04 f   MQ2Main:MQ2Main.dll
 0001:00005a0a       _AddCommand                04006a0a f   MQ2Main:MQ2Main.dll
 0001:00005a10       _RemoveMQ2Data             04006a10 f   MQ2Main:MQ2Main.dll
 0001:00005a16       _RemoveCommand             04006a16 f   MQ2Main:MQ2Main.dll
 0001:00005a1c       __time64                   04006a1c f   LIBCMT:time64.obj
 0001:00005a6d       __fpclear                  04006a6d f   LIBCMT:_fpinit_.obj
 0001:00005a6e       __cfltcvt_init             04006a6e f   LIBCMT:_fpinit_.obj
 0001:00005ace       ___setfflag                04006ace f   LIBCMT:_fpinit_.obj
 0001:00005ae3       __fpmath                   04006ae3 f   LIBCMT:_fpinit_.obj
 0001:00005b10       _atan2                     04006b10 f   LIBCMT:_87ctriga_.obj
 0001:00005b1a       __CIatan2                  04006b1a f   LIBCMT:_87ctriga_.obj
 0001:00005b30       __CIsqrt                   04006b30 f   LIBCMT:_sqrt_.obj
 0001:00005b44       _sqrt                      04006b44     LIBCMT:_sqrt_.obj
 0001:00005bea       ??0exception@std@@QAE@XZ   04006bea f   LIBCMT:stdexcpt.obj
 0001:00005bfb       ??0exception@std@@QAE@ABQBD@Z 04006bfb f   LIBCMT:stdexcpt.obj
 0001:00005c4e       ??0exception@std@@QAE@ABQBDH@Z 04006c4e f   LIBCMT:stdexcpt.obj
 0001:00005c6b       ??0exception@std@@QAE@ABV01@@Z 04006c6b f   LIBCMT:stdexcpt.obj
 0001:00005cc8       ??4exception@std@@QAEAAV01@ABV01@@Z 04006cc8 f   LIBCMT:stdexcpt.obj
 0001:00005d23       ??1exception@std@@UAE@XZ   04006d23 f   LIBCMT:stdexcpt.obj
 0001:00005d39       ?what@exception@std@@UBEPBDXZ 04006d39 f   LIBCMT:stdexcpt.obj
 0001:00005d46       ??0bad_cast@std@@QAE@PBD@Z 04006d46 f   LIBCMT:stdexcpt.obj
 0001:00005d64       ??0bad_cast@std@@QAE@ABV01@@Z 04006d64 f   LIBCMT:stdexcpt.obj
 0001:00005d81       ??1bad_cast@std@@UAE@XZ    04006d81 f   LIBCMT:stdexcpt.obj
 0001:00005d8c       ??0bad_typeid@std@@QAE@PBD@Z 04006d8c f   LIBCMT:stdexcpt.obj
 0001:00005daa       ??0bad_typeid@std@@QAE@ABV01@@Z 04006daa f   LIBCMT:stdexcpt.obj
 0001:00005dc7       ??1bad_typeid@std@@UAE@XZ  04006dc7 f   LIBCMT:stdexcpt.obj
 0001:00005dd2       ??0__non_rtti_object@std@@QAE@PBD@Z 04006dd2 f   LIBCMT:stdexcpt.obj
 0001:00005def       ??0__non_rtti_object@std@@QAE@ABV01@@Z 04006def f   LIBCMT:stdexcpt.obj
 0001:00005e0c       ??1__non_rtti_object@std@@UAE@XZ 04006e0c f   LIBCMT:stdexcpt.obj
 0001:00005e17       ??_Eexception@std@@UAEPAXI@Z 04006e17 f i LIBCMT:stdexcpt.obj
 0001:00005e17       ??_Gexception@std@@UAEPAXI@Z 04006e17 f i LIBCMT:stdexcpt.obj
 0001:00005e38       ??_Gbad_cast@std@@UAEPAXI@Z 04006e38 f i LIBCMT:stdexcpt.obj
 0001:00005e38       ??_Ebad_cast@std@@UAEPAXI@Z 04006e38 f i LIBCMT:stdexcpt.obj
 0001:00005e5f       ??_Ebad_typeid@std@@UAEPAXI@Z 04006e5f f i LIBCMT:stdexcpt.obj
 0001:00005e5f       ??_Gbad_typeid@std@@UAEPAXI@Z 04006e5f f i LIBCMT:stdexcpt.obj
 0001:00005e86       ??_E__non_rtti_object@std@@UAEPAXI@Z 04006e86 f i LIBCMT:stdexcpt.obj
 0001:00005e86       ??_G__non_rtti_object@std@@UAEPAXI@Z 04006e86 f i LIBCMT:stdexcpt.obj
 0001:00005ead       ?name@type_info@@QBEPBDPAU__type_info_node@@@Z 04006ead f   LIBCMT:typinfo.obj
 0001:00005ec1       ??1type_info@@UAE@XZ       04006ec1 f   LIBCMT:typinfo.obj
 0001:00005ed1       ??_Gtype_info@@UAEPAXI@Z   04006ed1 f i LIBCMT:typinfo.obj
 0001:00005ed1       ??_Etype_info@@UAEPAXI@Z   04006ed1 f i LIBCMT:typinfo.obj
 0001:00005ef2       ?_name_internal_method@type_info@@QBEPBDPAU__type_info_node@@@Z 04006ef2 f   LIBCMT:typinfo.obj
 0001:00005f06       ?_type_info_dtor_internal_method@type_info@@QAEXXZ 04006f06 f   LIBCMT:typinfo.obj
 0001:00005f10       ??8type_info@@QBE_NABV0@@Z 04006f10 f   LIBCMT:typinfo.obj
 0001:00005f30       ??9type_info@@QBE_NABV0@@Z 04006f30 f   LIBCMT:typinfo.obj
 0001:00005f51       ?before@type_info@@QBEHABV1@@Z 04006f51 f   LIBCMT:typinfo.obj
 0001:00005f75       ?raw_name@type_info@@QBEPBDXZ 04006f75 f   LIBCMT:typinfo.obj
 0001:00005f79       ??0type_info@@AAE@ABV0@@Z  04006f79 f   LIBCMT:typinfo.obj
 0001:00005f84       ??4type_info@@AAEAAV0@ABV0@@Z 04006f84 f   LIBCMT:typinfo.obj
 0001:00005f89       ??3@YAXPAX@Z               04006f89 f   LIBCMT:delete.obj
 0001:00005f94       _memcpy_s                  04006f94 f   LIBCMT:memcpy_s.obj
 0001:00006011       _memmove_s                 04007011 f   LIBCMT:memmove_s.obj
 0001:0000606e       _sprintf                   0400706e f   LIBCMT:sprintf.obj
 0001:000060eb       __sprintf_l                040070eb f   LIBCMT:sprintf.obj
 0001:00006107       _sprintf_s                 04007107 f   LIBCMT:sprintf.obj
 0001:00006125       __sprintf_s_l              04007125 f   LIBCMT:sprintf.obj
 0001:00006144       __snprintf_s               04007144 f   LIBCMT:sprintf.obj
 0001:00006165       __snprintf_s_l             04007165 f   LIBCMT:sprintf.obj
 0001:00006187       __sprintf_p                04007187 f   LIBCMT:sprintf.obj
 0001:000061a5       __sprintf_p_l              040071a5 f   LIBCMT:sprintf.obj
 0001:000061c4       __scprintf                 040071c4 f   LIBCMT:sprintf.obj
 0001:000061d9       __scprintf_p               040071d9 f   LIBCMT:sprintf.obj
 0001:000061ee       __scprintf_l               040071ee f   LIBCMT:sprintf.obj
 0001:00006207       __scprintf_p_l             04007207 f   LIBCMT:sprintf.obj
 0001:00006220       ??0_LocaleUpdate@@QAE@PAUlocaleinfo_struct@@@Z 04007220 f i LIBCMT:atof.obj
 0001:000062a7       ??1_LocaleUpdate@@QAE@XZ   040072a7 f i LIBCMT:atof.obj
 0001:000062b5       ?GetLocaleT@_LocaleUpdate@@QAEPAUlocaleinfo_struct@@XZ 040072b5 f i LIBCMT:atof.obj
 0001:000062b8       __atof_l                   040072b8 f   LIBCMT:atof.obj
 0001:00006363       _atof                      04007363 f   LIBCMT:atof.obj
 0001:00006376       ___strgtold12              04007376 f   LIBCMT:atof.obj
 0001:000063b8       ___STRINGTOLD              040073b8 f   LIBCMT:atof.obj
 0001:000063f1       __vsprintf_l               040073f1 f   LIBCMT:vsprintf.obj
 0001:0000646f       _vsprintf                  0400746f f   LIBCMT:vsprintf.obj
 0001:00006489       __vscprintf_helper         04007489 f   LIBCMT:vsprintf.obj
 0001:000064e0       __vscprintf                040074e0 f   LIBCMT:vsprintf.obj
 0001:000064fc       __vscprintf_l              040074fc f   LIBCMT:vsprintf.obj
 0001:00006519       __vscprintf_p              04007519 f   LIBCMT:vsprintf.obj
 0001:00006535       __vscprintf_p_l            04007535 f   LIBCMT:vsprintf.obj
 0001:00006560       _memset                    04007560 f   LIBCMT:memset.obj
 0001:000065da       _free                      040075da f   LIBCMT:free.obj
 0001:00006668       __initp_misc_invarg        04007668 f   LIBCMT:invarg.obj
 0001:00006677       __invoke_watson            04007677 f   LIBCMT:invarg.obj
 0001:0000679f       __set_invalid_parameter_handler 0400779f f   LIBCMT:invarg.obj
 0001:000067c6       __get_invalid_parameter_handler 040077c6 f   LIBCMT:invarg.obj
 0001:000067d3       ?_invoke_watson@@YAXPBG00II@Z 040077d3 f   LIBCMT:invarg.obj
 0001:000067de       __invalid_parameter        040077de f   LIBCMT:invarg.obj
 0001:00006804       __invalid_parameter_noinfo 04007804 f   LIBCMT:invarg.obj
 0001:00006814       ?_invalid_parameter@@YAXPBG00II@Z 04007814 f   LIBCMT:invarg.obj
 0001:0000681f       _V6_HeapAlloc              0400781f f   LIBCMT:malloc.obj
 0001:0000686e       __heap_alloc               0400786e f i LIBCMT:malloc.obj
 0001:000068e8       _malloc                    040078e8 f   LIBCMT:malloc.obj
 0001:000069c0       _memcpy                    040079c0 f   LIBCMT:memcpy.obj
 0001:00006d25       ??0bad_alloc@std@@QAE@XZ   04007d25 f i LIBCMT:new.obj
 0001:00006d40       ??2@YAPAXI@Z               04007d40 f   LIBCMT:new.obj
 0001:00006da5       __CxxThrowException@8      04007da5 f   LIBCMT:throw.obj
 0001:00006df1       _clock                     04007df1 f   LIBCMT:clock.obj
 0001:00006e36       ___inittime                04007e36 f   LIBCMT:clock.obj
 0001:00006e6f       ?_JumpToContinuation@@YGXPAXPAUEHRegistrationNode@@@Z 04007e6f f   LIBCMT:_trnsctrl_.obj
 0001:00006ea1       ?_CallMemberFunction0@@YGXPAX0@Z 04007ea1 f   LIBCMT:_trnsctrl_.obj
 0001:00006ea8       ?_CallMemberFunction1@@YGXPAX00@Z 04007ea8 f   LIBCMT:_trnsctrl_.obj
 0001:00006eaf       ?_CallMemberFunction2@@YGXPAX00H@Z 04007eaf f   LIBCMT:_trnsctrl_.obj
 0001:00006eb6       ?_UnwindNestedFrames@@YGXPAUEHRegistrationNode@@PAUEHExceptionRecord@@@Z 04007eb6 f   LIBCMT:_trnsctrl_.obj
 0001:00006f0a       ___CxxFrameHandler         04007f0a f   LIBCMT:_trnsctrl_.obj
 0001:00006f40       ___CxxFrameHandler3        04007f40 f   LIBCMT:_trnsctrl_.obj
 0001:00006f76       ___CxxFrameHandler2        04007f76 f   LIBCMT:_trnsctrl_.obj
 0001:00006fac       ___CxxLongjmpUnwind@4      04007fac f   LIBCMT:_trnsctrl_.obj
 0001:00006ffe       ?_CallSETranslator@@YAHPAUEHExceptionRecord@@PAUEHRegistrationNode@@PAX2PBU_s_FuncInfo@@H1@Z 04007ffe f   LIBCMT:_trnsctrl_.obj
 0001:00007174       ?_GetRangeOfTrysToCheck@@YAPBU_s_TryBlockMapEntry@@PBU_s_FuncInfo@@HHPAI1@Z 04008174 f   LIBCMT:_trnsctrl_.obj
 0001:000071e9       __CreateFrameInfo          040081e9 f   LIBCMT:_trnsctrl_.obj
 0001:00007215       __IsExceptionObjectToBeDestroyed 04008215 f   LIBCMT:_trnsctrl_.obj
 0001:0000723c       __FindAndUnlinkFrame       0400823c f   LIBCMT:_trnsctrl_.obj
 0001:0000728e       ?_CallCatchBlock2@@YAPAXPAUEHRegistrationNode@@PBU_s_FuncInfo@@PAXHK@Z 0400828e f   LIBCMT:_trnsctrl_.obj
 0001:000072f0       __ftol2_sse                040082f0 f   LIBCMT:ftol2.obj
 0001:000072f9       __ftol2_pentium4           040082f9 f   LIBCMT:ftol2.obj
 0001:0000730c       __ftol2_sse_excpt          0400830c f   LIBCMT:ftol2.obj
 0001:00007326       __ftol2                    04008326 f   LIBCMT:ftol2.obj
 0001:0000739b       _atol                      0400839b f   LIBCMT:atox.obj
 0001:000073b1       __atol_l                   040083b1 f   LIBCMT:atox.obj
 0001:000073ca       _atoi                      040083ca f   LIBCMT:atox.obj
 0001:000073d5       __atoi_l                   040083d5 f   LIBCMT:atox.obj
 0001:000073e0       __atoi64                   040083e0 f   LIBCMT:atox.obj
 0001:000073f6       __atoi64_l                 040083f6 f   LIBCMT:atox.obj
 0001:00007410       _strncpy                   04008410 f   LIBCMT:strncpy.obj
 0001:00007534       __purecall                 04008534 f   LIBCMT:purevirt.obj
 0001:0000755e       __set_purecall_handler     0400855e f   LIBCMT:purevirt.obj
 0001:00007585       __get_purecall_handler     04008585 f   LIBCMT:purevirt.obj
 0001:00007592       _srand                     04008592 f   LIBCMT:rand.obj
 0001:000075a4       _rand                      040085a4 f   LIBCMT:rand.obj
 0001:00007680       ___onexitinit              04008680 f   LIBCMT:onexit.obj
 0001:000076b1       __onexit                   040086b1 f   LIBCMT:onexit.obj
 0001:000076ed       _atexit                    040086ed f   LIBCMT:onexit.obj
 0001:00007704       __CRT_INIT@12              04008704 f   LIBCMT:dllcrt0.obj
 0001:0000792f       __DllMainCRTStartup@12     0400892f f   LIBCMT:dllcrt0.obj
 0001:00007960       _strlen                    04008960 f   LIBCMT:strlen.obj
 0001:000079eb       @__security_check_cookie@4 040089eb f   LIBCMT:secchk.obj
 0001:000079fa       __EH_prolog3               040089fa f   LIBCMT:ehprolg3.obj
 0001:00007a2d       __EH_prolog3_catch         04008a2d f   LIBCMT:ehprolg3.obj
 0001:00007a63       __EH_prolog3_GS            04008a63 f   LIBCMT:ehprolg3.obj
 0001:00007a99       __EH_prolog3_catch_GS      04008a99 f   LIBCMT:ehprolg3.obj
 0001:00007ad2       __EH_epilog3               04008ad2 f   LIBCMT:ehprolg3.obj
 0001:00007ae6       __EH_epilog3_GS            04008ae6 f   LIBCMT:ehprolg3.obj
 0001:00007af5       __EH_epilog3_catch_GS      04008af5 f   LIBCMT:ehprolg3.obj
 0001:00007b10       __aulldiv                  04008b10 f   LIBCMT:ulldiv.obj
 0001:00007b78       ?strrchr@@YAPADPADH@Z      04008b78 f i LIBCMT:cvt.obj
 0001:00007b83       __invoke_watson_if_error   04008b83 f i LIBCMT:cvt.obj
 0001:00007ba7       __forcdecpt_l              04008ba7 f   LIBCMT:cvt.obj
 0001:00007c1a       __cropzeros_l              04008c1a f   LIBCMT:cvt.obj
 0001:00007c9c       __positive                 04008c9c f   LIBCMT:cvt.obj
 0001:00007cb8       __fassign_l                04008cb8 f   LIBCMT:cvt.obj
 0001:00007cfa       __fassign                  04008cfa f   LIBCMT:cvt.obj
 0001:00007d33       __forcdecpt                04008d33 f   LIBCMT:cvt.obj
 0001:00007d46       __cropzeros                04008d46 f   LIBCMT:cvt.obj
 0001:00007ec8       __cftoe_l                  04008ec8 f   LIBCMT:cvt.obj
 0001:00007f98       __cftoe                    04008f98 f   LIBCMT:cvt.obj
 0001:00007fb8       __cftoa_l                  04008fb8 f   LIBCMT:cvt.obj
 0001:0000832b       __cftoa                    0400932b f   LIBCMT:cvt.obj
[...]
 0001:000070d5       ?TranslatorGuardHandler@@YA?AW4_EXCEPTION_DISPOSITION@@PAUEHExceptionRecord@@PAUTranslatorGuardRN@@PAX2@Z 040080d5 f   LIBCMT:_trnsctrl_.obj
 0001:000075c6       __onexit_nolock            040085c6 f   LIBCMT:onexit.obj
 0001:00007839       ___DllMainCRTStartup       04008839 f   LIBCMT:dllcrt0.obj
 0001:00007d14       __shift                    04008d14 f   LIBCMT:cvt.obj
 0001:00007d59       __cftoe2_l                 04008d59 f   LIBCMT:cvt.obj
 0001:0000834b       __cftof2_l                 0400934b f   LIBCMT:cvt.obj
 0001:000098e9       _write_char                0400a8e9 f   LIBCMT:output.obj
 0001:0000991c       _write_multi_char          0400a91c f   LIBCMT:output.obj
 0001:00009942       _write_string              0400a942 f   LIBCMT:output.obj
 0001:0000a89f       ?CPtoLCID@@YAHH@Z          0400b89f f   LIBCMT:mbctype.obj
 0001:0000a8ce       ?setSBCS@@YAXPAUthreadmbcinfostruct@@@Z 0400b8ce f   LIBCMT:mbctype.obj
 0001:0000a932       ?setSBUpLow@@YAXPAUthreadmbcinfostruct@@@Z 0400b932 f   LIBCMT:mbctype.obj
 0001:0000ab69       ?getSystemCP@@YAHH@Z       0400bb69 f   LIBCMT:mbctype.obj
 0001:0000b23d       __copytlocinfo_nolock      0400c23d f   LIBCMT:setlocal.obj
 0001:0000b263       __updatetlocinfoEx_nolock  0400c263 f   LIBCMT:setlocal.obj
 0001:0000b381       _sync_legacy_variables_lk  0400c381 f   LIBCMT:setlocal.obj
 0001:0000b72e       __setlocale_get_all        0400c72e f   LIBCMT:setlocal.obj
 0001:0000badc       __setlocale_set_cat        0400cadc f   LIBCMT:setlocal.obj
 0001:0000bdde       __setlocale_nolock         0400cdde f   LIBCMT:setlocal.obj
 0001:0000d8ef       _write_char                0400e8ef f   LIBCMT:outputp.obj
 0001:0000d922       _write_multi_char          0400e922 f   LIBCMT:outputp.obj
 0001:0000d948       _write_string              0400e948 f   LIBCMT:outputp.obj
 0001:0000ec6a       _fastzero_I                0400fc6a f   LIBCMT:p4_memset.obj
 0001:0000ed50       _has_osfxsr_set            0400fd50 f   LIBCMT:cpu_disp.obj
 0001:00010100       _ValidateLocalCookies      04011100 f   LIBCMT:chandler4.obj
 0001:00010372       __initterm                 04011372 f   LIBCMT:crt0dat.obj
 0001:000104b0       _doexit                    040114b0 f   LIBCMT:crt0dat.obj
 0001:00010901       _fastcopy_I                04011901 f   LIBCMT:p4_memcpy.obj
 0001:00010c7d       ?ExFilterRethrow@@YAHPAU_EXCEPTION_POINTERS@@@Z 04011c7d f   LIBCMT:frame.obj
 0001:00011071       ?IsInExceptionSpec@@YAEPAUEHExceptionRecord@@PBU_s_ESTypeList@@@Z 04012071 f   LIBCMT:frame.obj
 0001:000110ec       ?CallUnexpected@@YAXPBU_s_ESTypeList@@@Z 040120ec f   LIBCMT:frame.obj
 0001:0001111d       __catch$?CallUnexpected@@YAXPBU_s_ESTypeList@@@Z$0 0401211d f   LIBCMT:frame.obj
 0001:00011135       ?Is_bad_exception_allowed@@YAEPBU_s_ESTypeList@@@Z 04012135 f   LIBCMT:frame.obj
 0001:000111ed       ?CallCatchBlock@@YAPAXPAUEHExceptionRecord@@PAUEHRegistrationNode@@PAU_CONTEXT@@PBU_s_FuncInfo@@PAXHK@Z 040121ed f   LIBCMT:frame.obj
 0001:000116df       ?CatchIt@@YAXPAUEHExceptionRecord@@PAUEHRegistrationNode@@PAU_CONTEXT@@PAXPBU_s_FuncInfo@@PBU_s_HandlerType@@PBU_s_CatchableType@@PBU_s_TryBlockMapEntry@@H1E@Z 040126df f   LIBCMT:frame.obj
 0001:0001174d       ?FindHandlerForForeignException@@YAXPAUEHExceptionRecord@@PAUEHRegistrationNode@@PAU_CONTEXT@@PAXPBU_s_FuncInfo@@HH1@Z 0401274d f   LIBCMT:frame.obj
 0001:00011841       ?FindHandler@@YAXPAUEHExceptionRecord@@PAUEHRegistrationNode@@PAU_CONTEXT@@PAXPBU_s_FuncInfo@@EH1@Z 04012841 f   LIBCMT:frame.obj
 0001:00011d6c       ?strtoxl@@YAKPAUlocaleinfo_struct@@PBDPAPBDHH@Z 04012d6c f   LIBCMT:strtol.obj
 0001:0001202c       ?strtoxq@@YA_KPAUlocaleinfo_struct@@PBDPAPBDHH@Z 0401302c f   LIBCMT:strtoq.obj
 0001:00012bb8       _parse_cmdline             04013bb8 f   LIBCMT:stdargv.obj
 0001:00012f91       _xcptlookup                04013f91 f   LIBCMT:winxfltr.obj
 0001:00014c5d       ?und_strlen@@YAIPBD@Z      04015c5d f   LIBCMT:undname.obj
 0001:00014c6b       ?und_memcpy@@YAXPADPBDI@Z  04015c6b f   LIBCMT:undname.obj
 0001:00014c81       ?und_strncmp@@YAIPBD0I@Z   04015c81 f   LIBCMT:undname.obj
 0001:000195f8       __unwind_handler4          0401a5f8 f   LIBCMT:exsup4.obj
 0001:0001a9f5       _write_char                0401b9f5 f   LIBCMT:outputs.obj
 0001:0001aa28       _write_multi_char          0401ba28 f   LIBCMT:outputs.obj
 0001:0001aa4e       _write_string              0401ba4e f   LIBCMT:outputs.obj
 0001:0001b6a1       ?strncnt@@YAHPBDH@Z        0401c6a1 f   LIBCMT:a_map.obj
 0001:0001b6bf       ?__crtLCMapStringA_stat@@YAHPAUlocaleinfo_struct@@KKPBDHPADHHH@Z 0401c6bf f   LIBCMT:a_map.obj
 0001:0001baa9       ?__crtGetStringTypeA_stat@@YAHPAUlocaleinfo_struct@@KPBDHPAGHHH@Z 0401caa9 f   LIBCMT:a_str.obj
 0001:0001bcd4       __get_lc_time              0401ccd4 f   LIBCMT:inittime.obj
 0001:0001c2fd       _fix_grouping              0401d2fd f   LIBCMT:initnum.obj
 0001:0001c53f       _fix_grouping              0401d53f f   LIBCMT:initmon.obj
 0001:0001d294       ?_store_str@@YAXPADPAPADPAI@Z 0401e294 f   LIBCMT:strftime.obj
 0001:0001d2b4       ?_store_number@@YAXHPAPADPAI@Z 0401e2b4 f   LIBCMT:strftime.obj
 0001:0001d2ea       ?_store_num@@YAXHHPAPADPAII@Z 0401e2ea f   LIBCMT:strftime.obj
 0001:0001d365       ?_expandtime@@YAHPAUlocaleinfo_struct@@DPBUtm@@PAPADPAIPAU__lc_time_data@@I@Z 0401e365 f   LIBCMT:strftime.obj
 0001:0001d74d       ?_store_winword@@YAHPAUlocaleinfo_struct@@HPBUtm@@PAPADPAIPAU__lc_time_data@@@Z 0401e74d f   LIBCMT:strftime.obj
 0001:0001df4b       _TranslateName             0401ef4b f   LIBCMT:getqloc.obj
 0001:0001dfad       _GetLcidFromDefault        0401efad f   LIBCMT:getqloc.obj
 0001:0001dfc1       _ProcessCodePage           0401efc1 f   LIBCMT:getqloc.obj
 0001:0001e065       _TestDefaultCountry        0401f065 f   LIBCMT:getqloc.obj
 0001:0001e089       _LcidFromHexString         0401f089 f   LIBCMT:getqloc.obj
 0001:0001e0bd       _GetPrimaryLen             0401f0bd f   LIBCMT:getqloc.obj
 0001:0001e0d8       _CountryEnumProc@4         0401f0d8 f   LIBCMT:getqloc.obj
 0001:0001e170       _TestDefaultLanguage       0401f170 f   LIBCMT:getqloc.obj
 0001:0001e1e4       _LangCountryEnumProc@4     0401f1e4 f   LIBCMT:getqloc.obj
 0001:0001e3b6       _LanguageEnumProc@4        0401f3b6 f   LIBCMT:getqloc.obj
 0001:0001e477       _GetLcidFromCountry        0401f477 f   LIBCMT:getqloc.obj
 0001:0001e4a3       _GetLcidFromLangCountry    0401f4a3 f   LIBCMT:getqloc.obj
 0001:0001e50a       _GetLcidFromLanguage       0401f50a f   LIBCMT:getqloc.obj
 0001:0001e737       _cmpResult                 0401f737 f   LIBCMT:memcmp.obj
 0001:0001e749       _cmpBYTE                   0401f749 f   LIBCMT:memcmp.obj
 0001:0001e761       _cmpWORD                   0401f761 f   LIBCMT:memcmp.obj
 0001:0001e7a1       _cmpDWORD                  0401f7a1 f   LIBCMT:memcmp.obj
 0001:0001e819       _unaligned_memcmp          0401f819 f   LIBCMT:memcmp.obj
 0001:00022b5b       _ctrlevent_capture@4       04023b5b f   LIBCMT:winsig.obj
 0001:00022bf6       _siglookup                 04023bf6 f   LIBCMT:winsig.obj
 0001:00023370       __unwind_handler           04024370 f   LIBCMT:exsup.obj
 0001:00023487       ?__crtGetLocaleInfoW_stat@@YAHPAUlocaleinfo_struct@@KKPA_WHH@Z 04024487 f   LIBCMT:w_loc.obj
 0001:000234d4       ?__crtGetLocaleInfoA_stat@@YAHPAUlocaleinfo_struct@@KKPADHH@Z 040244d4 f   LIBCMT:a_loc.obj
 0001:00023a04       ?x_ismbbtype_l@@YAHPAUlocaleinfo_struct@@IHH@Z 04024a04 f   LIBCMT:ismbbyte.obj
 0001:0002465a       __abstract_cw              0402565a f   LIBCMT:_ieee87_.obj
 0001:000246f9       __hw_cw                    040256f9 f   LIBCMT:_ieee87_.obj
 0001:00024787       __abstract_sw              04025787 f   LIBCMT:_ieee87_.obj
 0001:000247ca       ___abstract_cw_sse2        040257ca f   LIBCMT:_ieee87_.obj
 0001:0002486a       ___hw_cw_sse2              0402586a f   LIBCMT:_ieee87_.obj
 0001:0002490a       ___abstract_sw_sse2        0402590a f   LIBCMT:_ieee87_.obj
 0001:0002494d       ___fpreset_sse2            0402594d f   LIBCMT:_ieee87_.obj
 0001:00024a23       ___statusfp_sse2           04025a23 f   LIBCMT:_ieee87_.obj
 0001:00024a5e       ___clearfp_sse2            04025a5e f   LIBCMT:_ieee87_.obj
 0001:00024aae       ___control87_sse2          04025aae f   LIBCMT:_ieee87_.obj
 0001:00025bbd       __get_fname                04026bbd f   LIBCMT:_fpexcept_.obj
 0001:00026a2a       _flsall                    04027a2a f   LIBCMT:fflush.obj
 0001:00027246       __tzset_nolock             04028246 f   LIBCMT:tzset.obj
 0001:0002758c       _cvtdate                   0402858c f   LIBCMT:tzset.obj
 0001:00027783       __isindst_nolock           04028783 f   LIBCMT:tzset.obj
 0001:00027cd3       _xtoa_s@20                 04028cd3 f   LIBCMT:xtoas.obj
 0001:00027e1b       @x64toa_s@24               04028e1b f   LIBCMT:xtoas.obj
 0001:00028371       ?__crtGetStringTypeW_stat@@YAHPAUlocaleinfo_struct@@KPB_WHPAGHH@Z 04029371 f   LIBCMT:w_str.obj
 0001:00028459       __getenv_s_helper          04029459 f   LIBCMT:getenv.obj
 0001:000284ee       __dupenv_s_helper          040294ee f   LIBCMT:getenv.obj
 0001:00028bd7       ?strncnt@@YAHPBDH@Z        04029bd7 f   LIBCMT:a_cmp.obj
 0001:00028bf5       ?__crtCompareStringA_stat@@YAHPAUlocaleinfo_struct@@KKPBDH1HH@Z 04029bf5 f   LIBCMT:a_cmp.obj
 0001:000290ca       _findenv                   0402a0ca f   LIBCMT:setenv.obj
 0001:0002911c       _copy_environ              0402a11c f   LIBCMT:setenv.obj
 0001:000297a0       __ehhandler$?_Copy@?$basic_string@DU?$char_traits@D@std@@V?$allocator@D@2@@std@@IAEXII@Z 0402a7a0 f   MQ2NetAdvPath.obj
 0001:000297b0       __unwindfunclet$??0logic_error@std@@QAE@ABV?$basic_string@DU?$char_traits@D@std@@V?$allocator@D@2@@1@@Z$0 0402a7b0 f   MQ2NetAdvPath.obj
 0001:000297b8       __ehhandler$??0logic_error@std@@QAE@ABV?$basic_string@DU?$char_traits@D@std@@V?$allocator@D@2@@1@@Z 0402a7b8 f   MQ2NetAdvPath.obj
 0001:000297d0       __unwindfunclet$??0?$list@UPosition@@V?$allocator@UPosition@@@std@@@std@@QAE@XZ$0 0402a7d0 f   MQ2NetAdvPath.obj
 0001:000297d8       __ehhandler$??0?$list@UPosition@@V?$allocator@UPosition@@@std@@@std@@QAE@XZ 0402a7d8 f   MQ2NetAdvPath.obj
 0001:000297f0       __unwindfunclet$??0?$_Tree@V?$_Tmap_traits@V?$basic_string@DU?$char_traits@D@std@@V?$allocator@D@2@@std@@KU?$less@V?$basic_string@DU?$char_traits@D@std@@V?$allocator@D@2@@std@@@2@V?$allocator@U?$pair@$$CBV?$basic_string@DU?$char_traits@D@std@@V?$allocator@D@2@@std@@K@std@@@2@$0A@@std@@@std@@QAE@ABU?$less@V?$basic_string@DU?$char_traits@D@std@@V?$allocator@D@2@@std@@@1@ABV?$allocator@U?$pair@$$CBV?$basic_string@DU?$char_traits@D@std@@V?$allocator@D@2@@std@@K@std@@@1@@Z$0 0402a7f0 f   MQ2NetAdvPath.obj
 0001:000297f8       __ehhandler$??0?$_Tree@V?$_Tmap_traits@V?$basic_string@DU?$char_traits@D@std@@V?$allocator@D@2@@std@@KU?$less@V?$basic_string@DU?$char_traits@D@std@@V?$allocator@D@2@@std@@@2@V?$allocator@U?$pair@$$CBV?$basic_string@DU?$char_traits@D@std@@V?$allocator@D@2@@std@@K@std@@@2@$0A@@std@@@std@@QAE@ABU?$less@V?$basic_string@DU?$char_traits@D@std@@V?$allocator@D@2@@std@@@1@ABV?$allocator@U?$pair@$$CBV?$basic_string@DU?$char_traits@D@std@@V?$allocator@D@2@@std@@K@std@@@1@@Z 0402a7f8 f   MQ2NetAdvPath.obj
 0001:00029810       __unwindfunclet$?_Incsize@?$list@UPosition@@V?$allocator@UPosition@@@std@@@std@@IAEXI@Z$0 0402a810 f   MQ2NetAdvPath.obj
 0001:00029818       __ehhandler$?_Incsize@?$list@UPosition@@V?$allocator@UPosition@@@std@@@std@@IAEXI@Z 0402a818 f   MQ2NetAdvPath.obj
 0001:00029830       __unwindfunclet$??0logic_error@std@@QAE@ABV01@@Z$0 0402a830 f   MQ2NetAdvPath.obj
 0001:00029838       __ehhandler$??0logic_error@std@@QAE@ABV01@@Z 0402a838 f   MQ2NetAdvPath.obj
 0001:00029850       __unwindfunclet$?erase@?$_Tree@V?$_Tmap_traits@V?$basic_string@DU?$char_traits@D@std@@V?$allocator@D@2@@std@@KU?$less@V?$basic_string@DU?$char_traits@D@std@@V?$allocator@D@2@@std@@@2@V?$allocator@U?$pair@$$CBV?$basic_string@DU?$char_traits@D@std@@V?$allocator@D@2@@std@@K@std@@@2@$0A@@std@@@std@@QAE?AViterator@12@Vconst_iterator@12@@Z$0 0402a850 f   MQ2NetAdvPath.obj
 0001:00029858       __ehhandler$?erase@?$_Tree@V?$_Tmap_traits@V?$basic_string@DU?$char_traits@D@std@@V?$allocator@D@2@@std@@KU?$less@V?$basic_string@DU?$char_traits@D@std@@V?$allocator@D@2@@std@@@2@V?$allocator@U?$pair@$$CBV?$basic_string@DU?$char_traits@D@std@@V?$allocator@D@2@@std@@K@std@@@2@$0A@@std@@@std@@QAE?AViterator@12@Vconst_iterator@12@@Z 0402a858 f   MQ2NetAdvPath.obj
 0001:00029870       __unwindfunclet$?_Buynode@?$_Tree@V?$_Tmap_traits@V?$basic_string@DU?$char_traits@D@std@@V?$allocator@D@2@@std@@KU?$less@V?$basic_string@DU?$char_traits@D@std@@V?$allocator@D@2@@std@@@2@V?$allocator@U?$pair@$$CBV?$basic_string@DU?$char_traits@D@std@@V?$allocator@D@2@@std@@K@std@@@2@$0A@@std@@@std@@IAEPAU_Node@?$_Tree_nod@V?$_Tmap_traits@V?$basic_string@DU?$char_traits@D@std@@V?$allocator@D@2@@std@@KU?$less@V?$basic_string@DU?$char_traits@D@std@@V?$allocator@D@2@@std@@@2@V?$allocator@U?$pair@$$CBV?$basic_string@DU?$char_traits@D@std@@V?$allocator@D@2@@std@@K@std@@@2@$0A@@std@@@2@PAU342@00ABU?$pair@$$CBV?$basic_string@DU?$char_traits@D@std@@V?$allocator@D@2@@std@@K@2@D@Z$2 0402a870 f   MQ2NetAdvPath.obj
 0001:00029881       __ehhandler$?_Buynode@?$_Tree@V?$_Tmap_traits@V?$basic_string@DU?$char_traits@D@std@@V?$allocator@D@2@@std@@KU?$less@V?$basic_string@DU?$char_traits@D@std@@V?$allocator@D@2@@std@@@2@V?$allocator@U?$pair@$$CBV?$basic_string@DU?$char_traits@D@std@@V?$allocator@D@2@@std@@K@std@@@2@$0A@@std@@@std@@IAEPAU_Node@?$_Tree_nod@V?$_Tmap_traits@V?$basic_string@DU?$char_traits@D@std@@V?$allocator@D@2@@std@@KU?$less@V?$basic_string@DU?$char_traits@D@std@@V?$allocator@D@2@@std@@@2@V?$allocator@U?$pair@$$CBV?$basic_string@DU?$char_traits@D@std@@V?$allocator@D@2@@std@@K@std@@@2@$0A@@std@@@2@PAU342@00ABU?$pair@$$CBV?$basic_string@DU?$char_traits@D@std@@V?$allocator@D@2@@std@@K@2@D@Z 0402a881 f   MQ2NetAdvPath.obj
 0001:00029890       __unwindfunclet$?_Insert@?$_Tree@V?$_Tmap_traits@V?$basic_string@DU?$char_traits@D@std@@V?$allocator@D@2@@std@@KU?$less@V?$basic_string@DU?$char_traits@D@std@@V?$allocator@D@2@@std@@@2@V?$allocator@U?$pair@$$CBV?$basic_string@DU?$char_traits@D@std@@V?$allocator@D@2@@std@@K@std@@@2@$0A@@std@@@std@@IAE?AViterator@12@_NPAU_Node@?$_Tree_nod@V?$_Tmap_traits@V?$basic_string@DU?$char_traits@D@std@@V?$allocator@D@2@@std@@KU?$less@V?$basic_string@DU?$char_traits@D@std@@V?$allocator@D@2@@std@@@2@V?$allocator@U?$pair@$$CBV?$basic_string@DU?$char_traits@D@std@@V?$allocator@D@2@@std@@K@std@@@2@$0A@@std@@@2@ABU?$pair@$$CBV?$basic_string@DU?$char_traits@D@std@@V?$allocator@D@2@@std@@K@2@@Z$0 0402a890 f   MQ2NetAdvPath.obj
 0001:00029898       __ehhandler$?_Insert@?$_Tree@V?$_Tmap_traits@V?$basic_string@DU?$char_traits@D@std@@V?$allocator@D@2@@std@@KU?$less@V?$basic_string@DU?$char_traits@D@std@@V?$allocator@D@2@@std@@@2@V?$allocator@U?$pair@$$CBV?$basic_string@DU?$char_traits@D@std@@V?$allocator@D@2@@std@@K@std@@@2@$0A@@std@@@std@@IAE?AViterator@12@_NPAU_Node@?$_Tree_nod@V?$_Tmap_traits@V?$basic_string@DU?$char_traits@D@std@@V?$allocator@D@2@@std@@KU?$less@V?$basic_string@DU?$char_traits@D@std@@V?$allocator@D@2@@std@@@2@V?$allocator@U?$pair@$$CBV?$basic_string@DU?$char_traits@D@std@@V?$allocator@D@2@@std@@K@std@@@2@$0A@@std@@@2@ABU?$pair@$$CBV?$basic_string@DU?$char_traits@D@std@@V?$allocator@D@2@@std@@K@2@@Z 0402a898 f   MQ2NetAdvPath.obj
 0001:000298b0       __unwindfunclet$??A?$map@V?$basic_string@DU?$char_traits@D@std@@V?$allocator@D@2@@std@@KU?$less@V?$basic_string@DU?$char_traits@D@std@@V?$allocator@D@2@@std@@@2@V?$allocator@U?$pair@$$CBV?$basic_string@DU?$char_traits@D@std@@V?$allocator@D@2@@std@@K@std@@@2@@std@@QAEAAKABV?$basic_string@DU?$char_traits@D@std@@V?$allocator@D@2@@1@@Z$0 0402a8b0 f   MQ2NetAdvPath.obj
 0001:000298b8       __ehhandler$??A?$map@V?$basic_string@DU?$char_traits@D@std@@V?$allocator@D@2@@std@@KU?$less@V?$basic_string@DU?$char_traits@D@std@@V?$allocator@D@2@@std@@@2@V?$allocator@U?$pair@$$CBV?$basic_string@DU?$char_traits@D@std@@V?$allocator@D@2@@std@@K@std@@@2@@std@@QAEAAKABV?$basic_string@DU?$char_traits@D@std@@V?$allocator@D@2@@1@@Z 0402a8b8 f   MQ2NetAdvPath.obj
 0001:000298d0       __unwindfunclet$??1?$_Tree@V?$_Tmap_traits@V?$basic_string@DU?$char_traits@D@std@@V?$allocator@D@2@@std@@KU?$less@V?$basic_string@DU?$char_traits@D@std@@V?$allocator@D@2@@std@@@2@V?$allocator@U?$pair@$$CBV?$basic_string@DU?$char_traits@D@std@@V?$allocator@D@2@@std@@K@std@@@2@$0A@@std@@@std@@QAE@XZ$0 0402a8d0 f   MQ2NetAdvPath.obj
 0001:000298d8       __ehhandler$??1?$_Tree@V?$_Tmap_traits@V?$basic_string@DU?$char_traits@D@std@@V?$allocator@D@2@@std@@KU?$less@V?$basic_string@DU?$char_traits@D@std@@V?$allocator@D@2@@std@@@2@V?$allocator@U?$pair@$$CBV?$basic_string@DU?$char_traits@D@std@@V?$allocator@D@2@@std@@K@std@@@2@$0A@@std@@@std@@QAE@XZ 0402a8d8 f   MQ2NetAdvPath.obj
 0001:000298f0       __unwindfunclet$?AddMember@MQ2Type@MQ2Internal@@IAEHKPAD@Z$0 0402a8f0 f   MQ2NetAdvPath.obj
 0001:000298f8       __unwindfunclet$?AddMember@MQ2Type@MQ2Internal@@IAEHKPAD@Z$1 0402a8f8 f   MQ2NetAdvPath.obj
 0001:00029900       __ehhandler$?AddMember@MQ2Type@MQ2Internal@@IAEHKPAD@Z 0402a900 f   MQ2NetAdvPath.obj
 0001:00029910       __unwindfunclet$??0MQ2Type@MQ2Internal@@QAE@PAD@Z$0 0402a910 f   MQ2NetAdvPath.obj
 0001:0002991b       __ehhandler$??0MQ2Type@MQ2Internal@@QAE@PAD@Z 0402a91b f   MQ2NetAdvPath.obj
 0001:00029930       __unwindfunclet$??1MQ2Type@MQ2Internal@@QAE@XZ$0 0402a930 f   MQ2NetAdvPath.obj
 0001:0002993b       __ehhandler$??1MQ2Type@MQ2Internal@@QAE@XZ 0402a93b f   MQ2NetAdvPath.obj
 0001:00029950       __unwindfunclet$??0MQ2NetAdvPathType@@QAE@XZ$0 0402a950 f   MQ2NetAdvPath.obj
 0001:00029958       __ehhandler$??0MQ2NetAdvPathType@@QAE@XZ 0402a958 f   MQ2NetAdvPath.obj
 0001:00029970       __unwindfunclet$?FindMember@MQ2Type@MQ2Internal@@QAEPAU_MQ2TypeMember@2@PAD@Z$0 0402a970 f   MQ2NetAdvPath.obj
 0001:00029978       __ehhandler$?FindMember@MQ2Type@MQ2Internal@@QAEPAU_MQ2TypeMember@2@PAD@Z 0402a978 f   MQ2NetAdvPath.obj
 0001:00029982       __unwindfunclet$?_Xlen@_String_base@std@@SAXXZ$0 0402a982 f   libcpmt:string.obj
 0001:0002998a       __ehhandler$?_Xlen@_String_base@std@@SAXXZ 0402a98a f   libcpmt:string.obj
 0001:000299a5       __unwindfunclet$?_Xran@_String_base@std@@SAXXZ$0 0402a9a5 f   libcpmt:string.obj
 0001:000299ad       __ehhandler$?_Xran@_String_base@std@@SAXXZ 0402a9ad f   libcpmt:string.obj
 0001:000299c8       __unwindfunclet$?_Xinvarg@_String_base@std@@SAXXZ$0 0402a9c8 f   libcpmt:string.obj
 0001:000299d0       __ehhandler$?_Xinvarg@_String_base@std@@SAXXZ 0402a9d0 f   libcpmt:string.obj
 0001:000299eb       __ehhandler$?CallUnexpected@@YAXPBU_s_ESTypeList@@@Z 0402a9eb f   LIBCMT:frame.obj
 0001:00029a10       ??__EFollowPath@@YAXXZ     0402aa10 f   MQ2NetAdvPath.obj
 0001:00029a30       ??__EthisClock@@YAXXZ      0402aa30 f   MQ2NetAdvPath.obj
 0001:00029a40       ??__ElastClock@@YAXXZ      0402aa40 f   MQ2NetAdvPath.obj
 0001:00029a50       ??__FFollowPath@@YAXXZ     0402aa50 f   MQ2NetAdvPath.obj
 0001:00029a67       ??__Fnomem@?5???2@YAPAXI@Z@YAXXZ 0402aa67 f   LIBCMT:new.obj

 Exports

  ordinal    name

        1    ?MQ2Version@@3MA (float MQ2Version)
        2    _InitializePlugin
               exported name: InitializePlugin
        3    _OnEndZone
               exported name: OnEndZone
        4    _OnIncomingChat
               exported name: OnIncomingChat
        5    _OnPulse
               exported name: OnPulse
        6    _OnRemoveSpawn
               exported name: OnRemoveSpawn
        7    _ShutdownPlugin
               exported name: ShutdownPlugin
