 MQ2EQBC

 Timestamp is 4d435c39 (Fri Jan 28 19:15:53 2011)

 Preferred load address is 04000000

 Start         Length     Name                   Class
 0001:00000000 00036727H .text                   CODE
 0001:00036730 00000dceH .text$x                 CODE
 0001:00037500 000000d1H .text$yc                CODE
 0001:000375e0 000000a6H .text$yd                CODE
 0002:00000000 00000290H .idata$5                DATA
 0002:00000290 00000004H .CRT$XCA                DATA
 0002:00000294 0000000cH .CRT$XCC                DATA
 0002:000002a0 00000014H .CRT$XCU                DATA
 0002:000002b4 00000004H .CRT$XCZ                DATA
 0002:000002b8 00000004H .CRT$XIA                DATA
 0002:000002bc 00000014H .CRT$XIC                DATA
 0002:000002d0 00000004H .CRT$XID                DATA
 0002:000002d4 00000004H .CRT$XIZ                DATA
 0002:000002d8 00000004H .CRT$XPA                DATA
 0002:000002dc 00000004H .CRT$XPX                DATA
 0002:000002e0 00000004H .CRT$XPXA               DATA
 0002:000002e4 00000004H .CRT$XPZ                DATA
 0002:000002e8 00000004H .CRT$XTA                DATA
 0002:000002ec 00000004H .CRT$XTZ                DATA
 0002:000002f0 00004788H .rdata                  DATA
 0002:00004a78 00000066H .rdata$debug            DATA
 0002:00004ae0 00000910H .rdata$r                DATA
 0002:000053f0 00000194H .rdata$sxdata           DATA
 0002:00005584 00000004H .rtc$IAA                DATA
 0002:00005588 00000004H .rtc$IZZ                DATA
 0002:0000558c 00000004H .rtc$TAA                DATA
 0002:00005590 00000004H .rtc$TZZ                DATA
 0002:00005598 00001f9cH .xdata$x                DATA
 0002:00007534 0000003cH .idata$2                DATA
 0002:00007570 00000014H .idata$3                DATA
 0002:00007584 00000290H .idata$4                DATA
 0002:00007814 00000d7aH .idata$6                DATA
 0002:00008590 00000119H .edata                  DATA
 0003:00000000 00001a30H .data                   DATA
 0003:00001a40 00004a28H .bss                    DATA

  Address         Publics by Value              Rva+Base       Lib:Object

 0000:00000000       __except_list              00000000     <absolute>
 0000:00000065       ___safe_se_handler_count   00000065     <absolute>
 0000:00000000       ___ImageBase               04000000     <linker-defined>
 0001:00000000       ?strchr@@YAPADPADH@Z       04001000 f i MQ2EQBC.obj
 0001:00000010       ??0bad_alloc@std@@QAE@PBD@Z 04001010 f i MQ2EQBC.obj
 0001:00000030       ??1bad_alloc@std@@UAE@XZ   04001030 f i MQ2EQBC.obj
 0001:00000040       ??_Ebad_alloc@std@@UAEPAXI@Z 04001040 f i MQ2EQBC.obj
 0001:00000040       ??_Gbad_alloc@std@@UAEPAXI@Z 04001040 f i MQ2EQBC.obj
 0001:00000070       ??2@YAPAXIPAX@Z            04001070 f i MQ2EQBC.obj
 0001:00000080       ??3@YAXPAX0@Z              04001080 f i MQ2EQBC.obj
 0001:00000090       ?assign@?$char_traits@D@std@@SAXAADABD@Z 04001090 f i MQ2EQBC.obj
 0001:000000a0       ?compare@?$char_traits@D@std@@SAHPBD0I@Z 040010a0 f i MQ2EQBC.obj
 0001:00000120       ?length@?$char_traits@D@std@@SAIPBD@Z 04001120 f i MQ2EQBC.obj
 0001:00000140       ?_Copy_s@?$char_traits@D@std@@SAPADPADIPBDI@Z 04001140 f i MQ2EQBC.obj
 0001:00000170       ?find@?$char_traits@D@std@@SAPBDPBDIABD@Z 04001170 f i MQ2EQBC.obj
 0001:00000190       ?_Move_s@?$char_traits@D@std@@SAPADPADIPBDI@Z 04001190 f i MQ2EQBC.obj
 0001:000001c0       ?assign@?$char_traits@D@std@@SAPADPADID@Z 040011c0 f i MQ2EQBC.obj
 0001:000001e0       ?to_char_type@?$char_traits@D@std@@SADABH@Z 040011e0 f i MQ2EQBC.obj
 0001:000001f0       ?to_int_type@?$char_traits@D@std@@SAHABD@Z 040011f0 f i MQ2EQBC.obj
 0001:00000200       ?eq_int_type@?$char_traits@D@std@@SA_NABH0@Z 04001200 f i MQ2EQBC.obj
 0001:00000220       ?eof@?$char_traits@D@std@@SAHXZ 04001220 f i MQ2EQBC.obj
 0001:00000230       ??0_Aux_cont@std@@QAE@QBV_Container_base_aux@1@@Z 04001230 f i MQ2EQBC.obj
 0001:00000240       ?_Getcont@_Aux_cont@std@@QBEPBV_Container_base_aux@2@XZ 04001240 f i MQ2EQBC.obj
 0001:00000250       ??0_Container_base_aux@std@@QAE@XZ 04001250 f i MQ2EQBC.obj
 0001:00000260       ??1_Container_base_aux@std@@QAE@XZ 04001260 f i MQ2EQBC.obj
 0001:00000270       ??0_Iterator_base_aux@std@@QAE@XZ 04001270 f i MQ2EQBC.obj
 0001:00000280       ?_Set_container@_Iterator_base_aux@std@@QAEXQBV_Container_base_aux@2@@Z 04001280 f i MQ2EQBC.obj
 0001:00000290       ?_Getmycont@_Iterator_base_aux@std@@QBEPBV_Container_base_aux@2@XZ 04001290 f i MQ2EQBC.obj
 0001:000002a0       ?_Same_container@_Iterator_base_aux@std@@QBE_NABV12@@Z 040012a0 f i MQ2EQBC.obj
 0001:000002c0       ?_Has_container@_Iterator_base_aux@std@@QBE_NXZ 040012c0 f i MQ2EQBC.obj
 0001:000002d0       ?_Getctype@_Locinfo@std@@QBE?AU_Ctypevec@@XZ 040012d0 f i MQ2EQBC.obj
 0001:00000300       ?_Getcvt@_Locinfo@std@@QBE?AU_Cvtvec@@XZ 04001300 f i MQ2EQBC.obj
 0001:00000320       ??0id@locale@std@@QAE@I@Z  04001320 f i MQ2EQBC.obj
 0001:00000330       ??Bid@locale@std@@QAEIXZ   04001330 f i MQ2EQBC.obj
 0001:00000370       ?_Incref@facet@locale@std@@QAEXXZ 04001370 f i MQ2EQBC.obj
 0001:000003a0       ?_Decref@facet@locale@std@@QAEPAV123@XZ 040013a0 f i MQ2EQBC.obj
 0001:000003e0       ?_Register@facet@locale@std@@QAEXXZ 040013e0 f i MQ2EQBC.obj
 0001:000003f0       ??1facet@locale@std@@UAE@XZ 040013f0 f i MQ2EQBC.obj
 0001:00000400       ??0facet@locale@std@@IAE@I@Z 04001400 f i MQ2EQBC.obj
 0001:00000420       ??0locale@std@@QAE@XZ      04001420 f i MQ2EQBC.obj
 0001:00000460       ??0locale@std@@QAE@ABV01@@Z 04001460 f i MQ2EQBC.obj
 0001:000004a0       ??1locale@std@@QAE@XZ      040014a0 f i MQ2EQBC.obj
 0001:000004f0       ?_Getfacet@locale@std@@QBEPBVfacet@12@I@Z 040014f0 f i MQ2EQBC.obj
 0001:00000530       ??_Gfacet@locale@std@@UAEPAXI@Z 04001530 f i MQ2EQBC.obj
 0001:00000530       ??_Efacet@locale@std@@UAEPAXI@Z 04001530 f i MQ2EQBC.obj
 0001:00000550       ??0ctype_base@std@@QAE@I@Z 04001550 f i MQ2EQBC.obj
 0001:00000570       ??1ctype_base@std@@UAE@XZ  04001570 f i MQ2EQBC.obj
 0001:00000580       ??_Gctype_base@std@@UAEPAXI@Z 04001580 f i MQ2EQBC.obj
 0001:00000580       ??_Ectype_base@std@@UAEPAXI@Z 04001580 f i MQ2EQBC.obj
 0001:000005a0       ?is@?$ctype@D@std@@QBE_NFD@Z 040015a0 f i MQ2EQBC.obj
 0001:000005c0       ?widen@?$ctype@D@std@@QBEDD@Z 040015c0 f i MQ2EQBC.obj
 0001:000005d0       ?_Init@?$ctype@D@std@@IAEXABV_Locinfo@2@@Z 040015d0 f i MQ2EQBC.obj
 0001:00000610       ?rdstate@ios_base@std@@QBEHXZ 04001610 f i MQ2EQBC.obj
 0001:00000620       ?good@ios_base@std@@QBE_NXZ 04001620 f i MQ2EQBC.obj
 0001:00000630       ?fail@ios_base@std@@QBE_NXZ 04001630 f i MQ2EQBC.obj
 0001:00000640       ?flags@ios_base@std@@QBEHXZ 04001640 f i MQ2EQBC.obj
 0001:00000650       ?getloc@ios_base@std@@QBE?AVlocale@2@XZ 04001650 f i MQ2EQBC.obj
 0001:00000690       ??1ios_base@std@@UAE@XZ    04001690 f i MQ2EQBC.obj
 0001:000006a0       ??0ios_base@std@@IAE@XZ    040016a0 f i MQ2EQBC.obj
 0001:000006b0       ??_Gios_base@std@@UAEPAXI@Z 040016b0 f i MQ2EQBC.obj
 0001:000006b0       ??_Eios_base@std@@UAEPAXI@Z 040016b0 f i MQ2EQBC.obj
 0001:000006e0       ?pXWnd@CSidlScreenWnd@EQClasses@@QAEPAVCXWnd@2@XZ 040016e0 f i MQ2EQBC.obj
 0001:000006f0       ?Lock@CAutoLock@MQ2Internal@@QAEXXZ 040016f0 f i MQ2EQBC.obj
 0001:00000710       ?Unlock@CAutoLock@MQ2Internal@@QAEXXZ 04001710 f i MQ2EQBC.obj
 0001:00000730       ??0CAutoLock@MQ2Internal@@QAE@PAU_RTL_CRITICAL_SECTION@@@Z 04001730 f i MQ2EQBC.obj
 0001:00000760       ??1CAutoLock@MQ2Internal@@QAE@XZ 04001760 f i MQ2EQBC.obj
 0001:00000780       ?ReplacevfTable@CCustomWnd@MQ2Internal@@QAEXXZ 04001780 f i MQ2EQBC.obj
 0001:000007b0       ?RemovevfTable@CCustomWnd@MQ2Internal@@QAEXXZ 040017b0 f i MQ2EQBC.obj
 0001:000007d0       ?SetvfTable@CCustomWnd@MQ2Internal@@QAEXKK@Z 040017d0 f i MQ2EQBC.obj
 0001:000008b0       _DllMain@12                040018b0 f   MQ2EQBC.obj
 0001:00000910       ?SetFontSize@CMQ2EqbcWnd@@QAEXI@Z 04001910 f i MQ2EQBC.obj
 0001:000009c0       ?dataEQBC@@YAHPADAAU_MQ2TypeVar@MQ2Internal@@@Z 040019c0 f   MQ2EQBC.obj
 0001:000009e0       ?EQBCConnectThread@@YGKPAX@Z 040019e0 f   MQ2EQBC.obj
 0001:00000b10       ?CheckSocket@@YAXPADH@Z    04001b10 f   MQ2EQBC.obj
 0001:00000b30       ?getCurPlayerName@@YAPADXZ 04001b30 f   MQ2EQBC.obj
 0001:00000b60       ?SetPlayer@@YAXXZ          04001b60 f   MQ2EQBC.obj
 0001:00000ba0       ?WriteOut@@YAXPAD@Z        04001ba0 f   MQ2EQBC.obj
 0001:00000d30       ?WriteStringGetCount@@YAHPAD0@Z 04001d30 f   MQ2EQBC.obj
 0001:00000d60       ?transmit@@YAX_NPAD@Z      04001d60 f   MQ2EQBC.obj
 0001:00000e00       ?echoTransmit@@YAX_NPAD@Z  04001e00 f   MQ2EQBC.obj
 0001:00000e50       ?HandleToggleRequest@@YAXPAHPAD1@Z 04001e50 f   MQ2EQBC.obj
 0001:00000ee0       ?HandleStatusRequest@@YAXXZ 04001ee0 f   MQ2EQBC.obj
 0001:00000fc0       ?HandleHelpRequest@@YAXXZ  04001fc0 f   MQ2EQBC.obj
 0001:00001100       ?HandleConnectRequest@@YAXPAD@Z 04002100 f   MQ2EQBC.obj
 0001:00001480       ?HandleVersionRequest@@YAXXZ 04002480 f   MQ2EQBC.obj
 0001:000014b0       ?HandleNamesRequest@@YAXXZ 040024b0 f   MQ2EQBC.obj
 0001:00001510       ?HandleChannels@@YAXPAD@Z  04002510 f   MQ2EQBC.obj
 0001:00001770       ?SendCmdLocalEcho@@YAXXZ   04002770 f   MQ2EQBC.obj
 0001:000017e0       ?BoxChatSay@@YAXPAU_SPAWNINFO@EQData@@PAD@Z 040027e0 f   MQ2EQBC.obj
 0001:000018a0       ?BoxChatTell@@YAXPAU_SPAWNINFO@EQData@@PAD@Z 040028a0 f   MQ2EQBC.obj
 0001:00001a90       ?BciTransmit@@YAXPAD0@Z    04002a90 f   MQ2EQBC.obj
 0001:00001bf0       ?BoxChatAllButMe@@YAXPAU_SPAWNINFO@EQData@@PAD@Z 04002bf0 f   MQ2EQBC.obj
 0001:00001d20       ?SendNetBotMsg@@YAXPAD@Z   04002d20 f   MQ2EQBC.obj
 0001:00001e00       ?SendNetBotEvent@@YAXPAD@Z 04002e00 f   MQ2EQBC.obj
 0001:00001e80       ?getColorCharFromCode@@YADPAD@Z 04002e80 f   MQ2EQBC.obj
 0001:00001ed0       ?strCleanEnd@@YAXPAD@Z     04002ed0 f   MQ2EQBC.obj
 0001:00001f20       ?HandleIncomingCommand@@YAXPAD@Z 04002f20 f   MQ2EQBC.obj
 0001:00002000       ?HandleBciMessage@@YAXPAD0@Z 04003000 f   MQ2EQBC.obj
 0001:00002160       ?HandleControlMessage@@YAXPAD@Z 04003160 f   MQ2EQBC.obj
 0001:00002250       ?GetCharacterSelectWindow@@YAPAU_CSIDLWND@EQUIStructs@@XZ 04003250 f   MQ2EQBC.obj
 0001:00002260       ?LoginReady@@YAHXZ         04003260 f   MQ2EQBC.obj
 0001:00002280       ?GetWindowItemForLogin@@YAHPAD0H@Z 04003280 f   MQ2EQBC.obj
 0001:000023f0       ?LoginCharacter@@YAHPAD@Z  040033f0 f   MQ2EQBC.obj
 0001:000024c0       ?EQBCFont@@YAXPAU_SPAWNINFO@EQData@@PAD@Z 040034c0 f   MQ2EQBC.obj
 0001:00002500       ?EQBCMin@@YAXPAU_SPAWNINFO@EQData@@PAD@Z 04003500 f   MQ2EQBC.obj
 0001:00002520       _OnIncomingChat            04003520 f   MQ2EQBC.obj
 0001:000027a0       ?ToString@EQBCType@@UAE_NU_MQ2VarPtr@MQ2Internal@@PAD@Z 040037a0 f   MQ2EQBC.obj
 0001:000027c0       ?FromData@EQBCType@@UAE_NAAU_MQ2VarPtr@MQ2Internal@@AAU_MQ2TypeVar@3@@Z 040037c0 f   MQ2EQBC.obj
 0001:000027d0       ?FromString@EQBCType@@UAE_NAAU_MQ2VarPtr@MQ2Internal@@PAD@Z 040037d0 f   MQ2EQBC.obj
 0001:000027e0       _NetBotSendMsg             040037e0 f   MQ2EQBC.obj
 0001:00002810       _NetBotRequest             04003810 f   MQ2EQBC.obj
 0001:00002860       _isConnected               04003860 f   MQ2EQBC.obj
 0001:00002870       ?length@?$basic_string@DU?$char_traits@D@std@@V?$allocator@D@2@@std@@QBEIXZ 04003870 f i MQ2EQBC.obj
 0001:00002880       ?size@?$basic_string@DU?$char_traits@D@std@@V?$allocator@D@2@@std@@QBEIXZ 04003880 f i MQ2EQBC.obj
 0001:00002890       ??1?$basic_ios@DU?$char_traits@D@std@@@std@@UAE@XZ 04003890 f i MQ2EQBC.obj
 0001:000028a0       ?rdbuf@?$basic_ios@DU?$char_traits@D@std@@@std@@QBEPAV?$basic_streambuf@DU?$char_traits@D@std@@@2@XZ 040038a0 f i MQ2EQBC.obj
 0001:000028b0       ??1?$basic_istream@DU?$char_traits@D@std@@@std@@UAE@XZ 040038b0 f i MQ2EQBC.obj
 0001:000028c0       ??Bsentry@?$basic_istream@DU?$char_traits@D@std@@@std@@QBE_NXZ 040038c0 f i MQ2EQBC.obj
 0001:000028d0       ??0?$CIndex@PAU_MQ2TypeMember@MQ2Internal@@@MQ2Internal@@QAE@XZ 040038d0 f i MQ2EQBC.obj
 0001:000028f0       ??1?$CIndex@PAU_MQ2TypeMember@MQ2Internal@@@MQ2Internal@@QAE@XZ 040038f0 f i MQ2EQBC.obj
 0001:00002930       ?Cleanup@?$CIndex@PAU_MQ2TypeMember@MQ2Internal@@@MQ2Internal@@QAEXXZ 04003930 f i MQ2EQBC.obj
 0001:00002970       ??A?$CIndex@PAU_MQ2TypeMember@MQ2Internal@@@MQ2Internal@@QAEAAPAU_MQ2TypeMember@1@K@Z 04003970 f i MQ2EQBC.obj
 0001:00002980       ?size@?$vector@V?$basic_string@DU?$char_traits@D@std@@V?$allocator@D@2@@std@@V?$allocator@V?$basic_string@DU?$char_traits@D@std@@V?$allocator@D@2@@std@@@2@@std@@QBEIXZ 04003980 f i MQ2EQBC.obj
 0001:000029a0       ?size@?$_Tree@V?$_Tmap_traits@V?$basic_string@DU?$char_traits@D@std@@V?$allocator@D@2@@std@@V12@U?$less@V?$basic_string@DU?$char_traits@D@std@@V?$allocator@D@2@@std@@@2@V?$allocator@U?$pair@$$CBV?$basic_string@DU?$char_traits@D@std@@V?$allocator@D@2@@std@@V12@@std@@@2@$0A@@std@@@std@@QBEIXZ 040039a0 f i MQ2EQBC.obj
 0001:000029b0       ??8const_iterator@?$_Tree@V?$_Tmap_traits@V?$basic_string@DU?$char_traits@D@std@@V?$allocator@D@2@@std@@V12@U?$less@V?$basic_string@DU?$char_traits@D@std@@V?$allocator@D@2@@std@@@2@V?$allocator@U?$pair@$$CBV?$basic_string@DU?$char_traits@D@std@@V?$allocator@D@2@@std@@V12@@std@@@2@$0A@@std@@@std@@QBE_NABV012@@Z 040039b0 f i MQ2EQBC.obj
 0001:000029e0       ??9const_iterator@?$_Tree@V?$_Tmap_traits@V?$basic_string@DU?$char_traits@D@std@@V?$allocator@D@2@@std@@V12@U?$less@V?$basic_string@DU?$char_traits@D@std@@V?$allocator@D@2@@std@@@2@V?$allocator@U?$pair@$$CBV?$basic_string@DU?$char_traits@D@std@@V?$allocator@D@2@@std@@V12@@std@@@2@$0A@@std@@@std@@QBE_NABV012@@Z 040039e0 f i MQ2EQBC.obj
 0001:00002a10       ??_Glocale@std@@QAEPAXI@Z  04003a10 f i MQ2EQBC.obj
 0001:00002a80       ??_D?$basic_istream@DU?$char_traits@D@std@@@std@@QAEXXZ 04003a80 f i MQ2EQBC.obj
 0001:00002aa0       ?_Myptr@?$basic_string@DU?$char_traits@D@std@@V?$allocator@D@2@@std@@IAEPADXZ 04003aa0 f i MQ2EQBC.obj
 0001:00002ab0       ?_Myptr@?$basic_string@DU?$char_traits@D@std@@V?$allocator@D@2@@std@@IBEPBDXZ 04003ab0 f i MQ2EQBC.obj
 0001:00002ac0       ??0?$allocator@D@std@@QAE@XZ 04003ac0 f i MQ2EQBC.obj
 0001:00002ad0       ?deallocate@?$allocator@D@std@@QAEXPADI@Z 04003ad0 f i MQ2EQBC.obj
 0001:00002ae0       ??0?$basic_ios@DU?$char_traits@D@std@@@std@@IAE@XZ 04003ae0 f i MQ2EQBC.obj
 0001:00002af0       ??_E?$basic_ios@DU?$char_traits@D@std@@@std@@UAEPAXI@Z 04003af0 f i MQ2EQBC.obj
 0001:00002af0       ??_G?$basic_ios@DU?$char_traits@D@std@@@std@@UAEPAXI@Z 04003af0 f i MQ2EQBC.obj
 0001:00002b20       ?pubsync@?$basic_streambuf@DU?$char_traits@D@std@@@std@@QAEHXZ 04003b20 f i MQ2EQBC.obj
 0001:00002b30       ?_Unlock@?$basic_streambuf@DU?$char_traits@D@std@@@std@@QAEXXZ 04003b30 f i MQ2EQBC.obj
 0001:00002b40       ?eback@?$basic_streambuf@DU?$char_traits@D@std@@@std@@IBEPADXZ 04003b40 f i MQ2EQBC.obj
 0001:00002b50       ?gptr@?$basic_streambuf@DU?$char_traits@D@std@@@std@@IBEPADXZ 04003b50 f i MQ2EQBC.obj
 0001:00002b60       ?pptr@?$basic_streambuf@DU?$char_traits@D@std@@@std@@IBEPADXZ 04003b60 f i MQ2EQBC.obj
 0001:00002b70       ?egptr@?$basic_streambuf@DU?$char_traits@D@std@@@std@@IBEPADXZ 04003b70 f i MQ2EQBC.obj
 0001:00002b80       ?setg@?$basic_streambuf@DU?$char_traits@D@std@@@std@@IAEXPAD00@Z 04003b80 f i MQ2EQBC.obj
 0001:00002ba0       ?epptr@?$basic_streambuf@DU?$char_traits@D@std@@@std@@IBEPADXZ 04003ba0 f i MQ2EQBC.obj
 0001:00002bb0       ?_Gninc@?$basic_streambuf@DU?$char_traits@D@std@@@std@@IAEPADXZ 04003bb0 f i MQ2EQBC.obj
 0001:00002bc0       ?_Gnpreinc@?$basic_streambuf@DU?$char_traits@D@std@@@std@@IAEPADXZ 04003bc0 f i MQ2EQBC.obj
 0001:00002bd0       ?_Gnavail@?$basic_streambuf@DU?$char_traits@D@std@@@std@@IBEHXZ 04003bd0 f i MQ2EQBC.obj
 0001:00002bf0       ?setp@?$basic_streambuf@DU?$char_traits@D@std@@@std@@IAEXPAD0@Z 04003bf0 f i MQ2EQBC.obj
 0001:00002c10       ?setp@?$basic_streambuf@DU?$char_traits@D@std@@@std@@IAEXPAD00@Z 04003c10 f i MQ2EQBC.obj
 0001:00002c30       ?Resize@?$CIndex@PAU_MQ2TypeMember@MQ2Internal@@@MQ2Internal@@QAEXK@Z 04003c30 f i MQ2EQBC.obj
 0001:00002ce0       ??0?$allocator@U?$pair@$$CBV?$basic_string@DU?$char_traits@D@std@@V?$allocator@D@2@@std@@K@std@@@std@@QAE@XZ 04003ce0 f i MQ2EQBC.obj
 0001:00002cf0       ??0?$allocator@V?$basic_string@DU?$char_traits@D@std@@V?$allocator@D@2@@std@@@std@@QAE@XZ 04003cf0 f i MQ2EQBC.obj
 0001:00002d00       ?empty@?$vector@V?$basic_string@DU?$char_traits@D@std@@V?$allocator@D@2@@std@@V?$allocator@V?$basic_string@DU?$char_traits@D@std@@V?$allocator@D@2@@std@@@2@@std@@QBE_NXZ 04003d00 f i MQ2EQBC.obj
 0001:00002d30       ??G?$_Vector_const_iterator@V?$basic_string@DU?$char_traits@D@std@@V?$allocator@D@2@@std@@V?$allocator@V?$basic_string@DU?$char_traits@D@std@@V?$allocator@D@2@@std@@@2@@std@@QBEHABV01@@Z 04003d30 f i MQ2EQBC.obj
 0001:00002d70       ?_Tidy@?$basic_stringbuf@DU?$char_traits@D@std@@V?$allocator@D@2@@std@@IAEXXZ 04003d70 f i MQ2EQBC.obj
 0001:00002dd0       ?_Color@?$_Tree@V?$_Tmap_traits@V?$basic_string@DU?$char_traits@D@std@@V?$allocator@D@2@@std@@V12@U?$less@V?$basic_string@DU?$char_traits@D@std@@V?$allocator@D@2@@std@@@2@V?$allocator@U?$pair@$$CBV?$basic_string@DU?$char_traits@D@std@@V?$allocator@D@2@@std@@V12@@std@@@2@$0A@@std@@@std@@KAAADPAU_Node@?$_Tree_nod@V?$_Tmap_traits@V?$basic_string@DU?$char_traits@D@std@@V?$allocator@D@2@@std@@V12@U?$less@V?$basic_string@DU?$char_traits@D@std@@V?$allocator@D@2@@std@@@2@V?$allocator@U?$pair@$$CBV?$basic_string@DU?$char_traits@D@std@@V?$allocator@D@2@@std@@V12@@std@@@2@$0A@@std@@@2@@Z 04003dd0 f i MQ2EQBC.obj
 0001:00002de0       ?_Isnil@?$_Tree@V?$_Tmap_traits@V?$basic_string@DU?$char_traits@D@std@@V?$allocator@D@2@@std@@V12@U?$less@V?$basic_string@DU?$char_traits@D@std@@V?$allocator@D@2@@std@@@2@V?$allocator@U?$pair@$$CBV?$basic_string@DU?$char_traits@D@std@@V?$allocator@D@2@@std@@V12@@std@@@2@$0A@@std@@@std@@KAAADPAU_Node@?$_Tree_nod@V?$_Tmap_traits@V?$basic_string@DU?$char_traits@D@std@@V?$allocator@D@2@@std@@V12@U?$less@V?$basic_string@DU?$char_traits@D@std@@V?$allocator@D@2@@std@@@2@V?$allocator@U?$pair@$$CBV?$basic_string@DU?$char_traits@D@std@@V?$allocator@D@2@@std@@V12@@std@@@2@$0A@@std@@@2@@Z 04003de0 f i MQ2EQBC.obj
 0001:00002df0       ?_Left@?$_Tree@V?$_Tmap_traits@V?$basic_string@DU?$char_traits@D@std@@V?$allocator@D@2@@std@@V12@U?$less@V?$basic_string@DU?$char_traits@D@std@@V?$allocator@D@2@@std@@@2@V?$allocator@U?$pair@$$CBV?$basic_string@DU?$char_traits@D@std@@V?$allocator@D@2@@std@@V12@@std@@@2@$0A@@std@@@std@@KAAAPAU_Node@?$_Tree_nod@V?$_Tmap_traits@V?$basic_string@DU?$char_traits@D@std@@V?$allocator@D@2@@std@@V12@U?$less@V?$basic_string@DU?$char_traits@D@std@@V?$allocator@D@2@@std@@@2@V?$allocator@U?$pair@$$CBV?$basic_string@DU?$char_traits@D@std@@V?$allocator@D@2@@std@@V12@@std@@@2@$0A@@std@@@2@PAU342@@Z 04003df0 f i MQ2EQBC.obj
 0001:00002e00       ?_Parent@?$_Tree@V?$_Tmap_traits@V?$basic_string@DU?$char_traits@D@std@@V?$allocator@D@2@@std@@V12@U?$less@V?$basic_string@DU?$char_traits@D@std@@V?$allocator@D@2@@std@@@2@V?$allocator@U?$pair@$$CBV?$basic_string@DU?$char_traits@D@std@@V?$allocator@D@2@@std@@V12@@std@@@2@$0A@@std@@@std@@KAAAPAU_Node@?$_Tree_nod@V?$_Tmap_traits@V?$basic_string@DU?$char_traits@D@std@@V?$allocator@D@2@@std@@V12@U?$less@V?$basic_string@DU?$char_traits@D@std@@V?$allocator@D@2@@std@@@2@V?$allocator@U?$pair@$$CBV?$basic_string@DU?$char_traits@D@std@@V?$allocator@D@2@@std@@V12@@std@@@2@$0A@@std@@@2@PAU342@@Z 04003e00 f i MQ2EQBC.obj
 0001:00002e10       ?_Right@?$_Tree@V?$_Tmap_traits@V?$basic_string@DU?$char_traits@D@std@@V?$allocator@D@2@@std@@V12@U?$less@V?$basic_string@DU?$char_traits@D@std@@V?$allocator@D@2@@std@@@2@V?$allocator@U?$pair@$$CBV?$basic_string@DU?$char_traits@D@std@@V?$allocator@D@2@@std@@V12@@std@@@2@$0A@@std@@@std@@KAAAPAU_Node@?$_Tree_nod@V?$_Tmap_traits@V?$basic_string@DU?$char_traits@D@std@@V?$allocator@D@2@@std@@V12@U?$less@V?$basic_string@DU?$char_traits@D@std@@V?$allocator@D@2@@std@@@2@V?$allocator@U?$pair@$$CBV?$basic_string@DU?$char_traits@D@std@@V?$allocator@D@2@@std@@V12@@std@@@2@$0A@@std@@@2@PAU342@@Z 04003e10 f i MQ2EQBC.obj
 0001:00002e20       ?_Lmost@?$_Tree@V?$_Tmap_traits@V?$basic_string@DU?$char_traits@D@std@@V?$allocator@D@2@@std@@V12@U?$less@V?$basic_string@DU?$char_traits@D@std@@V?$allocator@D@2@@std@@@2@V?$allocator@U?$pair@$$CBV?$basic_string@DU?$char_traits@D@std@@V?$allocator@D@2@@std@@V12@@std@@@2@$0A@@std@@@std@@IBEAAPAU_Node@?$_Tree_nod@V?$_Tmap_traits@V?$basic_string@DU?$char_traits@D@std@@V?$allocator@D@2@@std@@V12@U?$less@V?$basic_string@DU?$char_traits@D@std@@V?$allocator@D@2@@std@@@2@V?$allocator@U?$pair@$$CBV?$basic_string@DU?$char_traits@D@std@@V?$allocator@D@2@@std@@V12@@std@@@2@$0A@@std@@@2@XZ 04003e20 f i MQ2EQBC.obj
 0001:00002e30       ?_Max@?$_Tree@V?$_Tmap_traits@V?$basic_string@DU?$char_traits@D@std@@V?$allocator@D@2@@std@@V12@U?$less@V?$basic_string@DU?$char_traits@D@std@@V?$allocator@D@2@@std@@@2@V?$allocator@U?$pair@$$CBV?$basic_string@DU?$char_traits@D@std@@V?$allocator@D@2@@std@@V12@@std@@@2@$0A@@std@@@std@@KAPAU_Node@?$_Tree_nod@V?$_Tmap_traits@V?$basic_string@DU?$char_traits@D@std@@V?$allocator@D@2@@std@@V12@U?$less@V?$basic_string@DU?$char_traits@D@std@@V?$allocator@D@2@@std@@@2@V?$allocator@U?$pair@$$CBV?$basic_string@DU?$char_traits@D@std@@V?$allocator@D@2@@std@@V12@@std@@@2@$0A@@std@@@2@PAU342@@Z 04003e30 f i MQ2EQBC.obj
 0001:00002e50       ?_Min@?$_Tree@V?$_Tmap_traits@V?$basic_string@DU?$char_traits@D@std@@V?$allocator@D@2@@std@@V12@U?$less@V?$basic_string@DU?$char_traits@D@std@@V?$allocator@D@2@@std@@@2@V?$allocator@U?$pair@$$CBV?$basic_string@DU?$char_traits@D@std@@V?$allocator@D@2@@std@@V12@@std@@@2@$0A@@std@@@std@@KAPAU_Node@?$_Tree_nod@V?$_Tmap_traits@V?$basic_string@DU?$char_traits@D@std@@V?$allocator@D@2@@std@@V12@U?$less@V?$basic_string@DU?$char_traits@D@std@@V?$allocator@D@2@@std@@@2@V?$allocator@U?$pair@$$CBV?$basic_string@DU?$char_traits@D@std@@V?$allocator@D@2@@std@@V12@@std@@@2@$0A@@std@@@2@PAU342@@Z 04003e50 f i MQ2EQBC.obj
 0001:00002e70       ?_Rmost@?$_Tree@V?$_Tmap_traits@V?$basic_string@DU?$char_traits@D@std@@V?$allocator@D@2@@std@@V12@U?$less@V?$basic_string@DU?$char_traits@D@std@@V?$allocator@D@2@@std@@@2@V?$allocator@U?$pair@$$CBV?$basic_string@DU?$char_traits@D@std@@V?$allocator@D@2@@std@@V12@@std@@@2@$0A@@std@@@std@@IBEAAPAU_Node@?$_Tree_nod@V?$_Tmap_traits@V?$basic_string@DU?$char_traits@D@std@@V?$allocator@D@2@@std@@V12@U?$less@V?$basic_string@DU?$char_traits@D@std@@V?$allocator@D@2@@std@@@2@V?$allocator@U?$pair@$$CBV?$basic_string@DU?$char_traits@D@std@@V?$allocator@D@2@@std@@V12@@std@@@2@$0A@@std@@@2@XZ 04003e70 f i MQ2EQBC.obj
 0001:00002e80       ?_Root@?$_Tree@V?$_Tmap_traits@V?$basic_string@DU?$char_traits@D@std@@V?$allocator@D@2@@std@@V12@U?$less@V?$basic_string@DU?$char_traits@D@std@@V?$allocator@D@2@@std@@@2@V?$allocator@U?$pair@$$CBV?$basic_string@DU?$char_traits@D@std@@V?$allocator@D@2@@std@@V12@@std@@@2@$0A@@std@@@std@@IBEAAPAU_Node@?$_Tree_nod@V?$_Tmap_traits@V?$basic_string@DU?$char_traits@D@std@@V?$allocator@D@2@@std@@V12@U?$less@V?$basic_string@DU?$char_traits@D@std@@V?$allocator@D@2@@std@@@2@V?$allocator@U?$pair@$$CBV?$basic_string@DU?$char_traits@D@std@@V?$allocator@D@2@@std@@V12@@std@@@2@$0A@@std@@@2@XZ 04003e80 f i MQ2EQBC.obj
 0001:00002e90       ?_Rrotate@?$_Tree@V?$_Tmap_traits@V?$basic_string@DU?$char_traits@D@std@@V?$allocator@D@2@@std@@V12@U?$less@V?$basic_string@DU?$char_traits@D@std@@V?$allocator@D@2@@std@@@2@V?$allocator@U?$pair@$$CBV?$basic_string@DU?$char_traits@D@std@@V?$allocator@D@2@@std@@V12@@std@@@2@$0A@@std@@@std@@IAEXPAU_Node@?$_Tree_nod@V?$_Tmap_traits@V?$basic_string@DU?$char_traits@D@std@@V?$allocator@D@2@@std@@V12@U?$less@V?$basic_string@DU?$char_traits@D@std@@V?$allocator@D@2@@std@@@2@V?$allocator@U?$pair@$$CBV?$basic_string@DU?$char_traits@D@std@@V?$allocator@D@2@@std@@V12@@std@@@2@$0A@@std@@@2@@Z 04003e90 f i MQ2EQBC.obj
 0001:00002ef0       ?_Kfn@?$_Tmap_traits@V?$basic_string@DU?$char_traits@D@std@@V?$allocator@D@2@@std@@V12@U?$less@V?$basic_string@DU?$char_traits@D@std@@V?$allocator@D@2@@std@@@2@V?$allocator@U?$pair@$$CBV?$basic_string@DU?$char_traits@D@std@@V?$allocator@D@2@@std@@V12@@std@@@2@$0A@@std@@SAABV?$basic_string@DU?$char_traits@D@std@@V?$allocator@D@2@@2@ABU?$pair@$$CBV?$basic_string@DU?$char_traits@D@std@@V?$allocator@D@2@@std@@V12@@2@@Z 04003ef0 f i MQ2EQBC.obj
 0001:00002f00       ??0?$allocator@U?$pair@$$CBV?$basic_string@DU?$char_traits@D@std@@V?$allocator@D@2@@std@@V12@@std@@@std@@QAE@XZ 04003f00 f i MQ2EQBC.obj
 0001:00002f10       ?deallocate@?$allocator@U_Node@?$_Tree_nod@V?$_Tmap_traits@V?$basic_string@DU?$char_traits@D@std@@V?$allocator@D@2@@std@@V12@U?$less@V?$basic_string@DU?$char_traits@D@std@@V?$allocator@D@2@@std@@@2@V?$allocator@U?$pair@$$CBV?$basic_string@DU?$char_traits@D@std@@V?$allocator@D@2@@std@@V12@@std@@@2@$0A@@std@@@std@@@std@@QAEXPAU_Node@?$_Tree_nod@V?$_Tmap_traits@V?$basic_string@DU?$char_traits@D@std@@V?$allocator@D@2@@std@@V12@U?$less@V?$basic_string@DU?$char_traits@D@std@@V?$allocator@D@2@@std@@@2@V?$allocator@U?$pair@$$CBV?$basic_string@DU?$char_traits@D@std@@V?$allocator@D@2@@std@@V12@@std@@@2@$0A@@std@@@2@I@Z 04003f10 f i MQ2EQBC.obj
 0001:00002f20       ?_Mynode@const_iterator@?$_Tree@V?$_Tmap_traits@V?$basic_string@DU?$char_traits@D@std@@V?$allocator@D@2@@std@@V12@U?$less@V?$basic_string@DU?$char_traits@D@std@@V?$allocator@D@2@@std@@@2@V?$allocator@U?$pair@$$CBV?$basic_string@DU?$char_traits@D@std@@V?$allocator@D@2@@std@@V12@@std@@@2@$0A@@std@@@std@@QBEPAU_Node@?$_Tree_nod@V?$_Tmap_traits@V?$basic_string@DU?$char_traits@D@std@@V?$allocator@D@2@@std@@V12@U?$less@V?$basic_string@DU?$char_traits@D@std@@V?$allocator@D@2@@std@@@2@V?$allocator@U?$pair@$$CBV?$basic_string@DU?$char_traits@D@std@@V?$allocator@D@2@@std@@V12@@std@@@2@$0A@@std@@@3@XZ 04003f20 f i MQ2EQBC.obj
 0001:00002f30       ??0?$pair@Viterator@?$_Tree@V?$_Tmap_traits@V?$basic_string@DU?$char_traits@D@std@@V?$allocator@D@2@@std@@V12@U?$less@V?$basic_string@DU?$char_traits@D@std@@V?$allocator@D@2@@std@@@2@V?$allocator@U?$pair@$$CBV?$basic_string@DU?$char_traits@D@std@@V?$allocator@D@2@@std@@V12@@std@@@2@$0A@@std@@@std@@_N@std@@QAE@ABViterator@?$_Tree@V?$_Tmap_traits@V?$basic_string@DU?$char_traits@D@std@@V?$allocator@D@2@@std@@V12@U?$less@V?$basic_string@DU?$char_traits@D@std@@V?$allocator@D@2@@std@@@2@V?$allocator@U?$pair@$$CBV?$basic_string@DU?$char_traits@D@std@@V?$allocator@D@2@@std@@V12@@std@@@2@$0A@@std@@@1@AB_N@Z 04003f30 f i MQ2EQBC.obj
 0001:00002f50       ?get@?$num_get@DV?$istreambuf_iterator@DU?$char_traits@D@std@@@std@@@std@@QBE?AV?$istreambuf_iterator@DU?$char_traits@D@std@@@2@V32@0AAVios_base@2@AAHAAJ@Z 04003f50 f i MQ2EQBC.obj
 0001:00002f90       ?get@?$num_get@DV?$istreambuf_iterator@DU?$char_traits@D@std@@@std@@@std@@QBE?AV?$istreambuf_iterator@DU?$char_traits@D@std@@@2@V32@0AAVios_base@2@AAHAAM@Z 04003f90 f i MQ2EQBC.obj
 0001:00002fd0       ??0?$istreambuf_iterator@DU?$char_traits@D@std@@@std@@QAE@PAV?$basic_streambuf@DU?$char_traits@D@std@@@1@@Z 04003fd0 f i MQ2EQBC.obj
 0001:00002ff0       ??8const_iterator@?$_Tree@V?$_Tmap_traits@V?$basic_string@DU?$char_traits@D@std@@V?$allocator@D@2@@std@@KU?$less@V?$basic_string@DU?$char_traits@D@std@@V?$allocator@D@2@@std@@@2@V?$allocator@U?$pair@$$CBV?$basic_string@DU?$char_traits@D@std@@V?$allocator@D@2@@std@@K@std@@@2@$0A@@std@@@std@@QBE_NABV012@@Z 04003ff0 f i MQ2EQBC.obj
 0001:00003020       ?_Mynode@const_iterator@?$_Tree@V?$_Tmap_traits@V?$basic_string@DU?$char_traits@D@std@@V?$allocator@D@2@@std@@KU?$less@V?$basic_string@DU?$char_traits@D@std@@V?$allocator@D@2@@std@@@2@V?$allocator@U?$pair@$$CBV?$basic_string@DU?$char_traits@D@std@@V?$allocator@D@2@@std@@K@std@@@2@$0A@@std@@@std@@QBEPAU_Node@?$_Tree_nod@V?$_Tmap_traits@V?$basic_string@DU?$char_traits@D@std@@V?$allocator@D@2@@std@@KU?$less@V?$basic_string@DU?$char_traits@D@std@@V?$allocator@D@2@@std@@@2@V?$allocator@U?$pair@$$CBV?$basic_string@DU?$char_traits@D@std@@V?$allocator@D@2@@std@@K@std@@@2@$0A@@std@@@3@XZ 04004020 f i MQ2EQBC.obj
 0001:00003030       ??0?$_Iterator_with_base@Ubidirectional_iterator_tag@std@@U?$pair@$$CBV?$basic_string@DU?$char_traits@D@std@@V?$allocator@D@2@@std@@V12@@2@HPBU32@ABU32@V_Iterator_base_aux@2@@std@@QAE@XZ 04004030 f i MQ2EQBC.obj
 0001:00003040       ?_Chassign@?$basic_string@DU?$char_traits@D@std@@V?$allocator@D@2@@std@@IAEXIID@Z 04004040 f i MQ2EQBC.obj
 0001:000030a0       ?_Eos@?$basic_string@DU?$char_traits@D@std@@V?$allocator@D@2@@std@@IAEXI@Z 040040a0 f i MQ2EQBC.obj
 0001:000030c0       ??0?$allocator@D@std@@QAE@ABV01@@Z 040040c0 f i MQ2EQBC.obj
 0001:000030d0       ?tie@?$basic_ios@DU?$char_traits@D@std@@@std@@QBEPAV?$basic_ostream@DU?$char_traits@D@std@@@2@XZ 040040d0 f i MQ2EQBC.obj
 0001:000030e0       ?_Lock@?$basic_streambuf@DU?$char_traits@D@std@@@std@@QAEXXZ 040040e0 f i MQ2EQBC.obj
 0001:000030f0       ?deallocate@?$allocator@V_Aux_cont@std@@@std@@QAEXPAV_Aux_cont@2@I@Z 040040f0 f i MQ2EQBC.obj
 0001:00003100       ?_Isnil@?$_Tree@V?$_Tmap_traits@V?$basic_string@DU?$char_traits@D@std@@V?$allocator@D@2@@std@@KU?$less@V?$basic_string@DU?$char_traits@D@std@@V?$allocator@D@2@@std@@@2@V?$allocator@U?$pair@$$CBV?$basic_string@DU?$char_traits@D@std@@V?$allocator@D@2@@std@@K@std@@@2@$0A@@std@@@std@@KAAADPAU_Node@?$_Tree_nod@V?$_Tmap_traits@V?$basic_string@DU?$char_traits@D@std@@V?$allocator@D@2@@std@@KU?$less@V?$basic_string@DU?$char_traits@D@std@@V?$allocator@D@2@@std@@@2@V?$allocator@U?$pair@$$CBV?$basic_string@DU?$char_traits@D@std@@V?$allocator@D@2@@std@@K@std@@@2@$0A@@std@@@2@@Z 04004100 f i MQ2EQBC.obj
 0001:00003110       ?_Left@?$_Tree@V?$_Tmap_traits@V?$basic_string@DU?$char_traits@D@std@@V?$allocator@D@2@@std@@KU?$less@V?$basic_string@DU?$char_traits@D@std@@V?$allocator@D@2@@std@@@2@V?$allocator@U?$pair@$$CBV?$basic_string@DU?$char_traits@D@std@@V?$allocator@D@2@@std@@K@std@@@2@$0A@@std@@@std@@KAAAPAU_Node@?$_Tree_nod@V?$_Tmap_traits@V?$basic_string@DU?$char_traits@D@std@@V?$allocator@D@2@@std@@KU?$less@V?$basic_string@DU?$char_traits@D@std@@V?$allocator@D@2@@std@@@2@V?$allocator@U?$pair@$$CBV?$basic_string@DU?$char_traits@D@std@@V?$allocator@D@2@@std@@K@std@@@2@$0A@@std@@@2@PAU342@@Z 04004110 f i MQ2EQBC.obj
 0001:00003120       ?_Parent@?$_Tree@V?$_Tmap_traits@V?$basic_string@DU?$char_traits@D@std@@V?$allocator@D@2@@std@@KU?$less@V?$basic_string@DU?$char_traits@D@std@@V?$allocator@D@2@@std@@@2@V?$allocator@U?$pair@$$CBV?$basic_string@DU?$char_traits@D@std@@V?$allocator@D@2@@std@@K@std@@@2@$0A@@std@@@std@@KAAAPAU_Node@?$_Tree_nod@V?$_Tmap_traits@V?$basic_string@DU?$char_traits@D@std@@V?$allocator@D@2@@std@@KU?$less@V?$basic_string@DU?$char_traits@D@std@@V?$allocator@D@2@@std@@@2@V?$allocator@U?$pair@$$CBV?$basic_string@DU?$char_traits@D@std@@V?$allocator@D@2@@std@@K@std@@@2@$0A@@std@@@2@PAU342@@Z 04004120 f i MQ2EQBC.obj
 0001:00003130       ?_Right@?$_Tree@V?$_Tmap_traits@V?$basic_string@DU?$char_traits@D@std@@V?$allocator@D@2@@std@@KU?$less@V?$basic_string@DU?$char_traits@D@std@@V?$allocator@D@2@@std@@@2@V?$allocator@U?$pair@$$CBV?$basic_string@DU?$char_traits@D@std@@V?$allocator@D@2@@std@@K@std@@@2@$0A@@std@@@std@@KAAAPAU_Node@?$_Tree_nod@V?$_Tmap_traits@V?$basic_string@DU?$char_traits@D@std@@V?$allocator@D@2@@std@@KU?$less@V?$basic_string@DU?$char_traits@D@std@@V?$allocator@D@2@@std@@@2@V?$allocator@U?$pair@$$CBV?$basic_string@DU?$char_traits@D@std@@V?$allocator@D@2@@std@@K@std@@@2@$0A@@std@@@2@PAU342@@Z 04004130 f i MQ2EQBC.obj
 0001:00003140       ?_Myval@?$_Tree@V?$_Tmap_traits@V?$basic_string@DU?$char_traits@D@std@@V?$allocator@D@2@@std@@KU?$less@V?$basic_string@DU?$char_traits@D@std@@V?$allocator@D@2@@std@@@2@V?$allocator@U?$pair@$$CBV?$basic_string@DU?$char_traits@D@std@@V?$allocator@D@2@@std@@K@std@@@2@$0A@@std@@@std@@KAAAU?$pair@$$CBV?$basic_string@DU?$char_traits@D@std@@V?$allocator@D@2@@std@@K@2@PAU_Node@?$_Tree_nod@V?$_Tmap_traits@V?$basic_string@DU?$char_traits@D@std@@V?$allocator@D@2@@std@@KU?$less@V?$basic_string@DU?$char_traits@D@std@@V?$allocator@D@2@@std@@@2@V?$allocator@U?$pair@$$CBV?$basic_string@DU?$char_traits@D@std@@V?$allocator@D@2@@std@@K@std@@@2@$0A@@std@@@2@@Z 04004140 f i MQ2EQBC.obj
 0001:00003150       ?size@?$_Tree@V?$_Tmap_traits@V?$basic_string@DU?$char_traits@D@std@@V?$allocator@D@2@@std@@KU?$less@V?$basic_string@DU?$char_traits@D@std@@V?$allocator@D@2@@std@@@2@V?$allocator@U?$pair@$$CBV?$basic_string@DU?$char_traits@D@std@@V?$allocator@D@2@@std@@K@std@@@2@$0A@@std@@@std@@QBEIXZ 04004150 f i MQ2EQBC.obj
 0001:00003160       ?_Rmost@?$_Tree@V?$_Tmap_traits@V?$basic_string@DU?$char_traits@D@std@@V?$allocator@D@2@@std@@KU?$less@V?$basic_string@DU?$char_traits@D@std@@V?$allocator@D@2@@std@@@2@V?$allocator@U?$pair@$$CBV?$basic_string@DU?$char_traits@D@std@@V?$allocator@D@2@@std@@K@std@@@2@$0A@@std@@@std@@IBEAAPAU_Node@?$_Tree_nod@V?$_Tmap_traits@V?$basic_string@DU?$char_traits@D@std@@V?$allocator@D@2@@std@@KU?$less@V?$basic_string@DU?$char_traits@D@std@@V?$allocator@D@2@@std@@@2@V?$allocator@U?$pair@$$CBV?$basic_string@DU?$char_traits@D@std@@V?$allocator@D@2@@std@@K@std@@@2@$0A@@std@@@2@XZ 04004160 f i MQ2EQBC.obj
 0001:00003170       ?_Kfn@?$_Tmap_traits@V?$basic_string@DU?$char_traits@D@std@@V?$allocator@D@2@@std@@KU?$less@V?$basic_string@DU?$char_traits@D@std@@V?$allocator@D@2@@std@@@2@V?$allocator@U?$pair@$$CBV?$basic_string@DU?$char_traits@D@std@@V?$allocator@D@2@@std@@K@std@@@2@$0A@@std@@SAABV?$basic_string@DU?$char_traits@D@std@@V?$allocator@D@2@@2@ABU?$pair@$$CBV?$basic_string@DU?$char_traits@D@std@@V?$allocator@D@2@@std@@K@2@@Z 04004170 f i MQ2EQBC.obj
 0001:00003180       ??0?$allocator@U?$pair@$$CBV?$basic_string@DU?$char_traits@D@std@@V?$allocator@D@2@@std@@K@std@@@std@@QAE@ABV01@@Z 04004180 f i MQ2EQBC.obj
 0001:00003190       ?deallocate@?$allocator@U_Node@?$_Tree_nod@V?$_Tmap_traits@V?$basic_string@DU?$char_traits@D@std@@V?$allocator@D@2@@std@@KU?$less@V?$basic_string@DU?$char_traits@D@std@@V?$allocator@D@2@@std@@@2@V?$allocator@U?$pair@$$CBV?$basic_string@DU?$char_traits@D@std@@V?$allocator@D@2@@std@@K@std@@@2@$0A@@std@@@std@@@std@@QAEXPAU_Node@?$_Tree_nod@V?$_Tmap_traits@V?$basic_string@DU?$char_traits@D@std@@V?$allocator@D@2@@std@@KU?$less@V?$basic_string@DU?$char_traits@D@std@@V?$allocator@D@2@@std@@@2@V?$allocator@U?$pair@$$CBV?$basic_string@DU?$char_traits@D@std@@V?$allocator@D@2@@std@@K@std@@@2@$0A@@std@@@2@I@Z 04004190 f i MQ2EQBC.obj
 0001:000031a0       ??0?$allocator@V?$basic_string@DU?$char_traits@D@std@@V?$allocator@D@2@@std@@@std@@QAE@ABV01@@Z 040041a0 f i MQ2EQBC.obj
 0001:000031b0       ?deallocate@?$allocator@V?$basic_string@DU?$char_traits@D@std@@V?$allocator@D@2@@std@@@std@@QAEXPAV?$basic_string@DU?$char_traits@D@std@@V?$allocator@D@2@@2@I@Z 040041b0 f i MQ2EQBC.obj
 0001:000031c0       ?capacity@?$vector@V?$basic_string@DU?$char_traits@D@std@@V?$allocator@D@2@@std@@V?$allocator@V?$basic_string@DU?$char_traits@D@std@@V?$allocator@D@2@@std@@@2@@std@@QBEIXZ 040041c0 f i MQ2EQBC.obj
 0001:000031f0       ??D?$_Vector_const_iterator@V?$basic_string@DU?$char_traits@D@std@@V?$allocator@D@2@@std@@V?$allocator@V?$basic_string@DU?$char_traits@D@std@@V?$allocator@D@2@@std@@@2@@std@@QBEABV?$basic_string@DU?$char_traits@D@std@@V?$allocator@D@2@@1@XZ 040041f0 f i MQ2EQBC.obj
 0001:00003220       ?_Getstate@?$basic_stringbuf@DU?$char_traits@D@std@@V?$allocator@D@2@@std@@AAEHH@Z 04004220 f i MQ2EQBC.obj
 0001:00003250       ?_Myval@?$_Tree@V?$_Tmap_traits@V?$basic_string@DU?$char_traits@D@std@@V?$allocator@D@2@@std@@V12@U?$less@V?$basic_string@DU?$char_traits@D@std@@V?$allocator@D@2@@std@@@2@V?$allocator@U?$pair@$$CBV?$basic_string@DU?$char_traits@D@std@@V?$allocator@D@2@@std@@V12@@std@@@2@$0A@@std@@@std@@KAAAU?$pair@$$CBV?$basic_string@DU?$char_traits@D@std@@V?$allocator@D@2@@std@@V12@@2@PAU_Node@?$_Tree_nod@V?$_Tmap_traits@V?$basic_string@DU?$char_traits@D@std@@V?$allocator@D@2@@std@@V12@U?$less@V?$basic_string@DU?$char_traits@D@std@@V?$allocator@D@2@@std@@@2@V?$allocator@U?$pair@$$CBV?$basic_string@DU?$char_traits@D@std@@V?$allocator@D@2@@std@@V12@@std@@@2@$0A@@std@@@2@@Z 04004250 f i MQ2EQBC.obj
 0001:00003260       ??0?$allocator@U?$pair@$$CBV?$basic_string@DU?$char_traits@D@std@@V?$allocator@D@2@@std@@V12@@std@@@std@@QAE@ABV01@@Z 04004260 f i MQ2EQBC.obj
 0001:00003270       ??Dconst_iterator@?$_Tree@V?$_Tmap_traits@V?$basic_string@DU?$char_traits@D@std@@V?$allocator@D@2@@std@@V12@U?$less@V?$basic_string@DU?$char_traits@D@std@@V?$allocator@D@2@@std@@@2@V?$allocator@U?$pair@$$CBV?$basic_string@DU?$char_traits@D@std@@V?$allocator@D@2@@std@@V12@@std@@@2@$0A@@std@@@std@@QBEABU?$pair@$$CBV?$basic_string@DU?$char_traits@D@std@@V?$allocator@D@2@@std@@V12@@2@XZ 04004270 f i MQ2EQBC.obj
 0001:000032a0       ?_Inc@const_iterator@?$_Tree@V?$_Tmap_traits@V?$basic_string@DU?$char_traits@D@std@@V?$allocator@D@2@@std@@V12@U?$less@V?$basic_string@DU?$char_traits@D@std@@V?$allocator@D@2@@std@@@2@V?$allocator@U?$pair@$$CBV?$basic_string@DU?$char_traits@D@std@@V?$allocator@D@2@@std@@V12@@std@@@2@$0A@@std@@@std@@QAEXXZ 040042a0 f i MQ2EQBC.obj
 0001:00003310       ??Dconst_iterator@?$_Tree@V?$_Tmap_traits@V?$basic_string@DU?$char_traits@D@std@@V?$allocator@D@2@@std@@KU?$less@V?$basic_string@DU?$char_traits@D@std@@V?$allocator@D@2@@std@@@2@V?$allocator@U?$pair@$$CBV?$basic_string@DU?$char_traits@D@std@@V?$allocator@D@2@@std@@K@std@@@2@$0A@@std@@@std@@QBEABU?$pair@$$CBV?$basic_string@DU?$char_traits@D@std@@V?$allocator@D@2@@std@@K@2@XZ 04004310 f i MQ2EQBC.obj
 0001:00003340       ??0?$_Iterator_with_base@Urandom_access_iterator_tag@std@@V?$basic_string@DU?$char_traits@D@std@@V?$allocator@D@2@@2@HPBV32@ABV32@V_Iterator_base_aux@2@@std@@QAE@XZ 04004340 f i MQ2EQBC.obj
 0001:00003350       ??0?$_Iterator_with_base@Ubidirectional_iterator_tag@std@@U?$pair@$$CBV?$basic_string@DU?$char_traits@D@std@@V?$allocator@D@2@@std@@K@2@HPBU32@ABU32@V_Iterator_base_aux@2@@std@@QAE@XZ 04004350 f i MQ2EQBC.obj
 0001:00003360       ?_Inside@?$basic_string@DU?$char_traits@D@std@@V?$allocator@D@2@@std@@IAE_NPBD@Z 04004360 f i MQ2EQBC.obj
 0001:000033a0       ?_Init@?$basic_streambuf@DU?$char_traits@D@std@@@std@@IAEXXZ 040043a0 f i MQ2EQBC.obj
 0001:00003400       ?_Color@?$_Tree@V?$_Tmap_traits@V?$basic_string@DU?$char_traits@D@std@@V?$allocator@D@2@@std@@KU?$less@V?$basic_string@DU?$char_traits@D@std@@V?$allocator@D@2@@std@@@2@V?$allocator@U?$pair@$$CBV?$basic_string@DU?$char_traits@D@std@@V?$allocator@D@2@@std@@K@std@@@2@$0A@@std@@@std@@KAAADPAU_Node@?$_Tree_nod@V?$_Tmap_traits@V?$basic_string@DU?$char_traits@D@std@@V?$allocator@D@2@@std@@KU?$less@V?$basic_string@DU?$char_traits@D@std@@V?$allocator@D@2@@std@@@2@V?$allocator@U?$pair@$$CBV?$basic_string@DU?$char_traits@D@std@@V?$allocator@D@2@@std@@K@std@@@2@$0A@@std@@@2@@Z 04004400 f i MQ2EQBC.obj
 0001:00003410       ?_Lmost@?$_Tree@V?$_Tmap_traits@V?$basic_string@DU?$char_traits@D@std@@V?$allocator@D@2@@std@@KU?$less@V?$basic_string@DU?$char_traits@D@std@@V?$allocator@D@2@@std@@@2@V?$allocator@U?$pair@$$CBV?$basic_string@DU?$char_traits@D@std@@V?$allocator@D@2@@std@@K@std@@@2@$0A@@std@@@std@@IBEAAPAU_Node@?$_Tree_nod@V?$_Tmap_traits@V?$basic_string@DU?$char_traits@D@std@@V?$allocator@D@2@@std@@KU?$less@V?$basic_string@DU?$char_traits@D@std@@V?$allocator@D@2@@std@@@2@V?$allocator@U?$pair@$$CBV?$basic_string@DU?$char_traits@D@std@@V?$allocator@D@2@@std@@K@std@@@2@$0A@@std@@@2@XZ 04004410 f i MQ2EQBC.obj
 0001:00003420       ?_Root@?$_Tree@V?$_Tmap_traits@V?$basic_string@DU?$char_traits@D@std@@V?$allocator@D@2@@std@@KU?$less@V?$basic_string@DU?$char_traits@D@std@@V?$allocator@D@2@@std@@@2@V?$allocator@U?$pair@$$CBV?$basic_string@DU?$char_traits@D@std@@V?$allocator@D@2@@std@@K@std@@@2@$0A@@std@@@std@@IBEAAPAU_Node@?$_Tree_nod@V?$_Tmap_traits@V?$basic_string@DU?$char_traits@D@std@@V?$allocator@D@2@@std@@KU?$less@V?$basic_string@DU?$char_traits@D@std@@V?$allocator@D@2@@std@@@2@V?$allocator@U?$pair@$$CBV?$basic_string@DU?$char_traits@D@std@@V?$allocator@D@2@@std@@K@std@@@2@$0A@@std@@@2@XZ 04004420 f i MQ2EQBC.obj
 0001:00003430       ?_Rrotate@?$_Tree@V?$_Tmap_traits@V?$basic_string@DU?$char_traits@D@std@@V?$allocator@D@2@@std@@KU?$less@V?$basic_string@DU?$char_traits@D@std@@V?$allocator@D@2@@std@@@2@V?$allocator@U?$pair@$$CBV?$basic_string@DU?$char_traits@D@std@@V?$allocator@D@2@@std@@K@std@@@2@$0A@@std@@@std@@IAEXPAU_Node@?$_Tree_nod@V?$_Tmap_traits@V?$basic_string@DU?$char_traits@D@std@@V?$allocator@D@2@@std@@KU?$less@V?$basic_string@DU?$char_traits@D@std@@V?$allocator@D@2@@std@@@2@V?$allocator@U?$pair@$$CBV?$basic_string@DU?$char_traits@D@std@@V?$allocator@D@2@@std@@K@std@@@2@$0A@@std@@@2@@Z 04004430 f i MQ2EQBC.obj
 0001:00003490       ?max_size@?$allocator@V?$basic_string@DU?$char_traits@D@std@@V?$allocator@D@2@@std@@@std@@QBEIXZ 04004490 f i MQ2EQBC.obj
 0001:000034a0       ??Y?$_Vector_const_iterator@V?$basic_string@DU?$char_traits@D@std@@V?$allocator@D@2@@std@@V?$allocator@V?$basic_string@DU?$char_traits@D@std@@V?$allocator@D@2@@std@@@2@@std@@QAEAAV01@H@Z 040044a0 f i MQ2EQBC.obj
 0001:00003500       ?max_size@?$allocator@U?$pair@$$CBV?$basic_string@DU?$char_traits@D@std@@V?$allocator@D@2@@std@@V12@@std@@@std@@QBEIXZ 04004500 f i MQ2EQBC.obj
 0001:00003510       ?_Dec@const_iterator@?$_Tree@V?$_Tmap_traits@V?$basic_string@DU?$char_traits@D@std@@V?$allocator@D@2@@std@@V12@U?$less@V?$basic_string@DU?$char_traits@D@std@@V?$allocator@D@2@@std@@@2@V?$allocator@U?$pair@$$CBV?$basic_string@DU?$char_traits@D@std@@V?$allocator@D@2@@std@@V12@@std@@@2@$0A@@std@@@std@@QAEXXZ 04004510 f i MQ2EQBC.obj
 0001:000035a0       ??9const_iterator@?$_Tree@V?$_Tmap_traits@V?$basic_string@DU?$char_traits@D@std@@V?$allocator@D@2@@std@@KU?$less@V?$basic_string@DU?$char_traits@D@std@@V?$allocator@D@2@@std@@@2@V?$allocator@U?$pair@$$CBV?$basic_string@DU?$char_traits@D@std@@V?$allocator@D@2@@std@@K@std@@@2@$0A@@std@@@std@@QBE_NABV012@@Z 040045a0 f i MQ2EQBC.obj
 0001:000035d0       ??0?$pair@Viterator@?$_Tree@V?$_Tmap_traits@V?$basic_string@DU?$char_traits@D@std@@V?$allocator@D@2@@std@@KU?$less@V?$basic_string@DU?$char_traits@D@std@@V?$allocator@D@2@@std@@@2@V?$allocator@U?$pair@$$CBV?$basic_string@DU?$char_traits@D@std@@V?$allocator@D@2@@std@@K@std@@@2@$0A@@std@@@std@@_N@std@@QAE@ABViterator@?$_Tree@V?$_Tmap_traits@V?$basic_string@DU?$char_traits@D@std@@V?$allocator@D@2@@std@@KU?$less@V?$basic_string@DU?$char_traits@D@std@@V?$allocator@D@2@@std@@@2@V?$allocator@U?$pair@$$CBV?$basic_string@DU?$char_traits@D@std@@V?$allocator@D@2@@std@@K@std@@@2@$0A@@std@@@1@AB_N@Z 040045d0 f i MQ2EQBC.obj
 0001:000035f0       ?max_size@?$allocator@D@std@@QBEIXZ 040045f0 f i MQ2EQBC.obj
 0001:00003600       ?_Max@?$_Tree@V?$_Tmap_traits@V?$basic_string@DU?$char_traits@D@std@@V?$allocator@D@2@@std@@KU?$less@V?$basic_string@DU?$char_traits@D@std@@V?$allocator@D@2@@std@@@2@V?$allocator@U?$pair@$$CBV?$basic_string@DU?$char_traits@D@std@@V?$allocator@D@2@@std@@K@std@@@2@$0A@@std@@@std@@KAPAU_Node@?$_Tree_nod@V?$_Tmap_traits@V?$basic_string@DU?$char_traits@D@std@@V?$allocator@D@2@@std@@KU?$less@V?$basic_string@DU?$char_traits@D@std@@V?$allocator@D@2@@std@@@2@V?$allocator@U?$pair@$$CBV?$basic_string@DU?$char_traits@D@std@@V?$allocator@D@2@@std@@K@std@@@2@$0A@@std@@@2@PAU342@@Z 04004600 f i MQ2EQBC.obj
 0001:00003620       ?_Min@?$_Tree@V?$_Tmap_traits@V?$basic_string@DU?$char_traits@D@std@@V?$allocator@D@2@@std@@KU?$less@V?$basic_string@DU?$char_traits@D@std@@V?$allocator@D@2@@std@@@2@V?$allocator@U?$pair@$$CBV?$basic_string@DU?$char_traits@D@std@@V?$allocator@D@2@@std@@K@std@@@2@$0A@@std@@@std@@KAPAU_Node@?$_Tree_nod@V?$_Tmap_traits@V?$basic_string@DU?$char_traits@D@std@@V?$allocator@D@2@@std@@KU?$less@V?$basic_string@DU?$char_traits@D@std@@V?$allocator@D@2@@std@@@2@V?$allocator@U?$pair@$$CBV?$basic_string@DU?$char_traits@D@std@@V?$allocator@D@2@@std@@K@std@@@2@$0A@@std@@@2@PAU342@@Z 04004620 f i MQ2EQBC.obj
 0001:00003640       ?max_size@?$allocator@U?$pair@$$CBV?$basic_string@DU?$char_traits@D@std@@V?$allocator@D@2@@std@@K@std@@@std@@QBEIXZ 04004640 f i MQ2EQBC.obj
 0001:00003650       ??$swap@D@std@@YAXAAD0@Z   04004650 f i MQ2EQBC.obj
 0001:00003670       ??$_Allocate@D@std@@YAPADIPAD@Z 04004670 f i MQ2EQBC.obj
 0001:000036d0       ??$_Destroy@PAU_Node@?$_Tree_nod@V?$_Tmap_traits@V?$basic_string@DU?$char_traits@D@std@@V?$allocator@D@2@@std@@KU?$less@V?$basic_string@DU?$char_traits@D@std@@V?$allocator@D@2@@std@@@2@V?$allocator@U?$pair@$$CBV?$basic_string@DU?$char_traits@D@std@@V?$allocator@D@2@@std@@K@std@@@2@$0A@@std@@@std@@@std@@YAXPAPAU_Node@?$_Tree_nod@V?$_Tmap_traits@V?$basic_string@DU?$char_traits@D@std@@V?$allocator@D@2@@std@@KU?$less@V?$basic_string@DU?$char_traits@D@std@@V?$allocator@D@2@@std@@@2@V?$allocator@U?$pair@$$CBV?$basic_string@DU?$char_traits@D@std@@V?$allocator@D@2@@std@@K@std@@@2@$0A@@std@@@0@@Z 040046d0 f i MQ2EQBC.obj
 0001:000036e0       ??$_Allocate@V?$basic_string@DU?$char_traits@D@std@@V?$allocator@D@2@@std@@@std@@YAPAV?$basic_string@DU?$char_traits@D@std@@V?$allocator@D@2@@0@IPAV10@@Z 040046e0 f i MQ2EQBC.obj
 0001:00003750       ??$?0V?$basic_string@DU?$char_traits@D@std@@V?$allocator@D@2@@std@@@?$allocator@V_Aux_cont@std@@@std@@QAE@ABV?$allocator@V?$basic_string@DU?$char_traits@D@std@@V?$allocator@D@2@@std@@@1@@Z 04004750 f i MQ2EQBC.obj
 0001:00003760       ??$_Destroy@PAU_Node@?$_Tree_nod@V?$_Tmap_traits@V?$basic_string@DU?$char_traits@D@std@@V?$allocator@D@2@@std@@V12@U?$less@V?$basic_string@DU?$char_traits@D@std@@V?$allocator@D@2@@std@@@2@V?$allocator@U?$pair@$$CBV?$basic_string@DU?$char_traits@D@std@@V?$allocator@D@2@@std@@V12@@std@@@2@$0A@@std@@@std@@@std@@YAXPAPAU_Node@?$_Tree_nod@V?$_Tmap_traits@V?$basic_string@DU?$char_traits@D@std@@V?$allocator@D@2@@std@@V12@U?$less@V?$basic_string@DU?$char_traits@D@std@@V?$allocator@D@2@@std@@@2@V?$allocator@U?$pair@$$CBV?$basic_string@DU?$char_traits@D@std@@V?$allocator@D@2@@std@@V12@@std@@@2@$0A@@std@@@0@@Z 04004760 f i MQ2EQBC.obj
 0001:00003770       ??$_Allocate@V_Aux_cont@std@@@std@@YAPAV_Aux_cont@0@IPAV10@@Z 04004770 f i MQ2EQBC.obj
 0001:000037d0       ??$?0U?$pair@$$CBV?$basic_string@DU?$char_traits@D@std@@V?$allocator@D@2@@std@@K@std@@@?$allocator@PAU_Node@?$_Tree_nod@V?$_Tmap_traits@V?$basic_string@DU?$char_traits@D@std@@V?$allocator@D@2@@std@@KU?$less@V?$basic_string@DU?$char_traits@D@std@@V?$allocator@D@2@@std@@@2@V?$allocator@U?$pair@$$CBV?$basic_string@DU?$char_traits@D@std@@V?$allocator@D@2@@std@@K@std@@@2@$0A@@std@@@std@@@std@@QAE@ABV?$allocator@U?$pair@$$CBV?$basic_string@DU?$char_traits@D@std@@V?$allocator@D@2@@std@@K@std@@@1@@Z 040047d0 f i MQ2EQBC.obj
 0001:000037e0       ??$?0U?$pair@$$CBV?$basic_string@DU?$char_traits@D@std@@V?$allocator@D@2@@std@@V12@@std@@@?$allocator@PAU_Node@?$_Tree_nod@V?$_Tmap_traits@V?$basic_string@DU?$char_traits@D@std@@V?$allocator@D@2@@std@@V12@U?$less@V?$basic_string@DU?$char_traits@D@std@@V?$allocator@D@2@@std@@@2@V?$allocator@U?$pair@$$CBV?$basic_string@DU?$char_traits@D@std@@V?$allocator@D@2@@std@@V12@@std@@@2@$0A@@std@@@std@@@std@@QAE@ABV?$allocator@U?$pair@$$CBV?$basic_string@DU?$char_traits@D@std@@V?$allocator@D@2@@std@@V12@@std@@@1@@Z 040047e0 f i MQ2EQBC.obj
 0001:000037f0       ??$_Allocate@U_Node@?$_Tree_nod@V?$_Tmap_traits@V?$basic_string@DU?$char_traits@D@std@@V?$allocator@D@2@@std@@V12@U?$less@V?$basic_string@DU?$char_traits@D@std@@V?$allocator@D@2@@std@@@2@V?$allocator@U?$pair@$$CBV?$basic_string@DU?$char_traits@D@std@@V?$allocator@D@2@@std@@V12@@std@@@2@$0A@@std@@@std@@@std@@YAPAU_Node@?$_Tree_nod@V?$_Tmap_traits@V?$basic_string@DU?$char_traits@D@std@@V?$allocator@D@2@@std@@V12@U?$less@V?$basic_string@DU?$char_traits@D@std@@V?$allocator@D@2@@std@@@2@V?$allocator@U?$pair@$$CBV?$basic_string@DU?$char_traits@D@std@@V?$allocator@D@2@@std@@V12@@std@@@2@$0A@@std@@@0@IPAU120@@Z 040047f0 f i MQ2EQBC.obj
 0001:00003850       ??$?0U?$pair@$$CBV?$basic_string@DU?$char_traits@D@std@@V?$allocator@D@2@@std@@K@std@@@?$allocator@U_Node@?$_Tree_nod@V?$_Tmap_traits@V?$basic_string@DU?$char_traits@D@std@@V?$allocator@D@2@@std@@KU?$less@V?$basic_string@DU?$char_traits@D@std@@V?$allocator@D@2@@std@@@2@V?$allocator@U?$pair@$$CBV?$basic_string@DU?$char_traits@D@std@@V?$allocator@D@2@@std@@K@std@@@2@$0A@@std@@@std@@@std@@QAE@ABV?$allocator@U?$pair@$$CBV?$basic_string@DU?$char_traits@D@std@@V?$allocator@D@2@@std@@K@std@@@1@@Z 04004850 f i MQ2EQBC.obj
 0001:00003860       ??$_Allocate@U_Node@?$_Tree_nod@V?$_Tmap_traits@V?$basic_string@DU?$char_traits@D@std@@V?$allocator@D@2@@std@@KU?$less@V?$basic_string@DU?$char_traits@D@std@@V?$allocator@D@2@@std@@@2@V?$allocator@U?$pair@$$CBV?$basic_string@DU?$char_traits@D@std@@V?$allocator@D@2@@std@@K@std@@@2@$0A@@std@@@std@@@std@@YAPAU_Node@?$_Tree_nod@V?$_Tmap_traits@V?$basic_string@DU?$char_traits@D@std@@V?$allocator@D@2@@std@@KU?$less@V?$basic_string@DU?$char_traits@D@std@@V?$allocator@D@2@@std@@@2@V?$allocator@U?$pair@$$CBV?$basic_string@DU?$char_traits@D@std@@V?$allocator@D@2@@std@@K@std@@@2@$0A@@std@@@0@IPAU120@@Z 04004860 f i MQ2EQBC.obj
 0001:000038c0       ??$_Construct@PAU_Node@?$_Tree_nod@V?$_Tmap_traits@V?$basic_string@DU?$char_traits@D@std@@V?$allocator@D@2@@std@@KU?$less@V?$basic_string@DU?$char_traits@D@std@@V?$allocator@D@2@@std@@@2@V?$allocator@U?$pair@$$CBV?$basic_string@DU?$char_traits@D@std@@V?$allocator@D@2@@std@@K@std@@@2@$0A@@std@@@std@@PAU123@@std@@YAXPAPAU_Node@?$_Tree_nod@V?$_Tmap_traits@V?$basic_string@DU?$char_traits@D@std@@V?$allocator@D@2@@std@@KU?$less@V?$basic_string@DU?$char_traits@D@std@@V?$allocator@D@2@@std@@@2@V?$allocator@U?$pair@$$CBV?$basic_string@DU?$char_traits@D@std@@V?$allocator@D@2@@std@@K@std@@@2@$0A@@std@@@0@ABQAU120@@Z 040048c0 f i MQ2EQBC.obj
 0001:000038e0       ??$?0U?$pair@$$CBV?$basic_string@DU?$char_traits@D@std@@V?$allocator@D@2@@std@@V12@@std@@@?$allocator@U_Node@?$_Tree_nod@V?$_Tmap_traits@V?$basic_string@DU?$char_traits@D@std@@V?$allocator@D@2@@std@@V12@U?$less@V?$basic_string@DU?$char_traits@D@std@@V?$allocator@D@2@@std@@@2@V?$allocator@U?$pair@$$CBV?$basic_string@DU?$char_traits@D@std@@V?$allocator@D@2@@std@@V12@@std@@@2@$0A@@std@@@std@@@std@@QAE@ABV?$allocator@U?$pair@$$CBV?$basic_string@DU?$char_traits@D@std@@V?$allocator@D@2@@std@@V12@@std@@@1@@Z 040048e0 f i MQ2EQBC.obj
 0001:000038f0       ??$_Construct@PAU_Node@?$_Tree_nod@V?$_Tmap_traits@V?$basic_string@DU?$char_traits@D@std@@V?$allocator@D@2@@std@@V12@U?$less@V?$basic_string@DU?$char_traits@D@std@@V?$allocator@D@2@@std@@@2@V?$allocator@U?$pair@$$CBV?$basic_string@DU?$char_traits@D@std@@V?$allocator@D@2@@std@@V12@@std@@@2@$0A@@std@@@std@@PAU123@@std@@YAXPAPAU_Node@?$_Tree_nod@V?$_Tmap_traits@V?$basic_string@DU?$char_traits@D@std@@V?$allocator@D@2@@std@@V12@U?$less@V?$basic_string@DU?$char_traits@D@std@@V?$allocator@D@2@@std@@@2@V?$allocator@U?$pair@$$CBV?$basic_string@DU?$char_traits@D@std@@V?$allocator@D@2@@std@@V12@@std@@@2@$0A@@std@@@0@ABQAU120@@Z 040048f0 f i MQ2EQBC.obj
 0001:00003910       ??$?0U?$pair@$$CBV?$basic_string@DU?$char_traits@D@std@@V?$allocator@D@2@@std@@K@std@@@?$allocator@V_Aux_cont@std@@@std@@QAE@ABV?$allocator@U?$pair@$$CBV?$basic_string@DU?$char_traits@D@std@@V?$allocator@D@2@@std@@K@std@@@1@@Z 04004910 f i MQ2EQBC.obj
 0001:00003920       ??$?0U?$pair@$$CBV?$basic_string@DU?$char_traits@D@std@@V?$allocator@D@2@@std@@V12@@std@@@?$allocator@V_Aux_cont@std@@@std@@QAE@ABV?$allocator@U?$pair@$$CBV?$basic_string@DU?$char_traits@D@std@@V?$allocator@D@2@@std@@V12@@std@@@1@@Z 04004920 f i MQ2EQBC.obj
 0001:00003930       ??0bad_alloc@std@@QAE@ABV01@@Z 04004930 f i MQ2EQBC.obj
 0001:00003950       ?_Init@?$num_get@DV?$istreambuf_iterator@DU?$char_traits@D@std@@@std@@@std@@IAEXABV_Locinfo@2@@Z 04004950 f i MQ2EQBC.obj
 0001:00003970       ??$_Char_traits_cat@U?$char_traits@D@std@@@std@@YA?AU_Secure_char_traits_tag@0@XZ 04004970 f i MQ2EQBC.obj
 0001:00003980       ??$copy_s@U?$char_traits@D@std@@@_Traits_helper@std@@YAPADPADIPBDIU_Secure_char_traits_tag@1@@Z 04004980 f i MQ2EQBC.obj
 0001:000039b0       ??$_Ptr_cat@PAV?$basic_string@DU?$char_traits@D@std@@V?$allocator@D@2@@std@@PAV12@@std@@YA?AU_Nonscalar_ptr_iterator_tag@0@AAPAV?$basic_string@DU?$char_traits@D@std@@V?$allocator@D@2@@0@0@Z 040049b0 f i MQ2EQBC.obj
 0001:000039c0       ??$_Iter_random@PAV?$basic_string@DU?$char_traits@D@std@@V?$allocator@D@2@@std@@PAV12@@std@@YA?AUrandom_access_iterator_tag@0@ABQAV?$basic_string@DU?$char_traits@D@std@@V?$allocator@D@2@@0@0@Z 040049c0 f i MQ2EQBC.obj
 0001:000039d0       ??$_Move_cat@PAV?$basic_string@DU?$char_traits@D@std@@V?$allocator@D@2@@std@@@std@@YA?AU_Swap_move_tag@0@ABQAV?$basic_string@DU?$char_traits@D@std@@V?$allocator@D@2@@0@@Z 040049d0 f i MQ2EQBC.obj
 0001:000039e0       ??$move_s@U?$char_traits@D@std@@@_Traits_helper@std@@YAPADPADIPBDIU_Secure_char_traits_tag@1@@Z 040049e0 f i MQ2EQBC.obj
 0001:00003a10       ??$_Checked_base@PAV?$basic_string@DU?$char_traits@D@std@@V?$allocator@D@2@@std@@@std@@YAPAV?$basic_string@DU?$char_traits@D@std@@V?$allocator@D@2@@0@AAPAV10@U_Unchanged_checked_iterator_base_type_tag@0@@Z 04004a10 f i MQ2EQBC.obj
 0001:00003a20       ??$?8DD@std@@YA_NABV?$allocator@D@0@0@Z 04004a20 f i MQ2EQBC.obj
 0001:00003a30       ??0?$ctype@D@std@@QAE@ABV_Locinfo@1@I@Z 04004a30 f i MQ2EQBC.obj
 0001:00003a70       ?_Tidy@?$ctype@D@std@@IAEXXZ 04004a70 f i MQ2EQBC.obj
 0001:00003aa0       ?do_tolower@?$ctype@D@std@@MBEDD@Z 04004aa0 f i MQ2EQBC.obj
 0001:00003ac0       ?do_tolower@?$ctype@D@std@@MBEPBDPADPBD@Z 04004ac0 f i MQ2EQBC.obj
 0001:00003af0       ?do_toupper@?$ctype@D@std@@MBEDD@Z 04004af0 f i MQ2EQBC.obj
 0001:00003b10       ?do_toupper@?$ctype@D@std@@MBEPBDPADPBD@Z 04004b10 f i MQ2EQBC.obj
 0001:00003b40       ?do_widen@?$ctype@D@std@@MBEDD@Z 04004b40 f i MQ2EQBC.obj
 0001:00003b50       ?do_widen@?$ctype@D@std@@MBEPBDPBD0PAD@Z 04004b50 f i MQ2EQBC.obj
 0001:00003b80       ?_Do_widen_s@?$ctype@D@std@@MBEPBDPBD0PADI@Z 04004b80 f i MQ2EQBC.obj
 0001:00003bc0       ?do_narrow@?$ctype@D@std@@MBEDDD@Z 04004bc0 f i MQ2EQBC.obj
 0001:00003bd0       ?do_narrow@?$ctype@D@std@@MBEPBDPBD0DPAD@Z 04004bd0 f i MQ2EQBC.obj
 0001:00003c00       ?_Do_narrow_s@?$ctype@D@std@@MBEPBDPBD0DPADI@Z 04004c00 f i MQ2EQBC.obj
 0001:00003c40       ??1?$ctype@D@std@@MAE@XZ   04004c40 f i MQ2EQBC.obj
 0001:00003c80       ??_G?$ctype@D@std@@MAEPAXI@Z 04004c80 f i MQ2EQBC.obj
 0001:00003c80       ??_E?$ctype@D@std@@MAEPAXI@Z 04004c80 f i MQ2EQBC.obj
 0001:00003cd0       ??7ios_base@std@@QBE_NXZ   04004cd0 f i MQ2EQBC.obj
 0001:00003ce0       ??0CCustomWnd@MQ2Internal@@QAE@PAVCXStr@EQClasses@@@Z 04004ce0 f i MQ2EQBC.obj
 0001:00003d80       ??1CCustomWnd@MQ2Internal@@QAE@XZ 04004d80 f i MQ2EQBC.obj
 0001:00003da0       ?HandleDisconnect@@YAX_N@Z 04004da0 f   MQ2EQBC.obj
 0001:00003e20       ?HandleReconnectRequest@@YAXXZ 04004e20 f   MQ2EQBC.obj
 0001:00003e40       ?TryRelogin@@YAXXZ         04004e40 f   MQ2EQBC.obj
 0001:00003f20       ??A?$basic_string@DU?$char_traits@D@std@@V?$allocator@D@2@@std@@QAEAADI@Z 04004f20 f i MQ2EQBC.obj
 0001:00003f50       ?c_str@?$basic_string@DU?$char_traits@D@std@@V?$allocator@D@2@@std@@QBEPBDXZ 04004f50 f i MQ2EQBC.obj
 0001:00003f60       ??1_Sentry_base@?$basic_istream@DU?$char_traits@D@std@@@std@@QAE@XZ 04004f60 f i MQ2EQBC.obj
 0001:00003f80       ??1?$basic_streambuf@DU?$char_traits@D@std@@@std@@UAE@XZ 04004f80 f i MQ2EQBC.obj
 0001:00003ff0       ?overflow@?$basic_streambuf@DU?$char_traits@D@std@@@std@@MAEHH@Z 04004ff0 f i MQ2EQBC.obj
 0001:00004000       ?pbackfail@?$basic_streambuf@DU?$char_traits@D@std@@@std@@MAEHH@Z 04005000 f i MQ2EQBC.obj
 0001:00004010       ?showmanyc@?$basic_streambuf@DU?$char_traits@D@std@@@std@@MAEHXZ 04005010 f i MQ2EQBC.obj
 0001:00004020       ?underflow@?$basic_streambuf@DU?$char_traits@D@std@@@std@@MAEHXZ 04005020 f i MQ2EQBC.obj
 0001:00004030       ?xsgetn@?$basic_streambuf@DU?$char_traits@D@std@@@std@@MAEHPADH@Z 04005030 f i MQ2EQBC.obj
 0001:00004050       ?setbuf@?$basic_streambuf@DU?$char_traits@D@std@@@std@@MAEPAV12@PADH@Z 04005050 f i MQ2EQBC.obj
 0001:00004060       ?sync@?$basic_streambuf@DU?$char_traits@D@std@@@std@@MAEHXZ 04005060 f i MQ2EQBC.obj
 0001:00004070       ?imbue@?$basic_streambuf@DU?$char_traits@D@std@@@std@@MAEXABVlocale@2@@Z 04005070 f i MQ2EQBC.obj
 0001:00004080       ?gbump@?$basic_streambuf@DU?$char_traits@D@std@@@std@@IAEXH@Z 04005080 f i MQ2EQBC.obj
 0001:000040a0       ?pbump@?$basic_streambuf@DU?$char_traits@D@std@@@std@@IAEXH@Z 040050a0 f i MQ2EQBC.obj
 0001:000040c0       ?_Pnavail@?$basic_streambuf@DU?$char_traits@D@std@@@std@@IBEHXZ 040050c0 f i MQ2EQBC.obj
 0001:000040e0       ??0?$fpos@H@std@@QAE@J@Z   040050e0 f i MQ2EQBC.obj
 0001:00004100       ?sgetc@?$basic_streambuf@DU?$char_traits@D@std@@@std@@QAEHXZ 04005100 f i MQ2EQBC.obj
 0001:00004120       ?uflow@?$basic_streambuf@DU?$char_traits@D@std@@@std@@MAEHXZ 04005120 f i MQ2EQBC.obj
 0001:00004150       ?seekoff@?$basic_streambuf@DU?$char_traits@D@std@@@std@@MAE?AV?$fpos@H@2@JHH@Z 04005150 f i MQ2EQBC.obj
 0001:00004170       ?seekpos@?$basic_streambuf@DU?$char_traits@D@std@@@std@@MAE?AV?$fpos@H@2@V32@H@Z 04005170 f i MQ2EQBC.obj
 0001:00004190       ?GetUnused@?$CIndex@PAU_MQ2TypeMember@MQ2Internal@@@MQ2Internal@@QAEKXZ 04005190 f i MQ2EQBC.obj
 0001:000041e0       ??1?$basic_stringbuf@DU?$char_traits@D@std@@V?$allocator@D@2@@std@@UAE@XZ 040051e0 f i MQ2EQBC.obj
 0001:00004200       ?eq@?$char_traits@D@std@@SA_NABD0@Z 04005200 f i MQ2EQBC.obj
 0001:00004220       ?not_eof@?$char_traits@D@std@@SAHABH@Z 04005220 f i MQ2EQBC.obj
 0001:00004230       ?pbase@?$basic_streambuf@DU?$char_traits@D@std@@@std@@IBEPADXZ 04005230 f i MQ2EQBC.obj
 0001:00004240       ?_Pninc@?$basic_streambuf@DU?$char_traits@D@std@@@std@@IAEPADXZ 04005240 f i MQ2EQBC.obj
 0001:00004250       ??B?$fpos@H@std@@QBEJXZ    04005250 f i MQ2EQBC.obj
 0001:00004260       ?pbackfail@?$basic_stringbuf@DU?$char_traits@D@std@@V?$allocator@D@2@@std@@MAEHH@Z 04005260 f i MQ2EQBC.obj
 0001:000042b0       ?underflow@?$basic_stringbuf@DU?$char_traits@D@std@@V?$allocator@D@2@@std@@MAEHXZ 040052b0 f i MQ2EQBC.obj
 0001:00004320       ?seekoff@?$basic_stringbuf@DU?$char_traits@D@std@@V?$allocator@D@2@@std@@MAE?AV?$fpos@H@2@JHH@Z 04005320 f i MQ2EQBC.obj
 0001:00004480       ?seekpos@?$basic_stringbuf@DU?$char_traits@D@std@@V?$allocator@D@2@@std@@MAE?AV?$fpos@H@2@V32@H@Z 04005480 f i MQ2EQBC.obj
 0001:00004550       ??_G?$basic_istream@DU?$char_traits@D@std@@@std@@UAEPAXI@Z 04005550 f i MQ2EQBC.obj
 0001:00004550       ??_E?$basic_istream@DU?$char_traits@D@std@@@std@@UAEPAXI@Z 04005550 f i MQ2EQBC.obj
 0001:00004590       ??_E?$basic_streambuf@DU?$char_traits@D@std@@@std@@UAEPAXI@Z 04005590 f i MQ2EQBC.obj
 0001:00004590       ??_G?$basic_streambuf@DU?$char_traits@D@std@@@std@@UAEPAXI@Z 04005590 f i MQ2EQBC.obj
 0001:000045b0       ??_G?$basic_stringbuf@DU?$char_traits@D@std@@V?$allocator@D@2@@std@@UAEPAXI@Z 040055b0 f i MQ2EQBC.obj
 0001:000045b0       ??_E?$basic_stringbuf@DU?$char_traits@D@std@@V?$allocator@D@2@@std@@UAEPAXI@Z 040055b0 f i MQ2EQBC.obj
 0001:000045e0       ?find@?$basic_string@DU?$char_traits@D@std@@V?$allocator@D@2@@std@@QBEIPBDII@Z 040055e0 f i MQ2EQBC.obj
 0001:000046a0       ?compare@?$basic_string@DU?$char_traits@D@std@@V?$allocator@D@2@@std@@QBEHIIPBDI@Z 040056a0 f i MQ2EQBC.obj
 0001:00004710       ??0?$_String_val@DV?$allocator@D@std@@@std@@IAE@V?$allocator@D@1@@Z 04005710 f i MQ2EQBC.obj
 0001:00004720       ??0?$_String_val@DV?$allocator@D@std@@@std@@QAE@ABV01@@Z 04005720 f i MQ2EQBC.obj
 0001:00004730       ?allocate@?$allocator@D@std@@QAEPADI@Z 04005730 f i MQ2EQBC.obj
 0001:00004750       ??0_Sentry_base@?$basic_istream@DU?$char_traits@D@std@@@std@@QAE@AAV12@@Z 04005750 f i MQ2EQBC.obj
 0001:00004780       ?sbumpc@?$basic_streambuf@DU?$char_traits@D@std@@@std@@QAEHXZ 04005780 f i MQ2EQBC.obj
 0001:000047b0       ?_Key@?$_Tree@V?$_Tmap_traits@V?$basic_string@DU?$char_traits@D@std@@V?$allocator@D@2@@std@@KU?$less@V?$basic_string@DU?$char_traits@D@std@@V?$allocator@D@2@@std@@@2@V?$allocator@U?$pair@$$CBV?$basic_string@DU?$char_traits@D@std@@V?$allocator@D@2@@std@@K@std@@@2@$0A@@std@@@std@@KAABV?$basic_string@DU?$char_traits@D@std@@V?$allocator@D@2@@2@PAU_Node@?$_Tree_nod@V?$_Tmap_traits@V?$basic_string@DU?$char_traits@D@std@@V?$allocator@D@2@@std@@KU?$less@V?$basic_string@DU?$char_traits@D@std@@V?$allocator@D@2@@std@@@2@V?$allocator@U?$pair@$$CBV?$basic_string@DU?$char_traits@D@std@@V?$allocator@D@2@@std@@K@std@@@2@$0A@@std@@@2@@Z 040057b0 f i MQ2EQBC.obj
 0001:000047c0       ??1?$_Container_base_aux_alloc_real@V?$allocator@U?$pair@$$CBV?$basic_string@DU?$char_traits@D@std@@V?$allocator@D@2@@std@@K@std@@@std@@@std@@IAE@XZ 040057c0 f i MQ2EQBC.obj
 0001:000047d0       ??1?$_Container_base_aux_alloc_real@V?$allocator@V?$basic_string@DU?$char_traits@D@std@@V?$allocator@D@2@@std@@@std@@@std@@IAE@XZ 040057d0 f i MQ2EQBC.obj
 0001:000047e0       ??D?$_Vector_iterator@V?$basic_string@DU?$char_traits@D@std@@V?$allocator@D@2@@std@@V?$allocator@V?$basic_string@DU?$char_traits@D@std@@V?$allocator@D@2@@std@@@2@@std@@QBEAAV?$basic_string@DU?$char_traits@D@std@@V?$allocator@D@2@@1@XZ 040057e0 f i MQ2EQBC.obj
 0001:00004810       ?_Key@?$_Tree@V?$_Tmap_traits@V?$basic_string@DU?$char_traits@D@std@@V?$allocator@D@2@@std@@V12@U?$less@V?$basic_string@DU?$char_traits@D@std@@V?$allocator@D@2@@std@@@2@V?$allocator@U?$pair@$$CBV?$basic_string@DU?$char_traits@D@std@@V?$allocator@D@2@@std@@V12@@std@@@2@$0A@@std@@@std@@KAABV?$basic_string@DU?$char_traits@D@std@@V?$allocator@D@2@@2@PAU_Node@?$_Tree_nod@V?$_Tmap_traits@V?$basic_string@DU?$char_traits@D@std@@V?$allocator@D@2@@std@@V12@U?$less@V?$basic_string@DU?$char_traits@D@std@@V?$allocator@D@2@@std@@@2@V?$allocator@U?$pair@$$CBV?$basic_string@DU?$char_traits@D@std@@V?$allocator@D@2@@std@@V12@@std@@@2@$0A@@std@@@2@@Z 04005810 f i MQ2EQBC.obj
 0001:00004820       ?_Lrotate@?$_Tree@V?$_Tmap_traits@V?$basic_string@DU?$char_traits@D@std@@V?$allocator@D@2@@std@@V12@U?$less@V?$basic_string@DU?$char_traits@D@std@@V?$allocator@D@2@@std@@@2@V?$allocator@U?$pair@$$CBV?$basic_string@DU?$char_traits@D@std@@V?$allocator@D@2@@std@@V12@@std@@@2@$0A@@std@@@std@@IAEXPAU_Node@?$_Tree_nod@V?$_Tmap_traits@V?$basic_string@DU?$char_traits@D@std@@V?$allocator@D@2@@std@@V12@U?$less@V?$basic_string@DU?$char_traits@D@std@@V?$allocator@D@2@@std@@@2@V?$allocator@U?$pair@$$CBV?$basic_string@DU?$char_traits@D@std@@V?$allocator@D@2@@std@@V12@@std@@@2@$0A@@std@@@2@@Z 04005820 f i MQ2EQBC.obj
 0001:00004870       ??1?$_Container_base_aux_alloc_real@V?$allocator@U?$pair@$$CBV?$basic_string@DU?$char_traits@D@std@@V?$allocator@D@2@@std@@V12@@std@@@std@@@std@@IAE@XZ 04005870 f i MQ2EQBC.obj
 0001:00004880       ??Diterator@?$_Tree@V?$_Tmap_traits@V?$basic_string@DU?$char_traits@D@std@@V?$allocator@D@2@@std@@V12@U?$less@V?$basic_string@DU?$char_traits@D@std@@V?$allocator@D@2@@std@@@2@V?$allocator@U?$pair@$$CBV?$basic_string@DU?$char_traits@D@std@@V?$allocator@D@2@@std@@V12@@std@@@2@$0A@@std@@@std@@QBEAAU?$pair@$$CBV?$basic_string@DU?$char_traits@D@std@@V?$allocator@D@2@@std@@V12@@2@XZ 04005880 f i MQ2EQBC.obj
 0001:000048b0       ??Econst_iterator@?$_Tree@V?$_Tmap_traits@V?$basic_string@DU?$char_traits@D@std@@V?$allocator@D@2@@std@@V12@U?$less@V?$basic_string@DU?$char_traits@D@std@@V?$allocator@D@2@@std@@@2@V?$allocator@U?$pair@$$CBV?$basic_string@DU?$char_traits@D@std@@V?$allocator@D@2@@std@@V12@@std@@@2@$0A@@std@@@std@@QAEAAV012@XZ 040058b0 f i MQ2EQBC.obj
 0001:000048c0       ??Diterator@?$_Tree@V?$_Tmap_traits@V?$basic_string@DU?$char_traits@D@std@@V?$allocator@D@2@@std@@KU?$less@V?$basic_string@DU?$char_traits@D@std@@V?$allocator@D@2@@std@@@2@V?$allocator@U?$pair@$$CBV?$basic_string@DU?$char_traits@D@std@@V?$allocator@D@2@@std@@K@std@@@2@$0A@@std@@@std@@QBEAAU?$pair@$$CBV?$basic_string@DU?$char_traits@D@std@@V?$allocator@D@2@@std@@K@2@XZ 040058c0 f i MQ2EQBC.obj
 0001:000048f0       ??0?$_Bidit@U?$pair@$$CBV?$basic_string@DU?$char_traits@D@std@@V?$allocator@D@2@@std@@V12@@std@@HPBU12@ABU12@@std@@QAE@XZ 040058f0 f i MQ2EQBC.obj
 0001:00004900       ??0?$basic_streambuf@DU?$char_traits@D@std@@@std@@IAE@XZ 04005900 f i MQ2EQBC.obj
 0001:000049a0       ?destroy@?$allocator@PAU_Node@?$_Tree_nod@V?$_Tmap_traits@V?$basic_string@DU?$char_traits@D@std@@V?$allocator@D@2@@std@@KU?$less@V?$basic_string@DU?$char_traits@D@std@@V?$allocator@D@2@@std@@@2@V?$allocator@U?$pair@$$CBV?$basic_string@DU?$char_traits@D@std@@V?$allocator@D@2@@std@@K@std@@@2@$0A@@std@@@std@@@std@@QAEXPAPAU_Node@?$_Tree_nod@V?$_Tmap_traits@V?$basic_string@DU?$char_traits@D@std@@V?$allocator@D@2@@std@@KU?$less@V?$basic_string@DU?$char_traits@D@std@@V?$allocator@D@2@@std@@@2@V?$allocator@U?$pair@$$CBV?$basic_string@DU?$char_traits@D@std@@V?$allocator@D@2@@std@@K@std@@@2@$0A@@std@@@2@@Z 040059a0 f i MQ2EQBC.obj
 0001:000049b0       ?allocate@?$allocator@V?$basic_string@DU?$char_traits@D@std@@V?$allocator@D@2@@std@@@std@@QAEPAV?$basic_string@DU?$char_traits@D@std@@V?$allocator@D@2@@2@I@Z 040059b0 f i MQ2EQBC.obj
 0001:000049d0       ?max_size@?$vector@V?$basic_string@DU?$char_traits@D@std@@V?$allocator@D@2@@std@@V?$allocator@V?$basic_string@DU?$char_traits@D@std@@V?$allocator@D@2@@std@@@2@@std@@QBEIXZ 040059d0 f i MQ2EQBC.obj
 0001:000049e0       ??Y?$_Vector_iterator@V?$basic_string@DU?$char_traits@D@std@@V?$allocator@D@2@@std@@V?$allocator@V?$basic_string@DU?$char_traits@D@std@@V?$allocator@D@2@@std@@@2@@std@@QAEAAV01@H@Z 040059e0 f i MQ2EQBC.obj
 0001:00004a00       ?max_size@?$_Tree@V?$_Tmap_traits@V?$basic_string@DU?$char_traits@D@std@@V?$allocator@D@2@@std@@V12@U?$less@V?$basic_string@DU?$char_traits@D@std@@V?$allocator@D@2@@std@@@2@V?$allocator@U?$pair@$$CBV?$basic_string@DU?$char_traits@D@std@@V?$allocator@D@2@@std@@V12@@std@@@2@$0A@@std@@@std@@QBEIXZ 04005a00 f i MQ2EQBC.obj
 0001:00004a10       ?destroy@?$allocator@PAU_Node@?$_Tree_nod@V?$_Tmap_traits@V?$basic_string@DU?$char_traits@D@std@@V?$allocator@D@2@@std@@V12@U?$less@V?$basic_string@DU?$char_traits@D@std@@V?$allocator@D@2@@std@@@2@V?$allocator@U?$pair@$$CBV?$basic_string@DU?$char_traits@D@std@@V?$allocator@D@2@@std@@V12@@std@@@2@$0A@@std@@@std@@@std@@QAEXPAPAU_Node@?$_Tree_nod@V?$_Tmap_traits@V?$basic_string@DU?$char_traits@D@std@@V?$allocator@D@2@@std@@V12@U?$less@V?$basic_string@DU?$char_traits@D@std@@V?$allocator@D@2@@std@@@2@V?$allocator@U?$pair@$$CBV?$basic_string@DU?$char_traits@D@std@@V?$allocator@D@2@@std@@V12@@std@@@2@$0A@@std@@@2@@Z 04005a10 f i MQ2EQBC.obj
 0001:00004a20       ??0const_iterator@?$_Tree@V?$_Tmap_traits@V?$basic_string@DU?$char_traits@D@std@@V?$allocator@D@2@@std@@V12@U?$less@V?$basic_string@DU?$char_traits@D@std@@V?$allocator@D@2@@std@@@2@V?$allocator@U?$pair@$$CBV?$basic_string@DU?$char_traits@D@std@@V?$allocator@D@2@@std@@V12@@std@@@2@$0A@@std@@@std@@QAE@PAU_Node@?$_Tree_nod@V?$_Tmap_traits@V?$basic_string@DU?$char_traits@D@std@@V?$allocator@D@2@@std@@V12@U?$less@V?$basic_string@DU?$char_traits@D@std@@V?$allocator@D@2@@std@@@2@V?$allocator@U?$pair@$$CBV?$basic_string@DU?$char_traits@D@std@@V?$allocator@D@2@@std@@V12@@std@@@2@$0A@@std@@@2@PBV12@@Z 04005a20 f i MQ2EQBC.obj
 0001:00004a50       ??Fconst_iterator@?$_Tree@V?$_Tmap_traits@V?$basic_string@DU?$char_traits@D@std@@V?$allocator@D@2@@std@@V12@U?$less@V?$basic_string@DU?$char_traits@D@std@@V?$allocator@D@2@@std@@@2@V?$allocator@U?$pair@$$CBV?$basic_string@DU?$char_traits@D@std@@V?$allocator@D@2@@std@@V12@@std@@@2@$0A@@std@@@std@@QAEAAV012@XZ 04005a50 f i MQ2EQBC.obj
 0001:00004a60       ??0?$_Ranit@V?$basic_string@DU?$char_traits@D@std@@V?$allocator@D@2@@std@@HPBV12@ABV12@@std@@QAE@XZ 04005a60 f i MQ2EQBC.obj
 0001:00004a70       ??0?$_Bidit@U?$pair@$$CBV?$basic_string@DU?$char_traits@D@std@@V?$allocator@D@2@@std@@K@std@@HPBU12@ABU12@@std@@QAE@XZ 04005a70 f i MQ2EQBC.obj
 0001:00004a80       ?max_size@?$basic_string@DU?$char_traits@D@std@@V?$allocator@D@2@@std@@QBEIXZ 04005a80 f i MQ2EQBC.obj
 0001:00004a90       ?allocate@?$allocator@V_Aux_cont@std@@@std@@QAEPAV_Aux_cont@2@I@Z 04005a90 f i MQ2EQBC.obj
 0001:00004ab0       ?max_size@?$_Tree@V?$_Tmap_traits@V?$basic_string@DU?$char_traits@D@std@@V?$allocator@D@2@@std@@KU?$less@V?$basic_string@DU?$char_traits@D@std@@V?$allocator@D@2@@std@@@2@V?$allocator@U?$pair@$$CBV?$basic_string@DU?$char_traits@D@std@@V?$allocator@D@2@@std@@K@std@@@2@$0A@@std@@@std@@QBEIXZ 04005ab0 f i MQ2EQBC.obj
 0001:00004ac0       ?_Lrotate@?$_Tree@V?$_Tmap_traits@V?$basic_string@DU?$char_traits@D@std@@V?$allocator@D@2@@std@@KU?$less@V?$basic_string@DU?$char_traits@D@std@@V?$allocator@D@2@@std@@@2@V?$allocator@U?$pair@$$CBV?$basic_string@DU?$char_traits@D@std@@V?$allocator@D@2@@std@@K@std@@@2@$0A@@std@@@std@@IAEXPAU_Node@?$_Tree_nod@V?$_Tmap_traits@V?$basic_string@DU?$char_traits@D@std@@V?$allocator@D@2@@std@@KU?$less@V?$basic_string@DU?$char_traits@D@std@@V?$allocator@D@2@@std@@@2@V?$allocator@U?$pair@$$CBV?$basic_string@DU?$char_traits@D@std@@V?$allocator@D@2@@std@@K@std@@@2@$0A@@std@@@2@@Z 04005ac0 f i MQ2EQBC.obj
 0001:00004b10       ?allocate@?$allocator@U_Node@?$_Tree_nod@V?$_Tmap_traits@V?$basic_string@DU?$char_traits@D@std@@V?$allocator@D@2@@std@@V12@U?$less@V?$basic_string@DU?$char_traits@D@std@@V?$allocator@D@2@@std@@@2@V?$allocator@U?$pair@$$CBV?$basic_string@DU?$char_traits@D@std@@V?$allocator@D@2@@std@@V12@@std@@@2@$0A@@std@@@std@@@std@@QAEPAU_Node@?$_Tree_nod@V?$_Tmap_traits@V?$basic_string@DU?$char_traits@D@std@@V?$allocator@D@2@@std@@V12@U?$less@V?$basic_string@DU?$char_traits@D@std@@V?$allocator@D@2@@std@@@2@V?$allocator@U?$pair@$$CBV?$basic_string@DU?$char_traits@D@std@@V?$allocator@D@2@@std@@V12@@std@@@2@$0A@@std@@@2@I@Z 04005b10 f i MQ2EQBC.obj
 0001:00004b30       ??Econst_iterator@?$_Tree@V?$_Tmap_traits@V?$basic_string@DU?$char_traits@D@std@@V?$allocator@D@2@@std@@V12@U?$less@V?$basic_string@DU?$char_traits@D@std@@V?$allocator@D@2@@std@@@2@V?$allocator@U?$pair@$$CBV?$basic_string@DU?$char_traits@D@std@@V?$allocator@D@2@@std@@V12@@std@@@2@$0A@@std@@@std@@QAE?AV012@H@Z 04005b30 f i MQ2EQBC.obj
 0001:00004b50       ??0const_iterator@?$_Tree@V?$_Tmap_traits@V?$basic_string@DU?$char_traits@D@std@@V?$allocator@D@2@@std@@KU?$less@V?$basic_string@DU?$char_traits@D@std@@V?$allocator@D@2@@std@@@2@V?$allocator@U?$pair@$$CBV?$basic_string@DU?$char_traits@D@std@@V?$allocator@D@2@@std@@K@std@@@2@$0A@@std@@@std@@QAE@PAU_Node@?$_Tree_nod@V?$_Tmap_traits@V?$basic_string@DU?$char_traits@D@std@@V?$allocator@D@2@@std@@KU?$less@V?$basic_string@DU?$char_traits@D@std@@V?$allocator@D@2@@std@@@2@V?$allocator@U?$pair@$$CBV?$basic_string@DU?$char_traits@D@std@@V?$allocator@D@2@@std@@K@std@@@2@$0A@@std@@@2@PBV12@@Z 04005b50 f i MQ2EQBC.obj
 0001:00004b80       ?_Dec@const_iterator@?$_Tree@V?$_Tmap_traits@V?$basic_string@DU?$char_traits@D@std@@V?$allocator@D@2@@std@@KU?$less@V?$basic_string@DU?$char_traits@D@std@@V?$allocator@D@2@@std@@@2@V?$allocator@U?$pair@$$CBV?$basic_string@DU?$char_traits@D@std@@V?$allocator@D@2@@std@@K@std@@@2@$0A@@std@@@std@@QAEXXZ 04005b80 f i MQ2EQBC.obj
 0001:00004c10       ?_Inc@const_iterator@?$_Tree@V?$_Tmap_traits@V?$basic_string@DU?$char_traits@D@std@@V?$allocator@D@2@@std@@KU?$less@V?$basic_string@DU?$char_traits@D@std@@V?$allocator@D@2@@std@@@2@V?$allocator@U?$pair@$$CBV?$basic_string@DU?$char_traits@D@std@@V?$allocator@D@2@@std@@K@std@@@2@$0A@@std@@@std@@QAEXXZ 04005c10 f i MQ2EQBC.obj
 0001:00004c80       ?allocate@?$allocator@U_Node@?$_Tree_nod@V?$_Tmap_traits@V?$basic_string@DU?$char_traits@D@std@@V?$allocator@D@2@@std@@KU?$less@V?$basic_string@DU?$char_traits@D@std@@V?$allocator@D@2@@std@@@2@V?$allocator@U?$pair@$$CBV?$basic_string@DU?$char_traits@D@std@@V?$allocator@D@2@@std@@K@std@@@2@$0A@@std@@@std@@@std@@QAEPAU_Node@?$_Tree_nod@V?$_Tmap_traits@V?$basic_string@DU?$char_traits@D@std@@V?$allocator@D@2@@std@@KU?$less@V?$basic_string@DU?$char_traits@D@std@@V?$allocator@D@2@@std@@@2@V?$allocator@U?$pair@$$CBV?$basic_string@DU?$char_traits@D@std@@V?$allocator@D@2@@std@@K@std@@@2@$0A@@std@@@2@I@Z 04005c80 f i MQ2EQBC.obj
 0001:00004ca0       ?construct@?$allocator@PAU_Node@?$_Tree_nod@V?$_Tmap_traits@V?$basic_string@DU?$char_traits@D@std@@V?$allocator@D@2@@std@@KU?$less@V?$basic_string@DU?$char_traits@D@std@@V?$allocator@D@2@@std@@@2@V?$allocator@U?$pair@$$CBV?$basic_string@DU?$char_traits@D@std@@V?$allocator@D@2@@std@@K@std@@@2@$0A@@std@@@std@@@std@@QAEXPAPAU_Node@?$_Tree_nod@V?$_Tmap_traits@V?$basic_string@DU?$char_traits@D@std@@V?$allocator@D@2@@std@@KU?$less@V?$basic_string@DU?$char_traits@D@std@@V?$allocator@D@2@@std@@@2@V?$allocator@U?$pair@$$CBV?$basic_string@DU?$char_traits@D@std@@V?$allocator@D@2@@std@@K@std@@@2@$0A@@std@@@2@ABQAU342@@Z 04005ca0 f i MQ2EQBC.obj
 0001:00004cc0       ?construct@?$allocator@PAU_Node@?$_Tree_nod@V?$_Tmap_traits@V?$basic_string@DU?$char_traits@D@std@@V?$allocator@D@2@@std@@V12@U?$less@V?$basic_string@DU?$char_traits@D@std@@V?$allocator@D@2@@std@@@2@V?$allocator@U?$pair@$$CBV?$basic_string@DU?$char_traits@D@std@@V?$allocator@D@2@@std@@V12@@std@@@2@$0A@@std@@@std@@@std@@QAEXPAPAU_Node@?$_Tree_nod@V?$_Tmap_traits@V?$basic_string@DU?$char_traits@D@std@@V?$allocator@D@2@@std@@V12@U?$less@V?$basic_string@DU?$char_traits@D@std@@V?$allocator@D@2@@std@@@2@V?$allocator@U?$pair@$$CBV?$basic_string@DU?$char_traits@D@std@@V?$allocator@D@2@@std@@V12@@std@@@2@$0A@@std@@@2@ABQAU342@@Z 04005cc0 f i MQ2EQBC.obj
 0001:00004ce0       ??0?$_Container_base_aux_alloc_real@V?$allocator@U?$pair@$$CBV?$basic_string@DU?$char_traits@D@std@@V?$allocator@D@2@@std@@K@std@@@std@@@std@@IAE@V?$allocator@U?$pair@$$CBV?$basic_string@DU?$char_traits@D@std@@V?$allocator@D@2@@std@@K@std@@@1@@Z 04005ce0 f i MQ2EQBC.obj
 0001:00004d10       ??0?$_Container_base_aux_alloc_real@V?$allocator@U?$pair@$$CBV?$basic_string@DU?$char_traits@D@std@@V?$allocator@D@2@@std@@V12@@std@@@std@@@std@@IAE@V?$allocator@U?$pair@$$CBV?$basic_string@DU?$char_traits@D@std@@V?$allocator@D@2@@std@@V12@@std@@@1@@Z 04005d10 f i MQ2EQBC.obj
 0001:00004d40       ??$copy_s@U?$char_traits@D@std@@@_Traits_helper@std@@YAPADPADIPBDI@Z 04005d40 f i MQ2EQBC.obj
 0001:00004d70       ??$move_s@U?$char_traits@D@std@@@_Traits_helper@std@@YAPADPADIPBDI@Z 04005d70 f i MQ2EQBC.obj
 0001:00004da0       ??0?$num_get@DV?$istreambuf_iterator@DU?$char_traits@D@std@@@std@@@std@@QAE@ABV_Locinfo@1@I@Z 04005da0 f i MQ2EQBC.obj
 0001:00004dd0       ?_Getlconv@_Locinfo@std@@QBEPBUlconv@@XZ 04005dd0 f i MQ2EQBC.obj
 0001:00004de0       ?_Getfalse@_Locinfo@std@@QBEPBDXZ 04005de0 f i MQ2EQBC.obj
 0001:00004df0       ?_Gettrue@_Locinfo@std@@QBEPBDXZ 04005df0 f i MQ2EQBC.obj
 0001:00004e00       ??1?$num_get@DV?$istreambuf_iterator@DU?$char_traits@D@std@@@std@@@std@@MAE@XZ 04005e00 f i MQ2EQBC.obj
 0001:00004e10       ??_E?$num_get@DV?$istreambuf_iterator@DU?$char_traits@D@std@@@std@@@std@@MAEPAXI@Z 04005e10 f i MQ2EQBC.obj
 0001:00004e10       ??_G?$num_get@DV?$istreambuf_iterator@DU?$char_traits@D@std@@@std@@@std@@MAEPAXI@Z 04005e10 f i MQ2EQBC.obj
 0001:00004e30       ?decimal_point@?$numpunct@D@std@@QBEDXZ 04005e30 f i MQ2EQBC.obj
 0001:00004e40       ?thousands_sep@?$numpunct@D@std@@QBEDXZ 04005e40 f i MQ2EQBC.obj
 0001:00004e50       ?_Tidy@?$numpunct@D@std@@AAEXXZ 04005e50 f i MQ2EQBC.obj
 0001:00004e80       ??$_Maklocchr@D@std@@YADDPADABU_Cvtvec@@@Z 04005e80 f i MQ2EQBC.obj
 0001:00004e90       ??$_Maklocbyte@D@std@@YADDABU_Cvtvec@@@Z 04005e90 f i MQ2EQBC.obj
 0001:00004ea0       ??$_Maklocstr@D@std@@YAPADPBDPADABU_Cvtvec@@@Z 04005ea0 f i MQ2EQBC.obj
 0001:00004ee0       ?_Inc@?$istreambuf_iterator@DU?$char_traits@D@std@@@std@@AAEXXZ 04005ee0 f i MQ2EQBC.obj
 0001:00004f30       ?_Peek@?$istreambuf_iterator@DU?$char_traits@D@std@@@std@@AAEDXZ 04005f30 f i MQ2EQBC.obj
 0001:00004f80       ?equal@?$istreambuf_iterator@DU?$char_traits@D@std@@@std@@QBE_NABV12@@Z 04005f80 f i MQ2EQBC.obj
 0001:00004fc0       ?_Init@?$numpunct@D@std@@IAEXABV_Locinfo@2@_N@Z 04005fc0 f i MQ2EQBC.obj
 0001:00005130       ??$_Checked_base@PAV?$basic_string@DU?$char_traits@D@std@@V?$allocator@D@2@@std@@@std@@YAPAV?$basic_string@DU?$char_traits@D@std@@V?$allocator@D@2@@0@AAPAV10@@Z 04006130 f i MQ2EQBC.obj
 0001:00005140       ??1sentry@?$basic_istream@DU?$char_traits@D@std@@@std@@QAE@XZ 04006140 f i MQ2EQBC.obj
 0001:00005160       ?find@?$basic_string@DU?$char_traits@D@std@@V?$allocator@D@2@@std@@QBEIPBDI@Z 04006160 f i MQ2EQBC.obj
 0001:00005190       ?compare@?$basic_string@DU?$char_traits@D@std@@V?$allocator@D@2@@std@@QBEHABV12@@Z 04006190 f i MQ2EQBC.obj
 0001:000051d0       ?compare@?$basic_string@DU?$char_traits@D@std@@V?$allocator@D@2@@std@@QBEHPBD@Z 040061d0 f i MQ2EQBC.obj
 0001:00005200       ?snextc@?$basic_streambuf@DU?$char_traits@D@std@@@std@@QAEHXZ 04006200 f i MQ2EQBC.obj
 0001:00005280       ?_Xsgetn_s@?$basic_streambuf@DU?$char_traits@D@std@@@std@@MAEHPADIH@Z 04006280 f i MQ2EQBC.obj
 0001:00005310       ?xsputn@?$basic_streambuf@DU?$char_traits@D@std@@@std@@MAEHPBDH@Z 04006310 f i MQ2EQBC.obj
 0001:000053a0       ??1?$basic_istringstream@DU?$char_traits@D@std@@V?$allocator@D@2@@std@@UAE@XZ 040063a0 f i MQ2EQBC.obj
 0001:00005410       ?overflow@?$basic_stringbuf@DU?$char_traits@D@std@@V?$allocator@D@2@@std@@MAEHH@Z 04006410 f i MQ2EQBC.obj
 0001:000055e0       ??Citerator@?$_Tree@V?$_Tmap_traits@V?$basic_string@DU?$char_traits@D@std@@V?$allocator@D@2@@std@@V12@U?$less@V?$basic_string@DU?$char_traits@D@std@@V?$allocator@D@2@@std@@@2@V?$allocator@U?$pair@$$CBV?$basic_string@DU?$char_traits@D@std@@V?$allocator@D@2@@std@@V12@@std@@@2@$0A@@std@@@std@@QBEPAU?$pair@$$CBV?$basic_string@DU?$char_traits@D@std@@V?$allocator@D@2@@std@@V12@@2@XZ 040065e0 f i MQ2EQBC.obj
 0001:00005610       ??Eiterator@?$_Tree@V?$_Tmap_traits@V?$basic_string@DU?$char_traits@D@std@@V?$allocator@D@2@@std@@V12@U?$less@V?$basic_string@DU?$char_traits@D@std@@V?$allocator@D@2@@std@@@2@V?$allocator@U?$pair@$$CBV?$basic_string@DU?$char_traits@D@std@@V?$allocator@D@2@@std@@V12@@std@@@2@$0A@@std@@@std@@QAEAAV012@XZ 04006610 f i MQ2EQBC.obj
 0001:00005620       ??1?$_Vector_val@V?$basic_string@DU?$char_traits@D@std@@V?$allocator@D@2@@std@@V?$allocator@V?$basic_string@DU?$char_traits@D@std@@V?$allocator@D@2@@std@@@2@@std@@QAE@XZ 04006620 f i MQ2EQBC.obj
 0001:00005630       ??1?$_Tmap_traits@V?$basic_string@DU?$char_traits@D@std@@V?$allocator@D@2@@std@@KU?$less@V?$basic_string@DU?$char_traits@D@std@@V?$allocator@D@2@@std@@@2@V?$allocator@U?$pair@$$CBV?$basic_string@DU?$char_traits@D@std@@V?$allocator@D@2@@std@@K@std@@@2@$0A@@std@@QAE@XZ 04006630 f i MQ2EQBC.obj
 0001:00005640       ??1?$_Tmap_traits@V?$basic_string@DU?$char_traits@D@std@@V?$allocator@D@2@@std@@V12@U?$less@V?$basic_string@DU?$char_traits@D@std@@V?$allocator@D@2@@std@@@2@V?$allocator@U?$pair@$$CBV?$basic_string@DU?$char_traits@D@std@@V?$allocator@D@2@@std@@V12@@std@@@2@$0A@@std@@QAE@XZ 04006640 f i MQ2EQBC.obj
 0001:00005650       ?_Tidy@?$basic_string@DU?$char_traits@D@std@@V?$allocator@D@2@@std@@IAEX_NI@Z 04006650 f i MQ2EQBC.obj
 0001:000056a0       ??H?$_Vector_iterator@V?$basic_string@DU?$char_traits@D@std@@V?$allocator@D@2@@std@@V?$allocator@V?$basic_string@DU?$char_traits@D@std@@V?$allocator@D@2@@std@@@2@@std@@QBE?AV01@H@Z 040066a0 f i MQ2EQBC.obj
 0001:000056e0       ??0iterator@?$_Tree@V?$_Tmap_traits@V?$basic_string@DU?$char_traits@D@std@@V?$allocator@D@2@@std@@V12@U?$less@V?$basic_string@DU?$char_traits@D@std@@V?$allocator@D@2@@std@@@2@V?$allocator@U?$pair@$$CBV?$basic_string@DU?$char_traits@D@std@@V?$allocator@D@2@@std@@V12@@std@@@2@$0A@@std@@@std@@QAE@PAU_Node@?$_Tree_nod@V?$_Tmap_traits@V?$basic_string@DU?$char_traits@D@std@@V?$allocator@D@2@@std@@V12@U?$less@V?$basic_string@DU?$char_traits@D@std@@V?$allocator@D@2@@std@@@2@V?$allocator@U?$pair@$$CBV?$basic_string@DU?$char_traits@D@std@@V?$allocator@D@2@@std@@V12@@std@@@2@$0A@@std@@@2@PBV12@@Z 040066e0 f i MQ2EQBC.obj
[...]
 0001:00036ef8       __ehhandler$?do_get@?$num_get@DV?$istreambuf_iterator@DU?$char_traits@D@std@@@std@@@std@@MBE?AV?$istreambuf_iterator@DU?$char_traits@D@std@@@2@V32@0AAVios_base@2@AAHAAK@Z 04037ef8 f   MQ2EQBC.obj
 0001:00036f10       __unwindfunclet$?do_get@?$num_get@DV?$istreambuf_iterator@DU?$char_traits@D@std@@@std@@@std@@MBE?AV?$istreambuf_iterator@DU?$char_traits@D@std@@@2@V32@0AAVios_base@2@AAHAA_J@Z$0 04037f10 f   MQ2EQBC.obj
 0001:00036f18       __ehhandler$?do_get@?$num_get@DV?$istreambuf_iterator@DU?$char_traits@D@std@@@std@@@std@@MBE?AV?$istreambuf_iterator@DU?$char_traits@D@std@@@2@V32@0AAVios_base@2@AAHAA_J@Z 04037f18 f   MQ2EQBC.obj
 0001:00036f30       __unwindfunclet$?do_get@?$num_get@DV?$istreambuf_iterator@DU?$char_traits@D@std@@@std@@@std@@MBE?AV?$istreambuf_iterator@DU?$char_traits@D@std@@@2@V32@0AAVios_base@2@AAHAA_K@Z$0 04037f30 f   MQ2EQBC.obj
 0001:00036f38       __ehhandler$?do_get@?$num_get@DV?$istreambuf_iterator@DU?$char_traits@D@std@@@std@@@std@@MBE?AV?$istreambuf_iterator@DU?$char_traits@D@std@@@2@V32@0AAVios_base@2@AAHAA_K@Z 04037f38 f   MQ2EQBC.obj
 0001:00036f50       __unwindfunclet$?do_get@?$num_get@DV?$istreambuf_iterator@DU?$char_traits@D@std@@@std@@@std@@MBE?AV?$istreambuf_iterator@DU?$char_traits@D@std@@@2@V32@0AAVios_base@2@AAHAAM@Z$0 04037f50 f   MQ2EQBC.obj
 0001:00036f58       __ehhandler$?do_get@?$num_get@DV?$istreambuf_iterator@DU?$char_traits@D@std@@@std@@@std@@MBE?AV?$istreambuf_iterator@DU?$char_traits@D@std@@@2@V32@0AAVios_base@2@AAHAAM@Z 04037f58 f   MQ2EQBC.obj
 0001:00036f70       __unwindfunclet$?do_get@?$num_get@DV?$istreambuf_iterator@DU?$char_traits@D@std@@@std@@@std@@MBE?AV?$istreambuf_iterator@DU?$char_traits@D@std@@@2@V32@0AAVios_base@2@AAHAAN@Z$0 04037f70 f   MQ2EQBC.obj
 0001:00036f78       __ehhandler$?do_get@?$num_get@DV?$istreambuf_iterator@DU?$char_traits@D@std@@@std@@@std@@MBE?AV?$istreambuf_iterator@DU?$char_traits@D@std@@@2@V32@0AAVios_base@2@AAHAAN@Z 04037f78 f   MQ2EQBC.obj
 0001:00036f90       __unwindfunclet$?do_get@?$num_get@DV?$istreambuf_iterator@DU?$char_traits@D@std@@@std@@@std@@MBE?AV?$istreambuf_iterator@DU?$char_traits@D@std@@@2@V32@0AAVios_base@2@AAHAAO@Z$0 04037f90 f   MQ2EQBC.obj
 0001:00036f98       __ehhandler$?do_get@?$num_get@DV?$istreambuf_iterator@DU?$char_traits@D@std@@@std@@@std@@MBE?AV?$istreambuf_iterator@DU?$char_traits@D@std@@@2@V32@0AAVios_base@2@AAHAAO@Z 04037f98 f   MQ2EQBC.obj
 0001:00036fb0       __unwindfunclet$?do_get@?$num_get@DV?$istreambuf_iterator@DU?$char_traits@D@std@@@std@@@std@@MBE?AV?$istreambuf_iterator@DU?$char_traits@D@std@@@2@V32@0AAVios_base@2@AAHAAPAX@Z$0 04037fb0 f   MQ2EQBC.obj
 0001:00036fb8       __ehhandler$?do_get@?$num_get@DV?$istreambuf_iterator@DU?$char_traits@D@std@@@std@@@std@@MBE?AV?$istreambuf_iterator@DU?$char_traits@D@std@@@2@V32@0AAVios_base@2@AAHAAPAX@Z 04037fb8 f   MQ2EQBC.obj
 0001:00036fd0       __unwindfunclet$?setValByVarName@@YAXV?$basic_string@DU?$char_traits@D@std@@V?$allocator@D@2@@std@@0_N@Z$0 04037fd0 f   MQ2EQBC.obj
 0001:00036fd8       __unwindfunclet$?setValByVarName@@YAXV?$basic_string@DU?$char_traits@D@std@@V?$allocator@D@2@@std@@0_N@Z$1 04037fd8 f   MQ2EQBC.obj
 0001:00036fe0       __unwindfunclet$?setValByVarName@@YAXV?$basic_string@DU?$char_traits@D@std@@V?$allocator@D@2@@std@@0_N@Z$2 04037fe0 f   MQ2EQBC.obj
 0001:00036fe8       __unwindfunclet$?setValByVarName@@YAXV?$basic_string@DU?$char_traits@D@std@@V?$allocator@D@2@@std@@0_N@Z$3 04037fe8 f   MQ2EQBC.obj
 0001:00036ff0       __unwindfunclet$?setValByVarName@@YAXV?$basic_string@DU?$char_traits@D@std@@V?$allocator@D@2@@std@@0_N@Z$4 04037ff0 f   MQ2EQBC.obj
 0001:00036ffb       __unwindfunclet$?setValByVarName@@YAXV?$basic_string@DU?$char_traits@D@std@@V?$allocator@D@2@@std@@0_N@Z$5 04037ffb f   MQ2EQBC.obj
 0001:00037003       __ehhandler$?setValByVarName@@YAXV?$basic_string@DU?$char_traits@D@std@@V?$allocator@D@2@@std@@0_N@Z 04038003 f   MQ2EQBC.obj
 0001:00037010       __unwindfunclet$?declareVar@@YAXV?$basic_string@DU?$char_traits@D@std@@V?$allocator@D@2@@std@@@Z$0 04038010 f   MQ2EQBC.obj
 0001:00037018       __unwindfunclet$?declareVar@@YAXV?$basic_string@DU?$char_traits@D@std@@V?$allocator@D@2@@std@@@Z$1 04038018 f   MQ2EQBC.obj
 0001:00037023       __unwindfunclet$?declareVar@@YAXV?$basic_string@DU?$char_traits@D@std@@V?$allocator@D@2@@std@@@Z$2 04038023 f   MQ2EQBC.obj
 0001:0003702e       __unwindfunclet$?declareVar@@YAXV?$basic_string@DU?$char_traits@D@std@@V?$allocator@D@2@@std@@@Z$3 0403802e f   MQ2EQBC.obj
 0001:00037036       __unwindfunclet$?declareVar@@YAXV?$basic_string@DU?$char_traits@D@std@@V?$allocator@D@2@@std@@@Z$4 04038036 f   MQ2EQBC.obj
 0001:0003703e       __unwindfunclet$?declareVar@@YAXV?$basic_string@DU?$char_traits@D@std@@V?$allocator@D@2@@std@@@Z$5 0403803e f   MQ2EQBC.obj
 0001:00037046       __ehhandler$?declareVar@@YAXV?$basic_string@DU?$char_traits@D@std@@V?$allocator@D@2@@std@@@Z 04038046 f   MQ2EQBC.obj
 0001:00037050       __unwindfunclet$?HandleGlobalVar@@YAXV?$basic_string@DU?$char_traits@D@std@@V?$allocator@D@2@@std@@@Z$0 04038050 f   MQ2EQBC.obj
 0001:00037058       __unwindfunclet$?HandleGlobalVar@@YAXV?$basic_string@DU?$char_traits@D@std@@V?$allocator@D@2@@std@@@Z$1 04038058 f   MQ2EQBC.obj
 0001:00037060       __unwindfunclet$?HandleGlobalVar@@YAXV?$basic_string@DU?$char_traits@D@std@@V?$allocator@D@2@@std@@@Z$2 04038060 f   MQ2EQBC.obj
 0001:00037068       __unwindfunclet$?HandleGlobalVar@@YAXV?$basic_string@DU?$char_traits@D@std@@V?$allocator@D@2@@std@@@Z$3 04038068 f   MQ2EQBC.obj
 0001:00037073       __unwindfunclet$?HandleGlobalVar@@YAXV?$basic_string@DU?$char_traits@D@std@@V?$allocator@D@2@@std@@@Z$4 04038073 f   MQ2EQBC.obj
 0001:0003707b       __unwindfunclet$?HandleGlobalVar@@YAXV?$basic_string@DU?$char_traits@D@std@@V?$allocator@D@2@@std@@@Z$5 0403807b f   MQ2EQBC.obj
 0001:00037086       __ehhandler$?HandleGlobalVar@@YAXV?$basic_string@DU?$char_traits@D@std@@V?$allocator@D@2@@std@@@Z 04038086 f   MQ2EQBC.obj
 0001:00037090       __unwindfunclet$??0sentry@?$basic_istream@DU?$char_traits@D@std@@@std@@QAE@AAV12@_N@Z$0 04038090 f   MQ2EQBC.obj
 0001:00037098       __ehhandler$??0sentry@?$basic_istream@DU?$char_traits@D@std@@@std@@QAE@AAV12@_N@Z 04038098 f   MQ2EQBC.obj
 0001:000370b0       __unwindfunclet$??0?$basic_istringstream@DU?$char_traits@D@std@@V?$allocator@D@2@@std@@QAE@ABV?$basic_string@DU?$char_traits@D@std@@V?$allocator@D@2@@1@H@Z$0 040380b0 f   MQ2EQBC.obj
 0001:000370cc       __unwindfunclet$??0?$basic_istringstream@DU?$char_traits@D@std@@V?$allocator@D@2@@std@@QAE@ABV?$basic_string@DU?$char_traits@D@std@@V?$allocator@D@2@@1@H@Z$1 040380cc f   MQ2EQBC.obj
 0001:000370d7       __ehhandler$??0?$basic_istringstream@DU?$char_traits@D@std@@V?$allocator@D@2@@std@@QAE@ABV?$basic_string@DU?$char_traits@D@std@@V?$allocator@D@2@@1@H@Z 040380d7 f   MQ2EQBC.obj
 0001:000370f0       __unwindfunclet$?HandleIncomingString@@YAXPAD@Z$0 040380f0 f   MQ2EQBC.obj
 0001:000370fb       __ehhandler$?HandleIncomingString@@YAXPAD@Z 040380fb f   MQ2EQBC.obj
 0001:00037110       __unwindfunclet$??5?$basic_istream@DU?$char_traits@D@std@@@std@@QAEAAV01@AAH@Z$2 04038110 f   MQ2EQBC.obj
 0001:00037118       __unwindfunclet$??5?$basic_istream@DU?$char_traits@D@std@@@std@@QAEAAV01@AAH@Z$3 04038118 f   MQ2EQBC.obj
 0001:00037120       __ehhandler$??5?$basic_istream@DU?$char_traits@D@std@@@std@@QAEAAV01@AAH@Z 04038120 f   MQ2EQBC.obj
 0001:00037130       __unwindfunclet$??5?$basic_istream@DU?$char_traits@D@std@@@std@@QAEAAV01@AAM@Z$2 04038130 f   MQ2EQBC.obj
 0001:00037138       __unwindfunclet$??5?$basic_istream@DU?$char_traits@D@std@@@std@@QAEAAV01@AAM@Z$3 04038138 f   MQ2EQBC.obj
 0001:00037140       __ehhandler$??5?$basic_istream@DU?$char_traits@D@std@@@std@@QAEAAV01@AAM@Z 04038140 f   MQ2EQBC.obj
 0001:00037150       __unwindfunclet$??A?$map@V?$basic_string@DU?$char_traits@D@std@@V?$allocator@D@2@@std@@KU?$less@V?$basic_string@DU?$char_traits@D@std@@V?$allocator@D@2@@std@@@2@V?$allocator@U?$pair@$$CBV?$basic_string@DU?$char_traits@D@std@@V?$allocator@D@2@@std@@K@std@@@2@@std@@QAEAAKABV?$basic_string@DU?$char_traits@D@std@@V?$allocator@D@2@@1@@Z$0 04038150 f   MQ2EQBC.obj
 0001:00037158       __ehhandler$??A?$map@V?$basic_string@DU?$char_traits@D@std@@V?$allocator@D@2@@std@@KU?$less@V?$basic_string@DU?$char_traits@D@std@@V?$allocator@D@2@@std@@@2@V?$allocator@U?$pair@$$CBV?$basic_string@DU?$char_traits@D@std@@V?$allocator@D@2@@std@@K@std@@@2@@std@@QAEAAKABV?$basic_string@DU?$char_traits@D@std@@V?$allocator@D@2@@1@@Z 04038158 f   MQ2EQBC.obj
 0001:00037170       __unwindfunclet$??1?$_Tree@V?$_Tmap_traits@V?$basic_string@DU?$char_traits@D@std@@V?$allocator@D@2@@std@@KU?$less@V?$basic_string@DU?$char_traits@D@std@@V?$allocator@D@2@@std@@@2@V?$allocator@U?$pair@$$CBV?$basic_string@DU?$char_traits@D@std@@V?$allocator@D@2@@std@@K@std@@@2@$0A@@std@@@std@@QAE@XZ$0 04038170 f   MQ2EQBC.obj
 0001:00037178       __ehhandler$??1?$_Tree@V?$_Tmap_traits@V?$basic_string@DU?$char_traits@D@std@@V?$allocator@D@2@@std@@KU?$less@V?$basic_string@DU?$char_traits@D@std@@V?$allocator@D@2@@std@@@2@V?$allocator@U?$pair@$$CBV?$basic_string@DU?$char_traits@D@std@@V?$allocator@D@2@@std@@K@std@@@2@$0A@@std@@@std@@QAE@XZ 04038178 f   MQ2EQBC.obj
 0001:00037190       __unwindfunclet$??1?$_Tree@V?$_Tmap_traits@V?$basic_string@DU?$char_traits@D@std@@V?$allocator@D@2@@std@@V12@U?$less@V?$basic_string@DU?$char_traits@D@std@@V?$allocator@D@2@@std@@@2@V?$allocator@U?$pair@$$CBV?$basic_string@DU?$char_traits@D@std@@V?$allocator@D@2@@std@@V12@@std@@@2@$0A@@std@@@std@@QAE@XZ$0 04038190 f   MQ2EQBC.obj
 0001:00037198       __ehhandler$??1?$_Tree@V?$_Tmap_traits@V?$basic_string@DU?$char_traits@D@std@@V?$allocator@D@2@@std@@V12@U?$less@V?$basic_string@DU?$char_traits@D@std@@V?$allocator@D@2@@std@@@2@V?$allocator@U?$pair@$$CBV?$basic_string@DU?$char_traits@D@std@@V?$allocator@D@2@@std@@V12@@std@@@2@$0A@@std@@@std@@QAE@XZ 04038198 f   MQ2EQBC.obj
 0001:000371b0       __unwindfunclet$?_Insert_n@?$vector@V?$basic_string@DU?$char_traits@D@std@@V?$allocator@D@2@@std@@V?$allocator@V?$basic_string@DU?$char_traits@D@std@@V?$allocator@D@2@@std@@@2@@std@@IAEXV?$_Vector_const_iterator@V?$basic_string@DU?$char_traits@D@std@@V?$allocator@D@2@@std@@V?$allocator@V?$basic_string@DU?$char_traits@D@std@@V?$allocator@D@2@@std@@@2@@2@IABV?$basic_string@DU?$char_traits@D@std@@V?$allocator@D@2@@2@@Z$4 040381b0 f   MQ2EQBC.obj
 0001:000371b8       __unwindfunclet$?_Insert_n@?$vector@V?$basic_string@DU?$char_traits@D@std@@V?$allocator@D@2@@std@@V?$allocator@V?$basic_string@DU?$char_traits@D@std@@V?$allocator@D@2@@std@@@2@@std@@IAEXV?$_Vector_const_iterator@V?$basic_string@DU?$char_traits@D@std@@V?$allocator@D@2@@std@@V?$allocator@V?$basic_string@DU?$char_traits@D@std@@V?$allocator@D@2@@std@@@2@@2@IABV?$basic_string@DU?$char_traits@D@std@@V?$allocator@D@2@@2@@Z$5 040381b8 f   MQ2EQBC.obj
 0001:000371c0       __ehhandler$?_Insert_n@?$vector@V?$basic_string@DU?$char_traits@D@std@@V?$allocator@D@2@@std@@V?$allocator@V?$basic_string@DU?$char_traits@D@std@@V?$allocator@D@2@@std@@@2@@std@@IAEXV?$_Vector_const_iterator@V?$basic_string@DU?$char_traits@D@std@@V?$allocator@D@2@@std@@V?$allocator@V?$basic_string@DU?$char_traits@D@std@@V?$allocator@D@2@@std@@@2@@2@IABV?$basic_string@DU?$char_traits@D@std@@V?$allocator@D@2@@2@@Z 040381c0 f   MQ2EQBC.obj
 0001:000371d0       __unwindfunclet$?FindMember@MQ2Type@MQ2Internal@@QAEPAU_MQ2TypeMember@2@PAD@Z$0 040381d0 f   MQ2EQBC.obj
 0001:000371d8       __ehhandler$?FindMember@MQ2Type@MQ2Internal@@QAEPAU_MQ2TypeMember@2@PAD@Z 040381d8 f   MQ2EQBC.obj
 0001:000371f0       __unwindfunclet$?AddMember@MQ2Type@MQ2Internal@@IAEHKPAD@Z$0 040381f0 f   MQ2EQBC.obj
 0001:000371f8       __unwindfunclet$?AddMember@MQ2Type@MQ2Internal@@IAEHKPAD@Z$1 040381f8 f   MQ2EQBC.obj
 0001:00037200       __ehhandler$?AddMember@MQ2Type@MQ2Internal@@IAEHKPAD@Z 04038200 f   MQ2EQBC.obj
 0001:00037210       __unwindfunclet$?StringIsInt@@YA_NV?$basic_string@DU?$char_traits@D@std@@V?$allocator@D@2@@std@@@Z$0 04038210 f   MQ2EQBC.obj
 0001:00037218       __unwindfunclet$?StringIsInt@@YA_NV?$basic_string@DU?$char_traits@D@std@@V?$allocator@D@2@@std@@@Z$1 04038218 f   MQ2EQBC.obj
 0001:00037223       __ehhandler$?StringIsInt@@YA_NV?$basic_string@DU?$char_traits@D@std@@V?$allocator@D@2@@std@@@Z 04038223 f   MQ2EQBC.obj
 0001:00037230       __unwindfunclet$?StringToInt@@YAHV?$basic_string@DU?$char_traits@D@std@@V?$allocator@D@2@@std@@@Z$0 04038230 f   MQ2EQBC.obj
 0001:00037238       __unwindfunclet$?StringToInt@@YAHV?$basic_string@DU?$char_traits@D@std@@V?$allocator@D@2@@std@@@Z$1 04038238 f   MQ2EQBC.obj
 0001:00037243       __ehhandler$?StringToInt@@YAHV?$basic_string@DU?$char_traits@D@std@@V?$allocator@D@2@@std@@@Z 04038243 f   MQ2EQBC.obj
 0001:00037250       __unwindfunclet$?StringIsFloat@@YA_NV?$basic_string@DU?$char_traits@D@std@@V?$allocator@D@2@@std@@@Z$0 04038250 f   MQ2EQBC.obj
 0001:00037258       __unwindfunclet$?StringIsFloat@@YA_NV?$basic_string@DU?$char_traits@D@std@@V?$allocator@D@2@@std@@@Z$1 04038258 f   MQ2EQBC.obj
 0001:00037263       __ehhandler$?StringIsFloat@@YA_NV?$basic_string@DU?$char_traits@D@std@@V?$allocator@D@2@@std@@@Z 04038263 f   MQ2EQBC.obj
 0001:00037270       __unwindfunclet$?StringToFloat@@YAMV?$basic_string@DU?$char_traits@D@std@@V?$allocator@D@2@@std@@@Z$0 04038270 f   MQ2EQBC.obj
 0001:00037278       __unwindfunclet$?StringToFloat@@YAMV?$basic_string@DU?$char_traits@D@std@@V?$allocator@D@2@@std@@@Z$1 04038278 f   MQ2EQBC.obj
 0001:00037283       __ehhandler$?StringToFloat@@YAMV?$basic_string@DU?$char_traits@D@std@@V?$allocator@D@2@@std@@@Z 04038283 f   MQ2EQBC.obj
 0001:00037290       __unwindfunclet$??0MQ2Type@MQ2Internal@@QAE@PAD@Z$0 04038290 f   MQ2EQBC.obj
 0001:0003729b       __ehhandler$??0MQ2Type@MQ2Internal@@QAE@PAD@Z 0403829b f   MQ2EQBC.obj
 0001:000372b0       __unwindfunclet$??1MQ2Type@MQ2Internal@@QAE@XZ$0 040382b0 f   MQ2EQBC.obj
 0001:000372bb       __ehhandler$??1MQ2Type@MQ2Internal@@QAE@XZ 040382bb f   MQ2EQBC.obj
 0001:000372d0       __unwindfunclet$?WndNotification@CMQ2EqbcWnd@@QAEHPAVCXWnd@EQClasses@@IPAX@Z$0 040382d0 f   MQ2EQBC.obj
 0001:000372db       __ehhandler$?WndNotification@CMQ2EqbcWnd@@QAEHPAVCXWnd@EQClasses@@IPAX@Z 040382db f   MQ2EQBC.obj
 0001:000372f0       __unwindfunclet$??0MQ2GlobalVarType@@QAE@XZ$0 040382f0 f   MQ2EQBC.obj
 0001:000372f8       __unwindfunclet$??0MQ2GlobalVarType@@QAE@XZ$1 040382f8 f   MQ2EQBC.obj
 0001:00037303       __unwindfunclet$??0MQ2GlobalVarType@@QAE@XZ$2 04038303 f   MQ2EQBC.obj
 0001:00037311       __ehhandler$??0MQ2GlobalVarType@@QAE@XZ 04038311 f   MQ2EQBC.obj
 0001:00037320       __unwindfunclet$?GetMember@MQ2GlobalVarType@@UAE_NU_MQ2VarPtr@MQ2Internal@@PAD1AAU_MQ2TypeVar@3@@Z$6 04038320 f   MQ2EQBC.obj
 0001:00037328       __ehhandler$?GetMember@MQ2GlobalVarType@@UAE_NU_MQ2VarPtr@MQ2Internal@@PAD1AAU_MQ2TypeVar@3@@Z 04038328 f   MQ2EQBC.obj
 0001:00037340       __unwindfunclet$??0EQBCType@@QAE@XZ$0 04038340 f   MQ2EQBC.obj
 0001:00037348       __ehhandler$??0EQBCType@@QAE@XZ 04038348 f   MQ2EQBC.obj
 0001:00037360       __unwindfunclet$??0CMQ2EqbcWnd@@QAE@PAVCXStr@EQClasses@@@Z$0 04038360 f   MQ2EQBC.obj
 0001:00037368       __unwindfunclet$??0CMQ2EqbcWnd@@QAE@PAVCXStr@EQClasses@@@Z$2 04038368 f   MQ2EQBC.obj
 0001:00037370       __unwindfunclet$??0CMQ2EqbcWnd@@QAE@PAVCXStr@EQClasses@@@Z$1 04038370 f   MQ2EQBC.obj
 0001:0003737e       __ehhandler$??0CMQ2EqbcWnd@@QAE@PAVCXStr@EQClasses@@@Z 0403837e f   MQ2EQBC.obj
 0001:00037390       __unwindfunclet$?CreateChatWindowIfNeeded@@YAXXZ$0 04038390 f   MQ2EQBC.obj
 0001:0003739c       __unwindfunclet$?CreateChatWindowIfNeeded@@YAXXZ$1 0403839c f   MQ2EQBC.obj
 0001:000373aa       __ehhandler$?CreateChatWindowIfNeeded@@YAXXZ 040383aa f   MQ2EQBC.obj
 0001:000373b4       __unwindfunclet$?_Locimp_dtor@_Locimp@locale@std@@CAXPAV123@@Z$0 040383b4 f   libcpmt:locale0.obj
 0001:000373bc       __ehhandler$?_Locimp_dtor@_Locimp@locale@std@@CAXPAV123@@Z 040383bc f   libcpmt:locale0.obj
 0001:000373d7       __unwindfunclet$??0_Locimp@locale@std@@AAE@_N@Z$0 040383d7 f   libcpmt:locale0.obj
 0001:000373df       __ehhandler$??0_Locimp@locale@std@@AAE@_N@Z 040383df f   libcpmt:locale0.obj
 0001:000373fa       __unwindfunclet$??1_Locimp@locale@std@@MAE@XZ$0 040383fa f   libcpmt:locale0.obj
 0001:00037402       __unwindfunclet$??1_Locimp@locale@std@@MAE@XZ$1 04038402 f   libcpmt:locale0.obj
 0001:0003740d       __ehhandler$??1_Locimp@locale@std@@MAE@XZ 0403840d f   libcpmt:locale0.obj
 0001:00037428       __unwindfunclet$?_Init@locale@std@@CAPAV_Locimp@12@XZ$0 04038428 f   libcpmt:locale0.obj
 0001:00037430       __unwindfunclet$?_Init@locale@std@@CAPAV_Locimp@12@XZ$1 04038430 f   libcpmt:locale0.obj
 0001:0003743a       __ehhandler$?_Init@locale@std@@CAPAV_Locimp@12@XZ 0403843a f   libcpmt:locale0.obj
 0001:00037455       __unwindfunclet$?empty@locale@std@@SA?AV12@XZ$0 04038455 f   libcpmt:locale0.obj
 0001:0003745f       __ehhandler$?empty@locale@std@@SA?AV12@XZ 0403845f f   libcpmt:locale0.obj
 0001:0003747a       __unwindfunclet$?_Xlen@_String_base@std@@SAXXZ$0 0403847a f   libcpmt:string.obj
 0001:00037482       __ehhandler$?_Xlen@_String_base@std@@SAXXZ 04038482 f   libcpmt:string.obj
 0001:0003749d       __unwindfunclet$?_Xran@_String_base@std@@SAXXZ$0 0403849d f   libcpmt:string.obj
 0001:000374a5       __ehhandler$?_Xran@_String_base@std@@SAXXZ 040384a5 f   libcpmt:string.obj
 0001:000374c0       __unwindfunclet$?_Xinvarg@_String_base@std@@SAXXZ$0 040384c0 f   libcpmt:string.obj
 0001:000374c8       __ehhandler$?_Xinvarg@_String_base@std@@SAXXZ 040384c8 f   libcpmt:string.obj
 0001:000374e3       __ehhandler$?CallUnexpected@@YAXPBU_s_ESTypeList@@@Z 040384e3 f   LIBCMT:frame.obj
 0001:00037500       ??__Eireadbuf@@YAXXZ       04038500 f   MQ2EQBC.obj
 0001:00037520       ??__Eglobals@@YAXXZ        04038520 f   MQ2EQBC.obj
 0001:00037550       ??__EDELETE_STR@@YAXXZ     04038550 f   MQ2EQBC.obj
 0001:00037570       ??__ESET_STR@@YAXXZ        04038570 f   MQ2EQBC.obj
 0001:0003758d       ??__Einitlocks@std@@YAXXZ  0403858d f   libcpmt:xlock.obj
 0001:000375a3       ??__Eclassic_locale@std@@YAXXZ 040385a3 f   libcpmt:locale0.obj
 0001:000375af       ??__Einitlocks@std@@YAXXZ  040385af f   libcpmt:iosptrs.obj
 0001:000375c5       ??__Einit_atexit@@YAXXZ    040385c5 f   libcpmt:iosptrs.obj
 0001:000375e0       ??__FDELETE_STR@@YAXXZ     040385e0 f   MQ2EQBC.obj
 0001:00037610       ??__FSET_STR@@YAXXZ        04038610 f   MQ2EQBC.obj
 0001:00037640       ??__Fglobals@@YAXXZ        04038640 f   MQ2EQBC.obj
 0001:0003764a       ??__Finitlocks@std@@YAXXZ  0403864a f   libcpmt:xlock.obj
 0001:00037654       ??__Fclassic_locale@std@@YAXXZ 04038654 f   libcpmt:locale0.obj
 0001:0003765e       ??__Finitlocks@std@@YAXXZ  0403865e f   libcpmt:iosptrs.obj
 0001:00037668       ??__Finit_atexit@@YAXXZ    04038668 f   libcpmt:iosptrs.obj
 0001:00037672       ??__Fnomem@?5???2@YAPAXI@Z@YAXXZ 04038672 f   LIBCMT:new.obj

 Exports

  ordinal    name

        1    _InitializePlugin
               exported name: InitializePlugin
        2    _NetBotRequest
               exported name: NetBotRequest
        3    _NetBotSendMsg
               exported name: NetBotSendMsg
        4    _OnCleanUI
               exported name: OnCleanUI
        5    _OnIncomingChat
               exported name: OnIncomingChat
        6    _OnPulse
               exported name: OnPulse
        7    _OnReloadUI
               exported name: OnReloadUI
        8    _SetGameState
               exported name: SetGameState
        9    _ShutdownPlugin
               exported name: ShutdownPlugin
       10    _isConnected
               exported name: isConnected
