 MQ2EQIM

 Timestamp is 4d3d7ca0 (Mon Jan 24 08:20:32 2011)

 Preferred load address is 04000000

 Start         Length     Name                   Class
 0001:00000000 00021efdH .text                   CODE
 0001:00021f00 00000226H .text$x                 CODE
 0001:00022130 0000002fH .text$yc                CODE
 0001:00022160 0000005cH .text$yd                CODE
 0002:00000000 000001c0H .idata$5                DATA
 0002:000001c0 00000004H .CRT$XCA                DATA
 0002:000001c4 00000004H .CRT$XCU                DATA
 0002:000001c8 00000004H .CRT$XCZ                DATA
 0002:000001cc 00000004H .CRT$XIA                DATA
 0002:000001d0 00000010H .CRT$XIC                DATA
 0002:000001e0 00000004H .CRT$XIZ                DATA
 0002:000001e4 00000004H .CRT$XPA                DATA
 0002:000001e8 00000004H .CRT$XPX                DATA
 0002:000001ec 00000004H .CRT$XPXA               DATA
 0002:000001f0 00000004H .CRT$XPZ                DATA
 0002:000001f4 00000004H .CRT$XTA                DATA
 0002:000001f8 00000004H .CRT$XTZ                DATA
 0002:00000200 00002bd8H .rdata                  DATA
 0002:00002dd8 00000066H .rdata$debug            DATA
 0002:00002e40 000003e0H .rdata$r                DATA
 0002:00003220 0000005cH .rdata$sxdata           DATA
 0002:0000327c 00000004H .rtc$IAA                DATA
 0002:00003280 00000004H .rtc$IZZ                DATA
 0002:00003284 00000004H .rtc$TAA                DATA
 0002:00003288 00000004H .rtc$TZZ                DATA
 0002:00003290 00000d94H .xdata$x                DATA
 0002:00004024 00000028H .idata$2                DATA
 0002:0000404c 00000014H .idata$3                DATA
 0002:00004060 000001c0H .idata$4                DATA
 0002:00004220 0000084eH .idata$6                DATA
 0002:00004a70 0000007fH .edata                  DATA
 0003:00000000 000011f0H .data                   DATA
 0003:00001200 000025c4H .bss                    DATA

  Address         Publics by Value              Rva+Base       Lib:Object

 0000:00000000       __except_list              00000000     <absolute>
 0000:00000017       ___safe_se_handler_count   00000017     <absolute>
 0000:00000000       ___ImageBase               04000000     <linker-defined>
 0001:00000000       ?strstr@@YAPADPADPBD@Z     04001000 f i MQ2EQIM.obj
 0001:00000030       ??0bad_alloc@std@@QAE@PBD@Z 04001030 f i MQ2EQIM.obj
 0001:00000050       ??1bad_alloc@std@@UAE@XZ   04001050 f i MQ2EQIM.obj
 0001:00000060       ??_Ebad_alloc@std@@UAEPAXI@Z 04001060 f i MQ2EQIM.obj
 0001:00000060       ??_Gbad_alloc@std@@UAEPAXI@Z 04001060 f i MQ2EQIM.obj
 0001:00000090       ??2@YAPAXIPAX@Z            04001090 f i MQ2EQIM.obj
 0001:000000a0       ??3@YAXPAX0@Z              040010a0 f i MQ2EQIM.obj
 0001:000000b0       ?assign@?$char_traits@D@std@@SAXAADABD@Z 040010b0 f i MQ2EQIM.obj
 0001:000000c0       ?compare@?$char_traits@D@std@@SAHPBD0I@Z 040010c0 f i MQ2EQIM.obj
 0001:00000140       ?length@?$char_traits@D@std@@SAIPBD@Z 04001140 f i MQ2EQIM.obj
 0001:00000160       ?_Copy_s@?$char_traits@D@std@@SAPADPADIPBDI@Z 04001160 f i MQ2EQIM.obj
 0001:00000190       ?_Move_s@?$char_traits@D@std@@SAPADPADIPBDI@Z 04001190 f i MQ2EQIM.obj
 0001:000001c0       ??0_Aux_cont@std@@QAE@QBV_Container_base_aux@1@@Z 040011c0 f i MQ2EQIM.obj
 0001:000001d0       ?_Getcont@_Aux_cont@std@@QBEPBV_Container_base_aux@2@XZ 040011d0 f i MQ2EQIM.obj
 0001:000001e0       ??0_Container_base_aux@std@@QAE@XZ 040011e0 f i MQ2EQIM.obj
 0001:000001f0       ??1_Container_base_aux@std@@QAE@XZ 040011f0 f i MQ2EQIM.obj
 0001:00000200       ??0_Iterator_base_aux@std@@QAE@XZ 04001200 f i MQ2EQIM.obj
 0001:00000210       ?_Set_container@_Iterator_base_aux@std@@QAEXQBV_Container_base_aux@2@@Z 04001210 f i MQ2EQIM.obj
 0001:00000220       ?_Getmycont@_Iterator_base_aux@std@@QBEPBV_Container_base_aux@2@XZ 04001220 f i MQ2EQIM.obj
 0001:00000230       ?_Same_container@_Iterator_base_aux@std@@QBE_NABV12@@Z 04001230 f i MQ2EQIM.obj
 0001:00000250       ?_Has_container@_Iterator_base_aux@std@@QBE_NXZ 04001250 f i MQ2EQIM.obj
 0001:00000260       ?Lock@CAutoLock@MQ2Internal@@QAEXXZ 04001260 f i MQ2EQIM.obj
 0001:00000280       ?Unlock@CAutoLock@MQ2Internal@@QAEXXZ 04001280 f i MQ2EQIM.obj
 0001:000002a0       ??0CAutoLock@MQ2Internal@@QAE@PAU_RTL_CRITICAL_SECTION@@@Z 040012a0 f i MQ2EQIM.obj
 0001:000002d0       ??1CAutoLock@MQ2Internal@@QAE@XZ 040012d0 f i MQ2EQIM.obj
 0001:000002f0       _DllMain@12                040012f0 f   MQ2EQIM.obj
 0001:00000350       ?dataBuddies@@YAHPADAAU_MQ2TypeVar@MQ2Internal@@@Z 04001350 f   MQ2EQIM.obj
 0001:00000370       ?SetVTable@@YAXKK@Z        04001370 f   MQ2EQIM.obj
 0001:000003f0       ?GetVTable@@YAKK@Z         040013f0 f   MQ2EQIM.obj
 0001:00000420       ?size@?$basic_string@DU?$char_traits@D@std@@V?$allocator@D@2@@std@@QBEIXZ 04001420 f i MQ2EQIM.obj
 0001:00000430       ??0?$CIndex@PAU_MQ2TypeMember@MQ2Internal@@@MQ2Internal@@QAE@XZ 04001430 f i MQ2EQIM.obj
 0001:00000450       ??1?$CIndex@PAU_MQ2TypeMember@MQ2Internal@@@MQ2Internal@@QAE@XZ 04001450 f i MQ2EQIM.obj
 0001:00000490       ?Cleanup@?$CIndex@PAU_MQ2TypeMember@MQ2Internal@@@MQ2Internal@@QAEXXZ 04001490 f i MQ2EQIM.obj
 0001:000004d0       ??A?$CIndex@PAU_MQ2TypeMember@MQ2Internal@@@MQ2Internal@@QAEAAPAU_MQ2TypeMember@1@K@Z 040014d0 f i MQ2EQIM.obj
 0001:000004e0       ??1?$CIndex@PAUEQIMBuddy@@@MQ2Internal@@QAE@XZ 040014e0 f i MQ2EQIM.obj
 0001:00000520       ?Cleanup@?$CIndex@PAUEQIMBuddy@@@MQ2Internal@@QAEXXZ 04001520 f i MQ2EQIM.obj
 0001:00000560       ??A?$CIndex@PAUEQIMBuddy@@@MQ2Internal@@QAEAAPAUEQIMBuddy@@K@Z 04001560 f i MQ2EQIM.obj
 0001:00000570       ?_Myptr@?$basic_string@DU?$char_traits@D@std@@V?$allocator@D@2@@std@@IBEPBDXZ 04001570 f i MQ2EQIM.obj
 0001:00000580       ??0?$allocator@D@std@@QAE@XZ 04001580 f i MQ2EQIM.obj
 0001:00000590       ?Resize@?$CIndex@PAU_MQ2TypeMember@MQ2Internal@@@MQ2Internal@@QAEXK@Z 04001590 f i MQ2EQIM.obj
 0001:00000640       ??0?$allocator@U?$pair@$$CBV?$basic_string@DU?$char_traits@D@std@@V?$allocator@D@2@@std@@K@std@@@std@@QAE@XZ 04001640 f i MQ2EQIM.obj
 0001:00000650       ?Resize@?$CIndex@PAUEQIMBuddy@@@MQ2Internal@@QAEXK@Z 04001650 f i MQ2EQIM.obj
 0001:00000700       ?GetUnused@?$CIndex@PAUEQIMBuddy@@@MQ2Internal@@QAEKXZ 04001700 f i MQ2EQIM.obj
 0001:00000750       ??8const_iterator@?$_Tree@V?$_Tmap_traits@V?$basic_string@DU?$char_traits@D@std@@V?$allocator@D@2@@std@@KU?$less@V?$basic_string@DU?$char_traits@D@std@@V?$allocator@D@2@@std@@@2@V?$allocator@U?$pair@$$CBV?$basic_string@DU?$char_traits@D@std@@V?$allocator@D@2@@std@@K@std@@@2@$0A@@std@@@std@@QBE_NABV012@@Z 04001750 f i MQ2EQIM.obj
 0001:00000780       ?_Mynode@const_iterator@?$_Tree@V?$_Tmap_traits@V?$basic_string@DU?$char_traits@D@std@@V?$allocator@D@2@@std@@KU?$less@V?$basic_string@DU?$char_traits@D@std@@V?$allocator@D@2@@std@@@2@V?$allocator@U?$pair@$$CBV?$basic_string@DU?$char_traits@D@std@@V?$allocator@D@2@@std@@K@std@@@2@$0A@@std@@@std@@QBEPAU_Node@?$_Tree_nod@V?$_Tmap_traits@V?$basic_string@DU?$char_traits@D@std@@V?$allocator@D@2@@std@@KU?$less@V?$basic_string@DU?$char_traits@D@std@@V?$allocator@D@2@@std@@@2@V?$allocator@U?$pair@$$CBV?$basic_string@DU?$char_traits@D@std@@V?$allocator@D@2@@std@@K@std@@@2@$0A@@std@@@3@XZ 04001780 f i MQ2EQIM.obj
 0001:00000790       ?_Myptr@?$basic_string@DU?$char_traits@D@std@@V?$allocator@D@2@@std@@IAEPADXZ 04001790 f i MQ2EQIM.obj
 0001:000007a0       ??0?$allocator@D@std@@QAE@ABV01@@Z 040017a0 f i MQ2EQIM.obj
 0001:000007b0       ?deallocate@?$allocator@D@std@@QAEXPADI@Z 040017b0 f i MQ2EQIM.obj
 0001:000007c0       ?deallocate@?$allocator@V_Aux_cont@std@@@std@@QAEXPAV_Aux_cont@2@I@Z 040017c0 f i MQ2EQIM.obj
 0001:000007d0       ?_Isnil@?$_Tree@V?$_Tmap_traits@V?$basic_string@DU?$char_traits@D@std@@V?$allocator@D@2@@std@@KU?$less@V?$basic_string@DU?$char_traits@D@std@@V?$allocator@D@2@@std@@@2@V?$allocator@U?$pair@$$CBV?$basic_string@DU?$char_traits@D@std@@V?$allocator@D@2@@std@@K@std@@@2@$0A@@std@@@std@@KAAADPAU_Node@?$_Tree_nod@V?$_Tmap_traits@V?$basic_string@DU?$char_traits@D@std@@V?$allocator@D@2@@std@@KU?$less@V?$basic_string@DU?$char_traits@D@std@@V?$allocator@D@2@@std@@@2@V?$allocator@U?$pair@$$CBV?$basic_string@DU?$char_traits@D@std@@V?$allocator@D@2@@std@@K@std@@@2@$0A@@std@@@2@@Z 040017d0 f i MQ2EQIM.obj
 0001:000007e0       ?_Left@?$_Tree@V?$_Tmap_traits@V?$basic_string@DU?$char_traits@D@std@@V?$allocator@D@2@@std@@KU?$less@V?$basic_string@DU?$char_traits@D@std@@V?$allocator@D@2@@std@@@2@V?$allocator@U?$pair@$$CBV?$basic_string@DU?$char_traits@D@std@@V?$allocator@D@2@@std@@K@std@@@2@$0A@@std@@@std@@KAAAPAU_Node@?$_Tree_nod@V?$_Tmap_traits@V?$basic_string@DU?$char_traits@D@std@@V?$allocator@D@2@@std@@KU?$less@V?$basic_string@DU?$char_traits@D@std@@V?$allocator@D@2@@std@@@2@V?$allocator@U?$pair@$$CBV?$basic_string@DU?$char_traits@D@std@@V?$allocator@D@2@@std@@K@std@@@2@$0A@@std@@@2@PAU342@@Z 040017e0 f i MQ2EQIM.obj
 0001:000007f0       ?_Parent@?$_Tree@V?$_Tmap_traits@V?$basic_string@DU?$char_traits@D@std@@V?$allocator@D@2@@std@@KU?$less@V?$basic_string@DU?$char_traits@D@std@@V?$allocator@D@2@@std@@@2@V?$allocator@U?$pair@$$CBV?$basic_string@DU?$char_traits@D@std@@V?$allocator@D@2@@std@@K@std@@@2@$0A@@std@@@std@@KAAAPAU_Node@?$_Tree_nod@V?$_Tmap_traits@V?$basic_string@DU?$char_traits@D@std@@V?$allocator@D@2@@std@@KU?$less@V?$basic_string@DU?$char_traits@D@std@@V?$allocator@D@2@@std@@@2@V?$allocator@U?$pair@$$CBV?$basic_string@DU?$char_traits@D@std@@V?$allocator@D@2@@std@@K@std@@@2@$0A@@std@@@2@PAU342@@Z 040017f0 f i MQ2EQIM.obj
 0001:00000800       ?_Right@?$_Tree@V?$_Tmap_traits@V?$basic_string@DU?$char_traits@D@std@@V?$allocator@D@2@@std@@KU?$less@V?$basic_string@DU?$char_traits@D@std@@V?$allocator@D@2@@std@@@2@V?$allocator@U?$pair@$$CBV?$basic_string@DU?$char_traits@D@std@@V?$allocator@D@2@@std@@K@std@@@2@$0A@@std@@@std@@KAAAPAU_Node@?$_Tree_nod@V?$_Tmap_traits@V?$basic_string@DU?$char_traits@D@std@@V?$allocator@D@2@@std@@KU?$less@V?$basic_string@DU?$char_traits@D@std@@V?$allocator@D@2@@std@@@2@V?$allocator@U?$pair@$$CBV?$basic_string@DU?$char_traits@D@std@@V?$allocator@D@2@@std@@K@std@@@2@$0A@@std@@@2@PAU342@@Z 04001800 f i MQ2EQIM.obj
 0001:00000810       ?_Myval@?$_Tree@V?$_Tmap_traits@V?$basic_string@DU?$char_traits@D@std@@V?$allocator@D@2@@std@@KU?$less@V?$basic_string@DU?$char_traits@D@std@@V?$allocator@D@2@@std@@@2@V?$allocator@U?$pair@$$CBV?$basic_string@DU?$char_traits@D@std@@V?$allocator@D@2@@std@@K@std@@@2@$0A@@std@@@std@@KAAAU?$pair@$$CBV?$basic_string@DU?$char_traits@D@std@@V?$allocator@D@2@@std@@K@2@PAU_Node@?$_Tree_nod@V?$_Tmap_traits@V?$basic_string@DU?$char_traits@D@std@@V?$allocator@D@2@@std@@KU?$less@V?$basic_string@DU?$char_traits@D@std@@V?$allocator@D@2@@std@@@2@V?$allocator@U?$pair@$$CBV?$basic_string@DU?$char_traits@D@std@@V?$allocator@D@2@@std@@K@std@@@2@$0A@@std@@@2@@Z 04001810 f i MQ2EQIM.obj
 0001:00000820       ?size@?$_Tree@V?$_Tmap_traits@V?$basic_string@DU?$char_traits@D@std@@V?$allocator@D@2@@std@@KU?$less@V?$basic_string@DU?$char_traits@D@std@@V?$allocator@D@2@@std@@@2@V?$allocator@U?$pair@$$CBV?$basic_string@DU?$char_traits@D@std@@V?$allocator@D@2@@std@@K@std@@@2@$0A@@std@@@std@@QBEIXZ 04001820 f i MQ2EQIM.obj
 0001:00000830       ?_Rmost@?$_Tree@V?$_Tmap_traits@V?$basic_string@DU?$char_traits@D@std@@V?$allocator@D@2@@std@@KU?$less@V?$basic_string@DU?$char_traits@D@std@@V?$allocator@D@2@@std@@@2@V?$allocator@U?$pair@$$CBV?$basic_string@DU?$char_traits@D@std@@V?$allocator@D@2@@std@@K@std@@@2@$0A@@std@@@std@@IBEAAPAU_Node@?$_Tree_nod@V?$_Tmap_traits@V?$basic_string@DU?$char_traits@D@std@@V?$allocator@D@2@@std@@KU?$less@V?$basic_string@DU?$char_traits@D@std@@V?$allocator@D@2@@std@@@2@V?$allocator@U?$pair@$$CBV?$basic_string@DU?$char_traits@D@std@@V?$allocator@D@2@@std@@K@std@@@2@$0A@@std@@@2@XZ 04001830 f i MQ2EQIM.obj
 0001:00000840       ?_Kfn@?$_Tmap_traits@V?$basic_string@DU?$char_traits@D@std@@V?$allocator@D@2@@std@@KU?$less@V?$basic_string@DU?$char_traits@D@std@@V?$allocator@D@2@@std@@@2@V?$allocator@U?$pair@$$CBV?$basic_string@DU?$char_traits@D@std@@V?$allocator@D@2@@std@@K@std@@@2@$0A@@std@@SAABV?$basic_string@DU?$char_traits@D@std@@V?$allocator@D@2@@2@ABU?$pair@$$CBV?$basic_string@DU?$char_traits@D@std@@V?$allocator@D@2@@std@@K@2@@Z 04001840 f i MQ2EQIM.obj
 0001:00000850       ??0?$allocator@U?$pair@$$CBV?$basic_string@DU?$char_traits@D@std@@V?$allocator@D@2@@std@@K@std@@@std@@QAE@ABV01@@Z 04001850 f i MQ2EQIM.obj
 0001:00000860       ?deallocate@?$allocator@U_Node@?$_Tree_nod@V?$_Tmap_traits@V?$basic_string@DU?$char_traits@D@std@@V?$allocator@D@2@@std@@KU?$less@V?$basic_string@DU?$char_traits@D@std@@V?$allocator@D@2@@std@@@2@V?$allocator@U?$pair@$$CBV?$basic_string@DU?$char_traits@D@std@@V?$allocator@D@2@@std@@K@std@@@2@$0A@@std@@@std@@@std@@QAEXPAU_Node@?$_Tree_nod@V?$_Tmap_traits@V?$basic_string@DU?$char_traits@D@std@@V?$allocator@D@2@@std@@KU?$less@V?$basic_string@DU?$char_traits@D@std@@V?$allocator@D@2@@std@@@2@V?$allocator@U?$pair@$$CBV?$basic_string@DU?$char_traits@D@std@@V?$allocator@D@2@@std@@K@std@@@2@$0A@@std@@@2@I@Z 04001860 f i MQ2EQIM.obj
 0001:00000870       ??Dconst_iterator@?$_Tree@V?$_Tmap_traits@V?$basic_string@DU?$char_traits@D@std@@V?$allocator@D@2@@std@@KU?$less@V?$basic_string@DU?$char_traits@D@std@@V?$allocator@D@2@@std@@@2@V?$allocator@U?$pair@$$CBV?$basic_string@DU?$char_traits@D@std@@V?$allocator@D@2@@std@@K@std@@@2@$0A@@std@@@std@@QBEABU?$pair@$$CBV?$basic_string@DU?$char_traits@D@std@@V?$allocator@D@2@@std@@K@2@XZ 04001870 f i MQ2EQIM.obj
 0001:000008a0       ??0?$_Iterator_with_base@Ubidirectional_iterator_tag@std@@U?$pair@$$CBV?$basic_string@DU?$char_traits@D@std@@V?$allocator@D@2@@std@@K@2@HPBU32@ABU32@V_Iterator_base_aux@2@@std@@QAE@XZ 040018a0 f i MQ2EQIM.obj
 0001:000008b0       ?_Inside@?$basic_string@DU?$char_traits@D@std@@V?$allocator@D@2@@std@@IAE_NPBD@Z 040018b0 f i MQ2EQIM.obj
 0001:000008f0       ?_Color@?$_Tree@V?$_Tmap_traits@V?$basic_string@DU?$char_traits@D@std@@V?$allocator@D@2@@std@@KU?$less@V?$basic_string@DU?$char_traits@D@std@@V?$allocator@D@2@@std@@@2@V?$allocator@U?$pair@$$CBV?$basic_string@DU?$char_traits@D@std@@V?$allocator@D@2@@std@@K@std@@@2@$0A@@std@@@std@@KAAADPAU_Node@?$_Tree_nod@V?$_Tmap_traits@V?$basic_string@DU?$char_traits@D@std@@V?$allocator@D@2@@std@@KU?$less@V?$basic_string@DU?$char_traits@D@std@@V?$allocator@D@2@@std@@@2@V?$allocator@U?$pair@$$CBV?$basic_string@DU?$char_traits@D@std@@V?$allocator@D@2@@std@@K@std@@@2@$0A@@std@@@2@@Z 040018f0 f i MQ2EQIM.obj
 0001:00000900       ?_Lmost@?$_Tree@V?$_Tmap_traits@V?$basic_string@DU?$char_traits@D@std@@V?$allocator@D@2@@std@@KU?$less@V?$basic_string@DU?$char_traits@D@std@@V?$allocator@D@2@@std@@@2@V?$allocator@U?$pair@$$CBV?$basic_string@DU?$char_traits@D@std@@V?$allocator@D@2@@std@@K@std@@@2@$0A@@std@@@std@@IBEAAPAU_Node@?$_Tree_nod@V?$_Tmap_traits@V?$basic_string@DU?$char_traits@D@std@@V?$allocator@D@2@@std@@KU?$less@V?$basic_string@DU?$char_traits@D@std@@V?$allocator@D@2@@std@@@2@V?$allocator@U?$pair@$$CBV?$basic_string@DU?$char_traits@D@std@@V?$allocator@D@2@@std@@K@std@@@2@$0A@@std@@@2@XZ 04001900 f i MQ2EQIM.obj
 0001:00000910       ?_Root@?$_Tree@V?$_Tmap_traits@V?$basic_string@DU?$char_traits@D@std@@V?$allocator@D@2@@std@@KU?$less@V?$basic_string@DU?$char_traits@D@std@@V?$allocator@D@2@@std@@@2@V?$allocator@U?$pair@$$CBV?$basic_string@DU?$char_traits@D@std@@V?$allocator@D@2@@std@@K@std@@@2@$0A@@std@@@std@@IBEAAPAU_Node@?$_Tree_nod@V?$_Tmap_traits@V?$basic_string@DU?$char_traits@D@std@@V?$allocator@D@2@@std@@KU?$less@V?$basic_string@DU?$char_traits@D@std@@V?$allocator@D@2@@std@@@2@V?$allocator@U?$pair@$$CBV?$basic_string@DU?$char_traits@D@std@@V?$allocator@D@2@@std@@K@std@@@2@$0A@@std@@@2@XZ 04001910 f i MQ2EQIM.obj
 0001:00000920       ?_Rrotate@?$_Tree@V?$_Tmap_traits@V?$basic_string@DU?$char_traits@D@std@@V?$allocator@D@2@@std@@KU?$less@V?$basic_string@DU?$char_traits@D@std@@V?$allocator@D@2@@std@@@2@V?$allocator@U?$pair@$$CBV?$basic_string@DU?$char_traits@D@std@@V?$allocator@D@2@@std@@K@std@@@2@$0A@@std@@@std@@IAEXPAU_Node@?$_Tree_nod@V?$_Tmap_traits@V?$basic_string@DU?$char_traits@D@std@@V?$allocator@D@2@@std@@KU?$less@V?$basic_string@DU?$char_traits@D@std@@V?$allocator@D@2@@std@@@2@V?$allocator@U?$pair@$$CBV?$basic_string@DU?$char_traits@D@std@@V?$allocator@D@2@@std@@K@std@@@2@$0A@@std@@@2@@Z 04001920 f i MQ2EQIM.obj
 0001:00000980       ??9const_iterator@?$_Tree@V?$_Tmap_traits@V?$basic_string@DU?$char_traits@D@std@@V?$allocator@D@2@@std@@KU?$less@V?$basic_string@DU?$char_traits@D@std@@V?$allocator@D@2@@std@@@2@V?$allocator@U?$pair@$$CBV?$basic_string@DU?$char_traits@D@std@@V?$allocator@D@2@@std@@K@std@@@2@$0A@@std@@@std@@QBE_NABV012@@Z 04001980 f i MQ2EQIM.obj
 0001:000009b0       ??0?$pair@Viterator@?$_Tree@V?$_Tmap_traits@V?$basic_string@DU?$char_traits@D@std@@V?$allocator@D@2@@std@@KU?$less@V?$basic_string@DU?$char_traits@D@std@@V?$allocator@D@2@@std@@@2@V?$allocator@U?$pair@$$CBV?$basic_string@DU?$char_traits@D@std@@V?$allocator@D@2@@std@@K@std@@@2@$0A@@std@@@std@@_N@std@@QAE@ABViterator@?$_Tree@V?$_Tmap_traits@V?$basic_string@DU?$char_traits@D@std@@V?$allocator@D@2@@std@@KU?$less@V?$basic_string@DU?$char_traits@D@std@@V?$allocator@D@2@@std@@@2@V?$allocator@U?$pair@$$CBV?$basic_string@DU?$char_traits@D@std@@V?$allocator@D@2@@std@@K@std@@@2@$0A@@std@@@1@AB_N@Z 040019b0 f i MQ2EQIM.obj
 0001:000009d0       ?max_size@?$allocator@D@std@@QBEIXZ 040019d0 f i MQ2EQIM.obj
 0001:000009e0       ?_Max@?$_Tree@V?$_Tmap_traits@V?$basic_string@DU?$char_traits@D@std@@V?$allocator@D@2@@std@@KU?$less@V?$basic_string@DU?$char_traits@D@std@@V?$allocator@D@2@@std@@@2@V?$allocator@U?$pair@$$CBV?$basic_string@DU?$char_traits@D@std@@V?$allocator@D@2@@std@@K@std@@@2@$0A@@std@@@std@@KAPAU_Node@?$_Tree_nod@V?$_Tmap_traits@V?$basic_string@DU?$char_traits@D@std@@V?$allocator@D@2@@std@@KU?$less@V?$basic_string@DU?$char_traits@D@std@@V?$allocator@D@2@@std@@@2@V?$allocator@U?$pair@$$CBV?$basic_string@DU?$char_traits@D@std@@V?$allocator@D@2@@std@@K@std@@@2@$0A@@std@@@2@PAU342@@Z 040019e0 f i MQ2EQIM.obj
 0001:00000a00       ?_Min@?$_Tree@V?$_Tmap_traits@V?$basic_string@DU?$char_traits@D@std@@V?$allocator@D@2@@std@@KU?$less@V?$basic_string@DU?$char_traits@D@std@@V?$allocator@D@2@@std@@@2@V?$allocator@U?$pair@$$CBV?$basic_string@DU?$char_traits@D@std@@V?$allocator@D@2@@std@@K@std@@@2@$0A@@std@@@std@@KAPAU_Node@?$_Tree_nod@V?$_Tmap_traits@V?$basic_string@DU?$char_traits@D@std@@V?$allocator@D@2@@std@@KU?$less@V?$basic_string@DU?$char_traits@D@std@@V?$allocator@D@2@@std@@@2@V?$allocator@U?$pair@$$CBV?$basic_string@DU?$char_traits@D@std@@V?$allocator@D@2@@std@@K@std@@@2@$0A@@std@@@2@PAU342@@Z 04001a00 f i MQ2EQIM.obj
 0001:00000a20       ?max_size@?$allocator@U?$pair@$$CBV?$basic_string@DU?$char_traits@D@std@@V?$allocator@D@2@@std@@K@std@@@std@@QBEIXZ 04001a20 f i MQ2EQIM.obj
 0001:00000a30       ??$swap@D@std@@YAXAAD0@Z   04001a30 f i MQ2EQIM.obj
 0001:00000a50       ??$_Destroy@PAU_Node@?$_Tree_nod@V?$_Tmap_traits@V?$basic_string@DU?$char_traits@D@std@@V?$allocator@D@2@@std@@KU?$less@V?$basic_string@DU?$char_traits@D@std@@V?$allocator@D@2@@std@@@2@V?$allocator@U?$pair@$$CBV?$basic_string@DU?$char_traits@D@std@@V?$allocator@D@2@@std@@K@std@@@2@$0A@@std@@@std@@@std@@YAXPAPAU_Node@?$_Tree_nod@V?$_Tmap_traits@V?$basic_string@DU?$char_traits@D@std@@V?$allocator@D@2@@std@@KU?$less@V?$basic_string@DU?$char_traits@D@std@@V?$allocator@D@2@@std@@@2@V?$allocator@U?$pair@$$CBV?$basic_string@DU?$char_traits@D@std@@V?$allocator@D@2@@std@@K@std@@@2@$0A@@std@@@0@@Z 04001a50 f i MQ2EQIM.obj
 0001:00000a60       ??$?0U?$pair@$$CBV?$basic_string@DU?$char_traits@D@std@@V?$allocator@D@2@@std@@K@std@@@?$allocator@PAU_Node@?$_Tree_nod@V?$_Tmap_traits@V?$basic_string@DU?$char_traits@D@std@@V?$allocator@D@2@@std@@KU?$less@V?$basic_string@DU?$char_traits@D@std@@V?$allocator@D@2@@std@@@2@V?$allocator@U?$pair@$$CBV?$basic_string@DU?$char_traits@D@std@@V?$allocator@D@2@@std@@K@std@@@2@$0A@@std@@@std@@@std@@QAE@ABV?$allocator@U?$pair@$$CBV?$basic_string@DU?$char_traits@D@std@@V?$allocator@D@2@@std@@K@std@@@1@@Z 04001a60 f i MQ2EQIM.obj
 0001:00000a70       ??$_Allocate@D@std@@YAPADIPAD@Z 04001a70 f i MQ2EQIM.obj
 0001:00000ad0       ??$?0U?$pair@$$CBV?$basic_string@DU?$char_traits@D@std@@V?$allocator@D@2@@std@@K@std@@@?$allocator@U_Node@?$_Tree_nod@V?$_Tmap_traits@V?$basic_string@DU?$char_traits@D@std@@V?$allocator@D@2@@std@@KU?$less@V?$basic_string@DU?$char_traits@D@std@@V?$allocator@D@2@@std@@@2@V?$allocator@U?$pair@$$CBV?$basic_string@DU?$char_traits@D@std@@V?$allocator@D@2@@std@@K@std@@@2@$0A@@std@@@std@@@std@@QAE@ABV?$allocator@U?$pair@$$CBV?$basic_string@DU?$char_traits@D@std@@V?$allocator@D@2@@std@@K@std@@@1@@Z 04001ad0 f i MQ2EQIM.obj
 0001:00000ae0       ??$_Allocate@U_Node@?$_Tree_nod@V?$_Tmap_traits@V?$basic_string@DU?$char_traits@D@std@@V?$allocator@D@2@@std@@KU?$less@V?$basic_string@DU?$char_traits@D@std@@V?$allocator@D@2@@std@@@2@V?$allocator@U?$pair@$$CBV?$basic_string@DU?$char_traits@D@std@@V?$allocator@D@2@@std@@K@std@@@2@$0A@@std@@@std@@@std@@YAPAU_Node@?$_Tree_nod@V?$_Tmap_traits@V?$basic_string@DU?$char_traits@D@std@@V?$allocator@D@2@@std@@KU?$less@V?$basic_string@DU?$char_traits@D@std@@V?$allocator@D@2@@std@@@2@V?$allocator@U?$pair@$$CBV?$basic_string@DU?$char_traits@D@std@@V?$allocator@D@2@@std@@K@std@@@2@$0A@@std@@@0@IPAU120@@Z 04001ae0 f i MQ2EQIM.obj
 0001:00000b40       ??$_Construct@PAU_Node@?$_Tree_nod@V?$_Tmap_traits@V?$basic_string@DU?$char_traits@D@std@@V?$allocator@D@2@@std@@KU?$less@V?$basic_string@DU?$char_traits@D@std@@V?$allocator@D@2@@std@@@2@V?$allocator@U?$pair@$$CBV?$basic_string@DU?$char_traits@D@std@@V?$allocator@D@2@@std@@K@std@@@2@$0A@@std@@@std@@PAU123@@std@@YAXPAPAU_Node@?$_Tree_nod@V?$_Tmap_traits@V?$basic_string@DU?$char_traits@D@std@@V?$allocator@D@2@@std@@KU?$less@V?$basic_string@DU?$char_traits@D@std@@V?$allocator@D@2@@std@@@2@V?$allocator@U?$pair@$$CBV?$basic_string@DU?$char_traits@D@std@@V?$allocator@D@2@@std@@K@std@@@2@$0A@@std@@@0@ABQAU120@@Z 04001b40 f i MQ2EQIM.obj
 0001:00000b60       ??$?0U?$pair@$$CBV?$basic_string@DU?$char_traits@D@std@@V?$allocator@D@2@@std@@K@std@@@?$allocator@V_Aux_cont@std@@@std@@QAE@ABV?$allocator@U?$pair@$$CBV?$basic_string@DU?$char_traits@D@std@@V?$allocator@D@2@@std@@K@std@@@1@@Z 04001b60 f i MQ2EQIM.obj
 0001:00000b70       ??$_Allocate@V_Aux_cont@std@@@std@@YAPAV_Aux_cont@0@IPAV10@@Z 04001b70 f i MQ2EQIM.obj
 0001:00000bd0       ??0bad_alloc@std@@QAE@ABV01@@Z 04001bd0 f i MQ2EQIM.obj
 0001:00000bf0       ??$_Char_traits_cat@U?$char_traits@D@std@@@std@@YA?AU_Secure_char_traits_tag@0@XZ 04001bf0 f i MQ2EQIM.obj
 0001:00000c00       ??$copy_s@U?$char_traits@D@std@@@_Traits_helper@std@@YAPADPADIPBDIU_Secure_char_traits_tag@1@@Z 04001c00 f i MQ2EQIM.obj
 0001:00000c30       ??$move_s@U?$char_traits@D@std@@@_Traits_helper@std@@YAPADPADIPBDIU_Secure_char_traits_tag@1@@Z 04001c30 f i MQ2EQIM.obj
 0001:00000c60       ?FindEQIMBuddy@@YAHPAD@Z   04001c60 f   MQ2EQIM.obj
 0001:00000ca0       ?dataBuddy@@YAHPADAAU_MQ2TypeVar@MQ2Internal@@@Z 04001ca0 f   MQ2EQIM.obj
 0001:00000d20       ?SaveBuddyList@@YAXXZ      04001d20 f   MQ2EQIM.obj
 0001:00000dd0       ?BuddiesCmd@@YAXPAU_SPAWNINFO@EQData@@PAD@Z 04001dd0 f   MQ2EQIM.obj
 0001:00001000       ?GetUnused@?$CIndex@PAU_MQ2TypeMember@MQ2Internal@@@MQ2Internal@@QAEKXZ 04002000 f i MQ2EQIM.obj
 0001:00001050       ??0?$CIndex@PAUEQIMBuddy@@@MQ2Internal@@QAE@K@Z 04002050 f i MQ2EQIM.obj
 0001:00001080       ??Y?$CIndex@PAUEQIMBuddy@@@MQ2Internal@@QAEAAPAUEQIMBuddy@@AAPAU2@@Z 04002080 f i MQ2EQIM.obj
 0001:000010a0       ?compare@?$basic_string@DU?$char_traits@D@std@@V?$allocator@D@2@@std@@QBEHIIPBDI@Z 040020a0 f i MQ2EQIM.obj
 0001:00001110       ??0?$_String_val@DV?$allocator@D@std@@@std@@IAE@V?$allocator@D@1@@Z 04002110 f i MQ2EQIM.obj
 0001:00001120       ??0?$_String_val@DV?$allocator@D@std@@@std@@QAE@ABV01@@Z 04002120 f i MQ2EQIM.obj
 0001:00001130       ?_Key@?$_Tree@V?$_Tmap_traits@V?$basic_string@DU?$char_traits@D@std@@V?$allocator@D@2@@std@@KU?$less@V?$basic_string@DU?$char_traits@D@std@@V?$allocator@D@2@@std@@@2@V?$allocator@U?$pair@$$CBV?$basic_string@DU?$char_traits@D@std@@V?$allocator@D@2@@std@@K@std@@@2@$0A@@std@@@std@@KAABV?$basic_string@DU?$char_traits@D@std@@V?$allocator@D@2@@2@PAU_Node@?$_Tree_nod@V?$_Tmap_traits@V?$basic_string@DU?$char_traits@D@std@@V?$allocator@D@2@@std@@KU?$less@V?$basic_string@DU?$char_traits@D@std@@V?$allocator@D@2@@std@@@2@V?$allocator@U?$pair@$$CBV?$basic_string@DU?$char_traits@D@std@@V?$allocator@D@2@@std@@K@std@@@2@$0A@@std@@@2@@Z 04002130 f i MQ2EQIM.obj
 0001:00001140       ??1?$_Container_base_aux_alloc_real@V?$allocator@U?$pair@$$CBV?$basic_string@DU?$char_traits@D@std@@V?$allocator@D@2@@std@@K@std@@@std@@@std@@IAE@XZ 04002140 f i MQ2EQIM.obj
 0001:00001150       ??Diterator@?$_Tree@V?$_Tmap_traits@V?$basic_string@DU?$char_traits@D@std@@V?$allocator@D@2@@std@@KU?$less@V?$basic_string@DU?$char_traits@D@std@@V?$allocator@D@2@@std@@@2@V?$allocator@U?$pair@$$CBV?$basic_string@DU?$char_traits@D@std@@V?$allocator@D@2@@std@@K@std@@@2@$0A@@std@@@std@@QBEAAU?$pair@$$CBV?$basic_string@DU?$char_traits@D@std@@V?$allocator@D@2@@std@@K@2@XZ 04002150 f i MQ2EQIM.obj
 0001:00001180       ?_Eos@?$basic_string@DU?$char_traits@D@std@@V?$allocator@D@2@@std@@IAEXI@Z 04002180 f i MQ2EQIM.obj
 0001:000011a0       ?destroy@?$allocator@PAU_Node@?$_Tree_nod@V?$_Tmap_traits@V?$basic_string@DU?$char_traits@D@std@@V?$allocator@D@2@@std@@KU?$less@V?$basic_string@DU?$char_traits@D@std@@V?$allocator@D@2@@std@@@2@V?$allocator@U?$pair@$$CBV?$basic_string@DU?$char_traits@D@std@@V?$allocator@D@2@@std@@K@std@@@2@$0A@@std@@@std@@@std@@QAEXPAPAU_Node@?$_Tree_nod@V?$_Tmap_traits@V?$basic_string@DU?$char_traits@D@std@@V?$allocator@D@2@@std@@KU?$less@V?$basic_string@DU?$char_traits@D@std@@V?$allocator@D@2@@std@@@2@V?$allocator@U?$pair@$$CBV?$basic_string@DU?$char_traits@D@std@@V?$allocator@D@2@@std@@K@std@@@2@$0A@@std@@@2@@Z 040021a0 f i MQ2EQIM.obj
 0001:000011b0       ??0?$_Bidit@U?$pair@$$CBV?$basic_string@DU?$char_traits@D@std@@V?$allocator@D@2@@std@@K@std@@HPBU12@ABU12@@std@@QAE@XZ 040021b0 f i MQ2EQIM.obj
 0001:000011c0       ?max_size@?$basic_string@DU?$char_traits@D@std@@V?$allocator@D@2@@std@@QBEIXZ 040021c0 f i MQ2EQIM.obj
 0001:000011d0       ?max_size@?$_Tree@V?$_Tmap_traits@V?$basic_string@DU?$char_traits@D@std@@V?$allocator@D@2@@std@@KU?$less@V?$basic_string@DU?$char_traits@D@std@@V?$allocator@D@2@@std@@@2@V?$allocator@U?$pair@$$CBV?$basic_string@DU?$char_traits@D@std@@V?$allocator@D@2@@std@@K@std@@@2@$0A@@std@@@std@@QBEIXZ 040021d0 f i MQ2EQIM.obj
 0001:000011e0       ?_Lrotate@?$_Tree@V?$_Tmap_traits@V?$basic_string@DU?$char_traits@D@std@@V?$allocator@D@2@@std@@KU?$less@V?$basic_string@DU?$char_traits@D@std@@V?$allocator@D@2@@std@@@2@V?$allocator@U?$pair@$$CBV?$basic_string@DU?$char_traits@D@std@@V?$allocator@D@2@@std@@K@std@@@2@$0A@@std@@@std@@IAEXPAU_Node@?$_Tree_nod@V?$_Tmap_traits@V?$basic_string@DU?$char_traits@D@std@@V?$allocator@D@2@@std@@KU?$less@V?$basic_string@DU?$char_traits@D@std@@V?$allocator@D@2@@std@@@2@V?$allocator@U?$pair@$$CBV?$basic_string@DU?$char_traits@D@std@@V?$allocator@D@2@@std@@K@std@@@2@$0A@@std@@@2@@Z 040021e0 f i MQ2EQIM.obj
 0001:00001230       ??0const_iterator@?$_Tree@V?$_Tmap_traits@V?$basic_string@DU?$char_traits@D@std@@V?$allocator@D@2@@std@@KU?$less@V?$basic_string@DU?$char_traits@D@std@@V?$allocator@D@2@@std@@@2@V?$allocator@U?$pair@$$CBV?$basic_string@DU?$char_traits@D@std@@V?$allocator@D@2@@std@@K@std@@@2@$0A@@std@@@std@@QAE@PAU_Node@?$_Tree_nod@V?$_Tmap_traits@V?$basic_string@DU?$char_traits@D@std@@V?$allocator@D@2@@std@@KU?$less@V?$basic_string@DU?$char_traits@D@std@@V?$allocator@D@2@@std@@@2@V?$allocator@U?$pair@$$CBV?$basic_string@DU?$char_traits@D@std@@V?$allocator@D@2@@std@@K@std@@@2@$0A@@std@@@2@PBV12@@Z 04002230 f i MQ2EQIM.obj
 0001:00001260       ?_Dec@const_iterator@?$_Tree@V?$_Tmap_traits@V?$basic_string@DU?$char_traits@D@std@@V?$allocator@D@2@@std@@KU?$less@V?$basic_string@DU?$char_traits@D@std@@V?$allocator@D@2@@std@@@2@V?$allocator@U?$pair@$$CBV?$basic_string@DU?$char_traits@D@std@@V?$allocator@D@2@@std@@K@std@@@2@$0A@@std@@@std@@QAEXXZ 04002260 f i MQ2EQIM.obj
 0001:000012f0       ?_Inc@const_iterator@?$_Tree@V?$_Tmap_traits@V?$basic_string@DU?$char_traits@D@std@@V?$allocator@D@2@@std@@KU?$less@V?$basic_string@DU?$char_traits@D@std@@V?$allocator@D@2@@std@@@2@V?$allocator@U?$pair@$$CBV?$basic_string@DU?$char_traits@D@std@@V?$allocator@D@2@@std@@K@std@@@2@$0A@@std@@@std@@QAEXXZ 040022f0 f i MQ2EQIM.obj
 0001:00001360       ?allocate@?$allocator@D@std@@QAEPADI@Z 04002360 f i MQ2EQIM.obj
 0001:00001380       ?allocate@?$allocator@U_Node@?$_Tree_nod@V?$_Tmap_traits@V?$basic_string@DU?$char_traits@D@std@@V?$allocator@D@2@@std@@KU?$less@V?$basic_string@DU?$char_traits@D@std@@V?$allocator@D@2@@std@@@2@V?$allocator@U?$pair@$$CBV?$basic_string@DU?$char_traits@D@std@@V?$allocator@D@2@@std@@K@std@@@2@$0A@@std@@@std@@@std@@QAEPAU_Node@?$_Tree_nod@V?$_Tmap_traits@V?$basic_string@DU?$char_traits@D@std@@V?$allocator@D@2@@std@@KU?$less@V?$basic_string@DU?$char_traits@D@std@@V?$allocator@D@2@@std@@@2@V?$allocator@U?$pair@$$CBV?$basic_string@DU?$char_traits@D@std@@V?$allocator@D@2@@std@@K@std@@@2@$0A@@std@@@2@I@Z 04002380 f i MQ2EQIM.obj
 0001:000013a0       ?construct@?$allocator@PAU_Node@?$_Tree_nod@V?$_Tmap_traits@V?$basic_string@DU?$char_traits@D@std@@V?$allocator@D@2@@std@@KU?$less@V?$basic_string@DU?$char_traits@D@std@@V?$allocator@D@2@@std@@@2@V?$allocator@U?$pair@$$CBV?$basic_string@DU?$char_traits@D@std@@V?$allocator@D@2@@std@@K@std@@@2@$0A@@std@@@std@@@std@@QAEXPAPAU_Node@?$_Tree_nod@V?$_Tmap_traits@V?$basic_string@DU?$char_traits@D@std@@V?$allocator@D@2@@std@@KU?$less@V?$basic_string@DU?$char_traits@D@std@@V?$allocator@D@2@@std@@@2@V?$allocator@U?$pair@$$CBV?$basic_string@DU?$char_traits@D@std@@V?$allocator@D@2@@std@@K@std@@@2@$0A@@std@@@2@ABQAU342@@Z 040023a0 f i MQ2EQIM.obj
 0001:000013c0       ?allocate@?$allocator@V_Aux_cont@std@@@std@@QAEPAV_Aux_cont@2@I@Z 040023c0 f i MQ2EQIM.obj
 0001:000013e0       ??$copy_s@U?$char_traits@D@std@@@_Traits_helper@std@@YAPADPADIPBDI@Z 040023e0 f i MQ2EQIM.obj
 0001:00001410       ??$move_s@U?$char_traits@D@std@@@_Traits_helper@std@@YAPADPADIPBDI@Z 04002410 f i MQ2EQIM.obj
 0001:00001440       ?OnBuddyStatusChange@@YAXPADK@Z 04002440 f   MQ2EQIM.obj
 0001:000015d0       ?LoadBuddyList@@YAXXZ      040025d0 f   MQ2EQIM.obj
 0001:00001880       ?compare@?$basic_string@DU?$char_traits@D@std@@V?$allocator@D@2@@std@@QBEHABV12@@Z 04002880 f i MQ2EQIM.obj
 0001:000018c0       ??1?$_Tmap_traits@V?$basic_string@DU?$char_traits@D@std@@V?$allocator@D@2@@std@@KU?$less@V?$basic_string@DU?$char_traits@D@std@@V?$allocator@D@2@@std@@@2@V?$allocator@U?$pair@$$CBV?$basic_string@DU?$char_traits@D@std@@V?$allocator@D@2@@std@@K@std@@@2@$0A@@std@@QAE@XZ 040028c0 f i MQ2EQIM.obj
 0001:000018d0       ?_Tidy@?$basic_string@DU?$char_traits@D@std@@V?$allocator@D@2@@std@@IAEX_NI@Z 040028d0 f i MQ2EQIM.obj
 0001:00001920       ?erase@?$basic_string@DU?$char_traits@D@std@@V?$allocator@D@2@@std@@QAEAAV12@II@Z 04002920 f i MQ2EQIM.obj
 0001:000019b0       ??0iterator@?$_Tree@V?$_Tmap_traits@V?$basic_string@DU?$char_traits@D@std@@V?$allocator@D@2@@std@@KU?$less@V?$basic_string@DU?$char_traits@D@std@@V?$allocator@D@2@@std@@@2@V?$allocator@U?$pair@$$CBV?$basic_string@DU?$char_traits@D@std@@V?$allocator@D@2@@std@@K@std@@@2@$0A@@std@@@std@@QAE@PAU_Node@?$_Tree_nod@V?$_Tmap_traits@V?$basic_string@DU?$char_traits@D@std@@V?$allocator@D@2@@std@@KU?$less@V?$basic_string@DU?$char_traits@D@std@@V?$allocator@D@2@@std@@@2@V?$allocator@U?$pair@$$CBV?$basic_string@DU?$char_traits@D@std@@V?$allocator@D@2@@std@@K@std@@@2@$0A@@std@@@2@PBV12@@Z 040029b0 f i MQ2EQIM.obj
 0001:000019e0       ??0const_iterator@?$_Tree@V?$_Tmap_traits@V?$basic_string@DU?$char_traits@D@std@@V?$allocator@D@2@@std@@KU?$less@V?$basic_string@DU?$char_traits@D@std@@V?$allocator@D@2@@std@@@2@V?$allocator@U?$pair@$$CBV?$basic_string@DU?$char_traits@D@std@@V?$allocator@D@2@@std@@K@std@@@2@$0A@@std@@@std@@QAE@XZ 040029e0 f i MQ2EQIM.obj
 0001:000019f0       ??Econst_iterator@?$_Tree@V?$_Tmap_traits@V?$basic_string@DU?$char_traits@D@std@@V?$allocator@D@2@@std@@KU?$less@V?$basic_string@DU?$char_traits@D@std@@V?$allocator@D@2@@std@@@2@V?$allocator@U?$pair@$$CBV?$basic_string@DU?$char_traits@D@std@@V?$allocator@D@2@@std@@K@std@@@2@$0A@@std@@@std@@QAEAAV012@XZ 040029f0 f i MQ2EQIM.obj
 0001:00001a00       ??Fconst_iterator@?$_Tree@V?$_Tmap_traits@V?$basic_string@DU?$char_traits@D@std@@V?$allocator@D@2@@std@@KU?$less@V?$basic_string@DU?$char_traits@D@std@@V?$allocator@D@2@@std@@@2@V?$allocator@U?$pair@$$CBV?$basic_string@DU?$char_traits@D@std@@V?$allocator@D@2@@std@@K@std@@@2@$0A@@std@@@std@@QAEAAV012@XZ 04002a00 f i MQ2EQIM.obj
 0001:00001a10       ?_Copy@?$basic_string@DU?$char_traits@D@std@@V?$allocator@D@2@@std@@IAEXII@Z 04002a10 f i MQ2EQIM.obj
 0001:00001b50       ?_Make_iter@?$_Tree@V?$_Tmap_traits@V?$basic_string@DU?$char_traits@D@std@@V?$allocator@D@2@@std@@KU?$less@V?$basic_string@DU?$char_traits@D@std@@V?$allocator@D@2@@std@@@2@V?$allocator@U?$pair@$$CBV?$basic_string@DU?$char_traits@D@std@@V?$allocator@D@2@@std@@K@std@@@2@$0A@@std@@@std@@QBE?AViterator@12@Vconst_iterator@12@@Z 04002b50 f i MQ2EQIM.obj
 0001:00001b80       ?_Buynode@?$_Tree@V?$_Tmap_traits@V?$basic_string@DU?$char_traits@D@std@@V?$allocator@D@2@@std@@KU?$less@V?$basic_string@DU?$char_traits@D@std@@V?$allocator@D@2@@std@@@2@V?$allocator@U?$pair@$$CBV?$basic_string@DU?$char_traits@D@std@@V?$allocator@D@2@@std@@K@std@@@2@$0A@@std@@@std@@IAEPAU_Node@?$_Tree_nod@V?$_Tmap_traits@V?$basic_string@DU?$char_traits@D@std@@V?$allocator@D@2@@std@@KU?$less@V?$basic_string@DU?$char_traits@D@std@@V?$allocator@D@2@@std@@@2@V?$allocator@U?$pair@$$CBV?$basic_string@DU?$char_traits@D@std@@V?$allocator@D@2@@std@@K@std@@@2@$0A@@std@@@2@XZ 04002b80 f i MQ2EQIM.obj
 0001:00001bc0       ??Fiterator@?$_Tree@V?$_Tmap_traits@V?$basic_string@DU?$char_traits@D@std@@V?$allocator@D@2@@std@@KU?$less@V?$basic_string@DU?$char_traits@D@std@@V?$allocator@D@2@@std@@@2@V?$allocator@U?$pair@$$CBV?$basic_string@DU?$char_traits@D@std@@V?$allocator@D@2@@std@@K@std@@@2@$0A@@std@@@std@@QAEAAV012@XZ 04002bc0 f i MQ2EQIM.obj
 0001:00001bd0       ??Econst_iterator@?$_Tree@V?$_Tmap_traits@V?$basic_string@DU?$char_traits@D@std@@V?$allocator@D@2@@std@@KU?$less@V?$basic_string@DU?$char_traits@D@std@@V?$allocator@D@2@@std@@@2@V?$allocator@U?$pair@$$CBV?$basic_string@DU?$char_traits@D@std@@V?$allocator@D@2@@std@@K@std@@@2@$0A@@std@@@std@@QAE?AV012@H@Z 04002bd0 f i MQ2EQIM.obj
 0001:00001bf0       ??0?$_Container_base_aux_alloc_real@V?$allocator@U?$pair@$$CBV?$basic_string@DU?$char_traits@D@std@@V?$allocator@D@2@@std@@K@std@@@std@@@std@@IAE@V?$allocator@U?$pair@$$CBV?$basic_string@DU?$char_traits@D@std@@V?$allocator@D@2@@std@@K@std@@@1@@Z 04002bf0 f i MQ2EQIM.obj
 0001:00001c20       ??$?MDU?$char_traits@D@std@@V?$allocator@D@1@@std@@YA_NABV?$basic_string@DU?$char_traits@D@std@@V?$allocator@D@2@@0@0@Z 04002c20 f i MQ2EQIM.obj
 0001:00001c50       _SetGameState              04002c50 f   MQ2EQIM.obj
 0001:00001cd0       ??1?$basic_string@DU?$char_traits@D@std@@V?$allocator@D@2@@std@@QAE@XZ 04002cd0 f i MQ2EQIM.obj
 0001:00001d00       ??1?$pair@$$CBV?$basic_string@DU?$char_traits@D@std@@V?$allocator@D@2@@std@@K@std@@QAE@XZ 04002d00 f i MQ2EQIM.obj
 0001:00001d30       ??1?$_Tree_nod@V?$_Tmap_traits@V?$basic_string@DU?$char_traits@D@std@@V?$allocator@D@2@@std@@KU?$less@V?$basic_string@DU?$char_traits@D@std@@V?$allocator@D@2@@std@@@2@V?$allocator@U?$pair@$$CBV?$basic_string@DU?$char_traits@D@std@@V?$allocator@D@2@@std@@K@std@@@2@$0A@@std@@@std@@QAE@XZ 04002d30 f i MQ2EQIM.obj
 0001:00001d40       ?end@?$_Tree@V?$_Tmap_traits@V?$basic_string@DU?$char_traits@D@std@@V?$allocator@D@2@@std@@KU?$less@V?$basic_string@DU?$char_traits@D@std@@V?$allocator@D@2@@std@@@2@V?$allocator@U?$pair@$$CBV?$basic_string@DU?$char_traits@D@std@@V?$allocator@D@2@@std@@K@std@@@2@$0A@@std@@@std@@QAE?AViterator@12@XZ 04002d40 f i MQ2EQIM.obj
 0001:00001d60       ??R?$less@V?$basic_string@DU?$char_traits@D@std@@V?$allocator@D@2@@std@@@std@@QBE_NABV?$basic_string@DU?$char_traits@D@std@@V?$allocator@D@2@@1@0@Z 04002d60 f i MQ2EQIM.obj
 0001:00001da0       ?_Grow@?$basic_string@DU?$char_traits@D@std@@V?$allocator@D@2@@std@@IAE_NI_N@Z 04002da0 f i MQ2EQIM.obj
 0001:00001e60       ?begin@?$_Tree@V?$_Tmap_traits@V?$basic_string@DU?$char_traits@D@std@@V?$allocator@D@2@@std@@KU?$less@V?$basic_string@DU?$char_traits@D@std@@V?$allocator@D@2@@std@@@2@V?$allocator@U?$pair@$$CBV?$basic_string@DU?$char_traits@D@std@@V?$allocator@D@2@@std@@K@std@@@2@$0A@@std@@@std@@QAE?AViterator@12@XZ 04002e60 f i MQ2EQIM.obj
 0001:00001e80       ?_Init@?$_Tree@V?$_Tmap_traits@V?$basic_string@DU?$char_traits@D@std@@V?$allocator@D@2@@std@@KU?$less@V?$basic_string@DU?$char_traits@D@std@@V?$allocator@D@2@@std@@@2@V?$allocator@U?$pair@$$CBV?$basic_string@DU?$char_traits@D@std@@V?$allocator@D@2@@std@@K@std@@@2@$0A@@std@@@std@@IAEXXZ 04002e80 f i MQ2EQIM.obj
 0001:00001eb0       ?_Lbound@?$_Tree@V?$_Tmap_traits@V?$basic_string@DU?$char_traits@D@std@@V?$allocator@D@2@@std@@KU?$less@V?$basic_string@DU?$char_traits@D@std@@V?$allocator@D@2@@std@@@2@V?$allocator@U?$pair@$$CBV?$basic_string@DU?$char_traits@D@std@@V?$allocator@D@2@@std@@K@std@@@2@$0A@@std@@@std@@IBEPAU_Node@?$_Tree_nod@V?$_Tmap_traits@V?$basic_string@DU?$char_traits@D@std@@V?$allocator@D@2@@std@@KU?$less@V?$basic_string@DU?$char_traits@D@std@@V?$allocator@D@2@@std@@@2@V?$allocator@U?$pair@$$CBV?$basic_string@DU?$char_traits@D@std@@V?$allocator@D@2@@std@@K@std@@@2@$0A@@std@@@2@ABV?$basic_string@DU?$char_traits@D@std@@V?$allocator@D@2@@2@@Z 04002eb0 f i MQ2EQIM.obj
 0001:00001f40       ??0?$_Tmap_traits@V?$basic_string@DU?$char_traits@D@std@@V?$allocator@D@2@@std@@KU?$less@V?$basic_string@DU?$char_traits@D@std@@V?$allocator@D@2@@std@@@2@V?$allocator@U?$pair@$$CBV?$basic_string@DU?$char_traits@D@std@@V?$allocator@D@2@@std@@K@std@@@2@$0A@@std@@QAE@U?$less@V?$basic_string@DU?$char_traits@D@std@@V?$allocator@D@2@@std@@@1@V?$allocator@U?$pair@$$CBV?$basic_string@DU?$char_traits@D@std@@V?$allocator@D@2@@std@@K@std@@@1@@Z 04002f40 f i MQ2EQIM.obj
 0001:00001f70       ??1_Node@?$_Tree_nod@V?$_Tmap_traits@V?$basic_string@DU?$char_traits@D@std@@V?$allocator@D@2@@std@@KU?$less@V?$basic_string@DU?$char_traits@D@std@@V?$allocator@D@2@@std@@@2@V?$allocator@U?$pair@$$CBV?$basic_string@DU?$char_traits@D@std@@V?$allocator@D@2@@std@@K@std@@@2@$0A@@std@@@std@@QAE@XZ 04002f70 f i MQ2EQIM.obj
 0001:00001fa0       ??1logic_error@std@@UAE@XZ 04002fa0 f i MQ2EQIM.obj
 0001:00001fe0       ?c_str@?$basic_string@DU?$char_traits@D@std@@V?$allocator@D@2@@std@@QBEPBDXZ 04002fe0 f i MQ2EQIM.obj
 0001:00001ff0       ?what@logic_error@std@@UBEPBDXZ 04002ff0 f i MQ2EQIM.obj
 0001:00002000       ??_Glogic_error@std@@UAEPAXI@Z 04003000 f i MQ2EQIM.obj
 0001:00002000       ??_Elogic_error@std@@UAEPAXI@Z 04003000 f i MQ2EQIM.obj
 0001:00002050       ??1?$_Tree_ptr@V?$_Tmap_traits@V?$basic_string@DU?$char_traits@D@std@@V?$allocator@D@2@@std@@KU?$less@V?$basic_string@DU?$char_traits@D@std@@V?$allocator@D@2@@std@@@2@V?$allocator@U?$pair@$$CBV?$basic_string@DU?$char_traits@D@std@@V?$allocator@D@2@@std@@K@std@@@2@$0A@@std@@@std@@QAE@XZ 04003050 f i MQ2EQIM.obj
 0001:00002060       ?assign@?$basic_string@DU?$char_traits@D@std@@V?$allocator@D@2@@std@@QAEAAV12@ABV12@II@Z 04003060 f i MQ2EQIM.obj
 0001:00002140       ?lower_bound@?$_Tree@V?$_Tmap_traits@V?$basic_string@DU?$char_traits@D@std@@V?$allocator@D@2@@std@@KU?$less@V?$basic_string@DU?$char_traits@D@std@@V?$allocator@D@2@@std@@@2@V?$allocator@U?$pair@$$CBV?$basic_string@DU?$char_traits@D@std@@V?$allocator@D@2@@std@@K@std@@@2@$0A@@std@@@std@@QAE?AViterator@12@ABV?$basic_string@DU?$char_traits@D@std@@V?$allocator@D@2@@2@@Z 04003140 f i MQ2EQIM.obj
 0001:00002170       ?assign@?$basic_string@DU?$char_traits@D@std@@V?$allocator@D@2@@std@@QAEAAV12@PBDI@Z 04003170 f i MQ2EQIM.obj
 0001:00002250       ??0?$_Tree_nod@V?$_Tmap_traits@V?$basic_string@DU?$char_traits@D@std@@V?$allocator@D@2@@std@@KU?$less@V?$basic_string@DU?$char_traits@D@std@@V?$allocator@D@2@@std@@@2@V?$allocator@U?$pair@$$CBV?$basic_string@DU?$char_traits@D@std@@V?$allocator@D@2@@std@@K@std@@@2@$0A@@std@@@std@@IAE@ABU?$less@V?$basic_string@DU?$char_traits@D@std@@V?$allocator@D@2@@std@@@1@V?$allocator@U?$pair@$$CBV?$basic_string@DU?$char_traits@D@std@@V?$allocator@D@2@@std@@K@std@@@1@@Z 04003250 f i MQ2EQIM.obj
 0001:00002280       ??_G_Node@?$_Tree_nod@V?$_Tmap_traits@V?$basic_string@DU?$char_traits@D@std@@V?$allocator@D@2@@std@@KU?$less@V?$basic_string@DU?$char_traits@D@std@@V?$allocator@D@2@@std@@@2@V?$allocator@U?$pair@$$CBV?$basic_string@DU?$char_traits@D@std@@V?$allocator@D@2@@std@@K@std@@@2@$0A@@std@@@std@@QAEPAXI@Z 04003280 f i MQ2EQIM.obj
 0001:000022c0       ??0?$basic_string@DU?$char_traits@D@std@@V?$allocator@D@2@@std@@QAE@ABV01@@Z 040032c0 f i MQ2EQIM.obj
 0001:000022f0       ??1?$_Tree_val@V?$_Tmap_traits@V?$basic_string@DU?$char_traits@D@std@@V?$allocator@D@2@@std@@KU?$less@V?$basic_string@DU?$char_traits@D@std@@V?$allocator@D@2@@std@@@2@V?$allocator@U?$pair@$$CBV?$basic_string@DU?$char_traits@D@std@@V?$allocator@D@2@@std@@K@std@@@2@$0A@@std@@@std@@QAE@XZ 040032f0 f i MQ2EQIM.obj
 0001:00002300       ?assign@?$basic_string@DU?$char_traits@D@std@@V?$allocator@D@2@@std@@QAEAAV12@PBD@Z 04003300 f i MQ2EQIM.obj
 0001:00002330       ??0?$pair@$$CBV?$basic_string@DU?$char_traits@D@std@@V?$allocator@D@2@@std@@K@std@@QAE@ABV?$basic_string@DU?$char_traits@D@std@@V?$allocator@D@2@@1@ABK@Z 04003330 f i MQ2EQIM.obj
 0001:00002360       ??0?$_Tree_ptr@V?$_Tmap_traits@V?$basic_string@DU?$char_traits@D@std@@V?$allocator@D@2@@std@@KU?$less@V?$basic_string@DU?$char_traits@D@std@@V?$allocator@D@2@@std@@@2@V?$allocator@U?$pair@$$CBV?$basic_string@DU?$char_traits@D@std@@V?$allocator@D@2@@std@@K@std@@@2@$0A@@std@@@std@@IAE@ABU?$less@V?$basic_string@DU?$char_traits@D@std@@V?$allocator@D@2@@std@@@1@V?$allocator@U?$pair@$$CBV?$basic_string@DU?$char_traits@D@std@@V?$allocator@D@2@@std@@K@std@@@1@@Z 04003360 f i MQ2EQIM.obj
 0001:00002390       ??0?$pair@$$CBV?$basic_string@DU?$char_traits@D@std@@V?$allocator@D@2@@std@@K@std@@QAE@ABU01@@Z 04003390 f i MQ2EQIM.obj
 0001:000023c0       ??$_Destroy@U_Node@?$_Tree_nod@V?$_Tmap_traits@V?$basic_string@DU?$char_traits@D@std@@V?$allocator@D@2@@std@@KU?$less@V?$basic_string@DU?$char_traits@D@std@@V?$allocator@D@2@@std@@@2@V?$allocator@U?$pair@$$CBV?$basic_string@DU?$char_traits@D@std@@V?$allocator@D@2@@std@@K@std@@@2@$0A@@std@@@std@@@std@@YAXPAU_Node@?$_Tree_nod@V?$_Tmap_traits@V?$basic_string@DU?$char_traits@D@std@@V?$allocator@D@2@@std@@KU?$less@V?$basic_string@DU?$char_traits@D@std@@V?$allocator@D@2@@std@@@2@V?$allocator@U?$pair@$$CBV?$basic_string@DU?$char_traits@D@std@@V?$allocator@D@2@@std@@K@std@@@2@$0A@@std@@@0@@Z 040033c0 f i MQ2EQIM.obj
 0001:000023f0       ??0logic_error@std@@QAE@ABV?$basic_string@DU?$char_traits@D@std@@V?$allocator@D@2@@1@@Z 040033f0 f i MQ2EQIM.obj
 0001:00002450       ??0length_error@std@@QAE@ABV?$basic_string@DU?$char_traits@D@std@@V?$allocator@D@2@@1@@Z 04003450 f i MQ2EQIM.obj
 0001:00002470       ??1length_error@std@@UAE@XZ 04003470 f i MQ2EQIM.obj
 0001:000024b0       ??_Glength_error@std@@UAEPAXI@Z 040034b0 f i MQ2EQIM.obj
 0001:000024b0       ??_Elength_error@std@@UAEPAXI@Z 040034b0 f i MQ2EQIM.obj
 0001:00002500       ??0out_of_range@std@@QAE@ABV?$basic_string@DU?$char_traits@D@std@@V?$allocator@D@2@@1@@Z 04003500 f i MQ2EQIM.obj
 0001:00002520       ??1out_of_range@std@@UAE@XZ 04003520 f i MQ2EQIM.obj
 0001:00002560       ??_Eout_of_range@std@@UAEPAXI@Z 04003560 f i MQ2EQIM.obj
 0001:00002560       ??_Gout_of_range@std@@UAEPAXI@Z 04003560 f i MQ2EQIM.obj
 0001:000025b0       ??0?$basic_string@DU?$char_traits@D@std@@V?$allocator@D@2@@std@@QAE@PBD@Z 040035b0 f i MQ2EQIM.obj
 0001:000025f0       ??0?$_Tree_val@V?$_Tmap_traits@V?$basic_string@DU?$char_traits@D@std@@V?$allocator@D@2@@std@@KU?$less@V?$basic_string@DU?$char_traits@D@std@@V?$allocator@D@2@@std@@@2@V?$allocator@U?$pair@$$CBV?$basic_string@DU?$char_traits@D@std@@V?$allocator@D@2@@std@@K@std@@@2@$0A@@std@@@std@@IAE@ABU?$less@V?$basic_string@DU?$char_traits@D@std@@V?$allocator@D@2@@std@@@1@V?$allocator@U?$pair@$$CBV?$basic_string@DU?$char_traits@D@std@@V?$allocator@D@2@@std@@K@std@@@1@@Z 040035f0 f i MQ2EQIM.obj
 0001:00002620       ?destroy@?$allocator@U_Node@?$_Tree_nod@V?$_Tmap_traits@V?$basic_string@DU?$char_traits@D@std@@V?$allocator@D@2@@std@@KU?$less@V?$basic_string@DU?$char_traits@D@std@@V?$allocator@D@2@@std@@@2@V?$allocator@U?$pair@$$CBV?$basic_string@DU?$char_traits@D@std@@V?$allocator@D@2@@std@@K@std@@@2@$0A@@std@@@std@@@std@@QAEXPAU_Node@?$_Tree_nod@V?$_Tmap_traits@V?$basic_string@DU?$char_traits@D@std@@V?$allocator@D@2@@std@@KU?$less@V?$basic_string@DU?$char_traits@D@std@@V?$allocator@D@2@@std@@@2@V?$allocator@U?$pair@$$CBV?$basic_string@DU?$char_traits@D@std@@V?$allocator@D@2@@std@@K@std@@@2@$0A@@std@@@2@@Z 04003620 f i MQ2EQIM.obj
 0001:00002650       ??0_Node@?$_Tree_nod@V?$_Tmap_traits@V?$basic_string@DU?$char_traits@D@std@@V?$allocator@D@2@@std@@KU?$less@V?$basic_string@DU?$char_traits@D@std@@V?$allocator@D@2@@std@@@2@V?$allocator@U?$pair@$$CBV?$basic_string@DU?$char_traits@D@std@@V?$allocator@D@2@@std@@K@std@@@2@$0A@@std@@@std@@QAE@PAU012@00ABU?$pair@$$CBV?$basic_string@DU?$char_traits@D@std@@V?$allocator@D@2@@std@@K@2@D@Z 04003650 f i MQ2EQIM.obj
 0001:000026b0       ??0?$_Tree@V?$_Tmap_traits@V?$basic_string@DU?$char_traits@D@std@@V?$allocator@D@2@@std@@KU?$less@V?$basic_string@DU?$char_traits@D@std@@V?$allocator@D@2@@std@@@2@V?$allocator@U?$pair@$$CBV?$basic_string@DU?$char_traits@D@std@@V?$allocator@D@2@@std@@K@std@@@2@$0A@@std@@@std@@QAE@ABU?$less@V?$basic_string@DU?$char_traits@D@std@@V?$allocator@D@2@@std@@@1@ABV?$allocator@U?$pair@$$CBV?$basic_string@DU?$char_traits@D@std@@V?$allocator@D@2@@std@@K@std@@@1@@Z 040036b0 f i MQ2EQIM.obj
 0001:00002730       ?erase@?$_Tree@V?$_Tmap_traits@V?$basic_string@DU?$char_traits@D@std@@V?$allocator@D@2@@std@@KU?$less@V?$basic_string@DU?$char_traits@D@std@@V?$allocator@D@2@@std@@@2@V?$allocator@U?$pair@$$CBV?$basic_string@DU?$char_traits@D@std@@V?$allocator@D@2@@std@@K@std@@@2@$0A@@std@@@std@@QAE?AViterator@12@Vconst_iterator@12@@Z 04003730 f i MQ2EQIM.obj
 0001:00002a10       ??0logic_error@std@@QAE@ABV01@@Z 04003a10 f i MQ2EQIM.obj
 0001:00002a80       ??0out_of_range@std@@QAE@ABV01@@Z 04003a80 f i MQ2EQIM.obj
 0001:00002aa0       ?_Buynode@?$_Tree@V?$_Tmap_traits@V?$basic_string@DU?$char_traits@D@std@@V?$allocator@D@2@@std@@KU?$less@V?$basic_string@DU?$char_traits@D@std@@V?$allocator@D@2@@std@@@2@V?$allocator@U?$pair@$$CBV?$basic_string@DU?$char_traits@D@std@@V?$allocator@D@2@@std@@K@std@@@2@$0A@@std@@@std@@IAEPAU_Node@?$_Tree_nod@V?$_Tmap_traits@V?$basic_string@DU?$char_traits@D@std@@V?$allocator@D@2@@std@@KU?$less@V?$basic_string@DU?$char_traits@D@std@@V?$allocator@D@2@@std@@@2@V?$allocator@U?$pair@$$CBV?$basic_string@DU?$char_traits@D@std@@V?$allocator@D@2@@std@@K@std@@@2@$0A@@std@@@2@PAU342@00ABU?$pair@$$CBV?$basic_string@DU?$char_traits@D@std@@V?$allocator@D@2@@std@@K@2@D@Z 04003aa0 f i MQ2EQIM.obj
 0001:00002b30       ?_Erase@?$_Tree@V?$_Tmap_traits@V?$basic_string@DU?$char_traits@D@std@@V?$allocator@D@2@@std@@KU?$less@V?$basic_string@DU?$char_traits@D@std@@V?$allocator@D@2@@std@@@2@V?$allocator@U?$pair@$$CBV?$basic_string@DU?$char_traits@D@std@@V?$allocator@D@2@@std@@K@std@@@2@$0A@@std@@@std@@IAEXPAU_Node@?$_Tree_nod@V?$_Tmap_traits@V?$basic_string@DU?$char_traits@D@std@@V?$allocator@D@2@@std@@KU?$less@V?$basic_string@DU?$char_traits@D@std@@V?$allocator@D@2@@std@@@2@V?$allocator@U?$pair@$$CBV?$basic_string@DU?$char_traits@D@std@@V?$allocator@D@2@@std@@K@std@@@2@$0A@@std@@@2@@Z 04003b30 f i MQ2EQIM.obj
 0001:00002b90       ?_Insert@?$_Tree@V?$_Tmap_traits@V?$basic_string@DU?$char_traits@D@std@@V?$allocator@D@2@@std@@KU?$less@V?$basic_string@DU?$char_traits@D@std@@V?$allocator@D@2@@std@@@2@V?$allocator@U?$pair@$$CBV?$basic_string@DU?$char_traits@D@std@@V?$allocator@D@2@@std@@K@std@@@2@$0A@@std@@@std@@IAE?AViterator@12@_NPAU_Node@?$_Tree_nod@V?$_Tmap_traits@V?$basic_string@DU?$char_traits@D@std@@V?$allocator@D@2@@std@@KU?$less@V?$basic_string@DU?$char_traits@D@std@@V?$allocator@D@2@@std@@@2@V?$allocator@U?$pair@$$CBV?$basic_string@DU?$char_traits@D@std@@V?$allocator@D@2@@std@@K@std@@@2@$0A@@std@@@2@ABU?$pair@$$CBV?$basic_string@DU?$char_traits@D@std@@V?$allocator@D@2@@std@@K@2@@Z 04003b90 f i MQ2EQIM.obj
 0001:00002d80       ??0length_error@std@@QAE@ABV01@@Z 04003d80 f i MQ2EQIM.obj
 0001:00002da0       ?clear@?$_Tree@V?$_Tmap_traits@V?$basic_string@DU?$char_traits@D@std@@V?$allocator@D@2@@std@@KU?$less@V?$basic_string@DU?$char_traits@D@std@@V?$allocator@D@2@@std@@@2@V?$allocator@U?$pair@$$CBV?$basic_string@DU?$char_traits@D@std@@V?$allocator@D@2@@std@@K@std@@@2@$0A@@std@@@std@@QAEXXZ 04003da0 f i MQ2EQIM.obj
 0001:00002dd0       ?insert@?$_Tree@V?$_Tmap_traits@V?$basic_string@DU?$char_traits@D@std@@V?$allocator@D@2@@std@@KU?$less@V?$basic_string@DU?$char_traits@D@std@@V?$allocator@D@2@@std@@@2@V?$allocator@U?$pair@$$CBV?$basic_string@DU?$char_traits@D@std@@V?$allocator@D@2@@std@@K@std@@@2@$0A@@std@@@std@@QAE?AU?$pair@Viterator@?$_Tree@V?$_Tmap_traits@V?$basic_string@DU?$char_traits@D@std@@V?$allocator@D@2@@std@@KU?$less@V?$basic_string@DU?$char_traits@D@std@@V?$allocator@D@2@@std@@@2@V?$allocator@U?$pair@$$CBV?$basic_string@DU?$char_traits@D@std@@V?$allocator@D@2@@std@@K@std@@@2@$0A@@std@@@std@@_N@2@ABU?$pair@$$CBV?$basic_string@DU?$char_traits@D@std@@V?$allocator@D@2@@std@@K@2@@Z 04003dd0 f i MQ2EQIM.obj
 0001:00002f30       ?erase@?$_Tree@V?$_Tmap_traits@V?$basic_string@DU?$char_traits@D@std@@V?$allocator@D@2@@std@@KU?$less@V?$basic_string@DU?$char_traits@D@std@@V?$allocator@D@2@@std@@@2@V?$allocator@U?$pair@$$CBV?$basic_string@DU?$char_traits@D@std@@V?$allocator@D@2@@std@@K@std@@@2@$0A@@std@@@std@@QAE?AViterator@12@Vconst_iterator@12@0@Z 04003f30 f i MQ2EQIM.obj
 0001:00003010       ?insert@?$_Tree@V?$_Tmap_traits@V?$basic_string@DU?$char_traits@D@std@@V?$allocator@D@2@@std@@KU?$less@V?$basic_string@DU?$char_traits@D@std@@V?$allocator@D@2@@std@@@2@V?$allocator@U?$pair@$$CBV?$basic_string@DU?$char_traits@D@std@@V?$allocator@D@2@@std@@K@std@@@2@$0A@@std@@@std@@QAE?AViterator@12@Vconst_iterator@12@ABU?$pair@$$CBV?$basic_string@DU?$char_traits@D@std@@V?$allocator@D@2@@std@@K@2@@Z 04004010 f i MQ2EQIM.obj
 0001:00003240       ?_Tidy@?$_Tree@V?$_Tmap_traits@V?$basic_string@DU?$char_traits@D@std@@V?$allocator@D@2@@std@@KU?$less@V?$basic_string@DU?$char_traits@D@std@@V?$allocator@D@2@@std@@@2@V?$allocator@U?$pair@$$CBV?$basic_string@DU?$char_traits@D@std@@V?$allocator@D@2@@std@@K@std@@@2@$0A@@std@@@std@@IAEXXZ 04004240 f i MQ2EQIM.obj
 0001:00003280       ??A?$map@V?$basic_string@DU?$char_traits@D@std@@V?$allocator@D@2@@std@@KU?$less@V?$basic_string@DU?$char_traits@D@std@@V?$allocator@D@2@@std@@@2@V?$allocator@U?$pair@$$CBV?$basic_string@DU?$char_traits@D@std@@V?$allocator@D@2@@std@@K@std@@@2@@std@@QAEAAKABV?$basic_string@DU?$char_traits@D@std@@V?$allocator@D@2@@1@@Z 04004280 f i MQ2EQIM.obj
 0001:000033a0       ??1?$_Tree@V?$_Tmap_traits@V?$basic_string@DU?$char_traits@D@std@@V?$allocator@D@2@@std@@KU?$less@V?$basic_string@DU?$char_traits@D@std@@V?$allocator@D@2@@std@@@2@V?$allocator@U?$pair@$$CBV?$basic_string@DU?$char_traits@D@std@@V?$allocator@D@2@@std@@K@std@@@2@$0A@@std@@@std@@QAE@XZ 040043a0 f i MQ2EQIM.obj
 0001:00003410       ?AddMember@MQ2Type@MQ2Internal@@IAEHKPAD@Z 04004410 f i MQ2EQIM.obj
 0001:00003570       ??1?$map@V?$basic_string@DU?$char_traits@D@std@@V?$allocator@D@2@@std@@KU?$less@V?$basic_string@DU?$char_traits@D@std@@V?$allocator@D@2@@std@@@2@V?$allocator@U?$pair@$$CBV?$basic_string@DU?$char_traits@D@std@@V?$allocator@D@2@@std@@K@std@@@2@@std@@QAE@XZ 04004570 f i MQ2EQIM.obj
 0001:00003580       ??0?$map@V?$basic_string@DU?$char_traits@D@std@@V?$allocator@D@2@@std@@KU?$less@V?$basic_string@DU?$char_traits@D@std@@V?$allocator@D@2@@std@@@2@V?$allocator@U?$pair@$$CBV?$basic_string@DU?$char_traits@D@std@@V?$allocator@D@2@@std@@K@std@@@2@@std@@QAE@XZ 04004580 f i MQ2EQIM.obj
 0001:000035a0       ??0MQ2Type@MQ2Internal@@QAE@PAD@Z 040045a0 f i MQ2EQIM.obj
 0001:00003630       ?InitVariable@MQ2Type@MQ2Internal@@UAEXAAU_MQ2VarPtr@2@@Z 04004630 f i MQ2EQIM.obj
 0001:00003640       ?FreeVariable@MQ2Type@MQ2Internal@@UAEXAAU_MQ2VarPtr@2@@Z 04004640 f i MQ2EQIM.obj
 0001:00003650       ?ToString@MQ2Type@MQ2Internal@@UAE_NU_MQ2VarPtr@2@PAD@Z 04004650 f i MQ2EQIM.obj
 0001:00003670       ??1MQ2Type@MQ2Internal@@QAE@XZ 04004670 f i MQ2EQIM.obj
 0001:00003710       ??0MQ2BuddyType@@QAE@XZ    04004710 f i MQ2EQIM.obj
 0001:00003790       ?ToString@MQ2BuddyType@@UAE_NU_MQ2VarPtr@MQ2Internal@@PAD@Z 04004790 f i MQ2EQIM.obj
 0001:000037c0       ?FromData@MQ2BuddyType@@UAE_NAAU_MQ2VarPtr@MQ2Internal@@AAU_MQ2TypeVar@3@@Z 040047c0 f i MQ2EQIM.obj
 0001:000037d0       ?FromString@MQ2BuddyType@@UAE_NAAU_MQ2VarPtr@MQ2Internal@@PAD@Z 040047d0 f i MQ2EQIM.obj
 0001:000037e0       ?FindMember@MQ2Type@MQ2Internal@@QAEPAU_MQ2TypeMember@2@PAD@Z 040047e0 f i MQ2EQIM.obj
 0001:000038a0       ?GetMember@MQ2BuddyType@@UAE_NU_MQ2VarPtr@MQ2Internal@@PAD1AAU_MQ2TypeVar@3@@Z 040048a0 f i MQ2EQIM.obj
 0001:00003970       ??1MQ2BuddyType@@QAE@XZ    04004970 f i MQ2EQIM.obj
 0001:00003980       _InitializePlugin          04004980 f   MQ2EQIM.obj
 0001:000039f0       ??_GMQ2BuddyType@@QAEPAXI@Z 040049f0 f i MQ2EQIM.obj
 0001:00003a20       _ShutdownPlugin            04004a20 f   MQ2EQIM.obj
 0001:00003ab6       _EnterCriticalSection@4    04004ab6 f   kernel32:KERNEL32.dll
 0001:00003abc       _LeaveCriticalSection@4    04004abc f   kernel32:KERNEL32.dll
 0001:00003ac2       _WriteProcessMemory@20     04004ac2 f   kernel32:KERNEL32.dll
 0001:00003ac8       _VirtualProtectEx@20       04004ac8 f   kernel32:KERNEL32.dll
 0001:00003ace       _GetCurrentProcess@0       04004ace f   kernel32:KERNEL32.dll
 0001:00003ad4       _InitializeCriticalSection@4 04004ad4 f   kernel32:KERNEL32.dll
 0001:00003ada       _DeleteCriticalSection@4   04004ada f   kernel32:KERNEL32.dll
 0001:00003ae0       _WritePrivateProfileStringA@16 04004ae0 f   kernel32:KERNEL32.dll
 0001:00003ae6       _WritePrivateProfileSectionA@12 04004ae6 f   kernel32:KERNEL32.dll
 0001:00003aec       _GetPrivateProfileIntA@16  04004aec f   kernel32:KERNEL32.dll
 0001:00003af2       _GetPrivateProfileStringA@24 04004af2 f   kernel32:KERNEL32.dll
 0001:00003af8       _DebugSpewAlways           04004af8 f   mq2main:MQ2Main.dll
 0001:00003afe       _WriteChatColor            04004afe f   mq2main:MQ2Main.dll
 0001:00003b04       ?GetFriendName@CChatService@EQClasses@@QAEPADH@Z 04004b04 f   mq2main:MQ2Main.dll
 0001:00003b0a       ?GetNumberOfFriends@CChatService@EQClasses@@QAEHXZ 04004b0a f   mq2main:MQ2Main.dll
 0001:00003b10       _HideDoCommand             04004b10 f   mq2main:MQ2Main.dll
 0001:00003b16       _AddMQ2Type                04004b16 f   mq2main:MQ2Main.dll
 0001:00003b1c       _RemoveMQ2Type             04004b1c f   mq2main:MQ2Main.dll
 0001:00003b22       _AddCommand                04004b22 f   mq2main:MQ2Main.dll
 0001:00003b28       _AddMQ2Data                04004b28 f   mq2main:MQ2Main.dll
 0001:00003b2e       _RemoveCommand             04004b2e f   mq2main:MQ2Main.dll
 0001:00003b34       _RemoveMQ2Data             04004b34 f   mq2main:MQ2Main.dll
 0001:00003b3a       ??0invalid_argument@std@@QAE@ABV?$basic_string@DU?$char_traits@D@std@@V?$allocator@D@2@@1@@Z 04004b3a f i libcpmt:string.obj
 0001:00003b57       ??1invalid_argument@std@@UAE@XZ 04004b57 f i libcpmt:string.obj
 0001:00003b62       ??_Ginvalid_argument@std@@UAEPAXI@Z 04004b62 f i libcpmt:string.obj
 0001:00003b62       ??_Einvalid_argument@std@@UAEPAXI@Z 04004b62 f i libcpmt:string.obj
 0001:00003b89       ?_Xlen@_String_base@std@@SAXXZ 04004b89 f   libcpmt:string.obj
 0001:00003bc1       ?_Xran@_String_base@std@@SAXXZ 04004bc1 f   libcpmt:string.obj
 0001:00003bf9       ?_Xinvarg@_String_base@std@@SAXXZ 04004bf9 f   libcpmt:string.obj
 0001:00003c31       ??0invalid_argument@std@@QAE@ABV01@@Z 04004c31 f i libcpmt:string.obj
 0001:00003c50       _strstr                    04004c50 f   LIBCMT:strstr.obj
 0001:00003cd6       __invoke_watson_if_error   04004cd6 f i LIBCMT:loctim64.obj
 0001:00003cfa       __localtime64_s            04004cfa f   LIBCMT:loctim64.obj
 0001:00003fb2       __localtime64              04004fb2 f   LIBCMT:loctim64.obj
 0001:00003fd9       __time64                   04004fd9 f   LIBCMT:time64.obj
 0001:0000402a       ??0exception@std@@QAE@XZ   0400502a f   LIBCMT:stdexcpt.obj
 0001:0000403b       ??0exception@std@@QAE@ABQBD@Z 0400503b f   LIBCMT:stdexcpt.obj
 0001:0000408e       ??0exception@std@@QAE@ABQBDH@Z 0400508e f   LIBCMT:stdexcpt.obj
 0001:000040ab       ??0exception@std@@QAE@ABV01@@Z 040050ab f   LIBCMT:stdexcpt.obj
 0001:00004108       ??4exception@std@@QAEAAV01@ABV01@@Z 04005108 f   LIBCMT:stdexcpt.obj
 0001:00004163       ??1exception@std@@UAE@XZ   04005163 f   LIBCMT:stdexcpt.obj
 0001:00004179       ?what@exception@std@@UBEPBDXZ 04005179 f   LIBCMT:stdexcpt.obj
 0001:00004186       ??0bad_cast@std@@QAE@PBD@Z 04005186 f   LIBCMT:stdexcpt.obj
 0001:000041a4       ??0bad_cast@std@@QAE@ABV01@@Z 040051a4 f   LIBCMT:stdexcpt.obj
 0001:000041c1       ??1bad_cast@std@@UAE@XZ    040051c1 f   LIBCMT:stdexcpt.obj
 0001:000041cc       ??0bad_typeid@std@@QAE@PBD@Z 040051cc f   LIBCMT:stdexcpt.obj
 0001:000041ea       ??0bad_typeid@std@@QAE@ABV01@@Z 040051ea f   LIBCMT:stdexcpt.obj
 0001:00004207       ??1bad_typeid@std@@UAE@XZ  04005207 f   LIBCMT:stdexcpt.obj
 0001:00004212       ??0__non_rtti_object@std@@QAE@PBD@Z 04005212 f   LIBCMT:stdexcpt.obj
 0001:0000422f       ??0__non_rtti_object@std@@QAE@ABV01@@Z 0400522f f   LIBCMT:stdexcpt.obj
 0001:0000424c       ??1__non_rtti_object@std@@UAE@XZ 0400524c f   LIBCMT:stdexcpt.obj
 0001:00004257       ??_Eexception@std@@UAEPAXI@Z 04005257 f i LIBCMT:stdexcpt.obj
 0001:00004257       ??_Gexception@std@@UAEPAXI@Z 04005257 f i LIBCMT:stdexcpt.obj
 0001:00004278       ??_Gbad_cast@std@@UAEPAXI@Z 04005278 f i LIBCMT:stdexcpt.obj
 0001:00004278       ??_Ebad_cast@std@@UAEPAXI@Z 04005278 f i LIBCMT:stdexcpt.obj
 0001:0000429f       ??_Gbad_typeid@std@@UAEPAXI@Z 0400529f f i LIBCMT:stdexcpt.obj
 0001:0000429f       ??_Ebad_typeid@std@@UAEPAXI@Z 0400529f f i LIBCMT:stdexcpt.obj
 0001:000042c6       ??_G__non_rtti_object@std@@UAEPAXI@Z 040052c6 f i LIBCMT:stdexcpt.obj
 0001:000042c6       ??_E__non_rtti_object@std@@UAEPAXI@Z 040052c6 f i LIBCMT:stdexcpt.obj
 0001:000042ed       ?name@type_info@@QBEPBDPAU__type_info_node@@@Z 040052ed f   LIBCMT:typinfo.obj
 0001:00004301       ??1type_info@@UAE@XZ       04005301 f   LIBCMT:typinfo.obj
 0001:00004311       ??_Etype_info@@UAEPAXI@Z   04005311 f i LIBCMT:typinfo.obj
 0001:00004311       ??_Gtype_info@@UAEPAXI@Z   04005311 f i LIBCMT:typinfo.obj
 0001:00004332       ?_name_internal_method@type_info@@QBEPBDPAU__type_info_node@@@Z 04005332 f   LIBCMT:typinfo.obj
 0001:00004346       ?_type_info_dtor_internal_method@type_info@@QAEXXZ 04005346 f   LIBCMT:typinfo.obj
 0001:00004350       ??8type_info@@QBE_NABV0@@Z 04005350 f   LIBCMT:typinfo.obj
 0001:00004370       ??9type_info@@QBE_NABV0@@Z 04005370 f   LIBCMT:typinfo.obj
 0001:00004391       ?before@type_info@@QBEHABV1@@Z 04005391 f   LIBCMT:typinfo.obj
 0001:000043b5       ?raw_name@type_info@@QBEPBDXZ 040053b5 f   LIBCMT:typinfo.obj
 0001:000043b9       ??0type_info@@AAE@ABV0@@Z  040053b9 f   LIBCMT:typinfo.obj
 0001:000043c4       ??4type_info@@AAEAAV0@ABV0@@Z 040053c4 f   LIBCMT:typinfo.obj
 0001:000043c9       ??3@YAXPAX@Z               040053c9 f   LIBCMT:delete.obj
 0001:000043d4       _memcpy_s                  040053d4 f   LIBCMT:memcpy_s.obj
 0001:00004451       _memmove_s                 04005451 f   LIBCMT:memmove_s.obj
 0001:000044ae       _sprintf                   040054ae f   LIBCMT:sprintf.obj
 0001:0000452b       __sprintf_l                0400552b f   LIBCMT:sprintf.obj
 0001:00004547       _sprintf_s                 04005547 f   LIBCMT:sprintf.obj
 0001:00004565       __sprintf_s_l              04005565 f   LIBCMT:sprintf.obj
 0001:00004584       __snprintf_s               04005584 f   LIBCMT:sprintf.obj
 0001:000045a5       __snprintf_s_l             040055a5 f   LIBCMT:sprintf.obj
 0001:000045c7       __sprintf_p                040055c7 f   LIBCMT:sprintf.obj
 0001:000045e5       __sprintf_p_l              040055e5 f   LIBCMT:sprintf.obj
 0001:00004604       __scprintf                 04005604 f   LIBCMT:sprintf.obj
 0001:00004619       __scprintf_p               04005619 f   LIBCMT:sprintf.obj
 0001:0000462e       __scprintf_l               0400562e f   LIBCMT:sprintf.obj
 0001:00004647       __scprintf_p_l             04005647 f   LIBCMT:sprintf.obj
 0001:00004660       _free                      04005660 f   LIBCMT:free.obj
 0001:000046ee       _V6_HeapAlloc              040056ee f   LIBCMT:malloc.obj
 0001:0000473d       __heap_alloc               0400573d f i LIBCMT:malloc.obj
 0001:000047b7       _malloc                    040057b7 f   LIBCMT:malloc.obj
 0001:00004890       _memcpy                    04005890 f   LIBCMT:memcpy.obj
 0001:00004c00       _memset                    04005c00 f   LIBCMT:memset.obj
 0001:00004c7a       __initp_misc_invarg        04005c7a f   LIBCMT:invarg.obj
 0001:00004c89       __invoke_watson            04005c89 f   LIBCMT:invarg.obj
 0001:00004db1       __set_invalid_parameter_handler 04005db1 f   LIBCMT:invarg.obj
 0001:00004dd8       __get_invalid_parameter_handler 04005dd8 f   LIBCMT:invarg.obj
 0001:00004de5       ?_invoke_watson@@YAXPBG00II@Z 04005de5 f   LIBCMT:invarg.obj
 0001:00004df0       __invalid_parameter        04005df0 f   LIBCMT:invarg.obj
 0001:00004e16       __invalid_parameter_noinfo 04005e16 f   LIBCMT:invarg.obj
 0001:00004e26       ?_invalid_parameter@@YAXPBG00II@Z 04005e26 f   LIBCMT:invarg.obj
 0001:00004e31       ??0bad_alloc@std@@QAE@XZ   04005e31 f i LIBCMT:new.obj
 0001:00004e4c       ??2@YAPAXI@Z               04005e4c f   LIBCMT:new.obj
 0001:00004eb1       __CxxThrowException@8      04005eb1 f   LIBCMT:throw.obj
 0001:00004efd       _atol                      04005efd f   LIBCMT:atox.obj
 0001:00004f13       __atol_l                   04005f13 f   LIBCMT:atox.obj
 0001:00004f2c       _atoi                      04005f2c f   LIBCMT:atox.obj
 0001:00004f37       __atoi_l                   04005f37 f   LIBCMT:atox.obj
 0001:00004f42       __atoi64                   04005f42 f   LIBCMT:atox.obj
 0001:00004f58       __atoi64_l                 04005f58 f   LIBCMT:atox.obj
 0001:00004f80       __chkstk                   04005f80 f   LIBCMT:chkstk.obj
 0001:00004f80       __alloca_probe             04005f80     LIBCMT:chkstk.obj
 0001:00004fab       ?_JumpToContinuation@@YGXPAXPAUEHRegistrationNode@@@Z 04005fab f   LIBCMT:_trnsctrl_.obj
 0001:00004fdd       ?_CallMemberFunction0@@YGXPAX0@Z 04005fdd f   LIBCMT:_trnsctrl_.obj
 0001:00004fe4       ?_CallMemberFunction1@@YGXPAX00@Z 04005fe4 f   LIBCMT:_trnsctrl_.obj
 0001:00004feb       ?_CallMemberFunction2@@YGXPAX00H@Z 04005feb f   LIBCMT:_trnsctrl_.obj
 0001:00004ff2       ?_UnwindNestedFrames@@YGXPAUEHRegistrationNode@@PAUEHExceptionRecord@@@Z 04005ff2 f   LIBCMT:_trnsctrl_.obj
 0001:00005046       ___CxxFrameHandler         04006046 f   LIBCMT:_trnsctrl_.obj
 0001:0000507c       ___CxxFrameHandler3        0400607c f   LIBCMT:_trnsctrl_.obj
 0001:000050b2       ___CxxFrameHandler2        040060b2 f   LIBCMT:_trnsctrl_.obj
 0001:000050e8       ___CxxLongjmpUnwind@4      040060e8 f   LIBCMT:_trnsctrl_.obj
 0001:0000513a       ?_CallSETranslator@@YAHPAUEHExceptionRecord@@PAUEHRegistrationNode@@PAX2PBU_s_FuncInfo@@H1@Z 0400613a f   LIBCMT:_trnsctrl_.obj
 0001:000052b0       ?_GetRangeOfTrysToCheck@@YAPBU_s_TryBlockMapEntry@@PBU_s_FuncInfo@@HHPAI1@Z 040062b0 f   LIBCMT:_trnsctrl_.obj
 0001:00005325       __CreateFrameInfo          04006325 f   LIBCMT:_trnsctrl_.obj
 0001:00005351       __IsExceptionObjectToBeDestroyed 04006351 f   LIBCMT:_trnsctrl_.obj
 0001:00005378       __FindAndUnlinkFrame       04006378 f   LIBCMT:_trnsctrl_.obj
 0001:000053ca       ?_CallCatchBlock2@@YAPAXPAUEHRegistrationNode@@PBU_s_FuncInfo@@PAXHK@Z 040063ca f   LIBCMT:_trnsctrl_.obj
 0001:00005430       _strncpy                   04006430 f   LIBCMT:strncpy.obj
 0001:00005554       __purecall                 04006554 f   LIBCMT:purevirt.obj
 0001:0000557e       __set_purecall_handler     0400657e f   LIBCMT:purevirt.obj
 0001:000055a5       __get_purecall_handler     040065a5 f   LIBCMT:purevirt.obj
 0001:0000566c       ___onexitinit              0400666c f   LIBCMT:onexit.obj
 0001:0000569d       __onexit                   0400669d f   LIBCMT:onexit.obj
 0001:000056d9       _atexit                    040066d9 f   LIBCMT:onexit.obj
 0001:000056f0       __CRT_INIT@12              040066f0 f   LIBCMT:dllcrt0.obj
 0001:0000591b       __DllMainCRTStartup@12     0400691b f   LIBCMT:dllcrt0.obj
 0001:00005940       _strlen                    04006940 f   LIBCMT:strlen.obj
 0001:000059cb       @__security_check_cookie@4 040069cb f   LIBCMT:secchk.obj
 0001:000059da       __EH_prolog3               040069da f   LIBCMT:ehprolg3.obj
 0001:00005a0d       __EH_prolog3_catch         04006a0d f   LIBCMT:ehprolg3.obj
 0001:00005a43       __EH_prolog3_GS            04006a43 f   LIBCMT:ehprolg3.obj
 0001:00005a79       __EH_prolog3_catch_GS      04006a79 f   LIBCMT:ehprolg3.obj
 0001:00005ab2       __EH_epilog3               04006ab2 f   LIBCMT:ehprolg3.obj
 0001:00005ac6       __EH_epilog3_GS            04006ac6 f   LIBCMT:ehprolg3.obj
 0001:00005ad5       __EH_epilog3_catch_GS      04006ad5 f   LIBCMT:ehprolg3.obj
 0001:00005b00       _strchr                    04006b00 f   LIBCMT:strchr.obj
 0001:00005b06       ___from_strstr_to_strchr   04006b06     LIBCMT:strchr.obj
 0001:00005bbe       __set_daylight             04006bbe f i LIBCMT:tzset.obj
 0001:00005bcf       __set_dstbias              04006bcf f i LIBCMT:tzset.obj
 0001:00005be0       __set_timezone             04006be0 f i LIBCMT:tzset.obj
 0001:00006306       ___tzset                   04007306 f   LIBCMT:tzset.obj
 0001:00006355       __tzset                    04007355 f   LIBCMT:tzset.obj
 0001:0000638d       __isindst                  0400738d f   LIBCMT:tzset.obj
 0001:000063ce       __gmtime64_s               040073ce f   LIBCMT:gmtime64.obj
 0001:00006611       __gmtime64                 04007611 f   LIBCMT:gmtime64.obj
 0001:00006638       __get_daylight             04007638 f   LIBCMT:timeset.obj
 0001:00006671       __get_dstbias              04007671 f   LIBCMT:timeset.obj
 0001:000066aa       __get_timezone             040076aa f   LIBCMT:timeset.obj
 0001:000066e3       __get_tzname               040076e3 f   LIBCMT:timeset.obj
 0001:00006787       ___daylight                04007787 f   LIBCMT:timeset.obj
 0001:0000678d       ___dstbias                 0400778d f   LIBCMT:timeset.obj
 0001:00006793       ___timezone                04007793 f   LIBCMT:timeset.obj
 0001:00006799       ___tzname                  04007799 f   LIBCMT:timeset.obj
 0001:0000679f       __get_errno_from_oserr     0400779f f   LIBCMT:dosmap.obj
 0001:000067e1       __errno                    040077e1 f   LIBCMT:dosmap.obj
 0001:000067f4       ___doserrno                040077f4 f   LIBCMT:dosmap.obj
 0001:00006807       __dosmaperr                04007807 f   LIBCMT:dosmap.obj
 0001:0000682a       __set_errno                0400782a f   LIBCMT:dosmap.obj
 0001:0000684b       __get_errno                0400784b f   LIBCMT:dosmap.obj
 0001:0000687a       __set_doserrno             0400787a f   LIBCMT:dosmap.obj
 0001:0000689b       __get_doserrno             0400789b f   LIBCMT:dosmap.obj
 0001:000068d0       __alldiv                   040078d0 f   LIBCMT:lldiv.obj
 0001:00006980       __allrem                   04007980 f   LIBCMT:llrem.obj
 0001:00006a32       __gmtime32_s               04007a32 f   LIBCMT:gmtime.obj
 0001:00006b65       ___getgmtimebuf            04007b65 f   LIBCMT:gmtime.obj
 0001:00006b9c       __gmtime32                 04007b9c f   LIBCMT:gmtime.obj
 0001:00006bd0       __aulldiv                  04007bd0 f   LIBCMT:ulldiv.obj
 0001:00006c38       _strcpy_s                  04007c38 f   LIBCMT:strcpy_s.obj
 0001:00006ca0       ?_Type_info_dtor@type_info@@CAXPAV1@@Z 04007ca0 f   LIBCMT:typname.obj
 0001:00006d10       ?_Name_base@type_info@@CAPBDPBV1@PAU__type_info_node@@@Z 04007d10 f   LIBCMT:typname.obj
 0001:00006e05       ?_Type_info_dtor_internal@type_info@@CAXPAV1@@Z 04007e05 f   LIBCMT:typname.obj
 0001:00006e75       ___unDNameHelper           04007e75 f   LIBCMT:typname.obj
 0001:00006ea8       ?_Name_base_internal@type_info@@CAPBDPBV1@PAU__type_info_node@@@Z 04007ea8 f   LIBCMT:typname.obj
 0001:00006fb7       ___clean_type_info_names_internal 04007fb7 f   LIBCMT:typname.obj
 0001:00007010       _strcmp                    04008010 f   LIBCMT:strcmp.obj
 0001:000070a0       _memmove                   040080a0 f   LIBCMT:memmove.obj
 0001:00007405       __flsbuf                   04008405 f   LIBCMT:_flsbuf.obj
 0001:00007569       ??0_LocaleUpdate@@QAE@PAUlocaleinfo_struct@@@Z 04008569 f i LIBCMT:output.obj
 0001:000075f0       ??1_LocaleUpdate@@QAE@XZ   040085f0 f i LIBCMT:output.obj
 0001:000075fe       ?GetLocaleT@_LocaleUpdate@@QAEPAUlocaleinfo_struct@@XZ 040085fe f i LIBCMT:output.obj
 0001:000076a7       _get_int_arg               040086a7 f i LIBCMT:output.obj
 0001:000076b9       _get_int64_arg             040086b9 f i LIBCMT:output.obj
 0001:000076ce       _get_short_arg             040086ce f i LIBCMT:output.obj
 0001:000076e1       __output_l                 040086e1 f   LIBCMT:output.obj
 0001:00008279       __vsprintf_l               04009279 f   LIBCMT:vsprintf.obj
 0001:000082f7       _vsprintf                  040092f7 f   LIBCMT:vsprintf.obj
 0001:00008311       __vscprintf_helper         04009311 f   LIBCMT:vsprintf.obj
 0001:00008368       __vscprintf                04009368 f   LIBCMT:vsprintf.obj
 0001:00008384       __vscprintf_l              04009384 f   LIBCMT:vsprintf.obj
 0001:000083a1       __vscprintf_p              040093a1 f   LIBCMT:vsprintf.obj
 0001:000083bd       __vscprintf_p_l            040093bd f   LIBCMT:vsprintf.obj
 0001:000083da       __vsnprintf_helper         040093da f   LIBCMT:vsnprnc.obj
 0001:000084a6       __vsnprintf_c              040094a6 f   LIBCMT:vsnprnc.obj
 0001:000084cf       __vsnprintf_c_l            040094cf f   LIBCMT:vsnprnc.obj
 0001:000084f9       __vsprintf_s_l             040094f9 f   LIBCMT:vsnprnc.obj
 0001:00008581       _vsprintf_s                04009581 f   LIBCMT:vsnprnc.obj
 0001:0000859e       __vsnprintf_s_l            0400959e f   LIBCMT:vsnprnc.obj
 0001:000086a5       __vsnprintf_s              040096a5 f   LIBCMT:vsnprnc.obj
 0001:000086c5       __vsprintf_p               040096c5 f   LIBCMT:vsnprnc.obj
 0001:000086ee       __vsprintf_p_l             040096ee f   LIBCMT:vsnprnc.obj
 0001:00008718       ___heap_select             04009718 f   LIBCMT:heapinit.obj
 0001:0000871c       __heap_init                0400971c f   LIBCMT:heapinit.obj
 0001:0000874c       __heap_term                0400974c f   LIBCMT:heapinit.obj
 0001:000087c0       __get_heap_handle          040097c0 f   LIBCMT:heapinit.obj
 0001:000087c6       __mtinitlocks              040097c6 f   LIBCMT:mlock.obj
 0001:00008811       __mtdeletelocks            04009811 f   LIBCMT:mlock.obj
 0001:00008868       __unlock                   04009868 f   LIBCMT:mlock.obj
 0001:0000887f       __lockerr_exit             0400987f f   LIBCMT:mlock.obj
 0001:00008897       __mtinitlocknum            04009897 f   LIBCMT:mlock.obj
 0001:0000895a       __lock                     0400995a f   LIBCMT:mlock.obj
 0001:0000898d       __get_sbh_threshold        0400998d f   LIBCMT:sbheap.obj
 0001:000089ae       __set_amblksiz             040099ae f   LIBCMT:sbheap.obj
 0001:000089f9       __get_amblksiz             040099f9 f   LIBCMT:sbheap.obj
 0001:00008a3a       ___sbh_heap_init           04009a3a f   LIBCMT:sbheap.obj
 0001:00008a88       ___sbh_find_block          04009a88 f   LIBCMT:sbheap.obj
 0001:00008ab8       ___sbh_free_block          04009ab8 f   LIBCMT:sbheap.obj
 0001:00008dce       ___sbh_alloc_new_region    04009dce f   LIBCMT:sbheap.obj
 0001:00008e7e       ___sbh_alloc_new_group     04009e7e f   LIBCMT:sbheap.obj
 0001:00008f86       ___sbh_resize_block        04009f86 f   LIBCMT:sbheap.obj
 0001:00009267       ___sbh_heapmin             0400a267 f   LIBCMT:sbheap.obj
 0001:00009334       ___sbh_heap_check          0400a334 f   LIBCMT:sbheap.obj
 0001:00009618       __set_sbh_threshold        0400a618 f   LIBCMT:sbheap.obj
 0001:000096c7       ___sbh_alloc_block         0400a6c7 f   LIBCMT:sbheap.obj
 0001:000099ac       __SEH_prolog4              0400a9ac f   LIBCMT:sehprolg4.obj
 0001:000099f1       __SEH_epilog4              0400a9f1 f   LIBCMT:sehprolg4.obj
 0001:00009a40       __except_handler4          0400aa40 f   LIBCMT:chandler4.obj
 0001:00009bcc       __crt_waiting_on_module_handle 0400abcc f   LIBCMT:crt0dat.obj
 0001:00009bfc       __amsg_exit                0400abfc f   LIBCMT:crt0dat.obj
 0001:00009c25       ___crtCorExitProcess       0400ac25 f   LIBCMT:crt0dat.obj
 0001:00009c50       ___crtExitProcess          0400ac50 f   LIBCMT:crt0dat.obj
 0001:00009c68       __lockexit                 0400ac68 f   LIBCMT:crt0dat.obj
 0001:00009c71       __unlockexit               0400ac71 f   LIBCMT:crt0dat.obj
 0001:00009c97       __initterm_e               0400ac97 f   LIBCMT:crt0dat.obj
 0001:00009cbb       __get_wpgmptr              0400acbb f   LIBCMT:crt0dat.obj
 0001:00009cf7       __get_pgmptr               0400acf7 f   LIBCMT:crt0dat.obj
 0001:00009d33       __cinit                    0400ad33 f   LIBCMT:crt0dat.obj
 0001:00009ee4       _exit                      0400aee4 f   LIBCMT:crt0dat.obj
 0001:00009efa       __exit                     0400aefa f   LIBCMT:crt0dat.obj
 0001:00009f10       __cexit                    0400af10 f   LIBCMT:crt0dat.obj
 0001:00009f1f       __c_exit                   0400af1f f   LIBCMT:crt0dat.obj
 0001:00009f2e       __init_pointers            0400af2e f   LIBCMT:crt0dat.obj
 0001:00009f7c       __NMSG_WRITE               0400af7c f   LIBCMT:crt0msg.obj
 0001:0000a127       __GET_RTERRMSG             0400b127 f   LIBCMT:crt0msg.obj
 0001:0000a14d       __FF_MSGBANNER             0400b14d f   LIBCMT:crt0msg.obj
 0001:0000a186       __initp_heap_handler       0400b186 f   LIBCMT:handler.obj
 0001:0000a195       ?_set_new_handler@@YAP6AHI@ZP6AHI@Z@Z 0400b195 f   LIBCMT:handler.obj
 0001:0000a1cb       ?_set_new_handler@@YAP6AHI@ZH@Z 0400b1cb f   LIBCMT:handler.obj
 0001:0000a1d4       ?_query_new_handler@@YAP6AHI@ZXZ 0400b1d4 f   LIBCMT:handler.obj
 0001:0000a1e1       __callnewh                 0400b1e1 f   LIBCMT:handler.obj
 0001:0000a290       __VEC_memcpy               0400b290 f   LIBCMT:p4_memcpy.obj
 0001:0000a3c3       __get_sse2_info            0400b3c3 f   LIBCMT:cpu_disp.obj
 0001:0000a425       ___sse2_available_init     0400b425 f   LIBCMT:cpu_disp.obj
 0001:0000a489       __VEC_memzero              0400b489 f   LIBCMT:p4_memset.obj
 0001:0000a518       __crt_debugger_hook        0400b518 f   LIBCMT:dbghook.obj
 0001:0000a520       __crt_wait_module_handle   0400b520 f i LIBCMT:tidtable.obj
 0001:0000a53a       __encode_pointer           0400b53a f   LIBCMT:tidtable.obj
 0001:0000a5ac       __encoded_null             0400b5ac f   LIBCMT:tidtable.obj
 0001:0000a5b5       __decode_pointer           0400b5b5 f   LIBCMT:tidtable.obj
 0001:0000a627       ___crtTlsAlloc@4           0400b627 f   LIBCMT:tidtable.obj
 0001:0000a630       ___fls_getvalue@4          0400b630 f   LIBCMT:tidtable.obj
 0001:0000a64a       ___get_flsindex            0400b64a f   LIBCMT:tidtable.obj
 0001:0000a650       ___set_flsgetvalue         0400b650 f   LIBCMT:tidtable.obj
 0001:0000a684       ___fls_setvalue@8          0400b684 f   LIBCMT:tidtable.obj
 0001:0000a6a1       __mtterm                   0400b6a1 f   LIBCMT:tidtable.obj
 0001:0000a6de       __initptd                  0400b6de f   LIBCMT:tidtable.obj
 0001:0000a7c5       __getptd_noexit            0400b7c5 f   LIBCMT:tidtable.obj
 0001:0000a83e       __getptd                   0400b83e f   LIBCMT:tidtable.obj
 0001:0000a858       __freefls@4                0400b858 f   LIBCMT:tidtable.obj
 0001:0000a987       __freeptd                  0400b987 f   LIBCMT:tidtable.obj
 0001:0000a9f5       ___threadid                0400b9f5 f   LIBCMT:tidtable.obj
 0001:0000a9fb       ___threadhandle            0400b9fb f   LIBCMT:tidtable.obj
 0001:0000aa01       __mtinit                   0400ba01 f   LIBCMT:tidtable.obj
 0001:0000adbd       _strtol                    0400bdbd f   LIBCMT:strtol.obj
 0001:0000ade8       __strtol_l                 0400bde8 f   LIBCMT:strtol.obj
 0001:0000ae05       _strtoul                   0400be05 f   LIBCMT:strtol.obj
 0001:0000ae31       __strtoul_l                0400be31 f   LIBCMT:strtol.obj
 0001:0000b0e5       __strtoi64                 0400c0e5 f   LIBCMT:strtoq.obj
 0001:0000b110       __strtoi64_l               0400c110 f   LIBCMT:strtoq.obj
 0001:0000b12d       __strtoui64                0400c12d f   LIBCMT:strtoq.obj
 0001:0000b159       __strtoui64_l              0400c159 f   LIBCMT:strtoq.obj
 0001:0000b176       ??0bad_exception@std@@QAE@PBD@Z 0400c176 f i LIBCMT:frame.obj
 0001:0000b194       ??1bad_exception@std@@UAE@XZ 0400c194 f i LIBCMT:frame.obj
 0001:0000b19f       ??_Gbad_exception@std@@UAEPAXI@Z 0400c19f f i LIBCMT:frame.obj
 0001:0000b19f       ??_Ebad_exception@std@@UAEPAXI@Z 0400c19f f i LIBCMT:frame.obj
 0001:0000b1c6       ___TypeMatch               0400c1c6 f   LIBCMT:frame.obj
 0001:0000b225       ___FrameUnwindFilter       0400c225 f   LIBCMT:frame.obj
 0001:0000b26e       ___FrameUnwindToState      0400c26e f   LIBCMT:frame.obj
 0001:0000b394       ___DestructExceptionObject 0400c394 f   LIBCMT:frame.obj
 0001:0000b3e9       ___AdjustPointer           0400c3e9 f   LIBCMT:frame.obj
 0001:0000b412       ?__uncaught_exception@@YA_NXZ 0400c412 f   LIBCMT:frame.obj
 0001:0000b425       ___CxxRegisterExceptionObject 0400c425 f   LIBCMT:frame.obj
 0001:0000b4dc       ___CxxDetectRethrow        0400c4dc f   LIBCMT:frame.obj
 0001:0000b52e       ___CxxUnregisterExceptionObject 0400c52e f   LIBCMT:frame.obj
 0001:0000b66d       ___CxxQueryExceptionSize   0400c66d f   LIBCMT:frame.obj
 0001:0000b671       ___CxxCallUnwindDtor       0400c671 f   LIBCMT:frame.obj
 0001:0000b6a3       ___CxxCallUnwindDelDtor    0400c6a3 f   LIBCMT:frame.obj
 0001:0000b6d6       ___CxxCallUnwindStdDelDtor 0400c6d6 f   LIBCMT:frame.obj
 0001:0000b708       ___CxxCallUnwindVecDtor    0400c708 f   LIBCMT:frame.obj
 0001:0000b839       ?_is_exception_typeof@@YAHABVtype_info@@PAU_EXCEPTION_POINTERS@@@Z 0400c839 f   LIBCMT:frame.obj
 0001:0000ba5b       ___BuildCatchObjectHelper  0400ca5b f   LIBCMT:frame.obj
 0001:0000bbda       ___BuildCatchObject        0400cbda f   LIBCMT:frame.obj
 0001:0000bc6c       ___CxxExceptionFilter      0400cc6c f   LIBCMT:frame.obj
 0001:0000c25a       ??0bad_exception@std@@QAE@ABV01@@Z 0400d25a f i LIBCMT:frame.obj
[...]

 0001:fffff000       __ehhandler$?_Copy@?$basic_string@DU?$char_traits@D@std@@V?$allocator@D@2@@std@@IAEXII@Z 04000000 f   libcpmt:string.obj
 0001:fffff000       __unwindfunclet$??0logic_error@std@@QAE@ABV01@@Z$0 04000000 f   libcpmt:string.obj
 0001:fffff000       __unwindfunclet$??0logic_error@std@@QAE@ABV?$basic_string@DU?$char_traits@D@std@@V?$allocator@D@2@@1@@Z$0 04000000 f   libcpmt:string.obj
 0001:fffff008       __ehhandler$??0logic_error@std@@QAE@ABV?$basic_string@DU?$char_traits@D@std@@V?$allocator@D@2@@1@@Z 04000008 f   libcpmt:string.obj
 0001:fffff008       __ehhandler$??0logic_error@std@@QAE@ABV01@@Z 04000008 f   libcpmt:string.obj
 0001:fffff059       __catch$?_Copy@?$basic_string@DU?$char_traits@D@std@@V?$allocator@D@2@@std@@IAEXII@Z$0 04000059 f   libcpmt:string.obj
 0001:fffff0ca       __catch$?_Copy@?$basic_string@DU?$char_traits@D@std@@V?$allocator@D@2@@std@@IAEXII@Z$1 040000ca f   libcpmt:string.obj
 0001:00000010       _localtime                 04001010 f   MQ2EQIM.obj
 0001:00000020       _time                      04001020 f   MQ2EQIM.obj
 0001:00001a83       __catch$?_Copy@?$basic_string@DU?$char_traits@D@std@@V?$allocator@D@2@@std@@IAEXII@Z$0 04002a83 f i MQ2EQIM.obj
 0001:00001b13       __catch$?_Copy@?$basic_string@DU?$char_traits@D@std@@V?$allocator@D@2@@std@@IAEXII@Z$1 04002b13 f i MQ2EQIM.obj
 0001:00002b12       __catch$?_Buynode@?$_Tree@V?$_Tmap_traits@V?$basic_string@DU?$char_traits@D@std@@V?$allocator@D@2@@std@@KU?$less@V?$basic_string@DU?$char_traits@D@std@@V?$allocator@D@2@@std@@@2@V?$allocator@U?$pair@$$CBV?$basic_string@DU?$char_traits@D@std@@V?$allocator@D@2@@std@@K@std@@@2@$0A@@std@@@std@@IAEPAU_Node@?$_Tree_nod@V?$_Tmap_traits@V?$basic_string@DU?$char_traits@D@std@@V?$allocator@D@2@@std@@KU?$less@V?$basic_string@DU?$char_traits@D@std@@V?$allocator@D@2@@std@@@2@V?$allocator@U?$pair@$$CBV?$basic_string@DU?$char_traits@D@std@@V?$allocator@D@2@@std@@K@std@@@2@$0A@@std@@@2@PAU342@00ABU?$pair@$$CBV?$basic_string@DU?$char_traits@D@std@@V?$allocator@D@2@@std@@K@2@D@Z$0 04003b12 f i MQ2EQIM.obj
 0001:00005107       ?CatchGuardHandler@@YA?AW4_EXCEPTION_DISPOSITION@@PAUEHExceptionRecord@@PAUCatchGuardRN@@PAX2@Z 04006107 f   LIBCMT:_trnsctrl_.obj
 0001:00005211       ?TranslatorGuardHandler@@YA?AW4_EXCEPTION_DISPOSITION@@PAUEHExceptionRecord@@PAUTranslatorGuardRN@@PAX2@Z 04006211 f   LIBCMT:_trnsctrl_.obj
 0001:000055b2       __onexit_nolock            040065b2 f   LIBCMT:onexit.obj
 0001:00005825       ___DllMainCRTStartup       04006825 f   LIBCMT:dllcrt0.obj
 0001:00005bf1       __tzset_nolock             04006bf1 f   LIBCMT:tzset.obj
 0001:00005f37       _cvtdate                   04006f37 f   LIBCMT:tzset.obj
 0001:0000612e       __isindst_nolock           0400712e f   LIBCMT:tzset.obj
 0001:00007601       _write_char                04008601 f   LIBCMT:output.obj
 0001:00007634       _write_multi_char          04008634 f   LIBCMT:output.obj
 0001:0000765a       _write_string              0400865a f   LIBCMT:output.obj
 0001:00009a10       _ValidateLocalCookies      0400aa10 f   LIBCMT:chandler4.obj
 0001:00009c7a       __initterm                 0400ac7a f   LIBCMT:crt0dat.obj
 0001:00009db8       _doexit                    0400adb8 f   LIBCMT:crt0dat.obj
 0001:0000a209       _fastcopy_I                0400b209 f   LIBCMT:p4_memcpy.obj
 0001:0000a373       _has_osfxsr_set            0400b373 f   LIBCMT:cpu_disp.obj
 0001:0000a432       _fastzero_I                0400b432 f   LIBCMT:p4_memset.obj
 0001:0000ab8e       ?strtoxl@@YAKPAUlocaleinfo_struct@@PBDPAPBDHH@Z 0400bb8e f   LIBCMT:strtol.obj
 0001:0000ae4e       ?strtoxq@@YA_KPAUlocaleinfo_struct@@PBDPAPBDHH@Z 0400be4e f   LIBCMT:strtoq.obj
 0001:0000b34f       ?ExFilterRethrow@@YAHPAU_EXCEPTION_POINTERS@@@Z 0400c34f f   LIBCMT:frame.obj
 0001:0000b743       ?IsInExceptionSpec@@YAEPAUEHExceptionRecord@@PBU_s_ESTypeList@@@Z 0400c743 f   LIBCMT:frame.obj
 0001:0000b7be       ?CallUnexpected@@YAXPBU_s_ESTypeList@@@Z 0400c7be f   LIBCMT:frame.obj
 0001:0000b7ef       __catch$?CallUnexpected@@YAXPBU_s_ESTypeList@@@Z$0 0400c7ef f   LIBCMT:frame.obj
 0001:0000b807       ?Is_bad_exception_allowed@@YAEPBU_s_ESTypeList@@@Z 0400c807 f   LIBCMT:frame.obj
 0001:0000b8bf       ?CallCatchBlock@@YAPAXPAUEHExceptionRecord@@PAUEHRegistrationNode@@PAU_CONTEXT@@PBU_s_FuncInfo@@PAXHK@Z 0400c8bf f   LIBCMT:frame.obj
 0001:0000bdb1       ?CatchIt@@YAXPAUEHExceptionRecord@@PAUEHRegistrationNode@@PAU_CONTEXT@@PAXPBU_s_FuncInfo@@PBU_s_HandlerType@@PBU_s_CatchableType@@PBU_s_TryBlockMapEntry@@H1E@Z 0400cdb1 f   LIBCMT:frame.obj
 0001:0000be1f       ?FindHandlerForForeignException@@YAXPAUEHExceptionRecord@@PAUEHRegistrationNode@@PAU_CONTEXT@@PAXPBU_s_FuncInfo@@HH1@Z 0400ce1f f   LIBCMT:frame.obj
 0001:0000bf13       ?FindHandler@@YAXPAUEHExceptionRecord@@PAUEHRegistrationNode@@PAU_CONTEXT@@PAXPBU_s_FuncInfo@@EH1@Z 0400cf13 f   LIBCMT:frame.obj
 0001:0000ccb0       _parse_cmdline             0400dcb0 f   LIBCMT:stdargv.obj
 0001:0000d089       _xcptlookup                0400e089 f   LIBCMT:winxfltr.obj
 0001:0000d516       __getenv_s_helper          0400e516 f   LIBCMT:getenv.obj
 0001:0000d5ab       __dupenv_s_helper          0400e5ab f   LIBCMT:getenv.obj
 0001:0000e78e       ?und_strlen@@YAIPBD@Z      0400f78e f   LIBCMT:undname.obj
 0001:0000e79c       ?und_memcpy@@YAXPADPBDI@Z  0400f79c f   LIBCMT:undname.obj
 0001:0000e7b2       ?und_strncmp@@YAIPBD0I@Z   0400f7b2 f   LIBCMT:undname.obj
 0001:00013128       __unwind_handler4          04014128 f   LIBCMT:exsup4.obj
 0001:00013e2c       ?CPtoLCID@@YAHH@Z          04014e2c f   LIBCMT:mbctype.obj
 0001:00013e5b       ?setSBCS@@YAXPAUthreadmbcinfostruct@@@Z 04014e5b f   LIBCMT:mbctype.obj
 0001:00013ebf       ?setSBUpLow@@YAXPAUthreadmbcinfostruct@@@Z 04014ebf f   LIBCMT:mbctype.obj
 0001:000140f6       ?getSystemCP@@YAHH@Z       040150f6 f   LIBCMT:mbctype.obj
 0001:000147ca       __copytlocinfo_nolock      040157ca f   LIBCMT:setlocal.obj
 0001:000147f0       __updatetlocinfoEx_nolock  040157f0 f   LIBCMT:setlocal.obj
 0001:0001490e       _sync_legacy_variables_lk  0401590e f   LIBCMT:setlocal.obj
 0001:00014cbb       __setlocale_get_all        04015cbb f   LIBCMT:setlocal.obj
 0001:00015069       __setlocale_set_cat        04016069 f   LIBCMT:setlocal.obj
 0001:0001536b       __setlocale_nolock         0401636b f   LIBCMT:setlocal.obj
 0001:00016040       _write_char                04017040 f   LIBCMT:outputp.obj
 0001:00016073       _write_multi_char          04017073 f   LIBCMT:outputp.obj
 0001:00016099       _write_string              04017099 f   LIBCMT:outputp.obj
 0001:000173bb       _write_char                040183bb f   LIBCMT:outputs.obj
 0001:000173ee       _write_multi_char          040183ee f   LIBCMT:outputs.obj
 0001:00017414       _write_string              04018414 f   LIBCMT:outputs.obj
 0001:0001820b       _ctrlevent_capture@4       0401920b f   LIBCMT:winsig.obj
 0001:000182a6       _siglookup                 040192a6 f   LIBCMT:winsig.obj
 0001:00018b80       __unwind_handler           04019b80 f   LIBCMT:exsup.obj
 0001:000192d4       ?__crtGetLocaleInfoW_stat@@YAHPAUlocaleinfo_struct@@KKPA_WHH@Z 0401a2d4 f   LIBCMT:w_loc.obj
 0001:00019357       ?__crtGetLocaleInfoA_stat@@YAHPAUlocaleinfo_struct@@KKPADHH@Z 0401a357 f   LIBCMT:a_loc.obj
 0001:00019887       ?x_ismbbtype_l@@YAHPAUlocaleinfo_struct@@IHH@Z 0401a887 f   LIBCMT:ismbbyte.obj
 0001:00019d6f       ?strncnt@@YAHPBDH@Z        0401ad6f f   LIBCMT:a_map.obj
 0001:00019d8d       ?__crtLCMapStringA_stat@@YAHPAUlocaleinfo_struct@@KKPBDHPADHHH@Z 0401ad8d f   LIBCMT:a_map.obj
 0001:0001a177       ?__crtGetStringTypeA_stat@@YAHPAUlocaleinfo_struct@@KPBDHPAGHHH@Z 0401b177 f   LIBCMT:a_str.obj
 0001:0001ac92       _flsall                    0401bc92 f   LIBCMT:fflush.obj
 0001:0001adc8       __get_lc_time              0401bdc8 f   LIBCMT:inittime.obj
 0001:0001b3f1       _fix_grouping              0401c3f1 f   LIBCMT:initnum.obj
 0001:0001b633       _fix_grouping              0401c633 f   LIBCMT:initmon.obj
 0001:0001bf2f       ?_store_str@@YAXPADPAPADPAI@Z 0401cf2f f   LIBCMT:strftime.obj
 0001:0001bf4f       ?_store_number@@YAXHPAPADPAI@Z 0401cf4f f   LIBCMT:strftime.obj
 0001:0001bf85       ?_store_num@@YAXHHPAPADPAII@Z 0401cf85 f   LIBCMT:strftime.obj
 0001:0001c000       ?_expandtime@@YAHPAUlocaleinfo_struct@@DPBUtm@@PAPADPAIPAU__lc_time_data@@I@Z 0401d000 f   LIBCMT:strftime.obj
 0001:0001c3e8       ?_store_winword@@YAHPAUlocaleinfo_struct@@HPBUtm@@PAPADPAIPAU__lc_time_data@@@Z 0401d3e8 f   LIBCMT:strftime.obj
 0001:0001cac6       _TranslateName             0401dac6 f   LIBCMT:getqloc.obj
 0001:0001cb28       _GetLcidFromDefault        0401db28 f   LIBCMT:getqloc.obj
 0001:0001cb3c       _ProcessCodePage           0401db3c f   LIBCMT:getqloc.obj
 0001:0001cbe0       _TestDefaultCountry        0401dbe0 f   LIBCMT:getqloc.obj
 0001:0001cc04       _LcidFromHexString         0401dc04 f   LIBCMT:getqloc.obj
 0001:0001cc38       _GetPrimaryLen             0401dc38 f   LIBCMT:getqloc.obj
 0001:0001cc53       _CountryEnumProc@4         0401dc53 f   LIBCMT:getqloc.obj
 0001:0001cceb       _TestDefaultLanguage       0401dceb f   LIBCMT:getqloc.obj
 0001:0001cd5f       _LangCountryEnumProc@4     0401dd5f f   LIBCMT:getqloc.obj
 0001:0001cf31       _LanguageEnumProc@4        0401df31 f   LIBCMT:getqloc.obj
 0001:0001cff2       _GetLcidFromCountry        0401dff2 f   LIBCMT:getqloc.obj
 0001:0001d01e       _GetLcidFromLangCountry    0401e01e f   LIBCMT:getqloc.obj
 0001:0001d085       _GetLcidFromLanguage       0401e085 f   LIBCMT:getqloc.obj
 0001:0001d2b2       _cmpResult                 0401e2b2 f   LIBCMT:memcmp.obj
 0001:0001d2c4       _cmpBYTE                   0401e2c4 f   LIBCMT:memcmp.obj
 0001:0001d2dc       _cmpWORD                   0401e2dc f   LIBCMT:memcmp.obj
 0001:0001d31c       _cmpDWORD                  0401e31c f   LIBCMT:memcmp.obj
 0001:0001d394       _unaligned_memcmp          0401e394 f   LIBCMT:memcmp.obj
 0001:000202fc       ?strncnt@@YAHPBDH@Z        040212fc f   LIBCMT:a_cmp.obj
 0001:0002031a       ?__crtCompareStringA_stat@@YAHPAUlocaleinfo_struct@@KKPBDH1HH@Z 0402131a f   LIBCMT:a_cmp.obj
 0001:000207ef       _findenv                   040217ef f   LIBCMT:setenv.obj
 0001:00020841       _copy_environ              04021841 f   LIBCMT:setenv.obj
 0001:000211ec       _xtoa_s@20                 040221ec f   LIBCMT:xtoas.obj
 0001:00021334       @x64toa_s@24               04022334 f   LIBCMT:xtoas.obj
 0001:00021480       ?__crtGetStringTypeW_stat@@YAHPAUlocaleinfo_struct@@KPB_WHPAGHH@Z 04022480 f   LIBCMT:w_str.obj
 0001:00021b42       _xtoa@16                   04022b42 f   LIBCMT:xtoa.obj
 0001:00021bf1       @x64toa@20                 04022bf1 f   LIBCMT:xtoa.obj
 0001:00021f00       __ehhandler$?_Copy@?$basic_string@DU?$char_traits@D@std@@V?$allocator@D@2@@std@@IAEXII@Z 04022f00 f   MQ2EQIM.obj
 0001:00021f10       __unwindfunclet$??0logic_error@std@@QAE@ABV?$basic_string@DU?$char_traits@D@std@@V?$allocator@D@2@@1@@Z$0 04022f10 f   MQ2EQIM.obj
 0001:00021f18       __ehhandler$??0logic_error@std@@QAE@ABV?$basic_string@DU?$char_traits@D@std@@V?$allocator@D@2@@1@@Z 04022f18 f   MQ2EQIM.obj
 0001:00021f30       __unwindfunclet$??0?$_Tree@V?$_Tmap_traits@V?$basic_string@DU?$char_traits@D@std@@V?$allocator@D@2@@std@@KU?$less@V?$basic_string@DU?$char_traits@D@std@@V?$allocator@D@2@@std@@@2@V?$allocator@U?$pair@$$CBV?$basic_string@DU?$char_traits@D@std@@V?$allocator@D@2@@std@@K@std@@@2@$0A@@std@@@std@@QAE@ABU?$less@V?$basic_string@DU?$char_traits@D@std@@V?$allocator@D@2@@std@@@1@ABV?$allocator@U?$pair@$$CBV?$basic_string@DU?$char_traits@D@std@@V?$allocator@D@2@@std@@K@std@@@1@@Z$0 04022f30 f   MQ2EQIM.obj
 0001:00021f38       __ehhandler$??0?$_Tree@V?$_Tmap_traits@V?$basic_string@DU?$char_traits@D@std@@V?$allocator@D@2@@std@@KU?$less@V?$basic_string@DU?$char_traits@D@std@@V?$allocator@D@2@@std@@@2@V?$allocator@U?$pair@$$CBV?$basic_string@DU?$char_traits@D@std@@V?$allocator@D@2@@std@@K@std@@@2@$0A@@std@@@std@@QAE@ABU?$less@V?$basic_string@DU?$char_traits@D@std@@V?$allocator@D@2@@std@@@1@ABV?$allocator@U?$pair@$$CBV?$basic_string@DU?$char_traits@D@std@@V?$allocator@D@2@@std@@K@std@@@1@@Z 04022f38 f   MQ2EQIM.obj
 0001:00021f50       __unwindfunclet$?erase@?$_Tree@V?$_Tmap_traits@V?$basic_string@DU?$char_traits@D@std@@V?$allocator@D@2@@std@@KU?$less@V?$basic_string@DU?$char_traits@D@std@@V?$allocator@D@2@@std@@@2@V?$allocator@U?$pair@$$CBV?$basic_string@DU?$char_traits@D@std@@V?$allocator@D@2@@std@@K@std@@@2@$0A@@std@@@std@@QAE?AViterator@12@Vconst_iterator@12@@Z$0 04022f50 f   MQ2EQIM.obj
 0001:00021f58       __ehhandler$?erase@?$_Tree@V?$_Tmap_traits@V?$basic_string@DU?$char_traits@D@std@@V?$allocator@D@2@@std@@KU?$less@V?$basic_string@DU?$char_traits@D@std@@V?$allocator@D@2@@std@@@2@V?$allocator@U?$pair@$$CBV?$basic_string@DU?$char_traits@D@std@@V?$allocator@D@2@@std@@K@std@@@2@$0A@@std@@@std@@QAE?AViterator@12@Vconst_iterator@12@@Z 04022f58 f   MQ2EQIM.obj
 0001:00021f70       __unwindfunclet$??0logic_error@std@@QAE@ABV01@@Z$0 04022f70 f   MQ2EQIM.obj
 0001:00021f78       __ehhandler$??0logic_error@std@@QAE@ABV01@@Z 04022f78 f   MQ2EQIM.obj
 0001:00021f90       __unwindfunclet$?_Buynode@?$_Tree@V?$_Tmap_traits@V?$basic_string@DU?$char_traits@D@std@@V?$allocator@D@2@@std@@KU?$less@V?$basic_string@DU?$char_traits@D@std@@V?$allocator@D@2@@std@@@2@V?$allocator@U?$pair@$$CBV?$basic_string@DU?$char_traits@D@std@@V?$allocator@D@2@@std@@K@std@@@2@$0A@@std@@@std@@IAEPAU_Node@?$_Tree_nod@V?$_Tmap_traits@V?$basic_string@DU?$char_traits@D@std@@V?$allocator@D@2@@std@@KU?$less@V?$basic_string@DU?$char_traits@D@std@@V?$allocator@D@2@@std@@@2@V?$allocator@U?$pair@$$CBV?$basic_string@DU?$char_traits@D@std@@V?$allocator@D@2@@std@@K@std@@@2@$0A@@std@@@2@PAU342@00ABU?$pair@$$CBV?$basic_string@DU?$char_traits@D@std@@V?$allocator@D@2@@std@@K@2@D@Z$2 04022f90 f   MQ2EQIM.obj
 0001:00021fa1       __ehhandler$?_Buynode@?$_Tree@V?$_Tmap_traits@V?$basic_string@DU?$char_traits@D@std@@V?$allocator@D@2@@std@@KU?$less@V?$basic_string@DU?$char_traits@D@std@@V?$allocator@D@2@@std@@@2@V?$allocator@U?$pair@$$CBV?$basic_string@DU?$char_traits@D@std@@V?$allocator@D@2@@std@@K@std@@@2@$0A@@std@@@std@@IAEPAU_Node@?$_Tree_nod@V?$_Tmap_traits@V?$basic_string@DU?$char_traits@D@std@@V?$allocator@D@2@@std@@KU?$less@V?$basic_string@DU?$char_traits@D@std@@V?$allocator@D@2@@std@@@2@V?$allocator@U?$pair@$$CBV?$basic_string@DU?$char_traits@D@std@@V?$allocator@D@2@@std@@K@std@@@2@$0A@@std@@@2@PAU342@00ABU?$pair@$$CBV?$basic_string@DU?$char_traits@D@std@@V?$allocator@D@2@@std@@K@2@D@Z 04022fa1 f   MQ2EQIM.obj
 0001:00021fb0       __unwindfunclet$?_Insert@?$_Tree@V?$_Tmap_traits@V?$basic_string@DU?$char_traits@D@std@@V?$allocator@D@2@@std@@KU?$less@V?$basic_string@DU?$char_traits@D@std@@V?$allocator@D@2@@std@@@2@V?$allocator@U?$pair@$$CBV?$basic_string@DU?$char_traits@D@std@@V?$allocator@D@2@@std@@K@std@@@2@$0A@@std@@@std@@IAE?AViterator@12@_NPAU_Node@?$_Tree_nod@V?$_Tmap_traits@V?$basic_string@DU?$char_traits@D@std@@V?$allocator@D@2@@std@@KU?$less@V?$basic_string@DU?$char_traits@D@std@@V?$allocator@D@2@@std@@@2@V?$allocator@U?$pair@$$CBV?$basic_string@DU?$char_traits@D@std@@V?$allocator@D@2@@std@@K@std@@@2@$0A@@std@@@2@ABU?$pair@$$CBV?$basic_string@DU?$char_traits@D@std@@V?$allocator@D@2@@std@@K@2@@Z$0 04022fb0 f   MQ2EQIM.obj
 0001:00021fb8       __ehhandler$?_Insert@?$_Tree@V?$_Tmap_traits@V?$basic_string@DU?$char_traits@D@std@@V?$allocator@D@2@@std@@KU?$less@V?$basic_string@DU?$char_traits@D@std@@V?$allocator@D@2@@std@@@2@V?$allocator@U?$pair@$$CBV?$basic_string@DU?$char_traits@D@std@@V?$allocator@D@2@@std@@K@std@@@2@$0A@@std@@@std@@IAE?AViterator@12@_NPAU_Node@?$_Tree_nod@V?$_Tmap_traits@V?$basic_string@DU?$char_traits@D@std@@V?$allocator@D@2@@std@@KU?$less@V?$basic_string@DU?$char_traits@D@std@@V?$allocator@D@2@@std@@@2@V?$allocator@U?$pair@$$CBV?$basic_string@DU?$char_traits@D@std@@V?$allocator@D@2@@std@@K@std@@@2@$0A@@std@@@2@ABU?$pair@$$CBV?$basic_string@DU?$char_traits@D@std@@V?$allocator@D@2@@std@@K@2@@Z 04022fb8 f   MQ2EQIM.obj
 0001:00021fd0       __unwindfunclet$??A?$map@V?$basic_string@DU?$char_traits@D@std@@V?$allocator@D@2@@std@@KU?$less@V?$basic_string@DU?$char_traits@D@std@@V?$allocator@D@2@@std@@@2@V?$allocator@U?$pair@$$CBV?$basic_string@DU?$char_traits@D@std@@V?$allocator@D@2@@std@@K@std@@@2@@std@@QAEAAKABV?$basic_string@DU?$char_traits@D@std@@V?$allocator@D@2@@1@@Z$0 04022fd0 f   MQ2EQIM.obj
 0001:00021fd8       __ehhandler$??A?$map@V?$basic_string@DU?$char_traits@D@std@@V?$allocator@D@2@@std@@KU?$less@V?$basic_string@DU?$char_traits@D@std@@V?$allocator@D@2@@std@@@2@V?$allocator@U?$pair@$$CBV?$basic_string@DU?$char_traits@D@std@@V?$allocator@D@2@@std@@K@std@@@2@@std@@QAEAAKABV?$basic_string@DU?$char_traits@D@std@@V?$allocator@D@2@@1@@Z 04022fd8 f   MQ2EQIM.obj
 0001:00021ff0       __unwindfunclet$??1?$_Tree@V?$_Tmap_traits@V?$basic_string@DU?$char_traits@D@std@@V?$allocator@D@2@@std@@KU?$less@V?$basic_string@DU?$char_traits@D@std@@V?$allocator@D@2@@std@@@2@V?$allocator@U?$pair@$$CBV?$basic_string@DU?$char_traits@D@std@@V?$allocator@D@2@@std@@K@std@@@2@$0A@@std@@@std@@QAE@XZ$0 04022ff0 f   MQ2EQIM.obj
 0001:00021ff8       __ehhandler$??1?$_Tree@V?$_Tmap_traits@V?$basic_string@DU?$char_traits@D@std@@V?$allocator@D@2@@std@@KU?$less@V?$basic_string@DU?$char_traits@D@std@@V?$allocator@D@2@@std@@@2@V?$allocator@U?$pair@$$CBV?$basic_string@DU?$char_traits@D@std@@V?$allocator@D@2@@std@@K@std@@@2@$0A@@std@@@std@@QAE@XZ 04022ff8 f   MQ2EQIM.obj
 0001:00022010       __unwindfunclet$?AddMember@MQ2Type@MQ2Internal@@IAEHKPAD@Z$0 04023010 f   MQ2EQIM.obj
 0001:00022018       __unwindfunclet$?AddMember@MQ2Type@MQ2Internal@@IAEHKPAD@Z$1 04023018 f   MQ2EQIM.obj
 0001:00022020       __ehhandler$?AddMember@MQ2Type@MQ2Internal@@IAEHKPAD@Z 04023020 f   MQ2EQIM.obj
 0001:00022030       __unwindfunclet$??0MQ2Type@MQ2Internal@@QAE@PAD@Z$0 04023030 f   MQ2EQIM.obj
 0001:0002203b       __ehhandler$??0MQ2Type@MQ2Internal@@QAE@PAD@Z 0402303b f   MQ2EQIM.obj
 0001:00022050       __unwindfunclet$??1MQ2Type@MQ2Internal@@QAE@XZ$0 04023050 f   MQ2EQIM.obj
 0001:0002205b       __ehhandler$??1MQ2Type@MQ2Internal@@QAE@XZ 0402305b f   MQ2EQIM.obj
 0001:00022070       __unwindfunclet$??0MQ2BuddyType@@QAE@XZ$0 04023070 f   MQ2EQIM.obj
 0001:00022078       __ehhandler$??0MQ2BuddyType@@QAE@XZ 04023078 f   MQ2EQIM.obj
 0001:00022090       __unwindfunclet$?FindMember@MQ2Type@MQ2Internal@@QAEPAU_MQ2TypeMember@2@PAD@Z$0 04023090 f   MQ2EQIM.obj
 0001:00022098       __ehhandler$?FindMember@MQ2Type@MQ2Internal@@QAEPAU_MQ2TypeMember@2@PAD@Z 04023098 f   MQ2EQIM.obj
 0001:000220a2       __unwindfunclet$?_Xlen@_String_base@std@@SAXXZ$0 040230a2 f   libcpmt:string.obj
 0001:000220aa       __ehhandler$?_Xlen@_String_base@std@@SAXXZ 040230aa f   libcpmt:string.obj
 0001:000220c5       __unwindfunclet$?_Xran@_String_base@std@@SAXXZ$0 040230c5 f   libcpmt:string.obj
 0001:000220cd       __ehhandler$?_Xran@_String_base@std@@SAXXZ 040230cd f   libcpmt:string.obj
 0001:000220e8       __unwindfunclet$?_Xinvarg@_String_base@std@@SAXXZ$0 040230e8 f   libcpmt:string.obj
 0001:000220f0       __ehhandler$?_Xinvarg@_String_base@std@@SAXXZ 040230f0 f   libcpmt:string.obj
 0001:0002210b       __ehhandler$?CallUnexpected@@YAXPBU_s_ESTypeList@@@Z 0402310b f   LIBCMT:frame.obj
 0001:00022130       ??__EBuddyList@@YAXXZ      04023130 f   MQ2EQIM.obj
 0001:00022160       ??__FBuddyList@@YAXXZ      04023160 f   MQ2EQIM.obj
 0001:000221a8       ??__Fnomem@?5???2@YAPAXI@Z@YAXXZ 040231a8 f   LIBCMT:new.obj

 Exports

  ordinal    name

        1    _InitializePlugin
               exported name: InitializePlugin
        2    _SetGameState
               exported name: SetGameState
        3    _ShutdownPlugin
               exported name: ShutdownPlugin
