 MQ2Irc

 Timestamp is 4d3d7c9d (Mon Jan 24 08:20:29 2011)

 Preferred load address is 04000000

 Start         Length     Name                   Class
 0001:00000000 00023df7H .text                   CODE
 0001:00023e00 000002c6H .text$x                 CODE
 0001:000240d0 00000036H .text$yc                CODE
 0001:00024110 0000002bH .text$yd                CODE
 0002:00000000 00000214H .idata$5                DATA
 0002:00000214 00000004H .CRT$XCA                DATA
 0002:00000218 00000008H .CRT$XCU                DATA
 0002:00000220 00000004H .CRT$XCZ                DATA
 0002:00000224 00000004H .CRT$XIA                DATA
 0002:00000228 00000010H .CRT$XIC                DATA
 0002:00000238 00000004H .CRT$XIZ                DATA
 0002:0000023c 00000004H .CRT$XPA                DATA
 0002:00000240 00000004H .CRT$XPX                DATA
 0002:00000244 00000004H .CRT$XPXA               DATA
 0002:00000248 00000004H .CRT$XPZ                DATA
 0002:0000024c 00000004H .CRT$XTA                DATA
 0002:00000250 00000004H .CRT$XTZ                DATA
 0002:00000260 000033d0H .rdata                  DATA
 0002:00003630 00000065H .rdata$debug            DATA
 0002:00003698 000003e0H .rdata$r                DATA
 0002:00003a80 00000070H .rdata$sxdata           DATA
 0002:00003af0 00000004H .rtc$IAA                DATA
 0002:00003af4 00000004H .rtc$IZZ                DATA
 0002:00003af8 00000004H .rtc$TAA                DATA
 0002:00003afc 00000004H .rtc$TZZ                DATA
 0002:00003b00 00000e6cH .xdata$x                DATA
 0002:0000496c 0000003cH .idata$2                DATA
 0002:000049a8 00000014H .idata$3                DATA
 0002:000049bc 00000214H .idata$4                DATA
 0002:00004bd0 00000a38H .idata$6                DATA
 0002:00005610 000000b9H .edata                  DATA
 0003:00000000 000011b0H .data                   DATA
 0003:000011c0 00008184H .bss                    DATA

  Address         Publics by Value              Rva+Base       Lib:Object

 0000:00000000       __except_list              00000000     <absolute>
 0000:0000001c       ___safe_se_handler_count   0000001c     <absolute>
 0000:00000000       ___ImageBase               04000000     <linker-defined>
 0001:00000000       ?strchr@@YAPADPADH@Z       04001000 f i MQ2Irc.obj
 0001:00000010       ??0bad_alloc@std@@QAE@PBD@Z 04001010 f i MQ2Irc.obj
 0001:00000030       ??1bad_alloc@std@@UAE@XZ   04001030 f i MQ2Irc.obj
 0001:00000040       ??_Ebad_alloc@std@@UAEPAXI@Z 04001040 f i MQ2Irc.obj
 0001:00000040       ??_Gbad_alloc@std@@UAEPAXI@Z 04001040 f i MQ2Irc.obj
 0001:00000070       ??2@YAPAXIPAX@Z            04001070 f i MQ2Irc.obj
 0001:00000080       ??3@YAXPAX0@Z              04001080 f i MQ2Irc.obj
 0001:00000090       ?assign@?$char_traits@D@std@@SAXAADABD@Z 04001090 f i MQ2Irc.obj
 0001:000000a0       ?compare@?$char_traits@D@std@@SAHPBD0I@Z 040010a0 f i MQ2Irc.obj
 0001:00000120       ?length@?$char_traits@D@std@@SAIPBD@Z 04001120 f i MQ2Irc.obj
 0001:00000140       ?_Copy_s@?$char_traits@D@std@@SAPADPADIPBDI@Z 04001140 f i MQ2Irc.obj
 0001:00000170       ?_Move_s@?$char_traits@D@std@@SAPADPADIPBDI@Z 04001170 f i MQ2Irc.obj
 0001:000001a0       ??0_Aux_cont@std@@QAE@QBV_Container_base_aux@1@@Z 040011a0 f i MQ2Irc.obj
 0001:000001b0       ?_Getcont@_Aux_cont@std@@QBEPBV_Container_base_aux@2@XZ 040011b0 f i MQ2Irc.obj
 0001:000001c0       ??0_Container_base_aux@std@@QAE@XZ 040011c0 f i MQ2Irc.obj
 0001:000001d0       ??1_Container_base_aux@std@@QAE@XZ 040011d0 f i MQ2Irc.obj
 0001:000001e0       ??0_Iterator_base_aux@std@@QAE@XZ 040011e0 f i MQ2Irc.obj
 0001:000001f0       ?_Set_container@_Iterator_base_aux@std@@QAEXQBV_Container_base_aux@2@@Z 040011f0 f i MQ2Irc.obj
 0001:00000200       ?_Getmycont@_Iterator_base_aux@std@@QBEPBV_Container_base_aux@2@XZ 04001200 f i MQ2Irc.obj
 0001:00000210       ?_Same_container@_Iterator_base_aux@std@@QBE_NABV12@@Z 04001210 f i MQ2Irc.obj
 0001:00000230       ?_Has_container@_Iterator_base_aux@std@@QBE_NXZ 04001230 f i MQ2Irc.obj
 0001:00000240       ?pXWnd@CSidlScreenWnd@EQClasses@@QAEPAVCXWnd@2@XZ 04001240 f i MQ2Irc.obj
 0001:00000250       ?Lock@CAutoLock@MQ2Internal@@QAEXXZ 04001250 f i MQ2Irc.obj
 0001:00000270       ?Unlock@CAutoLock@MQ2Internal@@QAEXXZ 04001270 f i MQ2Irc.obj
 0001:00000290       ??0CAutoLock@MQ2Internal@@QAE@PAU_RTL_CRITICAL_SECTION@@@Z 04001290 f i MQ2Irc.obj
 0001:000002c0       ??1CAutoLock@MQ2Internal@@QAE@XZ 040012c0 f i MQ2Irc.obj
 0001:000002e0       ?ReplacevfTable@CCustomWnd@MQ2Internal@@QAEXXZ 040012e0 f i MQ2Irc.obj
 0001:00000310       ?RemovevfTable@CCustomWnd@MQ2Internal@@QAEXXZ 04001310 f i MQ2Irc.obj
 0001:00000330       ?SetvfTable@CCustomWnd@MQ2Internal@@QAEXKK@Z 04001330 f i MQ2Irc.obj
 0001:00000340       _DllMain@12                04001340 f   MQ2Irc.obj
 0001:000003a0       ?ircout@@YAXPAD@Z          040013a0 f   MQ2Irc.obj
 0001:00000520       ?IRCConnectThread@@YGKPAX@Z 04001520 f   MQ2Irc.obj
 0001:00000680       ?IrcStatusCmd@@YAXPAU_SPAWNINFO@EQData@@PAD@Z 04001680 f   MQ2Irc.obj
 0001:000006d0       ?IrcConnectCmd@@YAXPAU_SPAWNINFO@EQData@@PAD@Z 040016d0 f   MQ2Irc.obj
 0001:00000c40       ?dataIrc@@YAHPADAAU_MQ2TypeVar@MQ2Internal@@@Z 04001c40 f   MQ2Irc.obj
 0001:00000c60       ?size@?$basic_string@DU?$char_traits@D@std@@V?$allocator@D@2@@std@@QBEIXZ 04001c60 f i MQ2Irc.obj
 0001:00000c70       ??0?$CIndex@PAU_MQ2TypeMember@MQ2Internal@@@MQ2Internal@@QAE@XZ 04001c70 f i MQ2Irc.obj
 0001:00000c90       ??1?$CIndex@PAU_MQ2TypeMember@MQ2Internal@@@MQ2Internal@@QAE@XZ 04001c90 f i MQ2Irc.obj
 0001:00000cd0       ?Cleanup@?$CIndex@PAU_MQ2TypeMember@MQ2Internal@@@MQ2Internal@@QAEXXZ 04001cd0 f i MQ2Irc.obj
 0001:00000d10       ??A?$CIndex@PAU_MQ2TypeMember@MQ2Internal@@@MQ2Internal@@QAEAAPAU_MQ2TypeMember@1@K@Z 04001d10 f i MQ2Irc.obj
 0001:00000d20       ?size@?$list@PADV?$allocator@PAD@std@@@std@@QBEIXZ 04001d20 f i MQ2Irc.obj
 0001:00000d30       ??8?$_Const_iterator@$00@?$list@PADV?$allocator@PAD@std@@@std@@QBE_NABV012@@Z 04001d30 f i MQ2Irc.obj
 0001:00000d60       ?_Myptr@?$basic_string@DU?$char_traits@D@std@@V?$allocator@D@2@@std@@IBEPBDXZ 04001d60 f i MQ2Irc.obj
 0001:00000d70       ??0?$allocator@D@std@@QAE@XZ 04001d70 f i MQ2Irc.obj
 0001:00000d80       ?Resize@?$CIndex@PAU_MQ2TypeMember@MQ2Internal@@@MQ2Internal@@QAEXK@Z 04001d80 f i MQ2Irc.obj
 0001:00000e30       ??0?$allocator@U?$pair@$$CBV?$basic_string@DU?$char_traits@D@std@@V?$allocator@D@2@@std@@K@std@@@std@@QAE@XZ 04001e30 f i MQ2Irc.obj
 0001:00000e40       ?_Nextnode@?$list@PADV?$allocator@PAD@std@@@std@@KAAAPAU_Node@?$_List_nod@PADV?$allocator@PAD@std@@@2@PAU342@@Z 04001e40 f i MQ2Irc.obj
 0001:00000e50       ?_Prevnode@?$list@PADV?$allocator@PAD@std@@@std@@KAAAPAU_Node@?$_List_nod@PADV?$allocator@PAD@std@@@2@PAU342@@Z 04001e50 f i MQ2Irc.obj
 0001:00000e60       ??0?$allocator@PAD@std@@QAE@XZ 04001e60 f i MQ2Irc.obj
 0001:00000e70       ?deallocate@?$allocator@U_Node@?$_List_nod@PADV?$allocator@PAD@std@@@std@@@std@@QAEXPAU_Node@?$_List_nod@PADV?$allocator@PAD@std@@@2@I@Z 04001e70 f i MQ2Irc.obj
 0001:00000e80       ?_Mynode@?$_Const_iterator@$00@?$list@PADV?$allocator@PAD@std@@@std@@QBEPAU_Node@?$_List_nod@PADV?$allocator@PAD@std@@@3@XZ 04001e80 f i MQ2Irc.obj
 0001:00000e90       ??8const_iterator@?$_Tree@V?$_Tmap_traits@V?$basic_string@DU?$char_traits@D@std@@V?$allocator@D@2@@std@@KU?$less@V?$basic_string@DU?$char_traits@D@std@@V?$allocator@D@2@@std@@@2@V?$allocator@U?$pair@$$CBV?$basic_string@DU?$char_traits@D@std@@V?$allocator@D@2@@std@@K@std@@@2@$0A@@std@@@std@@QBE_NABV012@@Z 04001e90 f i MQ2Irc.obj
 0001:00000ec0       ?_Mynode@const_iterator@?$_Tree@V?$_Tmap_traits@V?$basic_string@DU?$char_traits@D@std@@V?$allocator@D@2@@std@@KU?$less@V?$basic_string@DU?$char_traits@D@std@@V?$allocator@D@2@@std@@@2@V?$allocator@U?$pair@$$CBV?$basic_string@DU?$char_traits@D@std@@V?$allocator@D@2@@std@@K@std@@@2@$0A@@std@@@std@@QBEPAU_Node@?$_Tree_nod@V?$_Tmap_traits@V?$basic_string@DU?$char_traits@D@std@@V?$allocator@D@2@@std@@KU?$less@V?$basic_string@DU?$char_traits@D@std@@V?$allocator@D@2@@std@@@2@V?$allocator@U?$pair@$$CBV?$basic_string@DU?$char_traits@D@std@@V?$allocator@D@2@@std@@K@std@@@2@$0A@@std@@@3@XZ 04001ec0 f i MQ2Irc.obj
 0001:00000ed0       ??0?$_Iterator_with_base@Ubidirectional_iterator_tag@std@@PADHPBQADABQADV_Iterator_base_aux@2@@std@@QAE@XZ 04001ed0 f i MQ2Irc.obj
 0001:00000ee0       ?_Myptr@?$basic_string@DU?$char_traits@D@std@@V?$allocator@D@2@@std@@IAEPADXZ 04001ee0 f i MQ2Irc.obj
 0001:00000ef0       ??0?$allocator@D@std@@QAE@ABV01@@Z 04001ef0 f i MQ2Irc.obj
 0001:00000f00       ?deallocate@?$allocator@D@std@@QAEXPADI@Z 04001f00 f i MQ2Irc.obj
 0001:00000f10       ?deallocate@?$allocator@V_Aux_cont@std@@@std@@QAEXPAV_Aux_cont@2@I@Z 04001f10 f i MQ2Irc.obj
 0001:00000f20       ?_Isnil@?$_Tree@V?$_Tmap_traits@V?$basic_string@DU?$char_traits@D@std@@V?$allocator@D@2@@std@@KU?$less@V?$basic_string@DU?$char_traits@D@std@@V?$allocator@D@2@@std@@@2@V?$allocator@U?$pair@$$CBV?$basic_string@DU?$char_traits@D@std@@V?$allocator@D@2@@std@@K@std@@@2@$0A@@std@@@std@@KAAADPAU_Node@?$_Tree_nod@V?$_Tmap_traits@V?$basic_string@DU?$char_traits@D@std@@V?$allocator@D@2@@std@@KU?$less@V?$basic_string@DU?$char_traits@D@std@@V?$allocator@D@2@@std@@@2@V?$allocator@U?$pair@$$CBV?$basic_string@DU?$char_traits@D@std@@V?$allocator@D@2@@std@@K@std@@@2@$0A@@std@@@2@@Z 04001f20 f i MQ2Irc.obj
 0001:00000f30       ?_Left@?$_Tree@V?$_Tmap_traits@V?$basic_string@DU?$char_traits@D@std@@V?$allocator@D@2@@std@@KU?$less@V?$basic_string@DU?$char_traits@D@std@@V?$allocator@D@2@@std@@@2@V?$allocator@U?$pair@$$CBV?$basic_string@DU?$char_traits@D@std@@V?$allocator@D@2@@std@@K@std@@@2@$0A@@std@@@std@@KAAAPAU_Node@?$_Tree_nod@V?$_Tmap_traits@V?$basic_string@DU?$char_traits@D@std@@V?$allocator@D@2@@std@@KU?$less@V?$basic_string@DU?$char_traits@D@std@@V?$allocator@D@2@@std@@@2@V?$allocator@U?$pair@$$CBV?$basic_string@DU?$char_traits@D@std@@V?$allocator@D@2@@std@@K@std@@@2@$0A@@std@@@2@PAU342@@Z 04001f30 f i MQ2Irc.obj
 0001:00000f40       ?_Parent@?$_Tree@V?$_Tmap_traits@V?$basic_string@DU?$char_traits@D@std@@V?$allocator@D@2@@std@@KU?$less@V?$basic_string@DU?$char_traits@D@std@@V?$allocator@D@2@@std@@@2@V?$allocator@U?$pair@$$CBV?$basic_string@DU?$char_traits@D@std@@V?$allocator@D@2@@std@@K@std@@@2@$0A@@std@@@std@@KAAAPAU_Node@?$_Tree_nod@V?$_Tmap_traits@V?$basic_string@DU?$char_traits@D@std@@V?$allocator@D@2@@std@@KU?$less@V?$basic_string@DU?$char_traits@D@std@@V?$allocator@D@2@@std@@@2@V?$allocator@U?$pair@$$CBV?$basic_string@DU?$char_traits@D@std@@V?$allocator@D@2@@std@@K@std@@@2@$0A@@std@@@2@PAU342@@Z 04001f40 f i MQ2Irc.obj
 0001:00000f50       ?_Right@?$_Tree@V?$_Tmap_traits@V?$basic_string@DU?$char_traits@D@std@@V?$allocator@D@2@@std@@KU?$less@V?$basic_string@DU?$char_traits@D@std@@V?$allocator@D@2@@std@@@2@V?$allocator@U?$pair@$$CBV?$basic_string@DU?$char_traits@D@std@@V?$allocator@D@2@@std@@K@std@@@2@$0A@@std@@@std@@KAAAPAU_Node@?$_Tree_nod@V?$_Tmap_traits@V?$basic_string@DU?$char_traits@D@std@@V?$allocator@D@2@@std@@KU?$less@V?$basic_string@DU?$char_traits@D@std@@V?$allocator@D@2@@std@@@2@V?$allocator@U?$pair@$$CBV?$basic_string@DU?$char_traits@D@std@@V?$allocator@D@2@@std@@K@std@@@2@$0A@@std@@@2@PAU342@@Z 04001f50 f i MQ2Irc.obj
 0001:00000f60       ?_Myval@?$_Tree@V?$_Tmap_traits@V?$basic_string@DU?$char_traits@D@std@@V?$allocator@D@2@@std@@KU?$less@V?$basic_string@DU?$char_traits@D@std@@V?$allocator@D@2@@std@@@2@V?$allocator@U?$pair@$$CBV?$basic_string@DU?$char_traits@D@std@@V?$allocator@D@2@@std@@K@std@@@2@$0A@@std@@@std@@KAAAU?$pair@$$CBV?$basic_string@DU?$char_traits@D@std@@V?$allocator@D@2@@std@@K@2@PAU_Node@?$_Tree_nod@V?$_Tmap_traits@V?$basic_string@DU?$char_traits@D@std@@V?$allocator@D@2@@std@@KU?$less@V?$basic_string@DU?$char_traits@D@std@@V?$allocator@D@2@@std@@@2@V?$allocator@U?$pair@$$CBV?$basic_string@DU?$char_traits@D@std@@V?$allocator@D@2@@std@@K@std@@@2@$0A@@std@@@2@@Z 04001f60 f i MQ2Irc.obj
 0001:00000f70       ?size@?$_Tree@V?$_Tmap_traits@V?$basic_string@DU?$char_traits@D@std@@V?$allocator@D@2@@std@@KU?$less@V?$basic_string@DU?$char_traits@D@std@@V?$allocator@D@2@@std@@@2@V?$allocator@U?$pair@$$CBV?$basic_string@DU?$char_traits@D@std@@V?$allocator@D@2@@std@@K@std@@@2@$0A@@std@@@std@@QBEIXZ 04001f70 f i MQ2Irc.obj
 0001:00000f80       ?_Rmost@?$_Tree@V?$_Tmap_traits@V?$basic_string@DU?$char_traits@D@std@@V?$allocator@D@2@@std@@KU?$less@V?$basic_string@DU?$char_traits@D@std@@V?$allocator@D@2@@std@@@2@V?$allocator@U?$pair@$$CBV?$basic_string@DU?$char_traits@D@std@@V?$allocator@D@2@@std@@K@std@@@2@$0A@@std@@@std@@IBEAAPAU_Node@?$_Tree_nod@V?$_Tmap_traits@V?$basic_string@DU?$char_traits@D@std@@V?$allocator@D@2@@std@@KU?$less@V?$basic_string@DU?$char_traits@D@std@@V?$allocator@D@2@@std@@@2@V?$allocator@U?$pair@$$CBV?$basic_string@DU?$char_traits@D@std@@V?$allocator@D@2@@std@@K@std@@@2@$0A@@std@@@2@XZ 04001f80 f i MQ2Irc.obj
 0001:00000f90       ?_Kfn@?$_Tmap_traits@V?$basic_string@DU?$char_traits@D@std@@V?$allocator@D@2@@std@@KU?$less@V?$basic_string@DU?$char_traits@D@std@@V?$allocator@D@2@@std@@@2@V?$allocator@U?$pair@$$CBV?$basic_string@DU?$char_traits@D@std@@V?$allocator@D@2@@std@@K@std@@@2@$0A@@std@@SAABV?$basic_string@DU?$char_traits@D@std@@V?$allocator@D@2@@2@ABU?$pair@$$CBV?$basic_string@DU?$char_traits@D@std@@V?$allocator@D@2@@std@@K@2@@Z 04001f90 f i MQ2Irc.obj
 0001:00000fa0       ??0?$allocator@U?$pair@$$CBV?$basic_string@DU?$char_traits@D@std@@V?$allocator@D@2@@std@@K@std@@@std@@QAE@ABV01@@Z 04001fa0 f i MQ2Irc.obj
 0001:00000fb0       ?deallocate@?$allocator@U_Node@?$_Tree_nod@V?$_Tmap_traits@V?$basic_string@DU?$char_traits@D@std@@V?$allocator@D@2@@std@@KU?$less@V?$basic_string@DU?$char_traits@D@std@@V?$allocator@D@2@@std@@@2@V?$allocator@U?$pair@$$CBV?$basic_string@DU?$char_traits@D@std@@V?$allocator@D@2@@std@@K@std@@@2@$0A@@std@@@std@@@std@@QAEXPAU_Node@?$_Tree_nod@V?$_Tmap_traits@V?$basic_string@DU?$char_traits@D@std@@V?$allocator@D@2@@std@@KU?$less@V?$basic_string@DU?$char_traits@D@std@@V?$allocator@D@2@@std@@@2@V?$allocator@U?$pair@$$CBV?$basic_string@DU?$char_traits@D@std@@V?$allocator@D@2@@std@@K@std@@@2@$0A@@std@@@2@I@Z 04001fb0 f i MQ2Irc.obj
 0001:00000fc0       ?_Myval@?$list@PADV?$allocator@PAD@std@@@std@@KAAAPADPAU_Node@?$_List_nod@PADV?$allocator@PAD@std@@@2@@Z 04001fc0 f i MQ2Irc.obj
 0001:00000fd0       ??0?$allocator@PAD@std@@QAE@ABV01@@Z 04001fd0 f i MQ2Irc.obj
 0001:00000fe0       ??E?$_Const_iterator@$00@?$list@PADV?$allocator@PAD@std@@@std@@QAEAAV012@XZ 04001fe0 f i MQ2Irc.obj
 0001:00001020       ??Dconst_iterator@?$_Tree@V?$_Tmap_traits@V?$basic_string@DU?$char_traits@D@std@@V?$allocator@D@2@@std@@KU?$less@V?$basic_string@DU?$char_traits@D@std@@V?$allocator@D@2@@std@@@2@V?$allocator@U?$pair@$$CBV?$basic_string@DU?$char_traits@D@std@@V?$allocator@D@2@@std@@K@std@@@2@$0A@@std@@@std@@QBEABU?$pair@$$CBV?$basic_string@DU?$char_traits@D@std@@V?$allocator@D@2@@std@@K@2@XZ 04002020 f i MQ2Irc.obj
 0001:00001050       ??0?$_Iterator_with_base@Ubidirectional_iterator_tag@std@@U?$pair@$$CBV?$basic_string@DU?$char_traits@D@std@@V?$allocator@D@2@@std@@K@2@HPBU32@ABU32@V_Iterator_base_aux@2@@std@@QAE@XZ 04002050 f i MQ2Irc.obj
 0001:00001060       ?_Inside@?$basic_string@DU?$char_traits@D@std@@V?$allocator@D@2@@std@@IAE_NPBD@Z 04002060 f i MQ2Irc.obj
 0001:000010a0       ?_Color@?$_Tree@V?$_Tmap_traits@V?$basic_string@DU?$char_traits@D@std@@V?$allocator@D@2@@std@@KU?$less@V?$basic_string@DU?$char_traits@D@std@@V?$allocator@D@2@@std@@@2@V?$allocator@U?$pair@$$CBV?$basic_string@DU?$char_traits@D@std@@V?$allocator@D@2@@std@@K@std@@@2@$0A@@std@@@std@@KAAADPAU_Node@?$_Tree_nod@V?$_Tmap_traits@V?$basic_string@DU?$char_traits@D@std@@V?$allocator@D@2@@std@@KU?$less@V?$basic_string@DU?$char_traits@D@std@@V?$allocator@D@2@@std@@@2@V?$allocator@U?$pair@$$CBV?$basic_string@DU?$char_traits@D@std@@V?$allocator@D@2@@std@@K@std@@@2@$0A@@std@@@2@@Z 040020a0 f i MQ2Irc.obj
 0001:000010b0       ?_Lmost@?$_Tree@V?$_Tmap_traits@V?$basic_string@DU?$char_traits@D@std@@V?$allocator@D@2@@std@@KU?$less@V?$basic_string@DU?$char_traits@D@std@@V?$allocator@D@2@@std@@@2@V?$allocator@U?$pair@$$CBV?$basic_string@DU?$char_traits@D@std@@V?$allocator@D@2@@std@@K@std@@@2@$0A@@std@@@std@@IBEAAPAU_Node@?$_Tree_nod@V?$_Tmap_traits@V?$basic_string@DU?$char_traits@D@std@@V?$allocator@D@2@@std@@KU?$less@V?$basic_string@DU?$char_traits@D@std@@V?$allocator@D@2@@std@@@2@V?$allocator@U?$pair@$$CBV?$basic_string@DU?$char_traits@D@std@@V?$allocator@D@2@@std@@K@std@@@2@$0A@@std@@@2@XZ 040020b0 f i MQ2Irc.obj
 0001:000010c0       ?_Root@?$_Tree@V?$_Tmap_traits@V?$basic_string@DU?$char_traits@D@std@@V?$allocator@D@2@@std@@KU?$less@V?$basic_string@DU?$char_traits@D@std@@V?$allocator@D@2@@std@@@2@V?$allocator@U?$pair@$$CBV?$basic_string@DU?$char_traits@D@std@@V?$allocator@D@2@@std@@K@std@@@2@$0A@@std@@@std@@IBEAAPAU_Node@?$_Tree_nod@V?$_Tmap_traits@V?$basic_string@DU?$char_traits@D@std@@V?$allocator@D@2@@std@@KU?$less@V?$basic_string@DU?$char_traits@D@std@@V?$allocator@D@2@@std@@@2@V?$allocator@U?$pair@$$CBV?$basic_string@DU?$char_traits@D@std@@V?$allocator@D@2@@std@@K@std@@@2@$0A@@std@@@2@XZ 040020c0 f i MQ2Irc.obj
 0001:000010d0       ?_Rrotate@?$_Tree@V?$_Tmap_traits@V?$basic_string@DU?$char_traits@D@std@@V?$allocator@D@2@@std@@KU?$less@V?$basic_string@DU?$char_traits@D@std@@V?$allocator@D@2@@std@@@2@V?$allocator@U?$pair@$$CBV?$basic_string@DU?$char_traits@D@std@@V?$allocator@D@2@@std@@K@std@@@2@$0A@@std@@@std@@IAEXPAU_Node@?$_Tree_nod@V?$_Tmap_traits@V?$basic_string@DU?$char_traits@D@std@@V?$allocator@D@2@@std@@KU?$less@V?$basic_string@DU?$char_traits@D@std@@V?$allocator@D@2@@std@@@2@V?$allocator@U?$pair@$$CBV?$basic_string@DU?$char_traits@D@std@@V?$allocator@D@2@@std@@K@std@@@2@$0A@@std@@@2@@Z 040020d0 f i MQ2Irc.obj
 0001:00001130       ??9const_iterator@?$_Tree@V?$_Tmap_traits@V?$basic_string@DU?$char_traits@D@std@@V?$allocator@D@2@@std@@KU?$less@V?$basic_string@DU?$char_traits@D@std@@V?$allocator@D@2@@std@@@2@V?$allocator@U?$pair@$$CBV?$basic_string@DU?$char_traits@D@std@@V?$allocator@D@2@@std@@K@std@@@2@$0A@@std@@@std@@QBE_NABV012@@Z 04002130 f i MQ2Irc.obj
 0001:00001160       ??0?$pair@Viterator@?$_Tree@V?$_Tmap_traits@V?$basic_string@DU?$char_traits@D@std@@V?$allocator@D@2@@std@@KU?$less@V?$basic_string@DU?$char_traits@D@std@@V?$allocator@D@2@@std@@@2@V?$allocator@U?$pair@$$CBV?$basic_string@DU?$char_traits@D@std@@V?$allocator@D@2@@std@@K@std@@@2@$0A@@std@@@std@@_N@std@@QAE@ABViterator@?$_Tree@V?$_Tmap_traits@V?$basic_string@DU?$char_traits@D@std@@V?$allocator@D@2@@std@@KU?$less@V?$basic_string@DU?$char_traits@D@std@@V?$allocator@D@2@@std@@@2@V?$allocator@U?$pair@$$CBV?$basic_string@DU?$char_traits@D@std@@V?$allocator@D@2@@std@@K@std@@@2@$0A@@std@@@1@AB_N@Z 04002160 f i MQ2Irc.obj
 0001:00001180       ?max_size@?$allocator@D@std@@QBEIXZ 04002180 f i MQ2Irc.obj
 0001:00001190       ?_Max@?$_Tree@V?$_Tmap_traits@V?$basic_string@DU?$char_traits@D@std@@V?$allocator@D@2@@std@@KU?$less@V?$basic_string@DU?$char_traits@D@std@@V?$allocator@D@2@@std@@@2@V?$allocator@U?$pair@$$CBV?$basic_string@DU?$char_traits@D@std@@V?$allocator@D@2@@std@@K@std@@@2@$0A@@std@@@std@@KAPAU_Node@?$_Tree_nod@V?$_Tmap_traits@V?$basic_string@DU?$char_traits@D@std@@V?$allocator@D@2@@std@@KU?$less@V?$basic_string@DU?$char_traits@D@std@@V?$allocator@D@2@@std@@@2@V?$allocator@U?$pair@$$CBV?$basic_string@DU?$char_traits@D@std@@V?$allocator@D@2@@std@@K@std@@@2@$0A@@std@@@2@PAU342@@Z 04002190 f i MQ2Irc.obj
 0001:000011b0       ?_Min@?$_Tree@V?$_Tmap_traits@V?$basic_string@DU?$char_traits@D@std@@V?$allocator@D@2@@std@@KU?$less@V?$basic_string@DU?$char_traits@D@std@@V?$allocator@D@2@@std@@@2@V?$allocator@U?$pair@$$CBV?$basic_string@DU?$char_traits@D@std@@V?$allocator@D@2@@std@@K@std@@@2@$0A@@std@@@std@@KAPAU_Node@?$_Tree_nod@V?$_Tmap_traits@V?$basic_string@DU?$char_traits@D@std@@V?$allocator@D@2@@std@@KU?$less@V?$basic_string@DU?$char_traits@D@std@@V?$allocator@D@2@@std@@@2@V?$allocator@U?$pair@$$CBV?$basic_string@DU?$char_traits@D@std@@V?$allocator@D@2@@std@@K@std@@@2@$0A@@std@@@2@PAU342@@Z 040021b0 f i MQ2Irc.obj
 0001:000011d0       ?max_size@?$allocator@U?$pair@$$CBV?$basic_string@DU?$char_traits@D@std@@V?$allocator@D@2@@std@@K@std@@@std@@QBEIXZ 040021d0 f i MQ2Irc.obj
 0001:000011e0       ?max_size@?$allocator@PAD@std@@QBEIXZ 040021e0 f i MQ2Irc.obj
 0001:000011f0       ??$_Destroy@U_Node@?$_List_nod@PADV?$allocator@PAD@std@@@std@@@std@@YAXPAU_Node@?$_List_nod@PADV?$allocator@PAD@std@@@0@@Z 040021f0 f i MQ2Irc.obj
 0001:00001200       ??$swap@D@std@@YAXAAD0@Z   04002200 f i MQ2Irc.obj
 0001:00001220       ??$_Destroy@PAU_Node@?$_Tree_nod@V?$_Tmap_traits@V?$basic_string@DU?$char_traits@D@std@@V?$allocator@D@2@@std@@KU?$less@V?$basic_string@DU?$char_traits@D@std@@V?$allocator@D@2@@std@@@2@V?$allocator@U?$pair@$$CBV?$basic_string@DU?$char_traits@D@std@@V?$allocator@D@2@@std@@K@std@@@2@$0A@@std@@@std@@@std@@YAXPAPAU_Node@?$_Tree_nod@V?$_Tmap_traits@V?$basic_string@DU?$char_traits@D@std@@V?$allocator@D@2@@std@@KU?$less@V?$basic_string@DU?$char_traits@D@std@@V?$allocator@D@2@@std@@@2@V?$allocator@U?$pair@$$CBV?$basic_string@DU?$char_traits@D@std@@V?$allocator@D@2@@std@@K@std@@@2@$0A@@std@@@0@@Z 04002220 f i MQ2Irc.obj
 0001:00001230       ??$?0PAD@?$allocator@PAU_Node@?$_List_nod@PADV?$allocator@PAD@std@@@std@@@std@@QAE@ABV?$allocator@PAD@1@@Z 04002230 f i MQ2Irc.obj
 0001:00001240       ??$_Allocate@U_Node@?$_List_nod@PADV?$allocator@PAD@std@@@std@@@std@@YAPAU_Node@?$_List_nod@PADV?$allocator@PAD@std@@@0@IPAU120@@Z 04002240 f i MQ2Irc.obj
 0001:000012a0       ??$_Construct@PAU_Node@?$_List_nod@PADV?$allocator@PAD@std@@@std@@PAU123@@std@@YAXPAPAU_Node@?$_List_nod@PADV?$allocator@PAD@std@@@0@ABQAU120@@Z 040022a0 f i MQ2Irc.obj
 0001:000012c0       ??$_Destroy@PAU_Node@?$_List_nod@PADV?$allocator@PAD@std@@@std@@@std@@YAXPAPAU_Node@?$_List_nod@PADV?$allocator@PAD@std@@@0@@Z 040022c0 f i MQ2Irc.obj
 0001:000012d0       ??$?0U?$pair@$$CBV?$basic_string@DU?$char_traits@D@std@@V?$allocator@D@2@@std@@K@std@@@?$allocator@PAU_Node@?$_Tree_nod@V?$_Tmap_traits@V?$basic_string@DU?$char_traits@D@std@@V?$allocator@D@2@@std@@KU?$less@V?$basic_string@DU?$char_traits@D@std@@V?$allocator@D@2@@std@@@2@V?$allocator@U?$pair@$$CBV?$basic_string@DU?$char_traits@D@std@@V?$allocator@D@2@@std@@K@std@@@2@$0A@@std@@@std@@@std@@QAE@ABV?$allocator@U?$pair@$$CBV?$basic_string@DU?$char_traits@D@std@@V?$allocator@D@2@@std@@K@std@@@1@@Z 040022d0 f i MQ2Irc.obj
 0001:000012e0       ??$?0PAD@?$allocator@U_Node@?$_List_nod@PADV?$allocator@PAD@std@@@std@@@std@@QAE@ABV?$allocator@PAD@1@@Z 040022e0 f i MQ2Irc.obj
 0001:000012f0       ??$_Construct@PADPAD@std@@YAXPAPADABQAD@Z 040022f0 f i MQ2Irc.obj
 0001:00001310       ??$_Allocate@D@std@@YAPADIPAD@Z 04002310 f i MQ2Irc.obj
 0001:00001370       ??$?0U?$pair@$$CBV?$basic_string@DU?$char_traits@D@std@@V?$allocator@D@2@@std@@K@std@@@?$allocator@U_Node@?$_Tree_nod@V?$_Tmap_traits@V?$basic_string@DU?$char_traits@D@std@@V?$allocator@D@2@@std@@KU?$less@V?$basic_string@DU?$char_traits@D@std@@V?$allocator@D@2@@std@@@2@V?$allocator@U?$pair@$$CBV?$basic_string@DU?$char_traits@D@std@@V?$allocator@D@2@@std@@K@std@@@2@$0A@@std@@@std@@@std@@QAE@ABV?$allocator@U?$pair@$$CBV?$basic_string@DU?$char_traits@D@std@@V?$allocator@D@2@@std@@K@std@@@1@@Z 04002370 f i MQ2Irc.obj
 0001:00001380       ??$_Allocate@U_Node@?$_Tree_nod@V?$_Tmap_traits@V?$basic_string@DU?$char_traits@D@std@@V?$allocator@D@2@@std@@KU?$less@V?$basic_string@DU?$char_traits@D@std@@V?$allocator@D@2@@std@@@2@V?$allocator@U?$pair@$$CBV?$basic_string@DU?$char_traits@D@std@@V?$allocator@D@2@@std@@K@std@@@2@$0A@@std@@@std@@@std@@YAPAU_Node@?$_Tree_nod@V?$_Tmap_traits@V?$basic_string@DU?$char_traits@D@std@@V?$allocator@D@2@@std@@KU?$less@V?$basic_string@DU?$char_traits@D@std@@V?$allocator@D@2@@std@@@2@V?$allocator@U?$pair@$$CBV?$basic_string@DU?$char_traits@D@std@@V?$allocator@D@2@@std@@K@std@@@2@$0A@@std@@@0@IPAU120@@Z 04002380 f i MQ2Irc.obj
 0001:000013e0       ??$_Construct@PAU_Node@?$_Tree_nod@V?$_Tmap_traits@V?$basic_string@DU?$char_traits@D@std@@V?$allocator@D@2@@std@@KU?$less@V?$basic_string@DU?$char_traits@D@std@@V?$allocator@D@2@@std@@@2@V?$allocator@U?$pair@$$CBV?$basic_string@DU?$char_traits@D@std@@V?$allocator@D@2@@std@@K@std@@@2@$0A@@std@@@std@@PAU123@@std@@YAXPAPAU_Node@?$_Tree_nod@V?$_Tmap_traits@V?$basic_string@DU?$char_traits@D@std@@V?$allocator@D@2@@std@@KU?$less@V?$basic_string@DU?$char_traits@D@std@@V?$allocator@D@2@@std@@@2@V?$allocator@U?$pair@$$CBV?$basic_string@DU?$char_traits@D@std@@V?$allocator@D@2@@std@@K@std@@@2@$0A@@std@@@0@ABQAU120@@Z 040023e0 f i MQ2Irc.obj
 0001:00001400       ??$?0PAD@?$allocator@V_Aux_cont@std@@@std@@QAE@ABV?$allocator@PAD@1@@Z 04002400 f i MQ2Irc.obj
 0001:00001410       ??$_Allocate@V_Aux_cont@std@@@std@@YAPAV_Aux_cont@0@IPAV10@@Z 04002410 f i MQ2Irc.obj
 0001:00001470       ??$?0U?$pair@$$CBV?$basic_string@DU?$char_traits@D@std@@V?$allocator@D@2@@std@@K@std@@@?$allocator@V_Aux_cont@std@@@std@@QAE@ABV?$allocator@U?$pair@$$CBV?$basic_string@DU?$char_traits@D@std@@V?$allocator@D@2@@std@@K@std@@@1@@Z 04002470 f i MQ2Irc.obj
 0001:00001480       ??0bad_alloc@std@@QAE@ABV01@@Z 04002480 f i MQ2Irc.obj
 0001:000014a0       ??$_Char_traits_cat@U?$char_traits@D@std@@@std@@YA?AU_Secure_char_traits_tag@0@XZ 040024a0 f i MQ2Irc.obj
 0001:000014b0       ??$copy_s@U?$char_traits@D@std@@@_Traits_helper@std@@YAPADPADIPBDIU_Secure_char_traits_tag@1@@Z 040024b0 f i MQ2Irc.obj
 0001:000014e0       ??$move_s@U?$char_traits@D@std@@@_Traits_helper@std@@YAPADPADIPBDIU_Secure_char_traits_tag@1@@Z 040024e0 f i MQ2Irc.obj
 0001:00001510       ??0CCustomWnd@MQ2Internal@@QAE@PAVCXStr@EQClasses@@@Z 04002510 f i MQ2Irc.obj
 0001:000015b0       ??1CCustomWnd@MQ2Internal@@QAE@XZ 040025b0 f i MQ2Irc.obj
 0001:000015d0       ??1CIRCWnd@@QAE@XZ         040025d0 f i MQ2Irc.obj
 0001:000015f0       ??_GCIRCWnd@@QAEPAXI@Z     040025f0 f i MQ2Irc.obj
 0001:00001630       ?GetUnused@?$CIndex@PAU_MQ2TypeMember@MQ2Internal@@@MQ2Internal@@QAEKXZ 04002630 f i MQ2Irc.obj
 0001:00001680       ?compare@?$basic_string@DU?$char_traits@D@std@@V?$allocator@D@2@@std@@QBEHIIPBDI@Z 04002680 f i MQ2Irc.obj
 0001:000016f0       ??0?$_String_val@DV?$allocator@D@std@@@std@@IAE@V?$allocator@D@1@@Z 040026f0 f i MQ2Irc.obj
 0001:00001700       ??0?$_String_val@DV?$allocator@D@std@@@std@@QAE@ABV01@@Z 04002700 f i MQ2Irc.obj
 0001:00001710       ?_Key@?$_Tree@V?$_Tmap_traits@V?$basic_string@DU?$char_traits@D@std@@V?$allocator@D@2@@std@@KU?$less@V?$basic_string@DU?$char_traits@D@std@@V?$allocator@D@2@@std@@@2@V?$allocator@U?$pair@$$CBV?$basic_string@DU?$char_traits@D@std@@V?$allocator@D@2@@std@@K@std@@@2@$0A@@std@@@std@@KAABV?$basic_string@DU?$char_traits@D@std@@V?$allocator@D@2@@2@PAU_Node@?$_Tree_nod@V?$_Tmap_traits@V?$basic_string@DU?$char_traits@D@std@@V?$allocator@D@2@@std@@KU?$less@V?$basic_string@DU?$char_traits@D@std@@V?$allocator@D@2@@std@@@2@V?$allocator@U?$pair@$$CBV?$basic_string@DU?$char_traits@D@std@@V?$allocator@D@2@@std@@K@std@@@2@$0A@@std@@@2@@Z 04002710 f i MQ2Irc.obj
 0001:00001720       ??1?$_Container_base_aux_alloc_real@V?$allocator@U?$pair@$$CBV?$basic_string@DU?$char_traits@D@std@@V?$allocator@D@2@@std@@K@std@@@std@@@std@@IAE@XZ 04002720 f i MQ2Irc.obj
 0001:00001730       ??1?$_Container_base_aux_alloc_real@V?$allocator@PAD@std@@@std@@IAE@XZ 04002730 f i MQ2Irc.obj
 0001:00001740       ?destroy@?$allocator@U_Node@?$_List_nod@PADV?$allocator@PAD@std@@@std@@@std@@QAEXPAU_Node@?$_List_nod@PADV?$allocator@PAD@std@@@2@@Z 04002740 f i MQ2Irc.obj
 0001:00001750       ??E?$_Iterator@$00@?$list@PADV?$allocator@PAD@std@@@std@@QAEAAV012@XZ 04002750 f i MQ2Irc.obj
 0001:00001790       ??D?$_Const_iterator@$00@?$list@PADV?$allocator@PAD@std@@@std@@QBEABQADXZ 04002790 f i MQ2Irc.obj
 0001:000017c0       ??E?$_Const_iterator@$00@?$list@PADV?$allocator@PAD@std@@@std@@QAE?AV012@H@Z 040027c0 f i MQ2Irc.obj
 0001:00001810       ??Diterator@?$_Tree@V?$_Tmap_traits@V?$basic_string@DU?$char_traits@D@std@@V?$allocator@D@2@@std@@KU?$less@V?$basic_string@DU?$char_traits@D@std@@V?$allocator@D@2@@std@@@2@V?$allocator@U?$pair@$$CBV?$basic_string@DU?$char_traits@D@std@@V?$allocator@D@2@@std@@K@std@@@2@$0A@@std@@@std@@QBEAAU?$pair@$$CBV?$basic_string@DU?$char_traits@D@std@@V?$allocator@D@2@@std@@K@2@XZ 04002810 f i MQ2Irc.obj
 0001:00001840       ??0?$_Bidit@PADHPBQADABQAD@std@@QAE@XZ 04002840 f i MQ2Irc.obj
 0001:00001850       ?_Eos@?$basic_string@DU?$char_traits@D@std@@V?$allocator@D@2@@std@@IAEXI@Z 04002850 f i MQ2Irc.obj
 0001:00001870       ?destroy@?$allocator@PAU_Node@?$_Tree_nod@V?$_Tmap_traits@V?$basic_string@DU?$char_traits@D@std@@V?$allocator@D@2@@std@@KU?$less@V?$basic_string@DU?$char_traits@D@std@@V?$allocator@D@2@@std@@@2@V?$allocator@U?$pair@$$CBV?$basic_string@DU?$char_traits@D@std@@V?$allocator@D@2@@std@@K@std@@@2@$0A@@std@@@std@@@std@@QAEXPAPAU_Node@?$_Tree_nod@V?$_Tmap_traits@V?$basic_string@DU?$char_traits@D@std@@V?$allocator@D@2@@std@@KU?$less@V?$basic_string@DU?$char_traits@D@std@@V?$allocator@D@2@@std@@@2@V?$allocator@U?$pair@$$CBV?$basic_string@DU?$char_traits@D@std@@V?$allocator@D@2@@std@@K@std@@@2@$0A@@std@@@2@@Z 04002870 f i MQ2Irc.obj
 0001:00001880       ?clear@?$list@PADV?$allocator@PAD@std@@@std@@QAEXXZ 04002880 f i MQ2Irc.obj
 0001:000018c0       ?allocate@?$allocator@U_Node@?$_List_nod@PADV?$allocator@PAD@std@@@std@@@std@@QAEPAU_Node@?$_List_nod@PADV?$allocator@PAD@std@@@2@I@Z 040028c0 f i MQ2Irc.obj
 0001:000018e0       ?construct@?$allocator@PAU_Node@?$_List_nod@PADV?$allocator@PAD@std@@@std@@@std@@QAEXPAPAU_Node@?$_List_nod@PADV?$allocator@PAD@std@@@2@ABQAU342@@Z 040028e0 f i MQ2Irc.obj
 0001:00001900       ?destroy@?$allocator@PAU_Node@?$_List_nod@PADV?$allocator@PAD@std@@@std@@@std@@QAEXPAPAU_Node@?$_List_nod@PADV?$allocator@PAD@std@@@2@@Z 04002900 f i MQ2Irc.obj
 0001:00001910       ??0?$_Const_iterator@$00@?$list@PADV?$allocator@PAD@std@@@std@@QAE@PAU_Node@?$_List_nod@PADV?$allocator@PAD@std@@@2@PBV12@@Z 04002910 f i MQ2Irc.obj
 0001:00001940       ??0?$_Bidit@U?$pair@$$CBV?$basic_string@DU?$char_traits@D@std@@V?$allocator@D@2@@std@@K@std@@HPBU12@ABU12@@std@@QAE@XZ 04002940 f i MQ2Irc.obj
 0001:00001950       ?max_size@?$basic_string@DU?$char_traits@D@std@@V?$allocator@D@2@@std@@QBEIXZ 04002950 f i MQ2Irc.obj
 0001:00001960       ?max_size@?$_Tree@V?$_Tmap_traits@V?$basic_string@DU?$char_traits@D@std@@V?$allocator@D@2@@std@@KU?$less@V?$basic_string@DU?$char_traits@D@std@@V?$allocator@D@2@@std@@@2@V?$allocator@U?$pair@$$CBV?$basic_string@DU?$char_traits@D@std@@V?$allocator@D@2@@std@@K@std@@@2@$0A@@std@@@std@@QBEIXZ 04002960 f i MQ2Irc.obj
 0001:00001970       ?_Lrotate@?$_Tree@V?$_Tmap_traits@V?$basic_string@DU?$char_traits@D@std@@V?$allocator@D@2@@std@@KU?$less@V?$basic_string@DU?$char_traits@D@std@@V?$allocator@D@2@@std@@@2@V?$allocator@U?$pair@$$CBV?$basic_string@DU?$char_traits@D@std@@V?$allocator@D@2@@std@@K@std@@@2@$0A@@std@@@std@@IAEXPAU_Node@?$_Tree_nod@V?$_Tmap_traits@V?$basic_string@DU?$char_traits@D@std@@V?$allocator@D@2@@std@@KU?$less@V?$basic_string@DU?$char_traits@D@std@@V?$allocator@D@2@@std@@@2@V?$allocator@U?$pair@$$CBV?$basic_string@DU?$char_traits@D@std@@V?$allocator@D@2@@std@@K@std@@@2@$0A@@std@@@2@@Z 04002970 f i MQ2Irc.obj
 0001:000019c0       ?max_size@?$list@PADV?$allocator@PAD@std@@@std@@QBEIXZ 040029c0 f i MQ2Irc.obj
 0001:000019d0       ?construct@?$allocator@PAD@std@@QAEXPAPADABQAD@Z 040029d0 f i MQ2Irc.obj
 0001:000019f0       ??0const_iterator@?$_Tree@V?$_Tmap_traits@V?$basic_string@DU?$char_traits@D@std@@V?$allocator@D@2@@std@@KU?$less@V?$basic_string@DU?$char_traits@D@std@@V?$allocator@D@2@@std@@@2@V?$allocator@U?$pair@$$CBV?$basic_string@DU?$char_traits@D@std@@V?$allocator@D@2@@std@@K@std@@@2@$0A@@std@@@std@@QAE@PAU_Node@?$_Tree_nod@V?$_Tmap_traits@V?$basic_string@DU?$char_traits@D@std@@V?$allocator@D@2@@std@@KU?$less@V?$basic_string@DU?$char_traits@D@std@@V?$allocator@D@2@@std@@@2@V?$allocator@U?$pair@$$CBV?$basic_string@DU?$char_traits@D@std@@V?$allocator@D@2@@std@@K@std@@@2@$0A@@std@@@2@PBV12@@Z 040029f0 f i MQ2Irc.obj
 0001:00001a20       ?_Dec@const_iterator@?$_Tree@V?$_Tmap_traits@V?$basic_string@DU?$char_traits@D@std@@V?$allocator@D@2@@std@@KU?$less@V?$basic_string@DU?$char_traits@D@std@@V?$allocator@D@2@@std@@@2@V?$allocator@U?$pair@$$CBV?$basic_string@DU?$char_traits@D@std@@V?$allocator@D@2@@std@@K@std@@@2@$0A@@std@@@std@@QAEXXZ 04002a20 f i MQ2Irc.obj
 0001:00001ab0       ?_Inc@const_iterator@?$_Tree@V?$_Tmap_traits@V?$basic_string@DU?$char_traits@D@std@@V?$allocator@D@2@@std@@KU?$less@V?$basic_string@DU?$char_traits@D@std@@V?$allocator@D@2@@std@@@2@V?$allocator@U?$pair@$$CBV?$basic_string@DU?$char_traits@D@std@@V?$allocator@D@2@@std@@K@std@@@2@$0A@@std@@@std@@QAEXXZ 04002ab0 f i MQ2Irc.obj
 0001:00001b20       ?allocate@?$allocator@D@std@@QAEPADI@Z 04002b20 f i MQ2Irc.obj
 0001:00001b40       ?allocate@?$allocator@U_Node@?$_Tree_nod@V?$_Tmap_traits@V?$basic_string@DU?$char_traits@D@std@@V?$allocator@D@2@@std@@KU?$less@V?$basic_string@DU?$char_traits@D@std@@V?$allocator@D@2@@std@@@2@V?$allocator@U?$pair@$$CBV?$basic_string@DU?$char_traits@D@std@@V?$allocator@D@2@@std@@K@std@@@2@$0A@@std@@@std@@@std@@QAEPAU_Node@?$_Tree_nod@V?$_Tmap_traits@V?$basic_string@DU?$char_traits@D@std@@V?$allocator@D@2@@std@@KU?$less@V?$basic_string@DU?$char_traits@D@std@@V?$allocator@D@2@@std@@@2@V?$allocator@U?$pair@$$CBV?$basic_string@DU?$char_traits@D@std@@V?$allocator@D@2@@std@@K@std@@@2@$0A@@std@@@2@I@Z 04002b40 f i MQ2Irc.obj
 0001:00001b60       ?construct@?$allocator@PAU_Node@?$_Tree_nod@V?$_Tmap_traits@V?$basic_string@DU?$char_traits@D@std@@V?$allocator@D@2@@std@@KU?$less@V?$basic_string@DU?$char_traits@D@std@@V?$allocator@D@2@@std@@@2@V?$allocator@U?$pair@$$CBV?$basic_string@DU?$char_traits@D@std@@V?$allocator@D@2@@std@@K@std@@@2@$0A@@std@@@std@@@std@@QAEXPAPAU_Node@?$_Tree_nod@V?$_Tmap_traits@V?$basic_string@DU?$char_traits@D@std@@V?$allocator@D@2@@std@@KU?$less@V?$basic_string@DU?$char_traits@D@std@@V?$allocator@D@2@@std@@@2@V?$allocator@U?$pair@$$CBV?$basic_string@DU?$char_traits@D@std@@V?$allocator@D@2@@std@@K@std@@@2@$0A@@std@@@2@ABQAU342@@Z 04002b60 f i MQ2Irc.obj
 0001:00001b80       ?allocate@?$allocator@V_Aux_cont@std@@@std@@QAEPAV_Aux_cont@2@I@Z 04002b80 f i MQ2Irc.obj
 0001:00001ba0       ??0?$_Container_base_aux_alloc_real@V?$allocator@U?$pair@$$CBV?$basic_string@DU?$char_traits@D@std@@V?$allocator@D@2@@std@@K@std@@@std@@@std@@IAE@V?$allocator@U?$pair@$$CBV?$basic_string@DU?$char_traits@D@std@@V?$allocator@D@2@@std@@K@std@@@1@@Z 04002ba0 f i MQ2Irc.obj
 0001:00001bd0       ??$copy_s@U?$char_traits@D@std@@@_Traits_helper@std@@YAPADPADIPBDI@Z 04002bd0 f i MQ2Irc.obj
 0001:00001c00       ??$move_s@U?$char_traits@D@std@@@_Traits_helper@std@@YAPADPADIPBDI@Z 04002c00 f i MQ2Irc.obj
 0001:00001c30       _OnCleanUI                 04002c30 f   MQ2Irc.obj
 0001:00001d80       ?compare@?$basic_string@DU?$char_traits@D@std@@V?$allocator@D@2@@std@@QBEHABV12@@Z 04002d80 f i MQ2Irc.obj
 0001:00001dc0       ??D?$_Iterator@$00@?$list@PADV?$allocator@PAD@std@@@std@@QBEAAPADXZ 04002dc0 f i MQ2Irc.obj
 0001:00001df0       ??E?$_Iterator@$00@?$list@PADV?$allocator@PAD@std@@@std@@QAE?AV012@H@Z 04002df0 f i MQ2Irc.obj
 0001:00001e40       ??1?$_List_nod@PADV?$allocator@PAD@std@@@std@@QAE@XZ 04002e40 f i MQ2Irc.obj
 0001:00001e50       ??1?$_Tmap_traits@V?$basic_string@DU?$char_traits@D@std@@V?$allocator@D@2@@std@@KU?$less@V?$basic_string@DU?$char_traits@D@std@@V?$allocator@D@2@@std@@@2@V?$allocator@U?$pair@$$CBV?$basic_string@DU?$char_traits@D@std@@V?$allocator@D@2@@std@@K@std@@@2@$0A@@std@@QAE@XZ 04002e50 f i MQ2Irc.obj
 0001:00001e60       ?_Tidy@?$basic_string@DU?$char_traits@D@std@@V?$allocator@D@2@@std@@IAEX_NI@Z 04002e60 f i MQ2Irc.obj
 0001:00001eb0       ?_Buynode@?$list@PADV?$allocator@PAD@std@@@std@@IAEPAU_Node@?$_List_nod@PADV?$allocator@PAD@std@@@2@XZ 04002eb0 f i MQ2Irc.obj
 0001:00001ed0       ?_Tidy@?$list@PADV?$allocator@PAD@std@@@std@@IAEXXZ 04002ed0 f i MQ2Irc.obj
 0001:00001f20       ??0?$_Iterator@$00@?$list@PADV?$allocator@PAD@std@@@std@@QAE@PAU_Node@?$_List_nod@PADV?$allocator@PAD@std@@@2@PBV12@@Z 04002f20 f i MQ2Irc.obj
 0001:00001f50       ??0?$_Const_iterator@$00@?$list@PADV?$allocator@PAD@std@@@std@@QAE@XZ 04002f50 f i MQ2Irc.obj
 0001:00001f60       ?erase@?$basic_string@DU?$char_traits@D@std@@V?$allocator@D@2@@std@@QAEAAV12@II@Z 04002f60 f i MQ2Irc.obj
 0001:00001ff0       ?_Buynode@?$list@PADV?$allocator@PAD@std@@@std@@IAEPAU_Node@?$_List_nod@PADV?$allocator@PAD@std@@@2@PAU342@0ABQAD@Z 04002ff0 f i MQ2Irc.obj
 0001:00002030       ??0iterator@?$_Tree@V?$_Tmap_traits@V?$basic_string@DU?$char_traits@D@std@@V?$allocator@D@2@@std@@KU?$less@V?$basic_string@DU?$char_traits@D@std@@V?$allocator@D@2@@std@@@2@V?$allocator@U?$pair@$$CBV?$basic_string@DU?$char_traits@D@std@@V?$allocator@D@2@@std@@K@std@@@2@$0A@@std@@@std@@QAE@PAU_Node@?$_Tree_nod@V?$_Tmap_traits@V?$basic_string@DU?$char_traits@D@std@@V?$allocator@D@2@@std@@KU?$less@V?$basic_string@DU?$char_traits@D@std@@V?$allocator@D@2@@std@@@2@V?$allocator@U?$pair@$$CBV?$basic_string@DU?$char_traits@D@std@@V?$allocator@D@2@@std@@K@std@@@2@$0A@@std@@@2@PBV12@@Z 04003030 f i MQ2Irc.obj
 0001:00002060       ??0const_iterator@?$_Tree@V?$_Tmap_traits@V?$basic_string@DU?$char_traits@D@std@@V?$allocator@D@2@@std@@KU?$less@V?$basic_string@DU?$char_traits@D@std@@V?$allocator@D@2@@std@@@2@V?$allocator@U?$pair@$$CBV?$basic_string@DU?$char_traits@D@std@@V?$allocator@D@2@@std@@K@std@@@2@$0A@@std@@@std@@QAE@XZ 04003060 f i MQ2Irc.obj
 0001:00002070       ??Econst_iterator@?$_Tree@V?$_Tmap_traits@V?$basic_string@DU?$char_traits@D@std@@V?$allocator@D@2@@std@@KU?$less@V?$basic_string@DU?$char_traits@D@std@@V?$allocator@D@2@@std@@@2@V?$allocator@U?$pair@$$CBV?$basic_string@DU?$char_traits@D@std@@V?$allocator@D@2@@std@@K@std@@@2@$0A@@std@@@std@@QAEAAV012@XZ 04003070 f i MQ2Irc.obj
 0001:00002080       ??Fconst_iterator@?$_Tree@V?$_Tmap_traits@V?$basic_string@DU?$char_traits@D@std@@V?$allocator@D@2@@std@@KU?$less@V?$basic_string@DU?$char_traits@D@std@@V?$allocator@D@2@@std@@@2@V?$allocator@U?$pair@$$CBV?$basic_string@DU?$char_traits@D@std@@V?$allocator@D@2@@std@@K@std@@@2@$0A@@std@@@std@@QAEAAV012@XZ 04003080 f i MQ2Irc.obj
 0001:00002090       ?_Copy@?$basic_string@DU?$char_traits@D@std@@V?$allocator@D@2@@std@@IAEXII@Z 04003090 f i MQ2Irc.obj
 0001:000021d0       ?_Make_iter@?$_Tree@V?$_Tmap_traits@V?$basic_string@DU?$char_traits@D@std@@V?$allocator@D@2@@std@@KU?$less@V?$basic_string@DU?$char_traits@D@std@@V?$allocator@D@2@@std@@@2@V?$allocator@U?$pair@$$CBV?$basic_string@DU?$char_traits@D@std@@V?$allocator@D@2@@std@@K@std@@@2@$0A@@std@@@std@@QBE?AViterator@12@Vconst_iterator@12@@Z 040031d0 f i MQ2Irc.obj
 0001:00002200       ?_Buynode@?$_Tree@V?$_Tmap_traits@V?$basic_string@DU?$char_traits@D@std@@V?$allocator@D@2@@std@@KU?$less@V?$basic_string@DU?$char_traits@D@std@@V?$allocator@D@2@@std@@@2@V?$allocator@U?$pair@$$CBV?$basic_string@DU?$char_traits@D@std@@V?$allocator@D@2@@std@@K@std@@@2@$0A@@std@@@std@@IAEPAU_Node@?$_Tree_nod@V?$_Tmap_traits@V?$basic_string@DU?$char_traits@D@std@@V?$allocator@D@2@@std@@KU?$less@V?$basic_string@DU?$char_traits@D@std@@V?$allocator@D@2@@std@@@2@V?$allocator@U?$pair@$$CBV?$basic_string@DU?$char_traits@D@std@@V?$allocator@D@2@@std@@K@std@@@2@$0A@@std@@@2@XZ 04003200 f i MQ2Irc.obj
 0001:00002240       ??Fiterator@?$_Tree@V?$_Tmap_traits@V?$basic_string@DU?$char_traits@D@std@@V?$allocator@D@2@@std@@KU?$less@V?$basic_string@DU?$char_traits@D@std@@V?$allocator@D@2@@std@@@2@V?$allocator@U?$pair@$$CBV?$basic_string@DU?$char_traits@D@std@@V?$allocator@D@2@@std@@K@std@@@2@$0A@@std@@@std@@QAEAAV012@XZ 04003240 f i MQ2Irc.obj
 0001:00002250       ??Econst_iterator@?$_Tree@V?$_Tmap_traits@V?$basic_string@DU?$char_traits@D@std@@V?$allocator@D@2@@std@@KU?$less@V?$basic_string@DU?$char_traits@D@std@@V?$allocator@D@2@@std@@@2@V?$allocator@U?$pair@$$CBV?$basic_string@DU?$char_traits@D@std@@V?$allocator@D@2@@std@@K@std@@@2@$0A@@std@@@std@@QAE?AV012@H@Z 04003250 f i MQ2Irc.obj
 0001:00002270       ??0?$_Container_base_aux_alloc_real@V?$allocator@PAD@std@@@std@@IAE@V?$allocator@PAD@1@@Z 04003270 f i MQ2Irc.obj
 0001:000022a0       ??0?$_Tmap_traits@V?$basic_string@DU?$char_traits@D@std@@V?$allocator@D@2@@std@@KU?$less@V?$basic_string@DU?$char_traits@D@std@@V?$allocator@D@2@@std@@@2@V?$allocator@U?$pair@$$CBV?$basic_string@DU?$char_traits@D@std@@V?$allocator@D@2@@std@@K@std@@@2@$0A@@std@@QAE@U?$less@V?$basic_string@DU?$char_traits@D@std@@V?$allocator@D@2@@std@@@1@V?$allocator@U?$pair@$$CBV?$basic_string@DU?$char_traits@D@std@@V?$allocator@D@2@@std@@K@std@@@1@@Z 040032a0 f i MQ2Irc.obj
 0001:000022d0       ??$?MDU?$char_traits@D@std@@V?$allocator@D@1@@std@@YA_NABV?$basic_string@DU?$char_traits@D@std@@V?$allocator@D@2@@0@0@Z 040032d0 f i MQ2Irc.obj
 0001:00002300       ?WndNotification@CIRCWnd@@QAEHPAVCXWnd@EQClasses@@IPAX@Z 04003300 f i MQ2Irc.obj
 0001:00002460       ??1?$basic_string@DU?$char_traits@D@std@@V?$allocator@D@2@@std@@QAE@XZ 04003460 f i MQ2Irc.obj
 0001:00002490       ?begin@?$list@PADV?$allocator@PAD@std@@@std@@QAE?AV?$_Iterator@$00@12@XZ 04003490 f i MQ2Irc.obj
 0001:000024b0       ?end@?$list@PADV?$allocator@PAD@std@@@std@@QAE?AV?$_Iterator@$00@12@XZ 040034b0 f i MQ2Irc.obj
 0001:000024d0       ??0?$_Iterator@$00@?$list@PADV?$allocator@PAD@std@@@std@@QAE@XZ 040034d0 f i MQ2Irc.obj
 0001:000024e0       ??1?$pair@$$CBV?$basic_string@DU?$char_traits@D@std@@V?$allocator@D@2@@std@@K@std@@QAE@XZ 040034e0 f i MQ2Irc.obj
 0001:00002510       ??1?$_List_ptr@PADV?$allocator@PAD@std@@@std@@QAE@XZ 04003510 f i MQ2Irc.obj
 0001:00002520       ??1?$_Tree_nod@V?$_Tmap_traits@V?$basic_string@DU?$char_traits@D@std@@V?$allocator@D@2@@std@@KU?$less@V?$basic_string@DU?$char_traits@D@std@@V?$allocator@D@2@@std@@@2@V?$allocator@U?$pair@$$CBV?$basic_string@DU?$char_traits@D@std@@V?$allocator@D@2@@std@@K@std@@@2@$0A@@std@@@std@@QAE@XZ 04003520 f i MQ2Irc.obj
 0001:00002530       ?end@?$_Tree@V?$_Tmap_traits@V?$basic_string@DU?$char_traits@D@std@@V?$allocator@D@2@@std@@KU?$less@V?$basic_string@DU?$char_traits@D@std@@V?$allocator@D@2@@std@@@2@V?$allocator@U?$pair@$$CBV?$basic_string@DU?$char_traits@D@std@@V?$allocator@D@2@@std@@K@std@@@2@$0A@@std@@@std@@QAE?AViterator@12@XZ 04003530 f i MQ2Irc.obj
 0001:00002550       ??R?$less@V?$basic_string@DU?$char_traits@D@std@@V?$allocator@D@2@@std@@@std@@QBE_NABV?$basic_string@DU?$char_traits@D@std@@V?$allocator@D@2@@1@0@Z 04003550 f i MQ2Irc.obj
 0001:00002590       ?_Make_iter@?$list@PADV?$allocator@PAD@std@@@std@@QBE?AV?$_Iterator@$00@12@V?$_Const_iterator@$00@12@@Z 04003590 f i MQ2Irc.obj
 0001:000025c0       ?_Grow@?$basic_string@DU?$char_traits@D@std@@V?$allocator@D@2@@std@@IAE_NI_N@Z 040035c0 f i MQ2Irc.obj
 0001:00002680       ?begin@?$_Tree@V?$_Tmap_traits@V?$basic_string@DU?$char_traits@D@std@@V?$allocator@D@2@@std@@KU?$less@V?$basic_string@DU?$char_traits@D@std@@V?$allocator@D@2@@std@@@2@V?$allocator@U?$pair@$$CBV?$basic_string@DU?$char_traits@D@std@@V?$allocator@D@2@@std@@K@std@@@2@$0A@@std@@@std@@QAE?AViterator@12@XZ 04003680 f i MQ2Irc.obj
 0001:000026a0       ?_Init@?$_Tree@V?$_Tmap_traits@V?$basic_string@DU?$char_traits@D@std@@V?$allocator@D@2@@std@@KU?$less@V?$basic_string@DU?$char_traits@D@std@@V?$allocator@D@2@@std@@@2@V?$allocator@U?$pair@$$CBV?$basic_string@DU?$char_traits@D@std@@V?$allocator@D@2@@std@@K@std@@@2@$0A@@std@@@std@@IAEXXZ 040036a0 f i MQ2Irc.obj
 0001:000026d0       ?_Lbound@?$_Tree@V?$_Tmap_traits@V?$basic_string@DU?$char_traits@D@std@@V?$allocator@D@2@@std@@KU?$less@V?$basic_string@DU?$char_traits@D@std@@V?$allocator@D@2@@std@@@2@V?$allocator@U?$pair@$$CBV?$basic_string@DU?$char_traits@D@std@@V?$allocator@D@2@@std@@K@std@@@2@$0A@@std@@@std@@IBEPAU_Node@?$_Tree_nod@V?$_Tmap_traits@V?$basic_string@DU?$char_traits@D@std@@V?$allocator@D@2@@std@@KU?$less@V?$basic_string@DU?$char_traits@D@std@@V?$allocator@D@2@@std@@@2@V?$allocator@U?$pair@$$CBV?$basic_string@DU?$char_traits@D@std@@V?$allocator@D@2@@std@@K@std@@@2@$0A@@std@@@2@ABV?$basic_string@DU?$char_traits@D@std@@V?$allocator@D@2@@2@@Z 040036d0 f i MQ2Irc.obj
 0001:00002760       ??0?$_List_nod@PADV?$allocator@PAD@std@@@std@@IAE@V?$allocator@PAD@1@@Z 04003760 f i MQ2Irc.obj
 0001:00002790       ??0?$_Tree_nod@V?$_Tmap_traits@V?$basic_string@DU?$char_traits@D@std@@V?$allocator@D@2@@std@@KU?$less@V?$basic_string@DU?$char_traits@D@std@@V?$allocator@D@2@@std@@@2@V?$allocator@U?$pair@$$CBV?$basic_string@DU?$char_traits@D@std@@V?$allocator@D@2@@std@@K@std@@@2@$0A@@std@@@std@@IAE@ABU?$less@V?$basic_string@DU?$char_traits@D@std@@V?$allocator@D@2@@std@@@1@V?$allocator@U?$pair@$$CBV?$basic_string@DU?$char_traits@D@std@@V?$allocator@D@2@@std@@K@std@@@1@@Z 04003790 f i MQ2Irc.obj
 0001:000027c0       ??1_Node@?$_Tree_nod@V?$_Tmap_traits@V?$basic_string@DU?$char_traits@D@std@@V?$allocator@D@2@@std@@KU?$less@V?$basic_string@DU?$char_traits@D@std@@V?$allocator@D@2@@std@@@2@V?$allocator@U?$pair@$$CBV?$basic_string@DU?$char_traits@D@std@@V?$allocator@D@2@@std@@K@std@@@2@$0A@@std@@@std@@QAE@XZ 040037c0 f i MQ2Irc.obj
 0001:000027f0       ??1logic_error@std@@UAE@XZ 040037f0 f i MQ2Irc.obj
 0001:00002830       ?c_str@?$basic_string@DU?$char_traits@D@std@@V?$allocator@D@2@@std@@QBEPBDXZ 04003830 f i MQ2Irc.obj
 0001:00002840       ?what@logic_error@std@@UBEPBDXZ 04003840 f i MQ2Irc.obj
 0001:00002850       ??_Glogic_error@std@@UAEPAXI@Z 04003850 f i MQ2Irc.obj
 0001:00002850       ??_Elogic_error@std@@UAEPAXI@Z 04003850 f i MQ2Irc.obj
 0001:000028a0       ??0CIRCWnd@@QAE@PAVCXStr@EQClasses@@@Z 040038a0 f i MQ2Irc.obj
 0001:00002960       ?IrcCmd@@YAXPAU_SPAWNINFO@EQData@@PAD@Z 04003960 f   MQ2Irc.obj
 0001:00003090       _SetGameState              04004090 f   MQ2Irc.obj
 0001:00003190       _OnReloadUI                04004190 f   MQ2Irc.obj
 0001:00003280       ?erase@?$list@PADV?$allocator@PAD@std@@@std@@QAE?AV?$_Iterator@$00@12@V?$_Const_iterator@$00@12@@Z 04004280 f i MQ2Irc.obj
 0001:00003300       ??1?$_List_val@PADV?$allocator@PAD@std@@@std@@QAE@XZ 04004300 f i MQ2Irc.obj
 0001:00003310       ??1?$_Tree_ptr@V?$_Tmap_traits@V?$basic_string@DU?$char_traits@D@std@@V?$allocator@D@2@@std@@KU?$less@V?$basic_string@DU?$char_traits@D@std@@V?$allocator@D@2@@std@@@2@V?$allocator@U?$pair@$$CBV?$basic_string@DU?$char_traits@D@std@@V?$allocator@D@2@@std@@K@std@@@2@$0A@@std@@@std@@QAE@XZ 04004310 f i MQ2Irc.obj
 0001:00003320       ?assign@?$basic_string@DU?$char_traits@D@std@@V?$allocator@D@2@@std@@QAEAAV12@ABV12@II@Z 04004320 f i MQ2Irc.obj
 0001:00003400       ?lower_bound@?$_Tree@V?$_Tmap_traits@V?$basic_string@DU?$char_traits@D@std@@V?$allocator@D@2@@std@@KU?$less@V?$basic_string@DU?$char_traits@D@std@@V?$allocator@D@2@@std@@@2@V?$allocator@U?$pair@$$CBV?$basic_string@DU?$char_traits@D@std@@V?$allocator@D@2@@std@@K@std@@@2@$0A@@std@@@std@@QAE?AViterator@12@ABV?$basic_string@DU?$char_traits@D@std@@V?$allocator@D@2@@2@@Z 04004400 f i MQ2Irc.obj
 0001:00003430       ?assign@?$basic_string@DU?$char_traits@D@std@@V?$allocator@D@2@@std@@QAEAAV12@PBDI@Z 04004430 f i MQ2Irc.obj
 0001:00003510       ??0?$_List_ptr@PADV?$allocator@PAD@std@@@std@@IAE@V?$allocator@PAD@1@@Z 04004510 f i MQ2Irc.obj
 0001:00003540       ??0?$_Tree_ptr@V?$_Tmap_traits@V?$basic_string@DU?$char_traits@D@std@@V?$allocator@D@2@@std@@KU?$less@V?$basic_string@DU?$char_traits@D@std@@V?$allocator@D@2@@std@@@2@V?$allocator@U?$pair@$$CBV?$basic_string@DU?$char_traits@D@std@@V?$allocator@D@2@@std@@K@std@@@2@$0A@@std@@@std@@IAE@ABU?$less@V?$basic_string@DU?$char_traits@D@std@@V?$allocator@D@2@@std@@@1@V?$allocator@U?$pair@$$CBV?$basic_string@DU?$char_traits@D@std@@V?$allocator@D@2@@std@@K@std@@@1@@Z 04004540 f i MQ2Irc.obj
 0001:00003570       ??_G_Node@?$_Tree_nod@V?$_Tmap_traits@V?$basic_string@DU?$char_traits@D@std@@V?$allocator@D@2@@std@@KU?$less@V?$basic_string@DU?$char_traits@D@std@@V?$allocator@D@2@@std@@@2@V?$allocator@U?$pair@$$CBV?$basic_string@DU?$char_traits@D@std@@V?$allocator@D@2@@std@@K@std@@@2@$0A@@std@@@std@@QAEPAXI@Z 04004570 f i MQ2Irc.obj
 0001:000035b0       ??0?$basic_string@DU?$char_traits@D@std@@V?$allocator@D@2@@std@@QAE@ABV01@@Z 040045b0 f i MQ2Irc.obj
 0001:000035e0       ??1?$list@PADV?$allocator@PAD@std@@@std@@QAE@XZ 040045e0 f i MQ2Irc.obj
 0001:00003600       ??1?$_Tree_val@V?$_Tmap_traits@V?$basic_string@DU?$char_traits@D@std@@V?$allocator@D@2@@std@@KU?$less@V?$basic_string@DU?$char_traits@D@std@@V?$allocator@D@2@@std@@@2@V?$allocator@U?$pair@$$CBV?$basic_string@DU?$char_traits@D@std@@V?$allocator@D@2@@std@@K@std@@@2@$0A@@std@@@std@@QAE@XZ 04004600 f i MQ2Irc.obj
 0001:00003610       ?assign@?$basic_string@DU?$char_traits@D@std@@V?$allocator@D@2@@std@@QAEAAV12@PBD@Z 04004610 f i MQ2Irc.obj
 0001:00003640       ??0?$_List_val@PADV?$allocator@PAD@std@@@std@@QAE@V?$allocator@PAD@1@@Z 04004640 f i MQ2Irc.obj
 0001:00003670       ??0?$pair@$$CBV?$basic_string@DU?$char_traits@D@std@@V?$allocator@D@2@@std@@K@std@@QAE@ABV?$basic_string@DU?$char_traits@D@std@@V?$allocator@D@2@@1@ABK@Z 04004670 f i MQ2Irc.obj
 0001:000036a0       ??0?$_Tree_val@V?$_Tmap_traits@V?$basic_string@DU?$char_traits@D@std@@V?$allocator@D@2@@std@@KU?$less@V?$basic_string@DU?$char_traits@D@std@@V?$allocator@D@2@@std@@@2@V?$allocator@U?$pair@$$CBV?$basic_string@DU?$char_traits@D@std@@V?$allocator@D@2@@std@@K@std@@@2@$0A@@std@@@std@@IAE@ABU?$less@V?$basic_string@DU?$char_traits@D@std@@V?$allocator@D@2@@std@@@1@V?$allocator@U?$pair@$$CBV?$basic_string@DU?$char_traits@D@std@@V?$allocator@D@2@@std@@K@std@@@1@@Z 040046a0 f i MQ2Irc.obj
 0001:000036d0       ??0?$pair@$$CBV?$basic_string@DU?$char_traits@D@std@@V?$allocator@D@2@@std@@K@std@@QAE@ABU01@@Z 040046d0 f i MQ2Irc.obj
 0001:00003700       ??$_Destroy@U_Node@?$_Tree_nod@V?$_Tmap_traits@V?$basic_string@DU?$char_traits@D@std@@V?$allocator@D@2@@std@@KU?$less@V?$basic_string@DU?$char_traits@D@std@@V?$allocator@D@2@@std@@@2@V?$allocator@U?$pair@$$CBV?$basic_string@DU?$char_traits@D@std@@V?$allocator@D@2@@std@@K@std@@@2@$0A@@std@@@std@@@std@@YAXPAU_Node@?$_Tree_nod@V?$_Tmap_traits@V?$basic_string@DU?$char_traits@D@std@@V?$allocator@D@2@@std@@KU?$less@V?$basic_string@DU?$char_traits@D@std@@V?$allocator@D@2@@std@@@2@V?$allocator@U?$pair@$$CBV?$basic_string@DU?$char_traits@D@std@@V?$allocator@D@2@@std@@K@std@@@2@$0A@@std@@@0@@Z 04004700 f i MQ2Irc.obj
 0001:00003730       ??0logic_error@std@@QAE@ABV?$basic_string@DU?$char_traits@D@std@@V?$allocator@D@2@@1@@Z 04004730 f i MQ2Irc.obj
 0001:00003790       ??0length_error@std@@QAE@ABV?$basic_string@DU?$char_traits@D@std@@V?$allocator@D@2@@1@@Z 04004790 f i MQ2Irc.obj
 0001:000037b0       ??1length_error@std@@UAE@XZ 040047b0 f i MQ2Irc.obj
 0001:000037f0       ??_Elength_error@std@@UAEPAXI@Z 040047f0 f i MQ2Irc.obj
 0001:000037f0       ??_Glength_error@std@@UAEPAXI@Z 040047f0 f i MQ2Irc.obj
 0001:00003840       ??0out_of_range@std@@QAE@ABV?$basic_string@DU?$char_traits@D@std@@V?$allocator@D@2@@1@@Z 04004840 f i MQ2Irc.obj
 0001:00003860       ??1out_of_range@std@@UAE@XZ 04004860 f i MQ2Irc.obj
 0001:000038a0       ??_Eout_of_range@std@@UAEPAXI@Z 040048a0 f i MQ2Irc.obj
 0001:000038a0       ??_Gout_of_range@std@@UAEPAXI@Z 040048a0 f i MQ2Irc.obj
 0001:000038f0       ??0?$basic_string@DU?$char_traits@D@std@@V?$allocator@D@2@@std@@QAE@PBD@Z 040048f0 f i MQ2Irc.obj
 0001:00003930       ??0?$list@PADV?$allocator@PAD@std@@@std@@QAE@XZ 04004930 f i MQ2Irc.obj
 0001:00003990       ??0?$_Tree@V?$_Tmap_traits@V?$basic_string@DU?$char_traits@D@std@@V?$allocator@D@2@@std@@KU?$less@V?$basic_string@DU?$char_traits@D@std@@V?$allocator@D@2@@std@@@2@V?$allocator@U?$pair@$$CBV?$basic_string@DU?$char_traits@D@std@@V?$allocator@D@2@@std@@K@std@@@2@$0A@@std@@@std@@QAE@ABU?$less@V?$basic_string@DU?$char_traits@D@std@@V?$allocator@D@2@@std@@@1@ABV?$allocator@U?$pair@$$CBV?$basic_string@DU?$char_traits@D@std@@V?$allocator@D@2@@std@@K@std@@@1@@Z 04004990 f i MQ2Irc.obj
 0001:00003a10       ?_Incsize@?$list@PADV?$allocator@PAD@std@@@std@@IAEXI@Z 04004a10 f i MQ2Irc.obj
 0001:00003ab0       ??0logic_error@std@@QAE@ABV01@@Z 04004ab0 f i MQ2Irc.obj
 0001:00003b20       ??0length_error@std@@QAE@ABV01@@Z 04004b20 f i MQ2Irc.obj
 0001:00003b40       ?destroy@?$allocator@U_Node@?$_Tree_nod@V?$_Tmap_traits@V?$basic_string@DU?$char_traits@D@std@@V?$allocator@D@2@@std@@KU?$less@V?$basic_string@DU?$char_traits@D@std@@V?$allocator@D@2@@std@@@2@V?$allocator@U?$pair@$$CBV?$basic_string@DU?$char_traits@D@std@@V?$allocator@D@2@@std@@K@std@@@2@$0A@@std@@@std@@@std@@QAEXPAU_Node@?$_Tree_nod@V?$_Tmap_traits@V?$basic_string@DU?$char_traits@D@std@@V?$allocator@D@2@@std@@KU?$less@V?$basic_string@DU?$char_traits@D@std@@V?$allocator@D@2@@std@@@2@V?$allocator@U?$pair@$$CBV?$basic_string@DU?$char_traits@D@std@@V?$allocator@D@2@@std@@K@std@@@2@$0A@@std@@@2@@Z 04004b40 f i MQ2Irc.obj
 0001:00003b70       ??0_Node@?$_Tree_nod@V?$_Tmap_traits@V?$basic_string@DU?$char_traits@D@std@@V?$allocator@D@2@@std@@KU?$less@V?$basic_string@DU?$char_traits@D@std@@V?$allocator@D@2@@std@@@2@V?$allocator@U?$pair@$$CBV?$basic_string@DU?$char_traits@D@std@@V?$allocator@D@2@@std@@K@std@@@2@$0A@@std@@@std@@QAE@PAU012@00ABU?$pair@$$CBV?$basic_string@DU?$char_traits@D@std@@V?$allocator@D@2@@std@@K@2@D@Z 04004b70 f i MQ2Irc.obj
 0001:00003bd0       ?_Insert@?$list@PADV?$allocator@PAD@std@@@std@@QAEXV?$_Const_iterator@$00@12@ABQAD@Z 04004bd0 f i MQ2Irc.obj
 0001:00003c10       ?erase@?$_Tree@V?$_Tmap_traits@V?$basic_string@DU?$char_traits@D@std@@V?$allocator@D@2@@std@@KU?$less@V?$basic_string@DU?$char_traits@D@std@@V?$allocator@D@2@@std@@@2@V?$allocator@U?$pair@$$CBV?$basic_string@DU?$char_traits@D@std@@V?$allocator@D@2@@std@@K@std@@@2@$0A@@std@@@std@@QAE?AViterator@12@Vconst_iterator@12@@Z 04004c10 f i MQ2Irc.obj
 0001:00003ef0       ??0out_of_range@std@@QAE@ABV01@@Z 04004ef0 f i MQ2Irc.obj
 0001:00003f10       ?_Buynode@?$_Tree@V?$_Tmap_traits@V?$basic_string@DU?$char_traits@D@std@@V?$allocator@D@2@@std@@KU?$less@V?$basic_string@DU?$char_traits@D@std@@V?$allocator@D@2@@std@@@2@V?$allocator@U?$pair@$$CBV?$basic_string@DU?$char_traits@D@std@@V?$allocator@D@2@@std@@K@std@@@2@$0A@@std@@@std@@IAEPAU_Node@?$_Tree_nod@V?$_Tmap_traits@V?$basic_string@DU?$char_traits@D@std@@V?$allocator@D@2@@std@@KU?$less@V?$basic_string@DU?$char_traits@D@std@@V?$allocator@D@2@@std@@@2@V?$allocator@U?$pair@$$CBV?$basic_string@DU?$char_traits@D@std@@V?$allocator@D@2@@std@@K@std@@@2@$0A@@std@@@2@PAU342@00ABU?$pair@$$CBV?$basic_string@DU?$char_traits@D@std@@V?$allocator@D@2@@std@@K@2@D@Z 04004f10 f i MQ2Irc.obj
 0001:00003fa0       ?_Erase@?$_Tree@V?$_Tmap_traits@V?$basic_string@DU?$char_traits@D@std@@V?$allocator@D@2@@std@@KU?$less@V?$basic_string@DU?$char_traits@D@std@@V?$allocator@D@2@@std@@@2@V?$allocator@U?$pair@$$CBV?$basic_string@DU?$char_traits@D@std@@V?$allocator@D@2@@std@@K@std@@@2@$0A@@std@@@std@@IAEXPAU_Node@?$_Tree_nod@V?$_Tmap_traits@V?$basic_string@DU?$char_traits@D@std@@V?$allocator@D@2@@std@@KU?$less@V?$basic_string@DU?$char_traits@D@std@@V?$allocator@D@2@@std@@@2@V?$allocator@U?$pair@$$CBV?$basic_string@DU?$char_traits@D@std@@V?$allocator@D@2@@std@@K@std@@@2@$0A@@std@@@2@@Z 04004fa0 f i MQ2Irc.obj
 0001:00004000       ?push_front@?$list@PADV?$allocator@PAD@std@@@std@@QAEXABQAD@Z 04005000 f i MQ2Irc.obj
 0001:00004040       ?_Insert@?$_Tree@V?$_Tmap_traits@V?$basic_string@DU?$char_traits@D@std@@V?$allocator@D@2@@std@@KU?$less@V?$basic_string@DU?$char_traits@D@std@@V?$allocator@D@2@@std@@@2@V?$allocator@U?$pair@$$CBV?$basic_string@DU?$char_traits@D@std@@V?$allocator@D@2@@std@@K@std@@@2@$0A@@std@@@std@@IAE?AViterator@12@_NPAU_Node@?$_Tree_nod@V?$_Tmap_traits@V?$basic_string@DU?$char_traits@D@std@@V?$allocator@D@2@@std@@KU?$less@V?$basic_string@DU?$char_traits@D@std@@V?$allocator@D@2@@std@@@2@V?$allocator@U?$pair@$$CBV?$basic_string@DU?$char_traits@D@std@@V?$allocator@D@2@@std@@K@std@@@2@$0A@@std@@@2@ABU?$pair@$$CBV?$basic_string@DU?$char_traits@D@std@@V?$allocator@D@2@@std@@K@2@@Z 04005040 f i MQ2Irc.obj
 0001:00004230       ?clear@?$_Tree@V?$_Tmap_traits@V?$basic_string@DU?$char_traits@D@std@@V?$allocator@D@2@@std@@KU?$less@V?$basic_string@DU?$char_traits@D@std@@V?$allocator@D@2@@std@@@2@V?$allocator@U?$pair@$$CBV?$basic_string@DU?$char_traits@D@std@@V?$allocator@D@2@@std@@K@std@@@2@$0A@@std@@@std@@QAEXXZ 04005230 f i MQ2Irc.obj
 0001:00004260       ?parse@@YAPADPAD@Z         04005260 f   MQ2Irc.obj
 0001:00005250       _OnPulse                   04006250 f   MQ2Irc.obj
 0001:000052e0       ?insert@?$_Tree@V?$_Tmap_traits@V?$basic_string@DU?$char_traits@D@std@@V?$allocator@D@2@@std@@KU?$less@V?$basic_string@DU?$char_traits@D@std@@V?$allocator@D@2@@std@@@2@V?$allocator@U?$pair@$$CBV?$basic_string@DU?$char_traits@D@std@@V?$allocator@D@2@@std@@K@std@@@2@$0A@@std@@@std@@QAE?AU?$pair@Viterator@?$_Tree@V?$_Tmap_traits@V?$basic_string@DU?$char_traits@D@std@@V?$allocator@D@2@@std@@KU?$less@V?$basic_string@DU?$char_traits@D@std@@V?$allocator@D@2@@std@@@2@V?$allocator@U?$pair@$$CBV?$basic_string@DU?$char_traits@D@std@@V?$allocator@D@2@@std@@K@std@@@2@$0A@@std@@@std@@_N@2@ABU?$pair@$$CBV?$basic_string@DU?$char_traits@D@std@@V?$allocator@D@2@@std@@K@2@@Z 040062e0 f i MQ2Irc.obj
 0001:00005440       ?erase@?$_Tree@V?$_Tmap_traits@V?$basic_string@DU?$char_traits@D@std@@V?$allocator@D@2@@std@@KU?$less@V?$basic_string@DU?$char_traits@D@std@@V?$allocator@D@2@@std@@@2@V?$allocator@U?$pair@$$CBV?$basic_string@DU?$char_traits@D@std@@V?$allocator@D@2@@std@@K@std@@@2@$0A@@std@@@std@@QAE?AViterator@12@Vconst_iterator@12@0@Z 04006440 f i MQ2Irc.obj
 0001:00005520       ?insert@?$_Tree@V?$_Tmap_traits@V?$basic_string@DU?$char_traits@D@std@@V?$allocator@D@2@@std@@KU?$less@V?$basic_string@DU?$char_traits@D@std@@V?$allocator@D@2@@std@@@2@V?$allocator@U?$pair@$$CBV?$basic_string@DU?$char_traits@D@std@@V?$allocator@D@2@@std@@K@std@@@2@$0A@@std@@@std@@QAE?AViterator@12@Vconst_iterator@12@ABU?$pair@$$CBV?$basic_string@DU?$char_traits@D@std@@V?$allocator@D@2@@std@@K@2@@Z 04006520 f i MQ2Irc.obj
 0001:00005750       ?_Tidy@?$_Tree@V?$_Tmap_traits@V?$basic_string@DU?$char_traits@D@std@@V?$allocator@D@2@@std@@KU?$less@V?$basic_string@DU?$char_traits@D@std@@V?$allocator@D@2@@std@@@2@V?$allocator@U?$pair@$$CBV?$basic_string@DU?$char_traits@D@std@@V?$allocator@D@2@@std@@K@std@@@2@$0A@@std@@@std@@IAEXXZ 04006750 f i MQ2Irc.obj
 0001:00005790       ??A?$map@V?$basic_string@DU?$char_traits@D@std@@V?$allocator@D@2@@std@@KU?$less@V?$basic_string@DU?$char_traits@D@std@@V?$allocator@D@2@@std@@@2@V?$allocator@U?$pair@$$CBV?$basic_string@DU?$char_traits@D@std@@V?$allocator@D@2@@std@@K@std@@@2@@std@@QAEAAKABV?$basic_string@DU?$char_traits@D@std@@V?$allocator@D@2@@1@@Z 04006790 f i MQ2Irc.obj
 0001:000058b0       ??1?$_Tree@V?$_Tmap_traits@V?$basic_string@DU?$char_traits@D@std@@V?$allocator@D@2@@std@@KU?$less@V?$basic_string@DU?$char_traits@D@std@@V?$allocator@D@2@@std@@@2@V?$allocator@U?$pair@$$CBV?$basic_string@DU?$char_traits@D@std@@V?$allocator@D@2@@std@@K@std@@@2@$0A@@std@@@std@@QAE@XZ 040068b0 f i MQ2Irc.obj
 0001:00005920       ?AddMember@MQ2Type@MQ2Internal@@IAEHKPAD@Z 04006920 f i MQ2Irc.obj
 0001:00005a80       ??1?$map@V?$basic_string@DU?$char_traits@D@std@@V?$allocator@D@2@@std@@KU?$less@V?$basic_string@DU?$char_traits@D@std@@V?$allocator@D@2@@std@@@2@V?$allocator@U?$pair@$$CBV?$basic_string@DU?$char_traits@D@std@@V?$allocator@D@2@@std@@K@std@@@2@@std@@QAE@XZ 04006a80 f i MQ2Irc.obj
 0001:00005a90       ??0?$map@V?$basic_string@DU?$char_traits@D@std@@V?$allocator@D@2@@std@@KU?$less@V?$basic_string@DU?$char_traits@D@std@@V?$allocator@D@2@@std@@@2@V?$allocator@U?$pair@$$CBV?$basic_string@DU?$char_traits@D@std@@V?$allocator@D@2@@std@@K@std@@@2@@std@@QAE@XZ 04006a90 f i MQ2Irc.obj
 0001:00005ab0       ??0MQ2Type@MQ2Internal@@QAE@PAD@Z 04006ab0 f i MQ2Irc.obj
 0001:00005b40       ?InitVariable@MQ2Type@MQ2Internal@@UAEXAAU_MQ2VarPtr@2@@Z 04006b40 f i MQ2Irc.obj
 0001:00005b50       ?FreeVariable@MQ2Type@MQ2Internal@@UAEXAAU_MQ2VarPtr@2@@Z 04006b50 f i MQ2Irc.obj
 0001:00005b60       ?ToString@MQ2Type@MQ2Internal@@UAE_NU_MQ2VarPtr@2@PAD@Z 04006b60 f i MQ2Irc.obj
 0001:00005b80       ??1MQ2Type@MQ2Internal@@QAE@XZ 04006b80 f i MQ2Irc.obj
 0001:00005c20       ??0MQ2IrcType@@QAE@XZ      04006c20 f i MQ2Irc.obj
 0001:00005ca0       ?ToString@MQ2IrcType@@UAE_NU_MQ2VarPtr@MQ2Internal@@PAD@Z 04006ca0 f i MQ2Irc.obj
 0001:00005ce0       ?FromData@MQ2IrcType@@UAE_NAAU_MQ2VarPtr@MQ2Internal@@AAU_MQ2TypeVar@3@@Z 04006ce0 f i MQ2Irc.obj
 0001:00005cf0       ?FromString@MQ2IrcType@@UAE_NAAU_MQ2VarPtr@MQ2Internal@@PAD@Z 04006cf0 f i MQ2Irc.obj
 0001:00005d00       ?FindMember@MQ2Type@MQ2Internal@@QAEPAU_MQ2TypeMember@2@PAD@Z 04006d00 f i MQ2Irc.obj
 0001:00005dc0       ?GetMember@MQ2IrcType@@UAE_NU_MQ2VarPtr@MQ2Internal@@PAD1AAU_MQ2TypeVar@3@@Z 04006dc0 f i MQ2Irc.obj
 0001:00005eb0       ??1MQ2IrcType@@QAE@XZ      04006eb0 f i MQ2Irc.obj
 0001:00005ec0       _InitializePlugin          04006ec0 f   MQ2Irc.obj
 0001:00006210       ??_GMQ2IrcType@@QAEPAXI@Z  04007210 f i MQ2Irc.obj
 0001:00006240       _ShutdownPlugin            04007240 f   MQ2Irc.obj
 0001:000062ba       _send@16                   040072ba f   wsock32:WSOCK32.dll
 0001:000062c0       _ioctlsocket@12            040072c0 f   wsock32:WSOCK32.dll
 0001:000062c6       _connect@12                040072c6 f   wsock32:WSOCK32.dll
 0001:000062cc       _htons@4                   040072cc f   wsock32:WSOCK32.dll
 0001:000062d2       _socket@12                 040072d2 f   wsock32:WSOCK32.dll
 0001:000062d8       _WSACleanup@0              040072d8 f   wsock32:WSOCK32.dll
 0001:000062de       _gethostbyname@4           040072de f   wsock32:WSOCK32.dll
 0001:000062e4       _WSAStartup@8              040072e4 f   wsock32:WSOCK32.dll
 0001:000062ea       _recv@16                   040072ea f   wsock32:WSOCK32.dll
 0001:000062f0       _EnterCriticalSection@4    040072f0 f   kernel32:KERNEL32.dll
 0001:000062f6       _LeaveCriticalSection@4    040072f6 f   kernel32:KERNEL32.dll
 0001:000062fc       _Sleep@4                   040072fc f   kernel32:KERNEL32.dll
 0001:00006302       _CreateThread@24           04007302 f   kernel32:KERNEL32.dll
 0001:00006308       _WritePrivateProfileStringA@16 04007308 f   kernel32:KERNEL32.dll
 0001:0000630e       _GetPrivateProfileStringA@24 0400730e f   kernel32:KERNEL32.dll
 0001:00006314       _InitializeCriticalSection@4 04007314 f   kernel32:KERNEL32.dll
 0001:0000631a       _DeleteCriticalSection@4   0400731a f   kernel32:KERNEL32.dll
 0001:00006320       _GetPrivateProfileIntA@16  04007320 f   kernel32:KERNEL32.dll
 0001:00006326       _DebugSpewAlways           04007326 f   mq2main:MQ2Main.dll
 0001:0000632c       _WriteChatColor            0400732c f   mq2main:MQ2Main.dll
 0001:00006332       ??1CXStr@EQClasses@@QAE@XZ 04007332 f   mq2main:MQ2Main.dll
 0001:00006338       ?SetVScrollPos@CXWnd@EQClasses@@QAEHH@Z 04007338 f   mq2main:MQ2Main.dll
 0001:0000633e       ?AppendSTML@CStmlWnd@EQClasses@@QAEAAVCXSize@2@PAV32@VCXStr@2@@Z 0400733e f   mq2main:MQ2Main.dll
 0001:00006344       ??0CXStr@EQClasses@@QAE@ABV01@@Z 04007344 f   mq2main:MQ2Main.dll
 0001:0000634a       ??0CXStr@EQClasses@@QAE@PBD@Z 0400734a f   mq2main:MQ2Main.dll
 0001:00006350       _MQToSTML                  04007350 f   mq2main:MQ2Main.dll
 0001:00006356       _CheckChatForEvent         04007356 f   mq2main:MQ2Main.dll
 0001:0000635c       _StripMQChat               0400735c f   mq2main:MQ2Main.dll
 0001:00006362       ?Show@CXWnd@EQClasses@@QAEH_N0@Z 04007362 f   mq2main:MQ2Main.dll
 0001:00006368       _SetCXStr                  04007368 f   mq2main:MQ2Main.dll
 0001:0000636e       _GetArg                    0400736e f   mq2main:MQ2Main.dll
 0001:00006374       ??1CSidlScreenWnd@EQClasses@@QAE@XZ 04007374 f   mq2main:MQ2Main.dll
 0001:0000637a       ?CreateChildrenFromSidl@CSidlScreenWnd@EQClasses@@QAEXXZ 0400737a f   mq2main:MQ2Main.dll
 0001:00006380       ??0CSidlScreenWnd@EQClasses@@QAE@PAVCXWnd@1@PAVCXStr@1@HHPAD@Z 04007380 f   mq2main:MQ2Main.dll
 0001:00006386       ?WndNotification@CSidlScreenWnd@EQClasses@@QAEHPAVCXWnd@2@IPAX@Z 04007386 f   mq2main:MQ2Main.dll
 0001:0000638c       _DebugSpew                 0400738c f   mq2main:MQ2Main.dll
 0001:00006392       ?ClrFocus@CXWnd@EQClasses@@QAEXXZ 04007392 f   mq2main:MQ2Main.dll
 0001:00006398       _GetCXStr                  04007398 f   mq2main:MQ2Main.dll
 0001:0000639e       ?SetMaxChars@CEditBaseWnd@EQClasses@@QAEXH@Z 0400739e f   mq2main:MQ2Main.dll
 0001:000063a4       ?GetChildItem@CSidlScreenWnd@EQClasses@@QAEPAVCXWnd@2@PAD@Z 040073a4 f   mq2main:MQ2Main.dll
 0001:000063aa       _AddMQ2Type                040073aa f   mq2main:MQ2Main.dll
 0001:000063b0       _RemoveMQ2Type             040073b0 f   mq2main:MQ2Main.dll
 0001:000063b6       _AddMQ2Data                040073b6 f   mq2main:MQ2Main.dll
 0001:000063bc       _AddCommand                040073bc f   mq2main:MQ2Main.dll
 0001:000063c2       _RemoveMQ2Data             040073c2 f   mq2main:MQ2Main.dll
 0001:000063c8       _RemoveCommand             040073c8 f   mq2main:MQ2Main.dll
 0001:000063ce       ??0invalid_argument@std@@QAE@ABV?$basic_string@DU?$char_traits@D@std@@V?$allocator@D@2@@1@@Z 040073ce f i libcpmt:string.obj
 0001:000063eb       ??1invalid_argument@std@@UAE@XZ 040073eb f i libcpmt:string.obj
 0001:000063f6       ??_Ginvalid_argument@std@@UAEPAXI@Z 040073f6 f i libcpmt:string.obj
 0001:000063f6       ??_Einvalid_argument@std@@UAEPAXI@Z 040073f6 f i libcpmt:string.obj
 0001:0000641d       ?_Xlen@_String_base@std@@SAXXZ 0400741d f   libcpmt:string.obj
 0001:00006455       ?_Xran@_String_base@std@@SAXXZ 04007455 f   libcpmt:string.obj
 0001:0000648d       ?_Xinvarg@_String_base@std@@SAXXZ 0400748d f   libcpmt:string.obj
 0001:000064c5       ??0invalid_argument@std@@QAE@ABV01@@Z 040074c5 f i libcpmt:string.obj
 0001:000064e2       ??_U@YAPAXI@Z              040074e2 f   libcpmt:newaop.obj
 0001:00006500       _strchr                    04007500 f   LIBCMT:strchr.obj
 0001:00006506       ___from_strstr_to_strchr   04007506     LIBCMT:strchr.obj
 0001:000065be       ??0exception@std@@QAE@XZ   040075be f   LIBCMT:stdexcpt.obj
 0001:000065cf       ??0exception@std@@QAE@ABQBD@Z 040075cf f   LIBCMT:stdexcpt.obj
 0001:00006622       ??0exception@std@@QAE@ABQBDH@Z 04007622 f   LIBCMT:stdexcpt.obj
 0001:0000663f       ??0exception@std@@QAE@ABV01@@Z 0400763f f   LIBCMT:stdexcpt.obj
 0001:0000669c       ??4exception@std@@QAEAAV01@ABV01@@Z 0400769c f   LIBCMT:stdexcpt.obj
 0001:000066f7       ??1exception@std@@UAE@XZ   040076f7 f   LIBCMT:stdexcpt.obj
 0001:0000670d       ?what@exception@std@@UBEPBDXZ 0400770d f   LIBCMT:stdexcpt.obj
 0001:0000671a       ??0bad_cast@std@@QAE@PBD@Z 0400771a f   LIBCMT:stdexcpt.obj
 0001:00006738       ??0bad_cast@std@@QAE@ABV01@@Z 04007738 f   LIBCMT:stdexcpt.obj
 0001:00006755       ??1bad_cast@std@@UAE@XZ    04007755 f   LIBCMT:stdexcpt.obj
 0001:00006760       ??0bad_typeid@std@@QAE@PBD@Z 04007760 f   LIBCMT:stdexcpt.obj
 0001:0000677e       ??0bad_typeid@std@@QAE@ABV01@@Z 0400777e f   LIBCMT:stdexcpt.obj
 0001:0000679b       ??1bad_typeid@std@@UAE@XZ  0400779b f   LIBCMT:stdexcpt.obj
 0001:000067a6       ??0__non_rtti_object@std@@QAE@PBD@Z 040077a6 f   LIBCMT:stdexcpt.obj
 0001:000067c3       ??0__non_rtti_object@std@@QAE@ABV01@@Z 040077c3 f   LIBCMT:stdexcpt.obj
 0001:000067e0       ??1__non_rtti_object@std@@UAE@XZ 040077e0 f   LIBCMT:stdexcpt.obj
 0001:000067eb       ??_Eexception@std@@UAEPAXI@Z 040077eb f i LIBCMT:stdexcpt.obj
 0001:000067eb       ??_Gexception@std@@UAEPAXI@Z 040077eb f i LIBCMT:stdexcpt.obj
 0001:0000680c       ??_Gbad_cast@std@@UAEPAXI@Z 0400780c f i LIBCMT:stdexcpt.obj
 0001:0000680c       ??_Ebad_cast@std@@UAEPAXI@Z 0400780c f i LIBCMT:stdexcpt.obj
 0001:00006833       ??_Ebad_typeid@std@@UAEPAXI@Z 04007833 f i LIBCMT:stdexcpt.obj
 0001:00006833       ??_Gbad_typeid@std@@UAEPAXI@Z 04007833 f i LIBCMT:stdexcpt.obj
 0001:0000685a       ??_E__non_rtti_object@std@@UAEPAXI@Z 0400785a f i LIBCMT:stdexcpt.obj
 0001:0000685a       ??_G__non_rtti_object@std@@UAEPAXI@Z 0400785a f i LIBCMT:stdexcpt.obj
 0001:00006881       ?name@type_info@@QBEPBDPAU__type_info_node@@@Z 04007881 f   LIBCMT:typinfo.obj
 0001:00006895       ??1type_info@@UAE@XZ       04007895 f   LIBCMT:typinfo.obj
 0001:000068a5       ??_Gtype_info@@UAEPAXI@Z   040078a5 f i LIBCMT:typinfo.obj
 0001:000068a5       ??_Etype_info@@UAEPAXI@Z   040078a5 f i LIBCMT:typinfo.obj
 0001:000068c6       ?_name_internal_method@type_info@@QBEPBDPAU__type_info_node@@@Z 040078c6 f   LIBCMT:typinfo.obj
 0001:000068da       ?_type_info_dtor_internal_method@type_info@@QAEXXZ 040078da f   LIBCMT:typinfo.obj
 0001:000068e4       ??8type_info@@QBE_NABV0@@Z 040078e4 f   LIBCMT:typinfo.obj
 0001:00006904       ??9type_info@@QBE_NABV0@@Z 04007904 f   LIBCMT:typinfo.obj
 0001:00006925       ?before@type_info@@QBEHABV1@@Z 04007925 f   LIBCMT:typinfo.obj
 0001:00006949       ?raw_name@type_info@@QBEPBDXZ 04007949 f   LIBCMT:typinfo.obj
 0001:0000694d       ??0type_info@@AAE@ABV0@@Z  0400794d f   LIBCMT:typinfo.obj
 0001:00006958       ??4type_info@@AAEAAV0@ABV0@@Z 04007958 f   LIBCMT:typinfo.obj
 0001:0000695d       ??3@YAXPAX@Z               0400795d f   LIBCMT:delete.obj
 0001:00006968       _memcpy_s                  04007968 f   LIBCMT:memcpy_s.obj
 0001:000069e5       _memmove_s                 040079e5 f   LIBCMT:memmove_s.obj
 0001:00006a42       ??0bad_alloc@std@@QAE@XZ   04007a42 f i LIBCMT:new.obj
 0001:00006a5d       ??2@YAPAXI@Z               04007a5d f   LIBCMT:new.obj
 0001:00006ac2       _sprintf                   04007ac2 f   LIBCMT:sprintf.obj
 0001:00006b3f       __sprintf_l                04007b3f f   LIBCMT:sprintf.obj
 0001:00006b5b       _sprintf_s                 04007b5b f   LIBCMT:sprintf.obj
 0001:00006b79       __sprintf_s_l              04007b79 f   LIBCMT:sprintf.obj
 0001:00006b98       __snprintf_s               04007b98 f   LIBCMT:sprintf.obj
 0001:00006bb9       __snprintf_s_l             04007bb9 f   LIBCMT:sprintf.obj
 0001:00006bdb       __sprintf_p                04007bdb f   LIBCMT:sprintf.obj
 0001:00006bf9       __sprintf_p_l              04007bf9 f   LIBCMT:sprintf.obj
 0001:00006c18       __scprintf                 04007c18 f   LIBCMT:sprintf.obj
 0001:00006c2d       __scprintf_p               04007c2d f   LIBCMT:sprintf.obj
 0001:00006c42       __scprintf_l               04007c42 f   LIBCMT:sprintf.obj
 0001:00006c5b       __scprintf_p_l             04007c5b f   LIBCMT:sprintf.obj
 0001:00006c74       ?_JumpToContinuation@@YGXPAXPAUEHRegistrationNode@@@Z 04007c74 f   LIBCMT:_trnsctrl_.obj
 0001:00006ca6       ?_CallMemberFunction0@@YGXPAX0@Z 04007ca6 f   LIBCMT:_trnsctrl_.obj
 0001:00006cad       ?_CallMemberFunction1@@YGXPAX00@Z 04007cad f   LIBCMT:_trnsctrl_.obj
 0001:00006cb4       ?_CallMemberFunction2@@YGXPAX00H@Z 04007cb4 f   LIBCMT:_trnsctrl_.obj
 0001:00006cbb       ?_UnwindNestedFrames@@YGXPAUEHRegistrationNode@@PAUEHExceptionRecord@@@Z 04007cbb f   LIBCMT:_trnsctrl_.obj
 0001:00006d0f       ___CxxFrameHandler         04007d0f f   LIBCMT:_trnsctrl_.obj
 0001:00006d45       ___CxxFrameHandler3        04007d45 f   LIBCMT:_trnsctrl_.obj
 0001:00006d7b       ___CxxFrameHandler2        04007d7b f   LIBCMT:_trnsctrl_.obj
 0001:00006db1       ___CxxLongjmpUnwind@4      04007db1 f   LIBCMT:_trnsctrl_.obj
 0001:00006e03       ?_CallSETranslator@@YAHPAUEHExceptionRecord@@PAUEHRegistrationNode@@PAX2PBU_s_FuncInfo@@H1@Z 04007e03 f   LIBCMT:_trnsctrl_.obj
 0001:00006f79       ?_GetRangeOfTrysToCheck@@YAPBU_s_TryBlockMapEntry@@PBU_s_FuncInfo@@HHPAI1@Z 04007f79 f   LIBCMT:_trnsctrl_.obj
 0001:00006fee       __CreateFrameInfo          04007fee f   LIBCMT:_trnsctrl_.obj
 0001:0000701a       __IsExceptionObjectToBeDestroyed 0400801a f   LIBCMT:_trnsctrl_.obj
 0001:00007041       __FindAndUnlinkFrame       04008041 f   LIBCMT:_trnsctrl_.obj
 0001:00007093       ?_CallCatchBlock2@@YAPAXPAUEHRegistrationNode@@PBU_s_FuncInfo@@PAXHK@Z 04008093 f   LIBCMT:_trnsctrl_.obj
 0001:000070f3       _atol                      040080f3 f   LIBCMT:atox.obj
 0001:00007109       __atol_l                   04008109 f   LIBCMT:atox.obj
 0001:00007122       _atoi                      04008122 f   LIBCMT:atox.obj
 0001:0000712d       __atoi_l                   0400812d f   LIBCMT:atox.obj
 0001:00007138       __atoi64                   04008138 f   LIBCMT:atox.obj
 0001:0000714e       __atoi64_l                 0400814e f   LIBCMT:atox.obj
 0001:00007170       __alloca_probe             04008170     LIBCMT:chkstk.obj
 0001:00007170       __chkstk                   04008170 f   LIBCMT:chkstk.obj
 0001:000071a0       _memset                    040081a0 f   LIBCMT:memset.obj
 0001:0000721a       _free                      0400821a f   LIBCMT:free.obj
 0001:000072a8       __initp_misc_invarg        040082a8 f   LIBCMT:invarg.obj
 0001:000072b7       __invoke_watson            040082b7 f   LIBCMT:invarg.obj
 0001:000073df       __set_invalid_parameter_handler 040083df f   LIBCMT:invarg.obj
 0001:00007406       __get_invalid_parameter_handler 04008406 f   LIBCMT:invarg.obj
 0001:00007413       ?_invoke_watson@@YAXPBG00II@Z 04008413 f   LIBCMT:invarg.obj
 0001:0000741e       __invalid_parameter        0400841e f   LIBCMT:invarg.obj
 0001:00007444       __invalid_parameter_noinfo 04008444 f   LIBCMT:invarg.obj
 0001:00007454       ?_invalid_parameter@@YAXPBG00II@Z 04008454 f   LIBCMT:invarg.obj
 0001:0000745f       _V6_HeapAlloc              0400845f f   LIBCMT:malloc.obj
 0001:000074ae       __heap_alloc               040084ae f i LIBCMT:malloc.obj
 0001:00007528       _malloc                    04008528 f   LIBCMT:malloc.obj
 0001:00007600       _memcpy                    04008600 f   LIBCMT:memcpy.obj
 0001:00007965       __CxxThrowException@8      04008965 f   LIBCMT:throw.obj
 0001:000079c0       _strncpy                   040089c0 f   LIBCMT:strncpy.obj
 0001:00007ae4       __purecall                 04008ae4 f   LIBCMT:purevirt.obj
 0001:00007b0e       __set_purecall_handler     04008b0e f   LIBCMT:purevirt.obj
 0001:00007b35       __get_purecall_handler     04008b35 f   LIBCMT:purevirt.obj
 0001:00007bfc       ___onexitinit              04008bfc f   LIBCMT:onexit.obj
 0001:00007c2d       __onexit                   04008c2d f   LIBCMT:onexit.obj
 0001:00007c69       _atexit                    04008c69 f   LIBCMT:onexit.obj
 0001:00007c80       __CRT_INIT@12              04008c80 f   LIBCMT:dllcrt0.obj
 0001:00007eab       __DllMainCRTStartup@12     04008eab f   LIBCMT:dllcrt0.obj
 0001:00007ed0       _strlen                    04008ed0 f   LIBCMT:strlen.obj
 0001:00007f5b       @__security_check_cookie@4 04008f5b f   LIBCMT:secchk.obj
 0001:00007f6a       __EH_prolog3               04008f6a f   LIBCMT:ehprolg3.obj
 0001:00007f9d       __EH_prolog3_catch         04008f9d f   LIBCMT:ehprolg3.obj
 0001:00007fd3       __EH_prolog3_GS            04008fd3 f   LIBCMT:ehprolg3.obj
 0001:00008009       __EH_prolog3_catch_GS      04009009 f   LIBCMT:ehprolg3.obj
 0001:00008042       __EH_epilog3               04009042 f   LIBCMT:ehprolg3.obj
 0001:00008056       __EH_epilog3_GS            04009056 f   LIBCMT:ehprolg3.obj
 0001:00008065       __EH_epilog3_catch_GS      04009065 f   LIBCMT:ehprolg3.obj
 0001:00008074       _strcpy_s                  04009074 f   LIBCMT:strcpy_s.obj
 0001:000080dc       __invoke_watson_if_error   040090dc f i LIBCMT:typname.obj
 0001:00008100       ?_Type_info_dtor@type_info@@CAXPAV1@@Z 04009100 f   LIBCMT:typname.obj
 0001:00008170       ?_Name_base@type_info@@CAPBDPBV1@PAU__type_info_node@@@Z 04009170 f   LIBCMT:typname.obj
 0001:00008265       ?_Type_info_dtor_internal@type_info@@CAXPAV1@@Z 04009265 f   LIBCMT:typname.obj
 0001:000082d5       ___unDNameHelper           040092d5 f   LIBCMT:typname.obj
 0001:00008308       ?_Name_base_internal@type_info@@CAPBDPBV1@PAU__type_info_node@@@Z 04009308 f   LIBCMT:typname.obj
 0001:00008417       ___clean_type_info_names_internal 04009417 f   LIBCMT:typname.obj
 0001:00008470       _strcmp                    04009470 f   LIBCMT:strcmp.obj
 0001:000084f8       __get_errno_from_oserr     040094f8 f   LIBCMT:dosmap.obj
 0001:0000853a       __errno                    0400953a f   LIBCMT:dosmap.obj
 0001:0000854d       ___doserrno                0400954d f   LIBCMT:dosmap.obj
 0001:00008560       __dosmaperr                04009560 f   LIBCMT:dosmap.obj
 0001:00008583       __set_errno                04009583 f   LIBCMT:dosmap.obj
 0001:000085a4       __get_errno                040095a4 f   LIBCMT:dosmap.obj
 0001:000085d3       __set_doserrno             040095d3 f   LIBCMT:dosmap.obj
 0001:000085f4       __get_doserrno             040095f4 f   LIBCMT:dosmap.obj
 0001:00008630       _memmove                   04009630 f   LIBCMT:memmove.obj
 0001:00008995       __initp_heap_handler       04009995 f   LIBCMT:handler.obj
 0001:000089a4       ?_set_new_handler@@YAP6AHI@ZP6AHI@Z@Z 040099a4 f   LIBCMT:handler.obj
 0001:000089da       ?_set_new_handler@@YAP6AHI@ZH@Z 040099da f   LIBCMT:handler.obj
 0001:000089e3       ?_query_new_handler@@YAP6AHI@ZXZ 040099e3 f   LIBCMT:handler.obj
 0001:000089f0       __callnewh                 040099f0 f   LIBCMT:handler.obj
 0001:00008a18       __flsbuf                   04009a18 f   LIBCMT:_flsbuf.obj
 0001:00008b7c       ??0_LocaleUpdate@@QAE@PAUlocaleinfo_struct@@@Z 04009b7c f i LIBCMT:output.obj
 0001:00008c03       ??1_LocaleUpdate@@QAE@XZ   04009c03 f i LIBCMT:output.obj
 0001:00008c11       ?GetLocaleT@_LocaleUpdate@@QAEPAUlocaleinfo_struct@@XZ 04009c11 f i LIBCMT:output.obj
 0001:00008cba       _get_int_arg               04009cba f i LIBCMT:output.obj
 0001:00008ccc       _get_int64_arg             04009ccc f i LIBCMT:output.obj
 0001:00008ce1       _get_short_arg             04009ce1 f i LIBCMT:output.obj
 0001:00008cf4       __output_l                 04009cf4 f   LIBCMT:output.obj
 0001:0000988c       __vsprintf_l               0400a88c f   LIBCMT:vsprintf.obj
 0001:0000990a       _vsprintf                  0400a90a f   LIBCMT:vsprintf.obj
 0001:00009924       __vscprintf_helper         0400a924 f   LIBCMT:vsprintf.obj
 0001:0000997b       __vscprintf                0400a97b f   LIBCMT:vsprintf.obj
 0001:00009997       __vscprintf_l              0400a997 f   LIBCMT:vsprintf.obj
 0001:000099b4       __vscprintf_p              0400a9b4 f   LIBCMT:vsprintf.obj
 0001:000099d0       __vscprintf_p_l            0400a9d0 f   LIBCMT:vsprintf.obj
 0001:000099ed       __vsnprintf_helper         0400a9ed f   LIBCMT:vsnprnc.obj
 0001:00009ab9       __vsnprintf_c              0400aab9 f   LIBCMT:vsnprnc.obj
 0001:00009ae2       __vsnprintf_c_l            0400aae2 f   LIBCMT:vsnprnc.obj
 0001:00009b0c       __vsprintf_s_l             0400ab0c f   LIBCMT:vsnprnc.obj
 0001:00009b94       _vsprintf_s                0400ab94 f   LIBCMT:vsnprnc.obj
 0001:00009bb1       __vsnprintf_s_l            0400abb1 f   LIBCMT:vsnprnc.obj
 0001:00009cb8       __vsnprintf_s              0400acb8 f   LIBCMT:vsnprnc.obj
 0001:00009cd8       __vsprintf_p               0400acd8 f   LIBCMT:vsnprnc.obj
 0001:00009d01       __vsprintf_p_l             0400ad01 f   LIBCMT:vsnprnc.obj
 0001:00009d2b       ??0bad_exception@std@@QAE@PBD@Z 0400ad2b f i LIBCMT:frame.obj
 0001:00009d49       ??1bad_exception@std@@UAE@XZ 0400ad49 f i LIBCMT:frame.obj
 0001:00009d54       ??_Gbad_exception@std@@UAEPAXI@Z 0400ad54 f i LIBCMT:frame.obj
 0001:00009d54       ??_Ebad_exception@std@@UAEPAXI@Z 0400ad54 f i LIBCMT:frame.obj
[...]
 0001:00006dd0       ?CatchGuardHandler@@YA?AW4_EXCEPTION_DISPOSITION@@PAUEHExceptionRecord@@PAUCatchGuardRN@@PAX2@Z 04007dd0 f   LIBCMT:_trnsctrl_.obj
 0001:00006eda       ?TranslatorGuardHandler@@YA?AW4_EXCEPTION_DISPOSITION@@PAUEHExceptionRecord@@PAUTranslatorGuardRN@@PAX2@Z 04007eda f   LIBCMT:_trnsctrl_.obj
 0001:00007b42       __onexit_nolock            04008b42 f   LIBCMT:onexit.obj
 0001:00007db5       ___DllMainCRTStartup       04008db5 f   LIBCMT:dllcrt0.obj
 0001:00008c14       _write_char                04009c14 f   LIBCMT:output.obj
 0001:00008c47       _write_multi_char          04009c47 f   LIBCMT:output.obj
 0001:00008c6d       _write_string              04009c6d f   LIBCMT:output.obj
 0001:00009f04       ?ExFilterRethrow@@YAHPAU_EXCEPTION_POINTERS@@@Z 0400af04 f   LIBCMT:frame.obj
 0001:0000a2f8       ?IsInExceptionSpec@@YAEPAUEHExceptionRecord@@PBU_s_ESTypeList@@@Z 0400b2f8 f   LIBCMT:frame.obj
 0001:0000a373       ?CallUnexpected@@YAXPBU_s_ESTypeList@@@Z 0400b373 f   LIBCMT:frame.obj
 0001:0000a3a4       __catch$?CallUnexpected@@YAXPBU_s_ESTypeList@@@Z$0 0400b3a4 f   LIBCMT:frame.obj
 0001:0000a3bc       ?Is_bad_exception_allowed@@YAEPBU_s_ESTypeList@@@Z 0400b3bc f   LIBCMT:frame.obj
 0001:0000a474       ?CallCatchBlock@@YAPAXPAUEHExceptionRecord@@PAUEHRegistrationNode@@PAU_CONTEXT@@PBU_s_FuncInfo@@PAXHK@Z 0400b474 f   LIBCMT:frame.obj
 0001:0000a966       ?CatchIt@@YAXPAUEHExceptionRecord@@PAUEHRegistrationNode@@PAU_CONTEXT@@PAXPBU_s_FuncInfo@@PBU_s_HandlerType@@PBU_s_CatchableType@@PBU_s_TryBlockMapEntry@@H1E@Z 0400b966 f   LIBCMT:frame.obj
 0001:0000a9d4       ?FindHandlerForForeignException@@YAXPAUEHExceptionRecord@@PAUEHRegistrationNode@@PAU_CONTEXT@@PAXPBU_s_FuncInfo@@HH1@Z 0400b9d4 f   LIBCMT:frame.obj
 0001:0000aac8       ?FindHandler@@YAXPAUEHExceptionRecord@@PAUEHRegistrationNode@@PAU_CONTEXT@@PAXPBU_s_FuncInfo@@EH1@Z 0400bac8 f   LIBCMT:frame.obj
 0001:0000b66c       ?strtoxl@@YAKPAUlocaleinfo_struct@@PBDPAPBDHH@Z 0400c66c f   LIBCMT:strtol.obj
 0001:0000b92c       ?strtoxq@@YA_KPAUlocaleinfo_struct@@PBDPAPBDHH@Z 0400c92c f   LIBCMT:strtoq.obj
 0001:0000bc54       _fastzero_I                0400cc54 f   LIBCMT:p4_memset.obj
 0001:0000bd3a       _has_osfxsr_set            0400cd3a f   LIBCMT:cpu_disp.obj
 0001:0000d0f0       _ValidateLocalCookies      0400e0f0 f   LIBCMT:chandler4.obj
 0001:0000d362       __initterm                 0400e362 f   LIBCMT:crt0dat.obj
 0001:0000d4a0       _doexit                    0400e4a0 f   LIBCMT:crt0dat.obj
 0001:0000d86e       _fastcopy_I                0400e86e f   LIBCMT:p4_memcpy.obj
 0001:0000e23c       _parse_cmdline             0400f23c f   LIBCMT:stdargv.obj
 0001:0000e615       _xcptlookup                0400f615 f   LIBCMT:winxfltr.obj
 0001:0000f3d0       ?und_strlen@@YAIPBD@Z      040103d0 f   LIBCMT:undname.obj
 0001:0000f3de       ?und_memcpy@@YAXPADPBDI@Z  040103de f   LIBCMT:undname.obj
 0001:0000f3f4       ?und_strncmp@@YAIPBD0I@Z   040103f4 f   LIBCMT:undname.obj
 0001:00013d68       __unwind_handler4          04014d68 f   LIBCMT:exsup4.obj
 0001:00014a6c       ?CPtoLCID@@YAHH@Z          04015a6c f   LIBCMT:mbctype.obj
 0001:00014a9b       ?setSBCS@@YAXPAUthreadmbcinfostruct@@@Z 04015a9b f   LIBCMT:mbctype.obj
 0001:00014aff       ?setSBUpLow@@YAXPAUthreadmbcinfostruct@@@Z 04015aff f   LIBCMT:mbctype.obj
 0001:00014d36       ?getSystemCP@@YAHH@Z       04015d36 f   LIBCMT:mbctype.obj
 0001:0001540a       __copytlocinfo_nolock      0401640a f   LIBCMT:setlocal.obj
 0001:00015430       __updatetlocinfoEx_nolock  04016430 f   LIBCMT:setlocal.obj
 0001:0001554e       _sync_legacy_variables_lk  0401654e f   LIBCMT:setlocal.obj
 0001:000158fb       __setlocale_get_all        040168fb f   LIBCMT:setlocal.obj
 0001:00015ca9       __setlocale_set_cat        04016ca9 f   LIBCMT:setlocal.obj
 0001:00015fab       __setlocale_nolock         04016fab f   LIBCMT:setlocal.obj
 0001:00016c80       _write_char                04017c80 f   LIBCMT:outputp.obj
 0001:00016cb3       _write_multi_char          04017cb3 f   LIBCMT:outputp.obj
 0001:00016cd9       _write_string              04017cd9 f   LIBCMT:outputp.obj
 0001:00017ffb       _write_char                04018ffb f   LIBCMT:outputs.obj
 0001:0001802e       _write_multi_char          0401902e f   LIBCMT:outputs.obj
 0001:00018054       _write_string              04019054 f   LIBCMT:outputs.obj
 0001:00018cc8       __unwind_handler           04019cc8 f   LIBCMT:exsup.obj
 0001:000190eb       _ctrlevent_capture@4       0401a0eb f   LIBCMT:winsig.obj
 0001:00019186       _siglookup                 0401a186 f   LIBCMT:winsig.obj
 0001:0001a00f       ?__crtGetLocaleInfoW_stat@@YAHPAUlocaleinfo_struct@@KKPA_WHH@Z 0401b00f f   LIBCMT:w_loc.obj
 0001:0001a092       ?__crtGetLocaleInfoA_stat@@YAHPAUlocaleinfo_struct@@KKPADHH@Z 0401b092 f   LIBCMT:a_loc.obj
 0001:0001a5c2       ?x_ismbbtype_l@@YAHPAUlocaleinfo_struct@@IHH@Z 0401b5c2 f   LIBCMT:ismbbyte.obj
 0001:0001b19e       _flsall                    0401c19e f   LIBCMT:fflush.obj
 0001:0001b2d4       ?strncnt@@YAHPBDH@Z        0401c2d4 f   LIBCMT:a_map.obj
 0001:0001b2f2       ?__crtLCMapStringA_stat@@YAHPAUlocaleinfo_struct@@KKPBDHPADHHH@Z 0401c2f2 f   LIBCMT:a_map.obj
 0001:0001b6dc       ?__crtGetStringTypeA_stat@@YAHPAUlocaleinfo_struct@@KPBDHPAGHHH@Z 0401c6dc f   LIBCMT:a_str.obj
 0001:0001b907       __get_lc_time              0401c907 f   LIBCMT:inittime.obj
 0001:0001bf30       _fix_grouping              0401cf30 f   LIBCMT:initnum.obj
 0001:0001c172       _fix_grouping              0401d172 f   LIBCMT:initmon.obj
 0001:0001cec7       ?_store_str@@YAXPADPAPADPAI@Z 0401dec7 f   LIBCMT:strftime.obj
 0001:0001cee7       ?_store_number@@YAXHPAPADPAI@Z 0401dee7 f   LIBCMT:strftime.obj
 0001:0001cf1d       ?_store_num@@YAXHHPAPADPAII@Z 0401df1d f   LIBCMT:strftime.obj
 0001:0001cf98       ?_expandtime@@YAHPAUlocaleinfo_struct@@DPBUtm@@PAPADPAIPAU__lc_time_data@@I@Z 0401df98 f   LIBCMT:strftime.obj
 0001:0001d380       ?_store_winword@@YAHPAUlocaleinfo_struct@@HPBUtm@@PAPADPAIPAU__lc_time_data@@@Z 0401e380 f   LIBCMT:strftime.obj
 0001:0001da56       _TranslateName             0401ea56 f   LIBCMT:getqloc.obj
 0001:0001dab8       _GetLcidFromDefault        0401eab8 f   LIBCMT:getqloc.obj
 0001:0001dacc       _ProcessCodePage           0401eacc f   LIBCMT:getqloc.obj
 0001:0001db70       _TestDefaultCountry        0401eb70 f   LIBCMT:getqloc.obj
 0001:0001db94       _LcidFromHexString         0401eb94 f   LIBCMT:getqloc.obj
 0001:0001dbc8       _GetPrimaryLen             0401ebc8 f   LIBCMT:getqloc.obj
 0001:0001dbe3       _CountryEnumProc@4         0401ebe3 f   LIBCMT:getqloc.obj
 0001:0001dc7b       _TestDefaultLanguage       0401ec7b f   LIBCMT:getqloc.obj
 0001:0001dcef       _LangCountryEnumProc@4     0401ecef f   LIBCMT:getqloc.obj
 0001:0001dec1       _LanguageEnumProc@4        0401eec1 f   LIBCMT:getqloc.obj
 0001:0001df82       _GetLcidFromCountry        0401ef82 f   LIBCMT:getqloc.obj
 0001:0001dfae       _GetLcidFromLangCountry    0401efae f   LIBCMT:getqloc.obj
 0001:0001e015       _GetLcidFromLanguage       0401f015 f   LIBCMT:getqloc.obj
 0001:0001e242       _cmpResult                 0401f242 f   LIBCMT:memcmp.obj
 0001:0001e254       _cmpBYTE                   0401f254 f   LIBCMT:memcmp.obj
 0001:0001e26c       _cmpWORD                   0401f26c f   LIBCMT:memcmp.obj
 0001:0001e2ac       _cmpDWORD                  0401f2ac f   LIBCMT:memcmp.obj
 0001:0001e324       _unaligned_memcmp          0401f324 f   LIBCMT:memcmp.obj
 0001:0002187c       __tzset_nolock             0402287c f   LIBCMT:tzset.obj
 0001:00021bc2       _cvtdate                   04022bc2 f   LIBCMT:tzset.obj
 0001:00021db9       __isindst_nolock           04022db9 f   LIBCMT:tzset.obj
 0001:00022309       _xtoa_s@20                 04023309 f   LIBCMT:xtoas.obj
 0001:00022451       @x64toa_s@24               04023451 f   LIBCMT:xtoas.obj
 0001:0002259d       ?__crtGetStringTypeW_stat@@YAHPAUlocaleinfo_struct@@KPB_WHPAGHH@Z 0402359d f   LIBCMT:w_str.obj
 0001:0002281f       __getenv_s_helper          0402381f f   LIBCMT:getenv.obj
 0001:000228b4       __dupenv_s_helper          040238b4 f   LIBCMT:getenv.obj
 0001:00022f4d       ?strncnt@@YAHPBDH@Z        04023f4d f   LIBCMT:a_cmp.obj
 0001:00022f6b       ?__crtCompareStringA_stat@@YAHPAUlocaleinfo_struct@@KKPBDH1HH@Z 04023f6b f   LIBCMT:a_cmp.obj
 0001:00023440       _findenv                   04024440 f   LIBCMT:setenv.obj
 0001:00023492       _copy_environ              04024492 f   LIBCMT:setenv.obj
 0001:00023a40       _xtoa@16                   04024a40 f   LIBCMT:xtoa.obj
 0001:00023aef       @x64toa@20                 04024aef f   LIBCMT:xtoa.obj
 0001:00023bae       ?_strupr_s_l_stat@@YAHPADIPAUlocaleinfo_struct@@@Z 04024bae f   LIBCMT:strupr.obj
 0001:00023e00       __unwindfunclet$?ircout@@YAXPAD@Z$0 04024e00 f   MQ2Irc.obj
 0001:00023e0c       __ehhandler$?ircout@@YAXPAD@Z 04024e0c f   MQ2Irc.obj
 0001:00023e20       __unwindfunclet$??0CCustomWnd@MQ2Internal@@QAE@PAVCXStr@EQClasses@@@Z$0 04024e20 f   MQ2Irc.obj
 0001:00023e29       __ehhandler$??0CCustomWnd@MQ2Internal@@QAE@PAVCXStr@EQClasses@@@Z 04024e29 f   MQ2Irc.obj
 0001:00023e40       __ehhandler$?_Copy@?$basic_string@DU?$char_traits@D@std@@V?$allocator@D@2@@std@@IAEXII@Z 04024e40 f   MQ2Irc.obj
 0001:00023e50       __unwindfunclet$??0CIRCWnd@@QAE@PAVCXStr@EQClasses@@@Z$0 04024e50 f   MQ2Irc.obj
 0001:00023e58       __ehhandler$??0CIRCWnd@@QAE@PAVCXStr@EQClasses@@@Z 04024e58 f   MQ2Irc.obj
 0001:00023e70       __unwindfunclet$??0logic_error@std@@QAE@ABV?$basic_string@DU?$char_traits@D@std@@V?$allocator@D@2@@1@@Z$0 04024e70 f   MQ2Irc.obj
 0001:00023e78       __ehhandler$??0logic_error@std@@QAE@ABV?$basic_string@DU?$char_traits@D@std@@V?$allocator@D@2@@1@@Z 04024e78 f   MQ2Irc.obj
 0001:00023e90       __unwindfunclet$??0?$list@PADV?$allocator@PAD@std@@@std@@QAE@XZ$0 04024e90 f   MQ2Irc.obj
 0001:00023e98       __ehhandler$??0?$list@PADV?$allocator@PAD@std@@@std@@QAE@XZ 04024e98 f   MQ2Irc.obj
 0001:00023eb0       __unwindfunclet$??0?$_Tree@V?$_Tmap_traits@V?$basic_string@DU?$char_traits@D@std@@V?$allocator@D@2@@std@@KU?$less@V?$basic_string@DU?$char_traits@D@std@@V?$allocator@D@2@@std@@@2@V?$allocator@U?$pair@$$CBV?$basic_string@DU?$char_traits@D@std@@V?$allocator@D@2@@std@@K@std@@@2@$0A@@std@@@std@@QAE@ABU?$less@V?$basic_string@DU?$char_traits@D@std@@V?$allocator@D@2@@std@@@1@ABV?$allocator@U?$pair@$$CBV?$basic_string@DU?$char_traits@D@std@@V?$allocator@D@2@@std@@K@std@@@1@@Z$0 04024eb0 f   MQ2Irc.obj
 0001:00023eb8       __ehhandler$??0?$_Tree@V?$_Tmap_traits@V?$basic_string@DU?$char_traits@D@std@@V?$allocator@D@2@@std@@KU?$less@V?$basic_string@DU?$char_traits@D@std@@V?$allocator@D@2@@std@@@2@V?$allocator@U?$pair@$$CBV?$basic_string@DU?$char_traits@D@std@@V?$allocator@D@2@@std@@K@std@@@2@$0A@@std@@@std@@QAE@ABU?$less@V?$basic_string@DU?$char_traits@D@std@@V?$allocator@D@2@@std@@@1@ABV?$allocator@U?$pair@$$CBV?$basic_string@DU?$char_traits@D@std@@V?$allocator@D@2@@std@@K@std@@@1@@Z 04024eb8 f   MQ2Irc.obj
 0001:00023ed0       __unwindfunclet$?_Incsize@?$list@PADV?$allocator@PAD@std@@@std@@IAEXI@Z$0 04024ed0 f   MQ2Irc.obj
 0001:00023ed8       __ehhandler$?_Incsize@?$list@PADV?$allocator@PAD@std@@@std@@IAEXI@Z 04024ed8 f   MQ2Irc.obj
 0001:00023ef0       __unwindfunclet$??0logic_error@std@@QAE@ABV01@@Z$0 04024ef0 f   MQ2Irc.obj
 0001:00023ef8       __ehhandler$??0logic_error@std@@QAE@ABV01@@Z 04024ef8 f   MQ2Irc.obj
 0001:00023f10       __unwindfunclet$?erase@?$_Tree@V?$_Tmap_traits@V?$basic_string@DU?$char_traits@D@std@@V?$allocator@D@2@@std@@KU?$less@V?$basic_string@DU?$char_traits@D@std@@V?$allocator@D@2@@std@@@2@V?$allocator@U?$pair@$$CBV?$basic_string@DU?$char_traits@D@std@@V?$allocator@D@2@@std@@K@std@@@2@$0A@@std@@@std@@QAE?AViterator@12@Vconst_iterator@12@@Z$0 04024f10 f   MQ2Irc.obj
 0001:00023f18       __ehhandler$?erase@?$_Tree@V?$_Tmap_traits@V?$basic_string@DU?$char_traits@D@std@@V?$allocator@D@2@@std@@KU?$less@V?$basic_string@DU?$char_traits@D@std@@V?$allocator@D@2@@std@@@2@V?$allocator@U?$pair@$$CBV?$basic_string@DU?$char_traits@D@std@@V?$allocator@D@2@@std@@K@std@@@2@$0A@@std@@@std@@QAE?AViterator@12@Vconst_iterator@12@@Z 04024f18 f   MQ2Irc.obj
 0001:00023f30       __unwindfunclet$?_Buynode@?$_Tree@V?$_Tmap_traits@V?$basic_string@DU?$char_traits@D@std@@V?$allocator@D@2@@std@@KU?$less@V?$basic_string@DU?$char_traits@D@std@@V?$allocator@D@2@@std@@@2@V?$allocator@U?$pair@$$CBV?$basic_string@DU?$char_traits@D@std@@V?$allocator@D@2@@std@@K@std@@@2@$0A@@std@@@std@@IAEPAU_Node@?$_Tree_nod@V?$_Tmap_traits@V?$basic_string@DU?$char_traits@D@std@@V?$allocator@D@2@@std@@KU?$less@V?$basic_string@DU?$char_traits@D@std@@V?$allocator@D@2@@std@@@2@V?$allocator@U?$pair@$$CBV?$basic_string@DU?$char_traits@D@std@@V?$allocator@D@2@@std@@K@std@@@2@$0A@@std@@@2@PAU342@00ABU?$pair@$$CBV?$basic_string@DU?$char_traits@D@std@@V?$allocator@D@2@@std@@K@2@D@Z$2 04024f30 f   MQ2Irc.obj
 0001:00023f41       __ehhandler$?_Buynode@?$_Tree@V?$_Tmap_traits@V?$basic_string@DU?$char_traits@D@std@@V?$allocator@D@2@@std@@KU?$less@V?$basic_string@DU?$char_traits@D@std@@V?$allocator@D@2@@std@@@2@V?$allocator@U?$pair@$$CBV?$basic_string@DU?$char_traits@D@std@@V?$allocator@D@2@@std@@K@std@@@2@$0A@@std@@@std@@IAEPAU_Node@?$_Tree_nod@V?$_Tmap_traits@V?$basic_string@DU?$char_traits@D@std@@V?$allocator@D@2@@std@@KU?$less@V?$basic_string@DU?$char_traits@D@std@@V?$allocator@D@2@@std@@@2@V?$allocator@U?$pair@$$CBV?$basic_string@DU?$char_traits@D@std@@V?$allocator@D@2@@std@@K@std@@@2@$0A@@std@@@2@PAU342@00ABU?$pair@$$CBV?$basic_string@DU?$char_traits@D@std@@V?$allocator@D@2@@std@@K@2@D@Z 04024f41 f   MQ2Irc.obj
 0001:00023f50       __unwindfunclet$?_Insert@?$_Tree@V?$_Tmap_traits@V?$basic_string@DU?$char_traits@D@std@@V?$allocator@D@2@@std@@KU?$less@V?$basic_string@DU?$char_traits@D@std@@V?$allocator@D@2@@std@@@2@V?$allocator@U?$pair@$$CBV?$basic_string@DU?$char_traits@D@std@@V?$allocator@D@2@@std@@K@std@@@2@$0A@@std@@@std@@IAE?AViterator@12@_NPAU_Node@?$_Tree_nod@V?$_Tmap_traits@V?$basic_string@DU?$char_traits@D@std@@V?$allocator@D@2@@std@@KU?$less@V?$basic_string@DU?$char_traits@D@std@@V?$allocator@D@2@@std@@@2@V?$allocator@U?$pair@$$CBV?$basic_string@DU?$char_traits@D@std@@V?$allocator@D@2@@std@@K@std@@@2@$0A@@std@@@2@ABU?$pair@$$CBV?$basic_string@DU?$char_traits@D@std@@V?$allocator@D@2@@std@@K@2@@Z$0 04024f50 f   MQ2Irc.obj
 0001:00023f58       __ehhandler$?_Insert@?$_Tree@V?$_Tmap_traits@V?$basic_string@DU?$char_traits@D@std@@V?$allocator@D@2@@std@@KU?$less@V?$basic_string@DU?$char_traits@D@std@@V?$allocator@D@2@@std@@@2@V?$allocator@U?$pair@$$CBV?$basic_string@DU?$char_traits@D@std@@V?$allocator@D@2@@std@@K@std@@@2@$0A@@std@@@std@@IAE?AViterator@12@_NPAU_Node@?$_Tree_nod@V?$_Tmap_traits@V?$basic_string@DU?$char_traits@D@std@@V?$allocator@D@2@@std@@KU?$less@V?$basic_string@DU?$char_traits@D@std@@V?$allocator@D@2@@std@@@2@V?$allocator@U?$pair@$$CBV?$basic_string@DU?$char_traits@D@std@@V?$allocator@D@2@@std@@K@std@@@2@$0A@@std@@@2@ABU?$pair@$$CBV?$basic_string@DU?$char_traits@D@std@@V?$allocator@D@2@@std@@K@2@@Z 04024f58 f   MQ2Irc.obj
 0001:00023f70       __unwindfunclet$??A?$map@V?$basic_string@DU?$char_traits@D@std@@V?$allocator@D@2@@std@@KU?$less@V?$basic_string@DU?$char_traits@D@std@@V?$allocator@D@2@@std@@@2@V?$allocator@U?$pair@$$CBV?$basic_string@DU?$char_traits@D@std@@V?$allocator@D@2@@std@@K@std@@@2@@std@@QAEAAKABV?$basic_string@DU?$char_traits@D@std@@V?$allocator@D@2@@1@@Z$0 04024f70 f   MQ2Irc.obj
 0001:00023f78       __ehhandler$??A?$map@V?$basic_string@DU?$char_traits@D@std@@V?$allocator@D@2@@std@@KU?$less@V?$basic_string@DU?$char_traits@D@std@@V?$allocator@D@2@@std@@@2@V?$allocator@U?$pair@$$CBV?$basic_string@DU?$char_traits@D@std@@V?$allocator@D@2@@std@@K@std@@@2@@std@@QAEAAKABV?$basic_string@DU?$char_traits@D@std@@V?$allocator@D@2@@1@@Z 04024f78 f   MQ2Irc.obj
 0001:00023f90       __unwindfunclet$??1?$_Tree@V?$_Tmap_traits@V?$basic_string@DU?$char_traits@D@std@@V?$allocator@D@2@@std@@KU?$less@V?$basic_string@DU?$char_traits@D@std@@V?$allocator@D@2@@std@@@2@V?$allocator@U?$pair@$$CBV?$basic_string@DU?$char_traits@D@std@@V?$allocator@D@2@@std@@K@std@@@2@$0A@@std@@@std@@QAE@XZ$0 04024f90 f   MQ2Irc.obj
 0001:00023f98       __ehhandler$??1?$_Tree@V?$_Tmap_traits@V?$basic_string@DU?$char_traits@D@std@@V?$allocator@D@2@@std@@KU?$less@V?$basic_string@DU?$char_traits@D@std@@V?$allocator@D@2@@std@@@2@V?$allocator@U?$pair@$$CBV?$basic_string@DU?$char_traits@D@std@@V?$allocator@D@2@@std@@K@std@@@2@$0A@@std@@@std@@QAE@XZ 04024f98 f   MQ2Irc.obj
 0001:00023fb0       __unwindfunclet$?AddMember@MQ2Type@MQ2Internal@@IAEHKPAD@Z$0 04024fb0 f   MQ2Irc.obj
 0001:00023fb8       __unwindfunclet$?AddMember@MQ2Type@MQ2Internal@@IAEHKPAD@Z$1 04024fb8 f   MQ2Irc.obj
 0001:00023fc0       __ehhandler$?AddMember@MQ2Type@MQ2Internal@@IAEHKPAD@Z 04024fc0 f   MQ2Irc.obj
 0001:00023fd0       __unwindfunclet$??0MQ2Type@MQ2Internal@@QAE@PAD@Z$0 04024fd0 f   MQ2Irc.obj
 0001:00023fdb       __ehhandler$??0MQ2Type@MQ2Internal@@QAE@PAD@Z 04024fdb f   MQ2Irc.obj
 0001:00023ff0       __unwindfunclet$??1MQ2Type@MQ2Internal@@QAE@XZ$0 04024ff0 f   MQ2Irc.obj
 0001:00023ffb       __ehhandler$??1MQ2Type@MQ2Internal@@QAE@XZ 04024ffb f   MQ2Irc.obj
 0001:00024010       __unwindfunclet$??0MQ2IrcType@@QAE@XZ$0 04025010 f   MQ2Irc.obj
 0001:00024018       __ehhandler$??0MQ2IrcType@@QAE@XZ 04025018 f   MQ2Irc.obj
 0001:00024030       __unwindfunclet$?FindMember@MQ2Type@MQ2Internal@@QAEPAU_MQ2TypeMember@2@PAD@Z$0 04025030 f   MQ2Irc.obj
 0001:00024038       __ehhandler$?FindMember@MQ2Type@MQ2Internal@@QAEPAU_MQ2TypeMember@2@PAD@Z 04025038 f   MQ2Irc.obj
 0001:00024042       __unwindfunclet$?_Xlen@_String_base@std@@SAXXZ$0 04025042 f   libcpmt:string.obj
 0001:0002404a       __ehhandler$?_Xlen@_String_base@std@@SAXXZ 0402504a f   libcpmt:string.obj
 0001:00024065       __unwindfunclet$?_Xran@_String_base@std@@SAXXZ$0 04025065 f   libcpmt:string.obj
 0001:0002406d       __ehhandler$?_Xran@_String_base@std@@SAXXZ 0402506d f   libcpmt:string.obj
 0001:00024088       __unwindfunclet$?_Xinvarg@_String_base@std@@SAXXZ$0 04025088 f   libcpmt:string.obj
 0001:00024090       __ehhandler$?_Xinvarg@_String_base@std@@SAXXZ 04025090 f   libcpmt:string.obj
 0001:000240ab       __ehhandler$?CallUnexpected@@YAXPBU_s_ESTypeList@@@Z 040250ab f   LIBCMT:frame.obj
 0001:000240d0       ??__Eireadbuf@@YAXXZ       040250d0 f   MQ2Irc.obj
 0001:000240f0       ??__Echannels@@YAXXZ       040250f0 f   MQ2Irc.obj
 0001:00024110       ??__Fchannels@@YAXXZ       04025110 f   MQ2Irc.obj
 0001:00024127       ??__Fnomem@?5???2@YAPAXI@Z@YAXXZ 04025127 f   LIBCMT:new.obj

 Exports

  ordinal    name

        1    _InitializePlugin
               exported name: InitializePlugin
        2    _OnCleanUI
               exported name: OnCleanUI
        3    _OnPulse
               exported name: OnPulse
        4    _OnReloadUI
               exported name: OnReloadUI
        5    _SetGameState
               exported name: SetGameState
        6    _ShutdownPlugin
               exported name: ShutdownPlugin
