 MQ2Map

 Timestamp is 4d3d7ccd (Mon Jan 24 08:21:17 2011)

 Preferred load address is 04000000

 Start         Length     Name                   Class
 0001:00000000 0002bcaeH .text                   CODE
 0001:0002bcb0 000001c6H .text$x                 CODE
 0001:0002be80 00000083H .text$yc                CODE
 0001:0002bf10 0000003eH .text$yd                CODE
 0002:00000000 0000021cH .idata$5                DATA
 0002:0000021c 00000004H .CRT$XCA                DATA
 0002:00000220 0000000cH .CRT$XCU                DATA
 0002:0000022c 00000004H .CRT$XCZ                DATA
 0002:00000230 00000004H .CRT$XIA                DATA
 0002:00000234 00000014H .CRT$XIC                DATA
 0002:00000248 00000004H .CRT$XIZ                DATA
 0002:0000024c 00000004H .CRT$XPA                DATA
 0002:00000250 00000004H .CRT$XPX                DATA
 0002:00000254 00000004H .CRT$XPXA               DATA
 0002:00000258 00000004H .CRT$XPZ                DATA
 0002:0000025c 00000004H .CRT$XTA                DATA
 0002:00000260 00000004H .CRT$XTZ                DATA
 0002:00000270 000047c0H .rdata                  DATA
 0002:00004a30 00000065H .rdata$debug            DATA
 0002:00004a98 0000034cH .rdata$r                DATA
 0002:00004df0 00000050H .rdata$sxdata           DATA
 0002:00004e40 00000004H .rtc$IAA                DATA
 0002:00004e44 00000004H .rtc$IZZ                DATA
 0002:00004e48 00000004H .rtc$TAA                DATA
 0002:00004e4c 00000004H .rtc$TZZ                DATA
 0002:00004e50 00000cf4H .xdata$x                DATA
 0002:00005b44 00000028H .idata$2                DATA
 0002:00005b6c 00000014H .idata$3                DATA
 0002:00005b80 0000021cH .idata$4                DATA
 0002:00005d9c 00000a50H .idata$6                DATA
 0002:000067f0 000000e2H .edata                  DATA
 0003:00000000 0000acc0H .data                   DATA
 0003:0000acc0 00004a24H .bss                    DATA

  Address         Publics by Value              Rva+Base       Lib:Object

 0000:00000000       __except_list              00000000     <absolute>
 0000:00000014       ___safe_se_handler_count   00000014     <absolute>
 0000:00000000       ___ImageBase               04000000     <linker-defined>
 0001:00000050       _DllMain@12                04001050 f   MQ2Map.obj
 0001:000000b0       ?CMyMapViewWnd__Destructor@@YAKH@Z 040010b0 f   MQ2Map.obj
 0001:00000110       ?RButtonDown@@YA_NXZ       04001110 f   MQ2Map.obj
 0001:00000150       ?CMyMapViewWnd__HandleRButtonDown@@YAXKK@Z 04001150 f   MQ2Map.obj
 0001:00000170       ?CMyMapViewWnd__PostDraw@@YAXXZ 04001170 f   MQ2Map.obj
 0001:00000190       ?StealVFTable@CMyMapViewWnd@@SAXXZ 04001190 f i MQ2Map.obj
 0001:00000200       ?RestoreVFTable@CMyMapViewWnd@@SAXXZ 04001200 f i MQ2Map.obj
 0001:00000230       ?Constructor_Trampoline@CMyMapViewWnd@@QAEKPAVCXWnd@EQClasses@@@Z 04001230 f   MQ2Map.obj
 0001:00000250       _ShutdownPlugin            04001250 f   MQ2Map.obj
 0001:000002f0       _OnAddSpawn                040012f0 f   MQ2Map.obj
 0001:00000340       _OnRemoveSpawn             04001340 f   MQ2Map.obj
 0001:00000380       _SetGameState              04001380 f   MQ2Map.obj
 0001:00000390       _OnAddGroundItem           04001390 f   MQ2Map.obj
 0001:000003c0       _OnRemoveGroundItem        040013c0 f   MQ2Map.obj
 0001:000003f0       ?Constructor_Detour@CMyMapViewWnd@@QAEKPAVCXWnd@EQClasses@@@Z 040013f0 f i MQ2Map.obj
 0001:00000470       _InitializePlugin          04001470 f   MQ2Map.obj
 0001:00000680       ?strstr@@YAPADPADPBD@Z     04001680 f i MQ2MapAPI.obj
 0001:00000690       _cosf                      04001690 f i MQ2MapAPI.obj
 0001:000006b0       _sinf                      040016b0 f i MQ2MapAPI.obj
 0001:000006d0       ??0bad_alloc@std@@QAE@PBD@Z 040016d0 f i MQ2MapAPI.obj
 0001:000006f0       ??1bad_alloc@std@@UAE@XZ   040016f0 f i MQ2MapAPI.obj
 0001:00000700       ??_Gbad_alloc@std@@UAEPAXI@Z 04001700 f i MQ2MapAPI.obj
 0001:00000700       ??_Ebad_alloc@std@@UAEPAXI@Z 04001700 f i MQ2MapAPI.obj
 0001:00000730       ??2@YAPAXIPAX@Z            04001730 f i MQ2MapAPI.obj
 0001:00000740       ??3@YAXPAX0@Z              04001740 f i MQ2MapAPI.obj
 0001:00000750       ?assign@?$char_traits@D@std@@SAXAADABD@Z 04001750 f i MQ2MapAPI.obj
 0001:00000760       ?length@?$char_traits@D@std@@SAIPBD@Z 04001760 f i MQ2MapAPI.obj
 0001:00000780       ?_Copy_s@?$char_traits@D@std@@SAPADPADIPBDI@Z 04001780 f i MQ2MapAPI.obj
 0001:000007b0       ?_Move_s@?$char_traits@D@std@@SAPADPADIPBDI@Z 040017b0 f i MQ2MapAPI.obj
 0001:000007e0       ??0_Aux_cont@std@@QAE@QBV_Container_base_aux@1@@Z 040017e0 f i MQ2MapAPI.obj
 0001:000007f0       ?_Getcont@_Aux_cont@std@@QBEPBV_Container_base_aux@2@XZ 040017f0 f i MQ2MapAPI.obj
 0001:00000800       ??0_Container_base_aux@std@@QAE@XZ 04001800 f i MQ2MapAPI.obj
 0001:00000810       ??1_Container_base_aux@std@@QAE@XZ 04001810 f i MQ2MapAPI.obj
 0001:00000820       ??0_Iterator_base_aux@std@@QAE@XZ 04001820 f i MQ2MapAPI.obj
 0001:00000830       ?_Set_container@_Iterator_base_aux@std@@QAEXQBV_Container_base_aux@2@@Z 04001830 f i MQ2MapAPI.obj
 0001:00000840       ?_Getmycont@_Iterator_base_aux@std@@QBEPBV_Container_base_aux@2@XZ 04001840 f i MQ2MapAPI.obj
 0001:00000850       ?_Same_container@_Iterator_base_aux@std@@QBE_NABV12@@Z 04001850 f i MQ2MapAPI.obj
 0001:00000870       ?_Has_container@_Iterator_base_aux@std@@QBE_NXZ 04001870 f i MQ2MapAPI.obj
 0001:00000cf0       ?InitLine@@YAPAU_MAPLINE@EQUIStructs@@XZ 04001cf0 f i MQ2MapAPI.obj
 0001:00000d30       ?DeleteLine@@YAXPAU_MAPLINE@EQUIStructs@@@Z 04001d30 f i MQ2MapAPI.obj
 0001:00000d70       ?InitSpawn@@YAPAU_MAPSPAWN@@XZ 04001d70 f i MQ2MapAPI.obj
 0001:00000da0       ?DeleteSpawn@@YAXPAU_MAPSPAWN@@@Z 04001da0 f i MQ2MapAPI.obj
 0001:00000de0       ?MapInit@@YAXXZ            04001de0 f   MQ2MapAPI.obj
 0001:000010c0       ?MapAttach@@YAXXZ          040020c0 f   MQ2MapAPI.obj
 0001:00001160       ?MapDetach@@YAXXZ          04002160 f   MQ2MapAPI.obj
 0001:000011c0       ?MapHighlight@@YAKPAU_SEARCHSPAWN@MQ2Internal@@@Z 040021c0 f   MQ2MapAPI.obj
 0001:00001240       ?GenerateSpawnName@@YAPADPAU_SPAWNINFO@EQData@@PAD@Z 04002240 f   MQ2MapAPI.obj
 0001:000015a0       ?CanDisplaySpawn@@YAHW4eSpawnType@MQ2Internal@@PAU_SPAWNINFO@EQData@@@Z 040025a0 f   MQ2MapAPI.obj
 0001:00001820       ?GetSpawnColor@@YAKW4eSpawnType@MQ2Internal@@PAU_SPAWNINFO@EQData@@@Z 04002820 f i MQ2MapAPI.obj
 0001:00001960       ?GenerateVector@@YAPAU_MAPLINE@EQUIStructs@@PAU_MAPSPAWN@@@Z 04002960 f   MQ2MapAPI.obj
 0001:00001ac0       ?size@?$basic_string@DU?$char_traits@D@std@@V?$allocator@D@2@@std@@QBEIXZ 04002ac0 f i MQ2MapAPI.obj
 0001:00001ad0       ?_Myptr@?$basic_string@DU?$char_traits@D@std@@V?$allocator@D@2@@std@@IBEPBDXZ 04002ad0 f i MQ2MapAPI.obj
 0001:00001ae0       ??0?$allocator@D@std@@QAE@XZ 04002ae0 f i MQ2MapAPI.obj
 0001:00001af0       ??0?$allocator@U?$pair@$$CBKPAU_MAPSPAWN@@@std@@@std@@QAE@XZ 04002af0 f i MQ2MapAPI.obj
 0001:00001b00       ??R?$less@K@std@@QBE_NABK0@Z 04002b00 f i MQ2MapAPI.obj
 0001:00001b20       ??0?$allocator@U?$pair@QAU_MAPLABEL@EQUIStructs@@PAU_MAPSPAWN@@@std@@@std@@QAE@XZ 04002b20 f i MQ2MapAPI.obj
 0001:00001b30       ??R?$less@PAU_MAPLABEL@EQUIStructs@@@std@@QBE_NABQAU_MAPLABEL@EQUIStructs@@0@Z 04002b30 f i MQ2MapAPI.obj
 0001:00001b50       ??8const_iterator@?$_Tree@V?$_Tmap_traits@KPAU_MAPSPAWN@@U?$less@K@std@@V?$allocator@U?$pair@$$CBKPAU_MAPSPAWN@@@std@@@3@$0A@@std@@@std@@QBE_NABV012@@Z 04002b50 f i MQ2MapAPI.obj
 0001:00001b80       ?_Mynode@const_iterator@?$_Tree@V?$_Tmap_traits@KPAU_MAPSPAWN@@U?$less@K@std@@V?$allocator@U?$pair@$$CBKPAU_MAPSPAWN@@@std@@@3@$0A@@std@@@std@@QBEPAU_Node@?$_Tree_nod@V?$_Tmap_traits@KPAU_MAPSPAWN@@U?$less@K@std@@V?$allocator@U?$pair@$$CBKPAU_MAPSPAWN@@@std@@@3@$0A@@std@@@3@XZ 04002b80 f i MQ2MapAPI.obj
 0001:00001b90       ??0?$pair@$$CBKPAU_MAPSPAWN@@@std@@QAE@ABKABQAU_MAPSPAWN@@@Z 04002b90 f i MQ2MapAPI.obj
 0001:00001bb0       ??8const_iterator@?$_Tree@V?$_Tmap_traits@PAU_MAPLABEL@EQUIStructs@@PAU_MAPSPAWN@@U?$less@PAU_MAPLABEL@EQUIStructs@@@std@@V?$allocator@U?$pair@QAU_MAPLABEL@EQUIStructs@@PAU_MAPSPAWN@@@std@@@5@$0A@@std@@@std@@QBE_NABV012@@Z 04002bb0 f i MQ2MapAPI.obj
 0001:00001be0       ?_Mynode@const_iterator@?$_Tree@V?$_Tmap_traits@PAU_MAPLABEL@EQUIStructs@@PAU_MAPSPAWN@@U?$less@PAU_MAPLABEL@EQUIStructs@@@std@@V?$allocator@U?$pair@QAU_MAPLABEL@EQUIStructs@@PAU_MAPSPAWN@@@std@@@5@$0A@@std@@@std@@QBEPAU_Node@?$_Tree_nod@V?$_Tmap_traits@PAU_MAPLABEL@EQUIStructs@@PAU_MAPSPAWN@@U?$less@PAU_MAPLABEL@EQUIStructs@@@std@@V?$allocator@U?$pair@QAU_MAPLABEL@EQUIStructs@@PAU_MAPSPAWN@@@std@@@5@$0A@@std@@@3@XZ 04002be0 f i MQ2MapAPI.obj
 0001:00001bf0       ??0?$pair@QAU_MAPLABEL@EQUIStructs@@PAU_MAPSPAWN@@@std@@QAE@ABQAU_MAPLABEL@EQUIStructs@@ABQAU_MAPSPAWN@@@Z 04002bf0 f i MQ2MapAPI.obj
 0001:00001c10       ?_Myptr@?$basic_string@DU?$char_traits@D@std@@V?$allocator@D@2@@std@@IAEPADXZ 04002c10 f i MQ2MapAPI.obj
 0001:00001c20       ??0?$allocator@D@std@@QAE@ABV01@@Z 04002c20 f i MQ2MapAPI.obj
 0001:00001c30       ?deallocate@?$allocator@D@std@@QAEXPADI@Z 04002c30 f i MQ2MapAPI.obj
 0001:00001c40       ?deallocate@?$allocator@V_Aux_cont@std@@@std@@QAEXPAV_Aux_cont@2@I@Z 04002c40 f i MQ2MapAPI.obj
 0001:00001c50       ?_Isnil@?$_Tree@V?$_Tmap_traits@KPAU_MAPSPAWN@@U?$less@K@std@@V?$allocator@U?$pair@$$CBKPAU_MAPSPAWN@@@std@@@3@$0A@@std@@@std@@KAAADPAU_Node@?$_Tree_nod@V?$_Tmap_traits@KPAU_MAPSPAWN@@U?$less@K@std@@V?$allocator@U?$pair@$$CBKPAU_MAPSPAWN@@@std@@@3@$0A@@std@@@2@@Z 04002c50 f i MQ2MapAPI.obj
 0001:00001c60       ?_Left@?$_Tree@V?$_Tmap_traits@KPAU_MAPSPAWN@@U?$less@K@std@@V?$allocator@U?$pair@$$CBKPAU_MAPSPAWN@@@std@@@3@$0A@@std@@@std@@KAAAPAU_Node@?$_Tree_nod@V?$_Tmap_traits@KPAU_MAPSPAWN@@U?$less@K@std@@V?$allocator@U?$pair@$$CBKPAU_MAPSPAWN@@@std@@@3@$0A@@std@@@2@PAU342@@Z 04002c60 f i MQ2MapAPI.obj
 0001:00001c70       ?_Parent@?$_Tree@V?$_Tmap_traits@KPAU_MAPSPAWN@@U?$less@K@std@@V?$allocator@U?$pair@$$CBKPAU_MAPSPAWN@@@std@@@3@$0A@@std@@@std@@KAAAPAU_Node@?$_Tree_nod@V?$_Tmap_traits@KPAU_MAPSPAWN@@U?$less@K@std@@V?$allocator@U?$pair@$$CBKPAU_MAPSPAWN@@@std@@@3@$0A@@std@@@2@PAU342@@Z 04002c70 f i MQ2MapAPI.obj
 0001:00001c80       ?_Right@?$_Tree@V?$_Tmap_traits@KPAU_MAPSPAWN@@U?$less@K@std@@V?$allocator@U?$pair@$$CBKPAU_MAPSPAWN@@@std@@@3@$0A@@std@@@std@@KAAAPAU_Node@?$_Tree_nod@V?$_Tmap_traits@KPAU_MAPSPAWN@@U?$less@K@std@@V?$allocator@U?$pair@$$CBKPAU_MAPSPAWN@@@std@@@3@$0A@@std@@@2@PAU342@@Z 04002c80 f i MQ2MapAPI.obj
 0001:00001c90       ?_Myval@?$_Tree@V?$_Tmap_traits@KPAU_MAPSPAWN@@U?$less@K@std@@V?$allocator@U?$pair@$$CBKPAU_MAPSPAWN@@@std@@@3@$0A@@std@@@std@@KAAAU?$pair@$$CBKPAU_MAPSPAWN@@@2@PAU_Node@?$_Tree_nod@V?$_Tmap_traits@KPAU_MAPSPAWN@@U?$less@K@std@@V?$allocator@U?$pair@$$CBKPAU_MAPSPAWN@@@std@@@3@$0A@@std@@@2@@Z 04002c90 f i MQ2MapAPI.obj
 0001:00001ca0       ?size@?$_Tree@V?$_Tmap_traits@KPAU_MAPSPAWN@@U?$less@K@std@@V?$allocator@U?$pair@$$CBKPAU_MAPSPAWN@@@std@@@3@$0A@@std@@@std@@QBEIXZ 04002ca0 f i MQ2MapAPI.obj
 0001:00001cb0       ?_Kfn@?$_Tmap_traits@KPAU_MAPSPAWN@@U?$less@K@std@@V?$allocator@U?$pair@$$CBKPAU_MAPSPAWN@@@std@@@3@$0A@@std@@SAABKABU?$pair@$$CBKPAU_MAPSPAWN@@@2@@Z 04002cb0 f i MQ2MapAPI.obj
 0001:00001cc0       ??0?$allocator@U?$pair@$$CBKPAU_MAPSPAWN@@@std@@@std@@QAE@ABV01@@Z 04002cc0 f i MQ2MapAPI.obj
 0001:00001cd0       ?deallocate@?$allocator@U_Node@?$_Tree_nod@V?$_Tmap_traits@KPAU_MAPSPAWN@@U?$less@K@std@@V?$allocator@U?$pair@$$CBKPAU_MAPSPAWN@@@std@@@3@$0A@@std@@@std@@@std@@QAEXPAU_Node@?$_Tree_nod@V?$_Tmap_traits@KPAU_MAPSPAWN@@U?$less@K@std@@V?$allocator@U?$pair@$$CBKPAU_MAPSPAWN@@@std@@@3@$0A@@std@@@2@I@Z 04002cd0 f i MQ2MapAPI.obj
 0001:00001ce0       ?_Isnil@?$_Tree@V?$_Tmap_traits@PAU_MAPLABEL@EQUIStructs@@PAU_MAPSPAWN@@U?$less@PAU_MAPLABEL@EQUIStructs@@@std@@V?$allocator@U?$pair@QAU_MAPLABEL@EQUIStructs@@PAU_MAPSPAWN@@@std@@@5@$0A@@std@@@std@@KAAADPAU_Node@?$_Tree_nod@V?$_Tmap_traits@PAU_MAPLABEL@EQUIStructs@@PAU_MAPSPAWN@@U?$less@PAU_MAPLABEL@EQUIStructs@@@std@@V?$allocator@U?$pair@QAU_MAPLABEL@EQUIStructs@@PAU_MAPSPAWN@@@std@@@5@$0A@@std@@@2@@Z 04002ce0 f i MQ2MapAPI.obj
 0001:00001cf0       ?_Left@?$_Tree@V?$_Tmap_traits@PAU_MAPLABEL@EQUIStructs@@PAU_MAPSPAWN@@U?$less@PAU_MAPLABEL@EQUIStructs@@@std@@V?$allocator@U?$pair@QAU_MAPLABEL@EQUIStructs@@PAU_MAPSPAWN@@@std@@@5@$0A@@std@@@std@@KAAAPAU_Node@?$_Tree_nod@V?$_Tmap_traits@PAU_MAPLABEL@EQUIStructs@@PAU_MAPSPAWN@@U?$less@PAU_MAPLABEL@EQUIStructs@@@std@@V?$allocator@U?$pair@QAU_MAPLABEL@EQUIStructs@@PAU_MAPSPAWN@@@std@@@5@$0A@@std@@@2@PAU342@@Z 04002cf0 f i MQ2MapAPI.obj
 0001:00001d00       ?_Parent@?$_Tree@V?$_Tmap_traits@PAU_MAPLABEL@EQUIStructs@@PAU_MAPSPAWN@@U?$less@PAU_MAPLABEL@EQUIStructs@@@std@@V?$allocator@U?$pair@QAU_MAPLABEL@EQUIStructs@@PAU_MAPSPAWN@@@std@@@5@$0A@@std@@@std@@KAAAPAU_Node@?$_Tree_nod@V?$_Tmap_traits@PAU_MAPLABEL@EQUIStructs@@PAU_MAPSPAWN@@U?$less@PAU_MAPLABEL@EQUIStructs@@@std@@V?$allocator@U?$pair@QAU_MAPLABEL@EQUIStructs@@PAU_MAPSPAWN@@@std@@@5@$0A@@std@@@2@PAU342@@Z 04002d00 f i MQ2MapAPI.obj
 0001:00001d10       ?_Right@?$_Tree@V?$_Tmap_traits@PAU_MAPLABEL@EQUIStructs@@PAU_MAPSPAWN@@U?$less@PAU_MAPLABEL@EQUIStructs@@@std@@V?$allocator@U?$pair@QAU_MAPLABEL@EQUIStructs@@PAU_MAPSPAWN@@@std@@@5@$0A@@std@@@std@@KAAAPAU_Node@?$_Tree_nod@V?$_Tmap_traits@PAU_MAPLABEL@EQUIStructs@@PAU_MAPSPAWN@@U?$less@PAU_MAPLABEL@EQUIStructs@@@std@@V?$allocator@U?$pair@QAU_MAPLABEL@EQUIStructs@@PAU_MAPSPAWN@@@std@@@5@$0A@@std@@@2@PAU342@@Z 04002d10 f i MQ2MapAPI.obj
 0001:00001d20       ?_Myval@?$_Tree@V?$_Tmap_traits@PAU_MAPLABEL@EQUIStructs@@PAU_MAPSPAWN@@U?$less@PAU_MAPLABEL@EQUIStructs@@@std@@V?$allocator@U?$pair@QAU_MAPLABEL@EQUIStructs@@PAU_MAPSPAWN@@@std@@@5@$0A@@std@@@std@@KAAAU?$pair@QAU_MAPLABEL@EQUIStructs@@PAU_MAPSPAWN@@@2@PAU_Node@?$_Tree_nod@V?$_Tmap_traits@PAU_MAPLABEL@EQUIStructs@@PAU_MAPSPAWN@@U?$less@PAU_MAPLABEL@EQUIStructs@@@std@@V?$allocator@U?$pair@QAU_MAPLABEL@EQUIStructs@@PAU_MAPSPAWN@@@std@@@5@$0A@@std@@@2@@Z 04002d20 f i MQ2MapAPI.obj
 0001:00001d30       ?size@?$_Tree@V?$_Tmap_traits@PAU_MAPLABEL@EQUIStructs@@PAU_MAPSPAWN@@U?$less@PAU_MAPLABEL@EQUIStructs@@@std@@V?$allocator@U?$pair@QAU_MAPLABEL@EQUIStructs@@PAU_MAPSPAWN@@@std@@@5@$0A@@std@@@std@@QBEIXZ 04002d30 f i MQ2MapAPI.obj
 0001:00001d40       ?_Rmost@?$_Tree@V?$_Tmap_traits@PAU_MAPLABEL@EQUIStructs@@PAU_MAPSPAWN@@U?$less@PAU_MAPLABEL@EQUIStructs@@@std@@V?$allocator@U?$pair@QAU_MAPLABEL@EQUIStructs@@PAU_MAPSPAWN@@@std@@@5@$0A@@std@@@std@@IBEAAPAU_Node@?$_Tree_nod@V?$_Tmap_traits@PAU_MAPLABEL@EQUIStructs@@PAU_MAPSPAWN@@U?$less@PAU_MAPLABEL@EQUIStructs@@@std@@V?$allocator@U?$pair@QAU_MAPLABEL@EQUIStructs@@PAU_MAPSPAWN@@@std@@@5@$0A@@std@@@2@XZ 04002d40 f i MQ2MapAPI.obj
 0001:00001d50       ?_Kfn@?$_Tmap_traits@PAU_MAPLABEL@EQUIStructs@@PAU_MAPSPAWN@@U?$less@PAU_MAPLABEL@EQUIStructs@@@std@@V?$allocator@U?$pair@QAU_MAPLABEL@EQUIStructs@@PAU_MAPSPAWN@@@std@@@5@$0A@@std@@SAABQAU_MAPLABEL@EQUIStructs@@ABU?$pair@QAU_MAPLABEL@EQUIStructs@@PAU_MAPSPAWN@@@2@@Z 04002d50 f i MQ2MapAPI.obj
 0001:00001d60       ??0?$allocator@U?$pair@QAU_MAPLABEL@EQUIStructs@@PAU_MAPSPAWN@@@std@@@std@@QAE@ABV01@@Z 04002d60 f i MQ2MapAPI.obj
 0001:00001d70       ?deallocate@?$allocator@U_Node@?$_Tree_nod@V?$_Tmap_traits@PAU_MAPLABEL@EQUIStructs@@PAU_MAPSPAWN@@U?$less@PAU_MAPLABEL@EQUIStructs@@@std@@V?$allocator@U?$pair@QAU_MAPLABEL@EQUIStructs@@PAU_MAPSPAWN@@@std@@@5@$0A@@std@@@std@@@std@@QAEXPAU_Node@?$_Tree_nod@V?$_Tmap_traits@PAU_MAPLABEL@EQUIStructs@@PAU_MAPSPAWN@@U?$less@PAU_MAPLABEL@EQUIStructs@@@std@@V?$allocator@U?$pair@QAU_MAPLABEL@EQUIStructs@@PAU_MAPSPAWN@@@std@@@5@$0A@@std@@@2@I@Z 04002d70 f i MQ2MapAPI.obj
 0001:00001d80       ??Dconst_iterator@?$_Tree@V?$_Tmap_traits@KPAU_MAPSPAWN@@U?$less@K@std@@V?$allocator@U?$pair@$$CBKPAU_MAPSPAWN@@@std@@@3@$0A@@std@@@std@@QBEABU?$pair@$$CBKPAU_MAPSPAWN@@@2@XZ 04002d80 f i MQ2MapAPI.obj
 0001:00001db0       ??Dconst_iterator@?$_Tree@V?$_Tmap_traits@PAU_MAPLABEL@EQUIStructs@@PAU_MAPSPAWN@@U?$less@PAU_MAPLABEL@EQUIStructs@@@std@@V?$allocator@U?$pair@QAU_MAPLABEL@EQUIStructs@@PAU_MAPSPAWN@@@std@@@5@$0A@@std@@@std@@QBEABU?$pair@QAU_MAPLABEL@EQUIStructs@@PAU_MAPSPAWN@@@2@XZ 04002db0 f i MQ2MapAPI.obj
 0001:00001de0       ??0?$_Iterator_with_base@Ubidirectional_iterator_tag@std@@U?$pair@$$CBKPAU_MAPSPAWN@@@2@HPBU32@ABU32@V_Iterator_base_aux@2@@std@@QAE@XZ 04002de0 f i MQ2MapAPI.obj
 0001:00001df0       ??0?$_Iterator_with_base@Ubidirectional_iterator_tag@std@@U?$pair@QAU_MAPLABEL@EQUIStructs@@PAU_MAPSPAWN@@@2@HPBU32@ABU32@V_Iterator_base_aux@2@@std@@QAE@XZ 04002df0 f i MQ2MapAPI.obj
 0001:00001e00       ?_Inside@?$basic_string@DU?$char_traits@D@std@@V?$allocator@D@2@@std@@IAE_NPBD@Z 04002e00 f i MQ2MapAPI.obj
 0001:00001e40       ?_Color@?$_Tree@V?$_Tmap_traits@KPAU_MAPSPAWN@@U?$less@K@std@@V?$allocator@U?$pair@$$CBKPAU_MAPSPAWN@@@std@@@3@$0A@@std@@@std@@KAAADPAU_Node@?$_Tree_nod@V?$_Tmap_traits@KPAU_MAPSPAWN@@U?$less@K@std@@V?$allocator@U?$pair@$$CBKPAU_MAPSPAWN@@@std@@@3@$0A@@std@@@2@@Z 04002e40 f i MQ2MapAPI.obj
 0001:00001e50       ?_Color@?$_Tree@V?$_Tmap_traits@PAU_MAPLABEL@EQUIStructs@@PAU_MAPSPAWN@@U?$less@PAU_MAPLABEL@EQUIStructs@@@std@@V?$allocator@U?$pair@QAU_MAPLABEL@EQUIStructs@@PAU_MAPSPAWN@@@std@@@5@$0A@@std@@@std@@KAAADPAU_Node@?$_Tree_nod@V?$_Tmap_traits@PAU_MAPLABEL@EQUIStructs@@PAU_MAPSPAWN@@U?$less@PAU_MAPLABEL@EQUIStructs@@@std@@V?$allocator@U?$pair@QAU_MAPLABEL@EQUIStructs@@PAU_MAPSPAWN@@@std@@@5@$0A@@std@@@2@@Z 04002e50 f i MQ2MapAPI.obj
 0001:00001e60       ?_Lmost@?$_Tree@V?$_Tmap_traits@PAU_MAPLABEL@EQUIStructs@@PAU_MAPSPAWN@@U?$less@PAU_MAPLABEL@EQUIStructs@@@std@@V?$allocator@U?$pair@QAU_MAPLABEL@EQUIStructs@@PAU_MAPSPAWN@@@std@@@5@$0A@@std@@@std@@IBEAAPAU_Node@?$_Tree_nod@V?$_Tmap_traits@PAU_MAPLABEL@EQUIStructs@@PAU_MAPSPAWN@@U?$less@PAU_MAPLABEL@EQUIStructs@@@std@@V?$allocator@U?$pair@QAU_MAPLABEL@EQUIStructs@@PAU_MAPSPAWN@@@std@@@5@$0A@@std@@@2@XZ 04002e60 f i MQ2MapAPI.obj
 0001:00001e70       ?_Root@?$_Tree@V?$_Tmap_traits@PAU_MAPLABEL@EQUIStructs@@PAU_MAPSPAWN@@U?$less@PAU_MAPLABEL@EQUIStructs@@@std@@V?$allocator@U?$pair@QAU_MAPLABEL@EQUIStructs@@PAU_MAPSPAWN@@@std@@@5@$0A@@std@@@std@@IBEAAPAU_Node@?$_Tree_nod@V?$_Tmap_traits@PAU_MAPLABEL@EQUIStructs@@PAU_MAPSPAWN@@U?$less@PAU_MAPLABEL@EQUIStructs@@@std@@V?$allocator@U?$pair@QAU_MAPLABEL@EQUIStructs@@PAU_MAPSPAWN@@@std@@@5@$0A@@std@@@2@XZ 04002e70 f i MQ2MapAPI.obj
 0001:00001e80       ?_Rrotate@?$_Tree@V?$_Tmap_traits@PAU_MAPLABEL@EQUIStructs@@PAU_MAPSPAWN@@U?$less@PAU_MAPLABEL@EQUIStructs@@@std@@V?$allocator@U?$pair@QAU_MAPLABEL@EQUIStructs@@PAU_MAPSPAWN@@@std@@@5@$0A@@std@@@std@@IAEXPAU_Node@?$_Tree_nod@V?$_Tmap_traits@PAU_MAPLABEL@EQUIStructs@@PAU_MAPSPAWN@@U?$less@PAU_MAPLABEL@EQUIStructs@@@std@@V?$allocator@U?$pair@QAU_MAPLABEL@EQUIStructs@@PAU_MAPSPAWN@@@std@@@5@$0A@@std@@@2@@Z 04002e80 f i MQ2MapAPI.obj
 0001:00001ee0       ??9const_iterator@?$_Tree@V?$_Tmap_traits@KPAU_MAPSPAWN@@U?$less@K@std@@V?$allocator@U?$pair@$$CBKPAU_MAPSPAWN@@@std@@@3@$0A@@std@@@std@@QBE_NABV012@@Z 04002ee0 f i MQ2MapAPI.obj
 0001:00001f10       ??9const_iterator@?$_Tree@V?$_Tmap_traits@PAU_MAPLABEL@EQUIStructs@@PAU_MAPSPAWN@@U?$less@PAU_MAPLABEL@EQUIStructs@@@std@@V?$allocator@U?$pair@QAU_MAPLABEL@EQUIStructs@@PAU_MAPSPAWN@@@std@@@5@$0A@@std@@@std@@QBE_NABV012@@Z 04002f10 f i MQ2MapAPI.obj
 0001:00001f40       ??0?$pair@Viterator@?$_Tree@V?$_Tmap_traits@KPAU_MAPSPAWN@@U?$less@K@std@@V?$allocator@U?$pair@$$CBKPAU_MAPSPAWN@@@std@@@3@$0A@@std@@@std@@_N@std@@QAE@ABViterator@?$_Tree@V?$_Tmap_traits@KPAU_MAPSPAWN@@U?$less@K@std@@V?$allocator@U?$pair@$$CBKPAU_MAPSPAWN@@@std@@@3@$0A@@std@@@1@AB_N@Z 04002f40 f i MQ2MapAPI.obj
 0001:00001f60       ??0?$pair@Viterator@?$_Tree@V?$_Tmap_traits@PAU_MAPLABEL@EQUIStructs@@PAU_MAPSPAWN@@U?$less@PAU_MAPLABEL@EQUIStructs@@@std@@V?$allocator@U?$pair@QAU_MAPLABEL@EQUIStructs@@PAU_MAPSPAWN@@@std@@@5@$0A@@std@@@std@@_N@std@@QAE@ABViterator@?$_Tree@V?$_Tmap_traits@PAU_MAPLABEL@EQUIStructs@@PAU_MAPSPAWN@@U?$less@PAU_MAPLABEL@EQUIStructs@@@std@@V?$allocator@U?$pair@QAU_MAPLABEL@EQUIStructs@@PAU_MAPSPAWN@@@std@@@5@$0A@@std@@@1@AB_N@Z 04002f60 f i MQ2MapAPI.obj
 0001:00001f80       ?max_size@?$allocator@D@std@@QBEIXZ 04002f80 f i MQ2MapAPI.obj
 0001:00001f90       ?_Max@?$_Tree@V?$_Tmap_traits@KPAU_MAPSPAWN@@U?$less@K@std@@V?$allocator@U?$pair@$$CBKPAU_MAPSPAWN@@@std@@@3@$0A@@std@@@std@@KAPAU_Node@?$_Tree_nod@V?$_Tmap_traits@KPAU_MAPSPAWN@@U?$less@K@std@@V?$allocator@U?$pair@$$CBKPAU_MAPSPAWN@@@std@@@3@$0A@@std@@@2@PAU342@@Z 04002f90 f i MQ2MapAPI.obj
 0001:00001fb0       ?_Min@?$_Tree@V?$_Tmap_traits@KPAU_MAPSPAWN@@U?$less@K@std@@V?$allocator@U?$pair@$$CBKPAU_MAPSPAWN@@@std@@@3@$0A@@std@@@std@@KAPAU_Node@?$_Tree_nod@V?$_Tmap_traits@KPAU_MAPSPAWN@@U?$less@K@std@@V?$allocator@U?$pair@$$CBKPAU_MAPSPAWN@@@std@@@3@$0A@@std@@@2@PAU342@@Z 04002fb0 f i MQ2MapAPI.obj
 0001:00001fd0       ?max_size@?$allocator@U?$pair@$$CBKPAU_MAPSPAWN@@@std@@@std@@QBEIXZ 04002fd0 f i MQ2MapAPI.obj
 0001:00001fe0       ?_Max@?$_Tree@V?$_Tmap_traits@PAU_MAPLABEL@EQUIStructs@@PAU_MAPSPAWN@@U?$less@PAU_MAPLABEL@EQUIStructs@@@std@@V?$allocator@U?$pair@QAU_MAPLABEL@EQUIStructs@@PAU_MAPSPAWN@@@std@@@5@$0A@@std@@@std@@KAPAU_Node@?$_Tree_nod@V?$_Tmap_traits@PAU_MAPLABEL@EQUIStructs@@PAU_MAPSPAWN@@U?$less@PAU_MAPLABEL@EQUIStructs@@@std@@V?$allocator@U?$pair@QAU_MAPLABEL@EQUIStructs@@PAU_MAPSPAWN@@@std@@@5@$0A@@std@@@2@PAU342@@Z 04002fe0 f i MQ2MapAPI.obj
 0001:00002000       ?_Min@?$_Tree@V?$_Tmap_traits@PAU_MAPLABEL@EQUIStructs@@PAU_MAPSPAWN@@U?$less@PAU_MAPLABEL@EQUIStructs@@@std@@V?$allocator@U?$pair@QAU_MAPLABEL@EQUIStructs@@PAU_MAPSPAWN@@@std@@@5@$0A@@std@@@std@@KAPAU_Node@?$_Tree_nod@V?$_Tmap_traits@PAU_MAPLABEL@EQUIStructs@@PAU_MAPSPAWN@@U?$less@PAU_MAPLABEL@EQUIStructs@@@std@@V?$allocator@U?$pair@QAU_MAPLABEL@EQUIStructs@@PAU_MAPSPAWN@@@std@@@5@$0A@@std@@@2@PAU342@@Z 04003000 f i MQ2MapAPI.obj
 0001:00002020       ?max_size@?$allocator@U?$pair@QAU_MAPLABEL@EQUIStructs@@PAU_MAPSPAWN@@@std@@@std@@QBEIXZ 04003020 f i MQ2MapAPI.obj
 0001:00002030       ??0_Node@?$_Tree_nod@V?$_Tmap_traits@KPAU_MAPSPAWN@@U?$less@K@std@@V?$allocator@U?$pair@$$CBKPAU_MAPSPAWN@@@std@@@3@$0A@@std@@@std@@QAE@PAU012@00ABU?$pair@$$CBKPAU_MAPSPAWN@@@2@D@Z 04003030 f i MQ2MapAPI.obj
 0001:00002070       ??0_Node@?$_Tree_nod@V?$_Tmap_traits@PAU_MAPLABEL@EQUIStructs@@PAU_MAPSPAWN@@U?$less@PAU_MAPLABEL@EQUIStructs@@@std@@V?$allocator@U?$pair@QAU_MAPLABEL@EQUIStructs@@PAU_MAPSPAWN@@@std@@@5@$0A@@std@@@std@@QAE@PAU012@00ABU?$pair@QAU_MAPLABEL@EQUIStructs@@PAU_MAPSPAWN@@@2@D@Z 04003070 f i MQ2MapAPI.obj
 0001:000020b0       ??$swap@D@std@@YAXAAD0@Z   040030b0 f i MQ2MapAPI.obj
 0001:000020d0       ??$_Destroy@U_Node@?$_Tree_nod@V?$_Tmap_traits@KPAU_MAPSPAWN@@U?$less@K@std@@V?$allocator@U?$pair@$$CBKPAU_MAPSPAWN@@@std@@@3@$0A@@std@@@std@@@std@@YAXPAU_Node@?$_Tree_nod@V?$_Tmap_traits@KPAU_MAPSPAWN@@U?$less@K@std@@V?$allocator@U?$pair@$$CBKPAU_MAPSPAWN@@@std@@@3@$0A@@std@@@0@@Z 040030d0 f i MQ2MapAPI.obj
 0001:000020e0       ??$_Destroy@PAU_Node@?$_Tree_nod@V?$_Tmap_traits@KPAU_MAPSPAWN@@U?$less@K@std@@V?$allocator@U?$pair@$$CBKPAU_MAPSPAWN@@@std@@@3@$0A@@std@@@std@@@std@@YAXPAPAU_Node@?$_Tree_nod@V?$_Tmap_traits@KPAU_MAPSPAWN@@U?$less@K@std@@V?$allocator@U?$pair@$$CBKPAU_MAPSPAWN@@@std@@@3@$0A@@std@@@0@@Z 040030e0 f i MQ2MapAPI.obj
 0001:000020f0       ??$_Destroy@PAU_Node@?$_Tree_nod@V?$_Tmap_traits@PAU_MAPLABEL@EQUIStructs@@PAU_MAPSPAWN@@U?$less@PAU_MAPLABEL@EQUIStructs@@@std@@V?$allocator@U?$pair@QAU_MAPLABEL@EQUIStructs@@PAU_MAPSPAWN@@@std@@@5@$0A@@std@@@std@@@std@@YAXPAPAU_Node@?$_Tree_nod@V?$_Tmap_traits@PAU_MAPLABEL@EQUIStructs@@PAU_MAPSPAWN@@U?$less@PAU_MAPLABEL@EQUIStructs@@@std@@V?$allocator@U?$pair@QAU_MAPLABEL@EQUIStructs@@PAU_MAPSPAWN@@@std@@@5@$0A@@std@@@0@@Z 040030f0 f i MQ2MapAPI.obj
 0001:00002100       ??$?0U?$pair@$$CBKPAU_MAPSPAWN@@@std@@@?$allocator@PAU_Node@?$_Tree_nod@V?$_Tmap_traits@KPAU_MAPSPAWN@@U?$less@K@std@@V?$allocator@U?$pair@$$CBKPAU_MAPSPAWN@@@std@@@3@$0A@@std@@@std@@@std@@QAE@ABV?$allocator@U?$pair@$$CBKPAU_MAPSPAWN@@@std@@@1@@Z 04003100 f i MQ2MapAPI.obj
 0001:00002110       ??$?0U?$pair@QAU_MAPLABEL@EQUIStructs@@PAU_MAPSPAWN@@@std@@@?$allocator@PAU_Node@?$_Tree_nod@V?$_Tmap_traits@PAU_MAPLABEL@EQUIStructs@@PAU_MAPSPAWN@@U?$less@PAU_MAPLABEL@EQUIStructs@@@std@@V?$allocator@U?$pair@QAU_MAPLABEL@EQUIStructs@@PAU_MAPSPAWN@@@std@@@5@$0A@@std@@@std@@@std@@QAE@ABV?$allocator@U?$pair@QAU_MAPLABEL@EQUIStructs@@PAU_MAPSPAWN@@@std@@@1@@Z 04003110 f i MQ2MapAPI.obj
 0001:00002120       ??$_Allocate@D@std@@YAPADIPAD@Z 04003120 f i MQ2MapAPI.obj
 0001:00002180       ??$?0U?$pair@$$CBKPAU_MAPSPAWN@@@std@@@?$allocator@U_Node@?$_Tree_nod@V?$_Tmap_traits@KPAU_MAPSPAWN@@U?$less@K@std@@V?$allocator@U?$pair@$$CBKPAU_MAPSPAWN@@@std@@@3@$0A@@std@@@std@@@std@@QAE@ABV?$allocator@U?$pair@$$CBKPAU_MAPSPAWN@@@std@@@1@@Z 04003180 f i MQ2MapAPI.obj
 0001:00002190       ??$_Allocate@U_Node@?$_Tree_nod@V?$_Tmap_traits@KPAU_MAPSPAWN@@U?$less@K@std@@V?$allocator@U?$pair@$$CBKPAU_MAPSPAWN@@@std@@@3@$0A@@std@@@std@@@std@@YAPAU_Node@?$_Tree_nod@V?$_Tmap_traits@KPAU_MAPSPAWN@@U?$less@K@std@@V?$allocator@U?$pair@$$CBKPAU_MAPSPAWN@@@std@@@3@$0A@@std@@@0@IPAU120@@Z 04003190 f i MQ2MapAPI.obj
 0001:000021f0       ??$_Construct@PAU_Node@?$_Tree_nod@V?$_Tmap_traits@KPAU_MAPSPAWN@@U?$less@K@std@@V?$allocator@U?$pair@$$CBKPAU_MAPSPAWN@@@std@@@3@$0A@@std@@@std@@PAU123@@std@@YAXPAPAU_Node@?$_Tree_nod@V?$_Tmap_traits@KPAU_MAPSPAWN@@U?$less@K@std@@V?$allocator@U?$pair@$$CBKPAU_MAPSPAWN@@@std@@@3@$0A@@std@@@0@ABQAU120@@Z 040031f0 f i MQ2MapAPI.obj
 0001:00002210       ??$?0U?$pair@QAU_MAPLABEL@EQUIStructs@@PAU_MAPSPAWN@@@std@@@?$allocator@U_Node@?$_Tree_nod@V?$_Tmap_traits@PAU_MAPLABEL@EQUIStructs@@PAU_MAPSPAWN@@U?$less@PAU_MAPLABEL@EQUIStructs@@@std@@V?$allocator@U?$pair@QAU_MAPLABEL@EQUIStructs@@PAU_MAPSPAWN@@@std@@@5@$0A@@std@@@std@@@std@@QAE@ABV?$allocator@U?$pair@QAU_MAPLABEL@EQUIStructs@@PAU_MAPSPAWN@@@std@@@1@@Z 04003210 f i MQ2MapAPI.obj
 0001:00002220       ??$_Allocate@U_Node@?$_Tree_nod@V?$_Tmap_traits@PAU_MAPLABEL@EQUIStructs@@PAU_MAPSPAWN@@U?$less@PAU_MAPLABEL@EQUIStructs@@@std@@V?$allocator@U?$pair@QAU_MAPLABEL@EQUIStructs@@PAU_MAPSPAWN@@@std@@@5@$0A@@std@@@std@@@std@@YAPAU_Node@?$_Tree_nod@V?$_Tmap_traits@PAU_MAPLABEL@EQUIStructs@@PAU_MAPSPAWN@@U?$less@PAU_MAPLABEL@EQUIStructs@@@std@@V?$allocator@U?$pair@QAU_MAPLABEL@EQUIStructs@@PAU_MAPSPAWN@@@std@@@5@$0A@@std@@@0@IPAU120@@Z 04003220 f i MQ2MapAPI.obj
 0001:00002280       ??$_Destroy@U_Node@?$_Tree_nod@V?$_Tmap_traits@PAU_MAPLABEL@EQUIStructs@@PAU_MAPSPAWN@@U?$less@PAU_MAPLABEL@EQUIStructs@@@std@@V?$allocator@U?$pair@QAU_MAPLABEL@EQUIStructs@@PAU_MAPSPAWN@@@std@@@5@$0A@@std@@@std@@@std@@YAXPAU_Node@?$_Tree_nod@V?$_Tmap_traits@PAU_MAPLABEL@EQUIStructs@@PAU_MAPSPAWN@@U?$less@PAU_MAPLABEL@EQUIStructs@@@std@@V?$allocator@U?$pair@QAU_MAPLABEL@EQUIStructs@@PAU_MAPSPAWN@@@std@@@5@$0A@@std@@@0@@Z 04003280 f i MQ2MapAPI.obj
 0001:00002290       ??$_Construct@PAU_Node@?$_Tree_nod@V?$_Tmap_traits@PAU_MAPLABEL@EQUIStructs@@PAU_MAPSPAWN@@U?$less@PAU_MAPLABEL@EQUIStructs@@@std@@V?$allocator@U?$pair@QAU_MAPLABEL@EQUIStructs@@PAU_MAPSPAWN@@@std@@@5@$0A@@std@@@std@@PAU123@@std@@YAXPAPAU_Node@?$_Tree_nod@V?$_Tmap_traits@PAU_MAPLABEL@EQUIStructs@@PAU_MAPSPAWN@@U?$less@PAU_MAPLABEL@EQUIStructs@@@std@@V?$allocator@U?$pair@QAU_MAPLABEL@EQUIStructs@@PAU_MAPSPAWN@@@std@@@5@$0A@@std@@@0@ABQAU120@@Z 04003290 f i MQ2MapAPI.obj
 0001:000022b0       ??$?0U?$pair@$$CBKPAU_MAPSPAWN@@@std@@@?$allocator@V_Aux_cont@std@@@std@@QAE@ABV?$allocator@U?$pair@$$CBKPAU_MAPSPAWN@@@std@@@1@@Z 040032b0 f i MQ2MapAPI.obj
 0001:000022c0       ??$?0U?$pair@QAU_MAPLABEL@EQUIStructs@@PAU_MAPSPAWN@@@std@@@?$allocator@V_Aux_cont@std@@@std@@QAE@ABV?$allocator@U?$pair@QAU_MAPLABEL@EQUIStructs@@PAU_MAPSPAWN@@@std@@@1@@Z 040032c0 f i MQ2MapAPI.obj
 0001:000022d0       ??$_Allocate@V_Aux_cont@std@@@std@@YAPAV_Aux_cont@0@IPAV10@@Z 040032d0 f i MQ2MapAPI.obj
 0001:00002330       ??0bad_alloc@std@@QAE@ABV01@@Z 04003330 f i MQ2MapAPI.obj
 0001:00002350       ??$_Char_traits_cat@U?$char_traits@D@std@@@std@@YA?AU_Secure_char_traits_tag@0@XZ 04003350 f i MQ2MapAPI.obj
 0001:00002360       ??$copy_s@U?$char_traits@D@std@@@_Traits_helper@std@@YAPADPADIPBDIU_Secure_char_traits_tag@1@@Z 04003360 f i MQ2MapAPI.obj
 0001:00002390       ??$move_s@U?$char_traits@D@std@@@_Traits_helper@std@@YAPADPADIPBDIU_Secure_char_traits_tag@1@@Z 04003390 f i MQ2MapAPI.obj
 0001:000023c0       ??0?$_String_val@DV?$allocator@D@std@@@std@@IAE@V?$allocator@D@1@@Z 040033c0 f i MQ2MapAPI.obj
 0001:000023d0       ??0?$_String_val@DV?$allocator@D@std@@@std@@QAE@ABV01@@Z 040033d0 f i MQ2MapAPI.obj
 0001:000023e0       ?_Key@?$_Tree@V?$_Tmap_traits@KPAU_MAPSPAWN@@U?$less@K@std@@V?$allocator@U?$pair@$$CBKPAU_MAPSPAWN@@@std@@@3@$0A@@std@@@std@@KAABKPAU_Node@?$_Tree_nod@V?$_Tmap_traits@KPAU_MAPSPAWN@@U?$less@K@std@@V?$allocator@U?$pair@$$CBKPAU_MAPSPAWN@@@std@@@3@$0A@@std@@@2@@Z 040033e0 f i MQ2MapAPI.obj
 0001:000023f0       ?_Lmost@?$_Tree@V?$_Tmap_traits@KPAU_MAPSPAWN@@U?$less@K@std@@V?$allocator@U?$pair@$$CBKPAU_MAPSPAWN@@@std@@@3@$0A@@std@@@std@@IBEAAPAU_Node@?$_Tree_nod@V?$_Tmap_traits@KPAU_MAPSPAWN@@U?$less@K@std@@V?$allocator@U?$pair@$$CBKPAU_MAPSPAWN@@@std@@@3@$0A@@std@@@2@XZ 040033f0 f i MQ2MapAPI.obj
 0001:00002400       ?_Rmost@?$_Tree@V?$_Tmap_traits@KPAU_MAPSPAWN@@U?$less@K@std@@V?$allocator@U?$pair@$$CBKPAU_MAPSPAWN@@@std@@@3@$0A@@std@@@std@@IBEAAPAU_Node@?$_Tree_nod@V?$_Tmap_traits@KPAU_MAPSPAWN@@U?$less@K@std@@V?$allocator@U?$pair@$$CBKPAU_MAPSPAWN@@@std@@@3@$0A@@std@@@2@XZ 04003400 f i MQ2MapAPI.obj
 0001:00002410       ?_Root@?$_Tree@V?$_Tmap_traits@KPAU_MAPSPAWN@@U?$less@K@std@@V?$allocator@U?$pair@$$CBKPAU_MAPSPAWN@@@std@@@3@$0A@@std@@@std@@IBEAAPAU_Node@?$_Tree_nod@V?$_Tmap_traits@KPAU_MAPSPAWN@@U?$less@K@std@@V?$allocator@U?$pair@$$CBKPAU_MAPSPAWN@@@std@@@3@$0A@@std@@@2@XZ 04003410 f i MQ2MapAPI.obj
 0001:00002420       ??1?$_Container_base_aux_alloc_real@V?$allocator@U?$pair@$$CBKPAU_MAPSPAWN@@@std@@@std@@@std@@IAE@XZ 04003420 f i MQ2MapAPI.obj
 0001:00002430       ?_Key@?$_Tree@V?$_Tmap_traits@PAU_MAPLABEL@EQUIStructs@@PAU_MAPSPAWN@@U?$less@PAU_MAPLABEL@EQUIStructs@@@std@@V?$allocator@U?$pair@QAU_MAPLABEL@EQUIStructs@@PAU_MAPSPAWN@@@std@@@5@$0A@@std@@@std@@KAABQAU_MAPLABEL@EQUIStructs@@PAU_Node@?$_Tree_nod@V?$_Tmap_traits@PAU_MAPLABEL@EQUIStructs@@PAU_MAPSPAWN@@U?$less@PAU_MAPLABEL@EQUIStructs@@@std@@V?$allocator@U?$pair@QAU_MAPLABEL@EQUIStructs@@PAU_MAPSPAWN@@@std@@@5@$0A@@std@@@2@@Z 04003430 f i MQ2MapAPI.obj
 0001:00002440       ??1?$_Container_base_aux_alloc_real@V?$allocator@U?$pair@QAU_MAPLABEL@EQUIStructs@@PAU_MAPSPAWN@@@std@@@std@@@std@@IAE@XZ 04003440 f i MQ2MapAPI.obj
 0001:00002450       ??Diterator@?$_Tree@V?$_Tmap_traits@KPAU_MAPSPAWN@@U?$less@K@std@@V?$allocator@U?$pair@$$CBKPAU_MAPSPAWN@@@std@@@3@$0A@@std@@@std@@QBEAAU?$pair@$$CBKPAU_MAPSPAWN@@@2@XZ 04003450 f i MQ2MapAPI.obj
 0001:00002480       ??Diterator@?$_Tree@V?$_Tmap_traits@PAU_MAPLABEL@EQUIStructs@@PAU_MAPSPAWN@@U?$less@PAU_MAPLABEL@EQUIStructs@@@std@@V?$allocator@U?$pair@QAU_MAPLABEL@EQUIStructs@@PAU_MAPSPAWN@@@std@@@5@$0A@@std@@@std@@QBEAAU?$pair@QAU_MAPLABEL@EQUIStructs@@PAU_MAPSPAWN@@@2@XZ 04003480 f i MQ2MapAPI.obj
 0001:000024b0       ?_Eos@?$basic_string@DU?$char_traits@D@std@@V?$allocator@D@2@@std@@IAEXI@Z 040034b0 f i MQ2MapAPI.obj
 0001:000024d0       ?_Lbound@?$_Tree@V?$_Tmap_traits@KPAU_MAPSPAWN@@U?$less@K@std@@V?$allocator@U?$pair@$$CBKPAU_MAPSPAWN@@@std@@@3@$0A@@std@@@std@@IBEPAU_Node@?$_Tree_nod@V?$_Tmap_traits@KPAU_MAPSPAWN@@U?$less@K@std@@V?$allocator@U?$pair@$$CBKPAU_MAPSPAWN@@@std@@@3@$0A@@std@@@2@ABK@Z 040034d0 f i MQ2MapAPI.obj
 0001:00002500       ?destroy@?$allocator@U_Node@?$_Tree_nod@V?$_Tmap_traits@KPAU_MAPSPAWN@@U?$less@K@std@@V?$allocator@U?$pair@$$CBKPAU_MAPSPAWN@@@std@@@3@$0A@@std@@@std@@@std@@QAEXPAU_Node@?$_Tree_nod@V?$_Tmap_traits@KPAU_MAPSPAWN@@U?$less@K@std@@V?$allocator@U?$pair@$$CBKPAU_MAPSPAWN@@@std@@@3@$0A@@std@@@2@@Z 04003500 f i MQ2MapAPI.obj
 0001:00002510       ?destroy@?$allocator@PAU_Node@?$_Tree_nod@V?$_Tmap_traits@KPAU_MAPSPAWN@@U?$less@K@std@@V?$allocator@U?$pair@$$CBKPAU_MAPSPAWN@@@std@@@3@$0A@@std@@@std@@@std@@QAEXPAPAU_Node@?$_Tree_nod@V?$_Tmap_traits@KPAU_MAPSPAWN@@U?$less@K@std@@V?$allocator@U?$pair@$$CBKPAU_MAPSPAWN@@@std@@@3@$0A@@std@@@2@@Z 04003510 f i MQ2MapAPI.obj
 0001:00002520       ?_Lbound@?$_Tree@V?$_Tmap_traits@PAU_MAPLABEL@EQUIStructs@@PAU_MAPSPAWN@@U?$less@PAU_MAPLABEL@EQUIStructs@@@std@@V?$allocator@U?$pair@QAU_MAPLABEL@EQUIStructs@@PAU_MAPSPAWN@@@std@@@5@$0A@@std@@@std@@IBEPAU_Node@?$_Tree_nod@V?$_Tmap_traits@PAU_MAPLABEL@EQUIStructs@@PAU_MAPSPAWN@@U?$less@PAU_MAPLABEL@EQUIStructs@@@std@@V?$allocator@U?$pair@QAU_MAPLABEL@EQUIStructs@@PAU_MAPSPAWN@@@std@@@5@$0A@@std@@@2@ABQAU_MAPLABEL@EQUIStructs@@@Z 04003520 f i MQ2MapAPI.obj
 0001:00002550       ?destroy@?$allocator@PAU_Node@?$_Tree_nod@V?$_Tmap_traits@PAU_MAPLABEL@EQUIStructs@@PAU_MAPSPAWN@@U?$less@PAU_MAPLABEL@EQUIStructs@@@std@@V?$allocator@U?$pair@QAU_MAPLABEL@EQUIStructs@@PAU_MAPSPAWN@@@std@@@5@$0A@@std@@@std@@@std@@QAEXPAPAU_Node@?$_Tree_nod@V?$_Tmap_traits@PAU_MAPLABEL@EQUIStructs@@PAU_MAPSPAWN@@U?$less@PAU_MAPLABEL@EQUIStructs@@@std@@V?$allocator@U?$pair@QAU_MAPLABEL@EQUIStructs@@PAU_MAPSPAWN@@@std@@@5@$0A@@std@@@2@@Z 04003550 f i MQ2MapAPI.obj
 0001:00002560       ??0?$_Bidit@U?$pair@$$CBKPAU_MAPSPAWN@@@std@@HPBU12@ABU12@@std@@QAE@XZ 04003560 f i MQ2MapAPI.obj
 0001:00002570       ??0?$_Bidit@U?$pair@QAU_MAPLABEL@EQUIStructs@@PAU_MAPSPAWN@@@std@@HPBU12@ABU12@@std@@QAE@XZ 04003570 f i MQ2MapAPI.obj
 0001:00002580       ?max_size@?$basic_string@DU?$char_traits@D@std@@V?$allocator@D@2@@std@@QBEIXZ 04003580 f i MQ2MapAPI.obj
 0001:00002590       ?max_size@?$_Tree@V?$_Tmap_traits@KPAU_MAPSPAWN@@U?$less@K@std@@V?$allocator@U?$pair@$$CBKPAU_MAPSPAWN@@@std@@@3@$0A@@std@@@std@@QBEIXZ 04003590 f i MQ2MapAPI.obj
 0001:000025a0       ?_Lrotate@?$_Tree@V?$_Tmap_traits@KPAU_MAPSPAWN@@U?$less@K@std@@V?$allocator@U?$pair@$$CBKPAU_MAPSPAWN@@@std@@@3@$0A@@std@@@std@@IAEXPAU_Node@?$_Tree_nod@V?$_Tmap_traits@KPAU_MAPSPAWN@@U?$less@K@std@@V?$allocator@U?$pair@$$CBKPAU_MAPSPAWN@@@std@@@3@$0A@@std@@@2@@Z 040035a0 f i MQ2MapAPI.obj
 0001:000025f0       ?_Rrotate@?$_Tree@V?$_Tmap_traits@KPAU_MAPSPAWN@@U?$less@K@std@@V?$allocator@U?$pair@$$CBKPAU_MAPSPAWN@@@std@@@3@$0A@@std@@@std@@IAEXPAU_Node@?$_Tree_nod@V?$_Tmap_traits@KPAU_MAPSPAWN@@U?$less@K@std@@V?$allocator@U?$pair@$$CBKPAU_MAPSPAWN@@@std@@@3@$0A@@std@@@2@@Z 040035f0 f i MQ2MapAPI.obj
 0001:00002650       ?max_size@?$_Tree@V?$_Tmap_traits@PAU_MAPLABEL@EQUIStructs@@PAU_MAPSPAWN@@U?$less@PAU_MAPLABEL@EQUIStructs@@@std@@V?$allocator@U?$pair@QAU_MAPLABEL@EQUIStructs@@PAU_MAPSPAWN@@@std@@@5@$0A@@std@@@std@@QBEIXZ 04003650 f i MQ2MapAPI.obj
 0001:00002660       ?_Lrotate@?$_Tree@V?$_Tmap_traits@PAU_MAPLABEL@EQUIStructs@@PAU_MAPSPAWN@@U?$less@PAU_MAPLABEL@EQUIStructs@@@std@@V?$allocator@U?$pair@QAU_MAPLABEL@EQUIStructs@@PAU_MAPSPAWN@@@std@@@5@$0A@@std@@@std@@IAEXPAU_Node@?$_Tree_nod@V?$_Tmap_traits@PAU_MAPLABEL@EQUIStructs@@PAU_MAPSPAWN@@U?$less@PAU_MAPLABEL@EQUIStructs@@@std@@V?$allocator@U?$pair@QAU_MAPLABEL@EQUIStructs@@PAU_MAPSPAWN@@@std@@@5@$0A@@std@@@2@@Z 04003660 f i MQ2MapAPI.obj
 0001:000026b0       ??0const_iterator@?$_Tree@V?$_Tmap_traits@KPAU_MAPSPAWN@@U?$less@K@std@@V?$allocator@U?$pair@$$CBKPAU_MAPSPAWN@@@std@@@3@$0A@@std@@@std@@QAE@PAU_Node@?$_Tree_nod@V?$_Tmap_traits@KPAU_MAPSPAWN@@U?$less@K@std@@V?$allocator@U?$pair@$$CBKPAU_MAPSPAWN@@@std@@@3@$0A@@std@@@2@PBV12@@Z 040036b0 f i MQ2MapAPI.obj
 0001:000026e0       ?_Dec@const_iterator@?$_Tree@V?$_Tmap_traits@KPAU_MAPSPAWN@@U?$less@K@std@@V?$allocator@U?$pair@$$CBKPAU_MAPSPAWN@@@std@@@3@$0A@@std@@@std@@QAEXXZ 040036e0 f i MQ2MapAPI.obj
 0001:00002770       ?_Inc@const_iterator@?$_Tree@V?$_Tmap_traits@KPAU_MAPSPAWN@@U?$less@K@std@@V?$allocator@U?$pair@$$CBKPAU_MAPSPAWN@@@std@@@3@$0A@@std@@@std@@QAEXXZ 04003770 f i MQ2MapAPI.obj
 0001:000027e0       ??0const_iterator@?$_Tree@V?$_Tmap_traits@PAU_MAPLABEL@EQUIStructs@@PAU_MAPSPAWN@@U?$less@PAU_MAPLABEL@EQUIStructs@@@std@@V?$allocator@U?$pair@QAU_MAPLABEL@EQUIStructs@@PAU_MAPSPAWN@@@std@@@5@$0A@@std@@@std@@QAE@PAU_Node@?$_Tree_nod@V?$_Tmap_traits@PAU_MAPLABEL@EQUIStructs@@PAU_MAPSPAWN@@U?$less@PAU_MAPLABEL@EQUIStructs@@@std@@V?$allocator@U?$pair@QAU_MAPLABEL@EQUIStructs@@PAU_MAPSPAWN@@@std@@@5@$0A@@std@@@2@PBV12@@Z 040037e0 f i MQ2MapAPI.obj
 0001:00002810       ?_Dec@const_iterator@?$_Tree@V?$_Tmap_traits@PAU_MAPLABEL@EQUIStructs@@PAU_MAPSPAWN@@U?$less@PAU_MAPLABEL@EQUIStructs@@@std@@V?$allocator@U?$pair@QAU_MAPLABEL@EQUIStructs@@PAU_MAPSPAWN@@@std@@@5@$0A@@std@@@std@@QAEXXZ 04003810 f i MQ2MapAPI.obj
 0001:000028a0       ?_Inc@const_iterator@?$_Tree@V?$_Tmap_traits@PAU_MAPLABEL@EQUIStructs@@PAU_MAPSPAWN@@U?$less@PAU_MAPLABEL@EQUIStructs@@@std@@V?$allocator@U?$pair@QAU_MAPLABEL@EQUIStructs@@PAU_MAPSPAWN@@@std@@@5@$0A@@std@@@std@@QAEXXZ 040038a0 f i MQ2MapAPI.obj
 0001:00002910       ?allocate@?$allocator@D@std@@QAEPADI@Z 04003910 f i MQ2MapAPI.obj
 0001:00002930       ?allocate@?$allocator@U_Node@?$_Tree_nod@V?$_Tmap_traits@KPAU_MAPSPAWN@@U?$less@K@std@@V?$allocator@U?$pair@$$CBKPAU_MAPSPAWN@@@std@@@3@$0A@@std@@@std@@@std@@QAEPAU_Node@?$_Tree_nod@V?$_Tmap_traits@KPAU_MAPSPAWN@@U?$less@K@std@@V?$allocator@U?$pair@$$CBKPAU_MAPSPAWN@@@std@@@3@$0A@@std@@@2@I@Z 04003930 f i MQ2MapAPI.obj
 0001:00002950       ?construct@?$allocator@PAU_Node@?$_Tree_nod@V?$_Tmap_traits@KPAU_MAPSPAWN@@U?$less@K@std@@V?$allocator@U?$pair@$$CBKPAU_MAPSPAWN@@@std@@@3@$0A@@std@@@std@@@std@@QAEXPAPAU_Node@?$_Tree_nod@V?$_Tmap_traits@KPAU_MAPSPAWN@@U?$less@K@std@@V?$allocator@U?$pair@$$CBKPAU_MAPSPAWN@@@std@@@3@$0A@@std@@@2@ABQAU342@@Z 04003950 f i MQ2MapAPI.obj
 0001:00002970       ?allocate@?$allocator@U_Node@?$_Tree_nod@V?$_Tmap_traits@PAU_MAPLABEL@EQUIStructs@@PAU_MAPSPAWN@@U?$less@PAU_MAPLABEL@EQUIStructs@@@std@@V?$allocator@U?$pair@QAU_MAPLABEL@EQUIStructs@@PAU_MAPSPAWN@@@std@@@5@$0A@@std@@@std@@@std@@QAEPAU_Node@?$_Tree_nod@V?$_Tmap_traits@PAU_MAPLABEL@EQUIStructs@@PAU_MAPSPAWN@@U?$less@PAU_MAPLABEL@EQUIStructs@@@std@@V?$allocator@U?$pair@QAU_MAPLABEL@EQUIStructs@@PAU_MAPSPAWN@@@std@@@5@$0A@@std@@@2@I@Z 04003970 f i MQ2MapAPI.obj
 0001:00002990       ?destroy@?$allocator@U_Node@?$_Tree_nod@V?$_Tmap_traits@PAU_MAPLABEL@EQUIStructs@@PAU_MAPSPAWN@@U?$less@PAU_MAPLABEL@EQUIStructs@@@std@@V?$allocator@U?$pair@QAU_MAPLABEL@EQUIStructs@@PAU_MAPSPAWN@@@std@@@5@$0A@@std@@@std@@@std@@QAEXPAU_Node@?$_Tree_nod@V?$_Tmap_traits@PAU_MAPLABEL@EQUIStructs@@PAU_MAPSPAWN@@U?$less@PAU_MAPLABEL@EQUIStructs@@@std@@V?$allocator@U?$pair@QAU_MAPLABEL@EQUIStructs@@PAU_MAPSPAWN@@@std@@@5@$0A@@std@@@2@@Z 04003990 f i MQ2MapAPI.obj
 0001:000029a0       ?construct@?$allocator@PAU_Node@?$_Tree_nod@V?$_Tmap_traits@PAU_MAPLABEL@EQUIStructs@@PAU_MAPSPAWN@@U?$less@PAU_MAPLABEL@EQUIStructs@@@std@@V?$allocator@U?$pair@QAU_MAPLABEL@EQUIStructs@@PAU_MAPSPAWN@@@std@@@5@$0A@@std@@@std@@@std@@QAEXPAPAU_Node@?$_Tree_nod@V?$_Tmap_traits@PAU_MAPLABEL@EQUIStructs@@PAU_MAPSPAWN@@U?$less@PAU_MAPLABEL@EQUIStructs@@@std@@V?$allocator@U?$pair@QAU_MAPLABEL@EQUIStructs@@PAU_MAPSPAWN@@@std@@@5@$0A@@std@@@2@ABQAU342@@Z 040039a0 f i MQ2MapAPI.obj
 0001:000029c0       ?allocate@?$allocator@V_Aux_cont@std@@@std@@QAEPAV_Aux_cont@2@I@Z 040039c0 f i MQ2MapAPI.obj
 0001:000029e0       ??$copy_s@U?$char_traits@D@std@@@_Traits_helper@std@@YAPADPADIPBDI@Z 040039e0 f i MQ2MapAPI.obj
 0001:00002a10       ??$move_s@U?$char_traits@D@std@@@_Traits_helper@std@@YAPADPADIPBDI@Z 04003a10 f i MQ2MapAPI.obj
 0001:00002a40       ??1?$_Tmap_traits@KPAU_MAPSPAWN@@U?$less@K@std@@V?$allocator@U?$pair@$$CBKPAU_MAPSPAWN@@@std@@@3@$0A@@std@@QAE@XZ 04003a40 f i MQ2MapAPI.obj
 0001:00002a50       ??1?$_Tmap_traits@PAU_MAPLABEL@EQUIStructs@@PAU_MAPSPAWN@@U?$less@PAU_MAPLABEL@EQUIStructs@@@std@@V?$allocator@U?$pair@QAU_MAPLABEL@EQUIStructs@@PAU_MAPSPAWN@@@std@@@5@$0A@@std@@QAE@XZ 04003a50 f i MQ2MapAPI.obj
 0001:00002a60       ?_Tidy@?$basic_string@DU?$char_traits@D@std@@V?$allocator@D@2@@std@@IAEX_NI@Z 04003a60 f i MQ2MapAPI.obj
 0001:00002ab0       ?_Erase@?$_Tree@V?$_Tmap_traits@KPAU_MAPSPAWN@@U?$less@K@std@@V?$allocator@U?$pair@$$CBKPAU_MAPSPAWN@@@std@@@3@$0A@@std@@@std@@IAEXPAU_Node@?$_Tree_nod@V?$_Tmap_traits@KPAU_MAPSPAWN@@U?$less@K@std@@V?$allocator@U?$pair@$$CBKPAU_MAPSPAWN@@@std@@@3@$0A@@std@@@2@@Z 04003ab0 f i MQ2MapAPI.obj
 0001:00002af0       ?erase@?$basic_string@DU?$char_traits@D@std@@V?$allocator@D@2@@std@@QAEAAV12@II@Z 04003af0 f i MQ2MapAPI.obj
 0001:00002b80       ??0iterator@?$_Tree@V?$_Tmap_traits@KPAU_MAPSPAWN@@U?$less@K@std@@V?$allocator@U?$pair@$$CBKPAU_MAPSPAWN@@@std@@@3@$0A@@std@@@std@@QAE@PAU_Node@?$_Tree_nod@V?$_Tmap_traits@KPAU_MAPSPAWN@@U?$less@K@std@@V?$allocator@U?$pair@$$CBKPAU_MAPSPAWN@@@std@@@3@$0A@@std@@@2@PBV12@@Z 04003b80 f i MQ2MapAPI.obj
 0001:00002bb0       ??0const_iterator@?$_Tree@V?$_Tmap_traits@KPAU_MAPSPAWN@@U?$less@K@std@@V?$allocator@U?$pair@$$CBKPAU_MAPSPAWN@@@std@@@3@$0A@@std@@@std@@QAE@XZ 04003bb0 f i MQ2MapAPI.obj
 0001:00002bc0       ??Econst_iterator@?$_Tree@V?$_Tmap_traits@KPAU_MAPSPAWN@@U?$less@K@std@@V?$allocator@U?$pair@$$CBKPAU_MAPSPAWN@@@std@@@3@$0A@@std@@@std@@QAEAAV012@XZ 04003bc0 f i MQ2MapAPI.obj
 0001:00002bd0       ??Fconst_iterator@?$_Tree@V?$_Tmap_traits@KPAU_MAPSPAWN@@U?$less@K@std@@V?$allocator@U?$pair@$$CBKPAU_MAPSPAWN@@@std@@@3@$0A@@std@@@std@@QAEAAV012@XZ 04003bd0 f i MQ2MapAPI.obj
 0001:00002be0       ??0iterator@?$_Tree@V?$_Tmap_traits@PAU_MAPLABEL@EQUIStructs@@PAU_MAPSPAWN@@U?$less@PAU_MAPLABEL@EQUIStructs@@@std@@V?$allocator@U?$pair@QAU_MAPLABEL@EQUIStructs@@PAU_MAPSPAWN@@@std@@@5@$0A@@std@@@std@@QAE@PAU_Node@?$_Tree_nod@V?$_Tmap_traits@PAU_MAPLABEL@EQUIStructs@@PAU_MAPSPAWN@@U?$less@PAU_MAPLABEL@EQUIStructs@@@std@@V?$allocator@U?$pair@QAU_MAPLABEL@EQUIStructs@@PAU_MAPSPAWN@@@std@@@5@$0A@@std@@@2@PBV12@@Z 04003be0 f i MQ2MapAPI.obj
 0001:00002c10       ??0const_iterator@?$_Tree@V?$_Tmap_traits@PAU_MAPLABEL@EQUIStructs@@PAU_MAPSPAWN@@U?$less@PAU_MAPLABEL@EQUIStructs@@@std@@V?$allocator@U?$pair@QAU_MAPLABEL@EQUIStructs@@PAU_MAPSPAWN@@@std@@@5@$0A@@std@@@std@@QAE@XZ 04003c10 f i MQ2MapAPI.obj
 0001:00002c20       ??Econst_iterator@?$_Tree@V?$_Tmap_traits@PAU_MAPLABEL@EQUIStructs@@PAU_MAPSPAWN@@U?$less@PAU_MAPLABEL@EQUIStructs@@@std@@V?$allocator@U?$pair@QAU_MAPLABEL@EQUIStructs@@PAU_MAPSPAWN@@@std@@@5@$0A@@std@@@std@@QAEAAV012@XZ 04003c20 f i MQ2MapAPI.obj
 0001:00002c30       ??Fconst_iterator@?$_Tree@V?$_Tmap_traits@PAU_MAPLABEL@EQUIStructs@@PAU_MAPSPAWN@@U?$less@PAU_MAPLABEL@EQUIStructs@@@std@@V?$allocator@U?$pair@QAU_MAPLABEL@EQUIStructs@@PAU_MAPSPAWN@@@std@@@5@$0A@@std@@@std@@QAEAAV012@XZ 04003c30 f i MQ2MapAPI.obj
 0001:00002c40       ?_Copy@?$basic_string@DU?$char_traits@D@std@@V?$allocator@D@2@@std@@IAEXII@Z 04003c40 f i MQ2MapAPI.obj
 0001:00002d80       ?_Make_iter@?$_Tree@V?$_Tmap_traits@KPAU_MAPSPAWN@@U?$less@K@std@@V?$allocator@U?$pair@$$CBKPAU_MAPSPAWN@@@std@@@3@$0A@@std@@@std@@QBE?AViterator@12@Vconst_iterator@12@@Z 04003d80 f i MQ2MapAPI.obj
 0001:00002db0       ?_Buynode@?$_Tree@V?$_Tmap_traits@KPAU_MAPSPAWN@@U?$less@K@std@@V?$allocator@U?$pair@$$CBKPAU_MAPSPAWN@@@std@@@3@$0A@@std@@@std@@IAEPAU_Node@?$_Tree_nod@V?$_Tmap_traits@KPAU_MAPSPAWN@@U?$less@K@std@@V?$allocator@U?$pair@$$CBKPAU_MAPSPAWN@@@std@@@3@$0A@@std@@@2@XZ 04003db0 f i MQ2MapAPI.obj
 0001:00002df0       ?_Buynode@?$_Tree@V?$_Tmap_traits@KPAU_MAPSPAWN@@U?$less@K@std@@V?$allocator@U?$pair@$$CBKPAU_MAPSPAWN@@@std@@@3@$0A@@std@@@std@@IAEPAU_Node@?$_Tree_nod@V?$_Tmap_traits@KPAU_MAPSPAWN@@U?$less@K@std@@V?$allocator@U?$pair@$$CBKPAU_MAPSPAWN@@@std@@@3@$0A@@std@@@2@PAU342@00ABU?$pair@$$CBKPAU_MAPSPAWN@@@2@D@Z 04003df0 f i MQ2MapAPI.obj
 0001:00002e30       ?_Make_iter@?$_Tree@V?$_Tmap_traits@PAU_MAPLABEL@EQUIStructs@@PAU_MAPSPAWN@@U?$less@PAU_MAPLABEL@EQUIStructs@@@std@@V?$allocator@U?$pair@QAU_MAPLABEL@EQUIStructs@@PAU_MAPSPAWN@@@std@@@5@$0A@@std@@@std@@QBE?AViterator@12@Vconst_iterator@12@@Z 04003e30 f i MQ2MapAPI.obj
 0001:00002e60       ?_Buynode@?$_Tree@V?$_Tmap_traits@PAU_MAPLABEL@EQUIStructs@@PAU_MAPSPAWN@@U?$less@PAU_MAPLABEL@EQUIStructs@@@std@@V?$allocator@U?$pair@QAU_MAPLABEL@EQUIStructs@@PAU_MAPSPAWN@@@std@@@5@$0A@@std@@@std@@IAEPAU_Node@?$_Tree_nod@V?$_Tmap_traits@PAU_MAPLABEL@EQUIStructs@@PAU_MAPSPAWN@@U?$less@PAU_MAPLABEL@EQUIStructs@@@std@@V?$allocator@U?$pair@QAU_MAPLABEL@EQUIStructs@@PAU_MAPSPAWN@@@std@@@5@$0A@@std@@@2@XZ 04003e60 f i MQ2MapAPI.obj
 0001:00002ea0       ?_Buynode@?$_Tree@V?$_Tmap_traits@PAU_MAPLABEL@EQUIStructs@@PAU_MAPSPAWN@@U?$less@PAU_MAPLABEL@EQUIStructs@@@std@@V?$allocator@U?$pair@QAU_MAPLABEL@EQUIStructs@@PAU_MAPSPAWN@@@std@@@5@$0A@@std@@@std@@IAEPAU_Node@?$_Tree_nod@V?$_Tmap_traits@PAU_MAPLABEL@EQUIStructs@@PAU_MAPSPAWN@@U?$less@PAU_MAPLABEL@EQUIStructs@@@std@@V?$allocator@U?$pair@QAU_MAPLABEL@EQUIStructs@@PAU_MAPSPAWN@@@std@@@5@$0A@@std@@@2@PAU342@00ABU?$pair@QAU_MAPLABEL@EQUIStructs@@PAU_MAPSPAWN@@@2@D@Z 04003ea0 f i MQ2MapAPI.obj
 0001:00002ee0       ??Fiterator@?$_Tree@V?$_Tmap_traits@KPAU_MAPSPAWN@@U?$less@K@std@@V?$allocator@U?$pair@$$CBKPAU_MAPSPAWN@@@std@@@3@$0A@@std@@@std@@QAEAAV012@XZ 04003ee0 f i MQ2MapAPI.obj
 0001:00002ef0       ??Econst_iterator@?$_Tree@V?$_Tmap_traits@KPAU_MAPSPAWN@@U?$less@K@std@@V?$allocator@U?$pair@$$CBKPAU_MAPSPAWN@@@std@@@3@$0A@@std@@@std@@QAE?AV012@H@Z 04003ef0 f i MQ2MapAPI.obj
 0001:00002f10       ??Fiterator@?$_Tree@V?$_Tmap_traits@PAU_MAPLABEL@EQUIStructs@@PAU_MAPSPAWN@@U?$less@PAU_MAPLABEL@EQUIStructs@@@std@@V?$allocator@U?$pair@QAU_MAPLABEL@EQUIStructs@@PAU_MAPSPAWN@@@std@@@5@$0A@@std@@@std@@QAEAAV012@XZ 04003f10 f i MQ2MapAPI.obj
 0001:00002f20       ??Econst_iterator@?$_Tree@V?$_Tmap_traits@PAU_MAPLABEL@EQUIStructs@@PAU_MAPSPAWN@@U?$less@PAU_MAPLABEL@EQUIStructs@@@std@@V?$allocator@U?$pair@QAU_MAPLABEL@EQUIStructs@@PAU_MAPSPAWN@@@std@@@5@$0A@@std@@@std@@QAE?AV012@H@Z 04003f20 f i MQ2MapAPI.obj
 0001:00002f40       ?_Erase@?$_Tree@V?$_Tmap_traits@PAU_MAPLABEL@EQUIStructs@@PAU_MAPSPAWN@@U?$less@PAU_MAPLABEL@EQUIStructs@@@std@@V?$allocator@U?$pair@QAU_MAPLABEL@EQUIStructs@@PAU_MAPSPAWN@@@std@@@5@$0A@@std@@@std@@IAEXPAU_Node@?$_Tree_nod@V?$_Tmap_traits@PAU_MAPLABEL@EQUIStructs@@PAU_MAPSPAWN@@U?$less@PAU_MAPLABEL@EQUIStructs@@@std@@V?$allocator@U?$pair@QAU_MAPLABEL@EQUIStructs@@PAU_MAPSPAWN@@@std@@@5@$0A@@std@@@2@@Z 04003f40 f i MQ2MapAPI.obj
 0001:00002f80       ??0?$_Container_base_aux_alloc_real@V?$allocator@U?$pair@$$CBKPAU_MAPSPAWN@@@std@@@std@@@std@@IAE@V?$allocator@U?$pair@$$CBKPAU_MAPSPAWN@@@std@@@1@@Z 04003f80 f i MQ2MapAPI.obj
 0001:00002fb0       ??0?$_Container_base_aux_alloc_real@V?$allocator@U?$pair@QAU_MAPLABEL@EQUIStructs@@PAU_MAPSPAWN@@@std@@@std@@@std@@IAE@V?$allocator@U?$pair@QAU_MAPLABEL@EQUIStructs@@PAU_MAPSPAWN@@@std@@@1@@Z 04003fb0 f i MQ2MapAPI.obj
 0001:00002fe0       ??1?$basic_string@DU?$char_traits@D@std@@V?$allocator@D@2@@std@@QAE@XZ 04003fe0 f i MQ2MapAPI.obj
 0001:00003010       ?clear@?$_Tree@V?$_Tmap_traits@KPAU_MAPSPAWN@@U?$less@K@std@@V?$allocator@U?$pair@$$CBKPAU_MAPSPAWN@@@std@@@3@$0A@@std@@@std@@QAEXXZ 04004010 f i MQ2MapAPI.obj
 0001:00003040       ??1?$_Tree_nod@V?$_Tmap_traits@KPAU_MAPSPAWN@@U?$less@K@std@@V?$allocator@U?$pair@$$CBKPAU_MAPSPAWN@@@std@@@3@$0A@@std@@@std@@QAE@XZ 04004040 f i MQ2MapAPI.obj
 0001:00003050       ??1?$_Tree_nod@V?$_Tmap_traits@PAU_MAPLABEL@EQUIStructs@@PAU_MAPSPAWN@@U?$less@PAU_MAPLABEL@EQUIStructs@@@std@@V?$allocator@U?$pair@QAU_MAPLABEL@EQUIStructs@@PAU_MAPSPAWN@@@std@@@5@$0A@@std@@@std@@QAE@XZ 04004050 f i MQ2MapAPI.obj
 0001:00003060       ?end@?$_Tree@V?$_Tmap_traits@KPAU_MAPSPAWN@@U?$less@K@std@@V?$allocator@U?$pair@$$CBKPAU_MAPSPAWN@@@std@@@3@$0A@@std@@@std@@QAE?AViterator@12@XZ 04004060 f i MQ2MapAPI.obj
 0001:00003080       ?lower_bound@?$_Tree@V?$_Tmap_traits@KPAU_MAPSPAWN@@U?$less@K@std@@V?$allocator@U?$pair@$$CBKPAU_MAPSPAWN@@@std@@@3@$0A@@std@@@std@@QAE?AViterator@12@ABK@Z 04004080 f i MQ2MapAPI.obj
 0001:000030c0       ?end@?$_Tree@V?$_Tmap_traits@PAU_MAPLABEL@EQUIStructs@@PAU_MAPSPAWN@@U?$less@PAU_MAPLABEL@EQUIStructs@@@std@@V?$allocator@U?$pair@QAU_MAPLABEL@EQUIStructs@@PAU_MAPSPAWN@@@std@@@5@$0A@@std@@@std@@QAE?AViterator@12@XZ 040040c0 f i MQ2MapAPI.obj
 0001:000030e0       ?lower_bound@?$_Tree@V?$_Tmap_traits@PAU_MAPLABEL@EQUIStructs@@PAU_MAPSPAWN@@U?$less@PAU_MAPLABEL@EQUIStructs@@@std@@V?$allocator@U?$pair@QAU_MAPLABEL@EQUIStructs@@PAU_MAPSPAWN@@@std@@@5@$0A@@std@@@std@@QAE?AViterator@12@ABQAU_MAPLABEL@EQUIStructs@@@Z 040040e0 f i MQ2MapAPI.obj
 0001:00003120       ?_Grow@?$basic_string@DU?$char_traits@D@std@@V?$allocator@D@2@@std@@IAE_NI_N@Z 04004120 f i MQ2MapAPI.obj
 0001:000031e0       ?begin@?$_Tree@V?$_Tmap_traits@KPAU_MAPSPAWN@@U?$less@K@std@@V?$allocator@U?$pair@$$CBKPAU_MAPSPAWN@@@std@@@3@$0A@@std@@@std@@QAE?AViterator@12@XZ 040041e0 f i MQ2MapAPI.obj
 0001:00003200       ?_Init@?$_Tree@V?$_Tmap_traits@KPAU_MAPSPAWN@@U?$less@K@std@@V?$allocator@U?$pair@$$CBKPAU_MAPSPAWN@@@std@@@3@$0A@@std@@@std@@IAEXXZ 04004200 f i MQ2MapAPI.obj
 0001:00003230       ?begin@?$_Tree@V?$_Tmap_traits@PAU_MAPLABEL@EQUIStructs@@PAU_MAPSPAWN@@U?$less@PAU_MAPLABEL@EQUIStructs@@@std@@V?$allocator@U?$pair@QAU_MAPLABEL@EQUIStructs@@PAU_MAPSPAWN@@@std@@@5@$0A@@std@@@std@@QAE?AViterator@12@XZ 04004230 f i MQ2MapAPI.obj
 0001:00003250       ?_Init@?$_Tree@V?$_Tmap_traits@PAU_MAPLABEL@EQUIStructs@@PAU_MAPSPAWN@@U?$less@PAU_MAPLABEL@EQUIStructs@@@std@@V?$allocator@U?$pair@QAU_MAPLABEL@EQUIStructs@@PAU_MAPSPAWN@@@std@@@5@$0A@@std@@@std@@IAEXXZ 04004250 f i MQ2MapAPI.obj
 0001:00003280       ?clear@?$_Tree@V?$_Tmap_traits@PAU_MAPLABEL@EQUIStructs@@PAU_MAPSPAWN@@U?$less@PAU_MAPLABEL@EQUIStructs@@@std@@V?$allocator@U?$pair@QAU_MAPLABEL@EQUIStructs@@PAU_MAPSPAWN@@@std@@@5@$0A@@std@@@std@@QAEXXZ 04004280 f i MQ2MapAPI.obj
 0001:000032b0       ??0?$_Tmap_traits@KPAU_MAPSPAWN@@U?$less@K@std@@V?$allocator@U?$pair@$$CBKPAU_MAPSPAWN@@@std@@@3@$0A@@std@@QAE@U?$less@K@1@V?$allocator@U?$pair@$$CBKPAU_MAPSPAWN@@@std@@@1@@Z 040042b0 f i MQ2MapAPI.obj
 0001:000032e0       ??0?$_Tmap_traits@PAU_MAPLABEL@EQUIStructs@@PAU_MAPSPAWN@@U?$less@PAU_MAPLABEL@EQUIStructs@@@std@@V?$allocator@U?$pair@QAU_MAPLABEL@EQUIStructs@@PAU_MAPSPAWN@@@std@@@5@$0A@@std@@QAE@U?$less@PAU_MAPLABEL@EQUIStructs@@@1@V?$allocator@U?$pair@QAU_MAPLABEL@EQUIStructs@@PAU_MAPSPAWN@@@std@@@1@@Z 040042e0 f i MQ2MapAPI.obj
 0001:00003310       ??1logic_error@std@@UAE@XZ 04004310 f i MQ2MapAPI.obj
 0001:00003350       ?c_str@?$basic_string@DU?$char_traits@D@std@@V?$allocator@D@2@@std@@QBEPBDXZ 04004350 f i MQ2MapAPI.obj
 0001:00003360       ?what@logic_error@std@@UBEPBDXZ 04004360 f i MQ2MapAPI.obj
 0001:00003370       ??_Elogic_error@std@@UAEPAXI@Z 04004370 f i MQ2MapAPI.obj
 0001:00003370       ??_Glogic_error@std@@UAEPAXI@Z 04004370 f i MQ2MapAPI.obj
 0001:000033c0       ??1?$_Tree_ptr@V?$_Tmap_traits@KPAU_MAPSPAWN@@U?$less@K@std@@V?$allocator@U?$pair@$$CBKPAU_MAPSPAWN@@@std@@@3@$0A@@std@@@std@@QAE@XZ 040043c0 f i MQ2MapAPI.obj
 0001:000033d0       ??1?$_Tree_ptr@V?$_Tmap_traits@PAU_MAPLABEL@EQUIStructs@@PAU_MAPSPAWN@@U?$less@PAU_MAPLABEL@EQUIStructs@@@std@@V?$allocator@U?$pair@QAU_MAPLABEL@EQUIStructs@@PAU_MAPSPAWN@@@std@@@5@$0A@@std@@@std@@QAE@XZ 040043d0 f i MQ2MapAPI.obj
 0001:000033e0       ?assign@?$basic_string@DU?$char_traits@D@std@@V?$allocator@D@2@@std@@QAEAAV12@ABV12@II@Z 040043e0 f i MQ2MapAPI.obj
 0001:000034c0       ?assign@?$basic_string@DU?$char_traits@D@std@@V?$allocator@D@2@@std@@QAEAAV12@PBDI@Z 040044c0 f i MQ2MapAPI.obj
 0001:000035a0       ??0?$_Tree_nod@V?$_Tmap_traits@KPAU_MAPSPAWN@@U?$less@K@std@@V?$allocator@U?$pair@$$CBKPAU_MAPSPAWN@@@std@@@3@$0A@@std@@@std@@IAE@ABU?$less@K@1@V?$allocator@U?$pair@$$CBKPAU_MAPSPAWN@@@std@@@1@@Z 040045a0 f i MQ2MapAPI.obj
 0001:000035d0       ??0?$_Tree_nod@V?$_Tmap_traits@PAU_MAPLABEL@EQUIStructs@@PAU_MAPSPAWN@@U?$less@PAU_MAPLABEL@EQUIStructs@@@std@@V?$allocator@U?$pair@QAU_MAPLABEL@EQUIStructs@@PAU_MAPSPAWN@@@std@@@5@$0A@@std@@@std@@IAE@ABU?$less@PAU_MAPLABEL@EQUIStructs@@@1@V?$allocator@U?$pair@QAU_MAPLABEL@EQUIStructs@@PAU_MAPSPAWN@@@std@@@1@@Z 040045d0 f i MQ2MapAPI.obj
 0001:00003600       ??0?$basic_string@DU?$char_traits@D@std@@V?$allocator@D@2@@std@@QAE@ABV01@@Z 04004600 f i MQ2MapAPI.obj
 0001:00003630       ??1?$_Tree_val@V?$_Tmap_traits@KPAU_MAPSPAWN@@U?$less@K@std@@V?$allocator@U?$pair@$$CBKPAU_MAPSPAWN@@@std@@@3@$0A@@std@@@std@@QAE@XZ 04004630 f i MQ2MapAPI.obj
 0001:00003640       ??1?$_Tree_val@V?$_Tmap_traits@PAU_MAPLABEL@EQUIStructs@@PAU_MAPSPAWN@@U?$less@PAU_MAPLABEL@EQUIStructs@@@std@@V?$allocator@U?$pair@QAU_MAPLABEL@EQUIStructs@@PAU_MAPSPAWN@@@std@@@5@$0A@@std@@@std@@QAE@XZ 04004640 f i MQ2MapAPI.obj
 0001:00003650       ?assign@?$basic_string@DU?$char_traits@D@std@@V?$allocator@D@2@@std@@QAEAAV12@PBD@Z 04004650 f i MQ2MapAPI.obj
 0001:00003680       ??0?$_Tree_ptr@V?$_Tmap_traits@KPAU_MAPSPAWN@@U?$less@K@std@@V?$allocator@U?$pair@$$CBKPAU_MAPSPAWN@@@std@@@3@$0A@@std@@@std@@IAE@ABU?$less@K@1@V?$allocator@U?$pair@$$CBKPAU_MAPSPAWN@@@std@@@1@@Z 04004680 f i MQ2MapAPI.obj
 0001:000036b0       ??0?$_Tree_ptr@V?$_Tmap_traits@PAU_MAPLABEL@EQUIStructs@@PAU_MAPSPAWN@@U?$less@PAU_MAPLABEL@EQUIStructs@@@std@@V?$allocator@U?$pair@QAU_MAPLABEL@EQUIStructs@@PAU_MAPSPAWN@@@std@@@5@$0A@@std@@@std@@IAE@ABU?$less@PAU_MAPLABEL@EQUIStructs@@@1@V?$allocator@U?$pair@QAU_MAPLABEL@EQUIStructs@@PAU_MAPSPAWN@@@std@@@1@@Z 040046b0 f i MQ2MapAPI.obj
 0001:000036e0       ??0logic_error@std@@QAE@ABV?$basic_string@DU?$char_traits@D@std@@V?$allocator@D@2@@1@@Z 040046e0 f i MQ2MapAPI.obj
 0001:00003740       ??0length_error@std@@QAE@ABV?$basic_string@DU?$char_traits@D@std@@V?$allocator@D@2@@1@@Z 04004740 f i MQ2MapAPI.obj
 0001:00003760       ??1length_error@std@@UAE@XZ 04004760 f i MQ2MapAPI.obj
 0001:000037a0       ??_Glength_error@std@@UAEPAXI@Z 040047a0 f i MQ2MapAPI.obj
 0001:000037a0       ??_Elength_error@std@@UAEPAXI@Z 040047a0 f i MQ2MapAPI.obj
 0001:000037f0       ??0out_of_range@std@@QAE@ABV?$basic_string@DU?$char_traits@D@std@@V?$allocator@D@2@@1@@Z 040047f0 f i MQ2MapAPI.obj
 0001:00003810       ??1out_of_range@std@@UAE@XZ 04004810 f i MQ2MapAPI.obj
 0001:00003850       ??_Gout_of_range@std@@UAEPAXI@Z 04004850 f i MQ2MapAPI.obj
 0001:00003850       ??_Eout_of_range@std@@UAEPAXI@Z 04004850 f i MQ2MapAPI.obj
 0001:000038a0       ??0?$basic_string@DU?$char_traits@D@std@@V?$allocator@D@2@@std@@QAE@PBD@Z 040048a0 f i MQ2MapAPI.obj
 0001:000038e0       ?_Insert@?$_Tree@V?$_Tmap_traits@KPAU_MAPSPAWN@@U?$less@K@std@@V?$allocator@U?$pair@$$CBKPAU_MAPSPAWN@@@std@@@3@$0A@@std@@@std@@IAE?AViterator@12@_NPAU_Node@?$_Tree_nod@V?$_Tmap_traits@KPAU_MAPSPAWN@@U?$less@K@std@@V?$allocator@U?$pair@$$CBKPAU_MAPSPAWN@@@std@@@3@$0A@@std@@@2@ABU?$pair@$$CBKPAU_MAPSPAWN@@@2@@Z 040048e0 f i MQ2MapAPI.obj
 0001:00003ad0       ??0logic_error@std@@QAE@ABV01@@Z 04004ad0 f i MQ2MapAPI.obj
 0001:00003b40       ??0?$_Tree_val@V?$_Tmap_traits@KPAU_MAPSPAWN@@U?$less@K@std@@V?$allocator@U?$pair@$$CBKPAU_MAPSPAWN@@@std@@@3@$0A@@std@@@std@@IAE@ABU?$less@K@1@V?$allocator@U?$pair@$$CBKPAU_MAPSPAWN@@@std@@@1@@Z 04004b40 f i MQ2MapAPI.obj
 0001:00003b70       ?_Insert@?$_Tree@V?$_Tmap_traits@PAU_MAPLABEL@EQUIStructs@@PAU_MAPSPAWN@@U?$less@PAU_MAPLABEL@EQUIStructs@@@std@@V?$allocator@U?$pair@QAU_MAPLABEL@EQUIStructs@@PAU_MAPSPAWN@@@std@@@5@$0A@@std@@@std@@IAE?AViterator@12@_NPAU_Node@?$_Tree_nod@V?$_Tmap_traits@PAU_MAPLABEL@EQUIStructs@@PAU_MAPSPAWN@@U?$less@PAU_MAPLABEL@EQUIStructs@@@std@@V?$allocator@U?$pair@QAU_MAPLABEL@EQUIStructs@@PAU_MAPSPAWN@@@std@@@5@$0A@@std@@@2@ABU?$pair@QAU_MAPLABEL@EQUIStructs@@PAU_MAPSPAWN@@@2@@Z 04004b70 f i MQ2MapAPI.obj
 0001:00003d60       ??0?$_Tree_val@V?$_Tmap_traits@PAU_MAPLABEL@EQUIStructs@@PAU_MAPSPAWN@@U?$less@PAU_MAPLABEL@EQUIStructs@@@std@@V?$allocator@U?$pair@QAU_MAPLABEL@EQUIStructs@@PAU_MAPSPAWN@@@std@@@5@$0A@@std@@@std@@IAE@ABU?$less@PAU_MAPLABEL@EQUIStructs@@@1@V?$allocator@U?$pair@QAU_MAPLABEL@EQUIStructs@@PAU_MAPSPAWN@@@std@@@1@@Z 04004d60 f i MQ2MapAPI.obj
 0001:00003d90       ??0length_error@std@@QAE@ABV01@@Z 04004d90 f i MQ2MapAPI.obj
 0001:00003db0       ?erase@?$_Tree@V?$_Tmap_traits@KPAU_MAPSPAWN@@U?$less@K@std@@V?$allocator@U?$pair@$$CBKPAU_MAPSPAWN@@@std@@@3@$0A@@std@@@std@@QAE?AViterator@12@Vconst_iterator@12@@Z 04004db0 f i MQ2MapAPI.obj
 0001:00004070       ?erase@?$_Tree@V?$_Tmap_traits@PAU_MAPLABEL@EQUIStructs@@PAU_MAPSPAWN@@U?$less@PAU_MAPLABEL@EQUIStructs@@@std@@V?$allocator@U?$pair@QAU_MAPLABEL@EQUIStructs@@PAU_MAPSPAWN@@@std@@@5@$0A@@std@@@std@@QAE?AViterator@12@Vconst_iterator@12@@Z 04005070 f i MQ2MapAPI.obj
 0001:00004330       ??0out_of_range@std@@QAE@ABV01@@Z 04005330 f i MQ2MapAPI.obj
 0001:00004350       ??0?$_Tree@V?$_Tmap_traits@KPAU_MAPSPAWN@@U?$less@K@std@@V?$allocator@U?$pair@$$CBKPAU_MAPSPAWN@@@std@@@3@$0A@@std@@@std@@QAE@ABU?$less@K@1@ABV?$allocator@U?$pair@$$CBKPAU_MAPSPAWN@@@std@@@1@@Z 04005350 f i MQ2MapAPI.obj
 0001:000043d0       ??0?$_Tree@V?$_Tmap_traits@PAU_MAPLABEL@EQUIStructs@@PAU_MAPSPAWN@@U?$less@PAU_MAPLABEL@EQUIStructs@@@std@@V?$allocator@U?$pair@QAU_MAPLABEL@EQUIStructs@@PAU_MAPSPAWN@@@std@@@5@$0A@@std@@@std@@QAE@ABU?$less@PAU_MAPLABEL@EQUIStructs@@@1@ABV?$allocator@U?$pair@QAU_MAPLABEL@EQUIStructs@@PAU_MAPSPAWN@@@std@@@1@@Z 040053d0 f i MQ2MapAPI.obj
 0001:00004450       ?insert@?$_Tree@V?$_Tmap_traits@KPAU_MAPSPAWN@@U?$less@K@std@@V?$allocator@U?$pair@$$CBKPAU_MAPSPAWN@@@std@@@3@$0A@@std@@@std@@QAE?AU?$pair@Viterator@?$_Tree@V?$_Tmap_traits@KPAU_MAPSPAWN@@U?$less@K@std@@V?$allocator@U?$pair@$$CBKPAU_MAPSPAWN@@@std@@@3@$0A@@std@@@std@@_N@2@ABU?$pair@$$CBKPAU_MAPSPAWN@@@2@@Z 04005450 f i MQ2MapAPI.obj
 0001:00004540       ?erase@?$_Tree@V?$_Tmap_traits@KPAU_MAPSPAWN@@U?$less@K@std@@V?$allocator@U?$pair@$$CBKPAU_MAPSPAWN@@@std@@@3@$0A@@std@@@std@@QAE?AViterator@12@Vconst_iterator@12@0@Z 04005540 f i MQ2MapAPI.obj
 0001:00004620       ?insert@?$_Tree@V?$_Tmap_traits@PAU_MAPLABEL@EQUIStructs@@PAU_MAPSPAWN@@U?$less@PAU_MAPLABEL@EQUIStructs@@@std@@V?$allocator@U?$pair@QAU_MAPLABEL@EQUIStructs@@PAU_MAPSPAWN@@@std@@@5@$0A@@std@@@std@@QAE?AU?$pair@Viterator@?$_Tree@V?$_Tmap_traits@PAU_MAPLABEL@EQUIStructs@@PAU_MAPSPAWN@@U?$less@PAU_MAPLABEL@EQUIStructs@@@std@@V?$allocator@U?$pair@QAU_MAPLABEL@EQUIStructs@@PAU_MAPSPAWN@@@std@@@5@$0A@@std@@@std@@_N@2@ABU?$pair@QAU_MAPLABEL@EQUIStructs@@PAU_MAPSPAWN@@@2@@Z 04005620 f i MQ2MapAPI.obj
 0001:00004710       ?erase@?$_Tree@V?$_Tmap_traits@PAU_MAPLABEL@EQUIStructs@@PAU_MAPSPAWN@@U?$less@PAU_MAPLABEL@EQUIStructs@@@std@@V?$allocator@U?$pair@QAU_MAPLABEL@EQUIStructs@@PAU_MAPSPAWN@@@std@@@5@$0A@@std@@@std@@QAE?AViterator@12@Vconst_iterator@12@0@Z 04005710 f i MQ2MapAPI.obj
 0001:000047f0       ?insert@?$_Tree@V?$_Tmap_traits@KPAU_MAPSPAWN@@U?$less@K@std@@V?$allocator@U?$pair@$$CBKPAU_MAPSPAWN@@@std@@@3@$0A@@std@@@std@@QAE?AViterator@12@Vconst_iterator@12@ABU?$pair@$$CBKPAU_MAPSPAWN@@@2@@Z 040057f0 f i MQ2MapAPI.obj
 0001:000049c0       ?_Tidy@?$_Tree@V?$_Tmap_traits@KPAU_MAPSPAWN@@U?$less@K@std@@V?$allocator@U?$pair@$$CBKPAU_MAPSPAWN@@@std@@@3@$0A@@std@@@std@@IAEXXZ 040059c0 f i MQ2MapAPI.obj
 0001:00004a00       ?insert@?$_Tree@V?$_Tmap_traits@PAU_MAPLABEL@EQUIStructs@@PAU_MAPSPAWN@@U?$less@PAU_MAPLABEL@EQUIStructs@@@std@@V?$allocator@U?$pair@QAU_MAPLABEL@EQUIStructs@@PAU_MAPSPAWN@@@std@@@5@$0A@@std@@@std@@QAE?AViterator@12@Vconst_iterator@12@ABU?$pair@QAU_MAPLABEL@EQUIStructs@@PAU_MAPSPAWN@@@2@@Z 04005a00 f i MQ2MapAPI.obj
 0001:00004bd0       ?_Tidy@?$_Tree@V?$_Tmap_traits@PAU_MAPLABEL@EQUIStructs@@PAU_MAPSPAWN@@U?$less@PAU_MAPLABEL@EQUIStructs@@@std@@V?$allocator@U?$pair@QAU_MAPLABEL@EQUIStructs@@PAU_MAPSPAWN@@@std@@@5@$0A@@std@@@std@@IAEXXZ 04005bd0 f i MQ2MapAPI.obj
 0001:00004c10       ??A?$map@KPAU_MAPSPAWN@@U?$less@K@std@@V?$allocator@U?$pair@$$CBKPAU_MAPSPAWN@@@std@@@3@@std@@QAEAAPAU_MAPSPAWN@@ABK@Z 04005c10 f i MQ2MapAPI.obj
 0001:00004cc0       ??1?$_Tree@V?$_Tmap_traits@KPAU_MAPSPAWN@@U?$less@K@std@@V?$allocator@U?$pair@$$CBKPAU_MAPSPAWN@@@std@@@3@$0A@@std@@@std@@QAE@XZ 04005cc0 f i MQ2MapAPI.obj
 0001:00004d30       ??A?$map@PAU_MAPLABEL@EQUIStructs@@PAU_MAPSPAWN@@U?$less@PAU_MAPLABEL@EQUIStructs@@@std@@V?$allocator@U?$pair@QAU_MAPLABEL@EQUIStructs@@PAU_MAPSPAWN@@@std@@@5@@std@@QAEAAPAU_MAPSPAWN@@ABQAU_MAPLABEL@EQUIStructs@@@Z 04005d30 f i MQ2MapAPI.obj
 0001:00004de0       ??1?$_Tree@V?$_Tmap_traits@PAU_MAPLABEL@EQUIStructs@@PAU_MAPSPAWN@@U?$less@PAU_MAPLABEL@EQUIStructs@@@std@@V?$allocator@U?$pair@QAU_MAPLABEL@EQUIStructs@@PAU_MAPSPAWN@@@std@@@5@$0A@@std@@@std@@QAE@XZ 04005de0 f i MQ2MapAPI.obj
 0001:00004e50       ??1?$map@KPAU_MAPSPAWN@@U?$less@K@std@@V?$allocator@U?$pair@$$CBKPAU_MAPSPAWN@@@std@@@3@@std@@QAE@XZ 04005e50 f i MQ2MapAPI.obj
 0001:00004e60       ??1?$map@PAU_MAPLABEL@EQUIStructs@@PAU_MAPSPAWN@@U?$less@PAU_MAPLABEL@EQUIStructs@@@std@@V?$allocator@U?$pair@QAU_MAPLABEL@EQUIStructs@@PAU_MAPSPAWN@@@std@@@5@@std@@QAE@XZ 04005e60 f i MQ2MapAPI.obj
 0001:00004e70       ?InitLabel@@YAPAU_MAPLABEL@EQUIStructs@@PAU_MAPSPAWN@@@Z 04005e70 f i MQ2MapAPI.obj
 0001:00004ed0       ?DeleteLabel@@YAXPAU_MAPLABEL@EQUIStructs@@@Z 04005ed0 f i MQ2MapAPI.obj
 0001:00004f30       ?RemoveSpawn@@YAXPAU_MAPSPAWN@@@Z 04005f30 f   MQ2MapAPI.obj
 0001:00005010       ?RemoveSpawn@@YA_NPAU_SPAWNINFO@EQData@@@Z 04006010 f   MQ2MapAPI.obj
 0001:00005040       ?RemoveGroundItem@@YAXPAU_GROUNDITEM@EQData@@@Z 04006040 f   MQ2MapAPI.obj
 0001:00005080       ?MapClear@@YAXXZ           04006080 f   MQ2MapAPI.obj
 0001:000053b0       ?MapSelectTarget@@YAXXZ    040063b0 f   MQ2MapAPI.obj
 0001:00005470       ?GenerateLabel@@YAPAU_MAPLABEL@EQUIStructs@@PAU_MAPSPAWN@@K@Z 04006470 f   MQ2MapAPI.obj
 0001:000054e0       ?MapHide@@YAKAAU_SEARCHSPAWN@MQ2Internal@@@Z 040064e0 f   MQ2MapAPI.obj
 0001:00005550       ?dataMapSpawn@@YAHPADAAU_MQ2TypeVar@MQ2Internal@@@Z 04006550 f   MQ2MapAPI.obj
 0001:00005590       ??0?$map@KPAU_MAPSPAWN@@U?$less@K@std@@V?$allocator@U?$pair@$$CBKPAU_MAPSPAWN@@@std@@@3@@std@@QAE@XZ 04006590 f i MQ2MapAPI.obj
 0001:000055b0       ??0?$map@PAU_MAPLABEL@EQUIStructs@@PAU_MAPSPAWN@@U?$less@PAU_MAPLABEL@EQUIStructs@@@std@@V?$allocator@U?$pair@QAU_MAPLABEL@EQUIStructs@@PAU_MAPSPAWN@@@std@@@5@@std@@QAE@XZ 040065b0 f i MQ2MapAPI.obj
 0001:000055d0       ?AddSpawn@@YAPAU_MAPSPAWN@@PAU_SPAWNINFO@EQData@@H@Z 040065d0 f   MQ2MapAPI.obj
 0001:000056a0       ?AddGroundItem@@YAXPAU_GROUNDITEM@EQData@@@Z 040066a0 f   MQ2MapAPI.obj
 0001:00005740       ?MapGenerate@@YAXXZ        04006740 f   MQ2MapAPI.obj
 0001:000057d0       ?MapUpdate@@YAXXZ          040067d0 f   MQ2MapAPI.obj
 0001:00006940       ?MapShow@@YAKAAU_SEARCHSPAWN@MQ2Internal@@@Z 04007940 f   MQ2MapAPI.obj
 0001:00006a60       ?MapFilterSetting@@YAXPAU_SPAWNINFO@EQData@@KPAD@Z 04007a60 f   MQ2MapCommands.obj
 0001:00006de0       ?MapFilters@@YAXPAU_SPAWNINFO@EQData@@PAD@Z 04007de0 f   MQ2MapCommands.obj
 0001:00007230       ?MapHighlightCmd@@YAXPAU_SPAWNINFO@EQData@@PAD@Z 04008230 f   MQ2MapCommands.obj
 0001:00007490       ?MapHideCmd@@YAXPAU_SPAWNINFO@EQData@@PAD@Z 04008490 f   MQ2MapCommands.obj
 0001:000075d0       ?MapShowCmd@@YAXPAU_SPAWNINFO@EQData@@PAD@Z 040085d0 f   MQ2MapCommands.obj
 0001:00007710       ?MapNames@@YAXPAU_SPAWNINFO@EQData@@PAD@Z 04008710 f   MQ2MapCommands.obj
 0001:00007950       ?DescribeCombo@@YAPADK@Z   04008950 f   MQ2MapCommands.obj
 0001:00007a20       ?ParseCombo@@YAKPAD@Z      04008a20 f   MQ2MapCommands.obj
 0001:00007b10       ?MapClickCommand@@YAXPAU_SPAWNINFO@EQData@@PAD@Z 04008b10 f   MQ2MapCommands.obj
 0001:00007da2       _GetPrivateProfileStringA@24 04008da2 f   kernel32:KERNEL32.dll
 0001:00007da8       _GetPrivateProfileIntA@16  04008da8 f   kernel32:KERNEL32.dll
 0001:00007dae       _WritePrivateProfileStringA@16 04008dae f   kernel32:KERNEL32.dll
 0001:00007db4       _DebugSpewAlways           04008db4 f   mq2main:MQ2Main.dll
 0001:00007dba       _RemoveCommand             04008dba f   mq2main:MQ2Main.dll
 0001:00007dc0       _RemoveMQ2Benchmark        04008dc0 f   mq2main:MQ2Main.dll
 0001:00007dc6       _RemoveDetour              04008dc6 f   mq2main:MQ2Main.dll
 0001:00007dcc       _RemoveMQ2Data             04008dcc f   mq2main:MQ2Main.dll
 0001:00007dd2       _AddMQ2Data                04008dd2 f   mq2main:MQ2Main.dll
 0001:00007dd8       _AddDetourf                04008dd8 f   mq2main:MQ2Main.dll
 0001:00007dde       _AddCommand                04008dde f   mq2main:MQ2Main.dll
 0001:00007de4       _AddMQ2Benchmark           04008de4 f   mq2main:MQ2Main.dll
 0001:00007dea       ?GetSpawnByName@EQPlayerManager@EQClasses@@QAEPAVEQPlayer@2@PAD@Z 04008dea f   mq2main:MQ2Main.dll
 0001:00007df0       ?GetClassDesc@CEverQuest@EQClasses@@QAEPADH@Z 04008df0 f   mq2main:MQ2Main.dll
 0001:00007df6       ?IsBodyType@EQPlayer@EQClasses@@QAE_NIHH@Z 04008df6 f   mq2main:MQ2Main.dll
 0001:00007dfc       _SpawnMatchesSearch        04008dfc f   mq2main:MQ2Main.dll
 0001:00007e02       ?GetClassThreeLetterCode@CEverQuest@EQClasses@@QAEPADH@Z 04008e02 f   mq2main:MQ2Main.dll
 0001:00007e08       ?GetRaceDesc@CEverQuest@EQClasses@@QAEPADH@Z 04008e08 f   mq2main:MQ2Main.dll
 0001:00007e0e       _CleanupName               04008e0e f   mq2main:MQ2Main.dll
 0001:00007e14       _ConColor                  04008e14 f   mq2main:MQ2Main.dll
 0001:00007e1a       _HideDoCommand             04008e1a f   mq2main:MQ2Main.dll
 0001:00007e20       ?GetKeyboardFlags@CXWndManager@EQClasses@@QBEIXZ 04008e20 f   mq2main:MQ2Main.dll
 0001:00007e26       _GetFriendlyNameForGroundItem 04008e26 f   mq2main:MQ2Main.dll
 0001:00007e2c       _ExitMQ2Benchmark          04008e2c f   mq2main:MQ2Main.dll
 0001:00007e32       _GetCXStr                  04008e32 f   mq2main:MQ2Main.dll
 0001:00007e38       _EnterMQ2Benchmark         04008e38 f   mq2main:MQ2Main.dll
 0001:00007e3e       _ParseSearchSpawn          04008e3e f   mq2main:MQ2Main.dll
 0001:00007e44       _ClearSearchSpawn          04008e44 f   mq2main:MQ2Main.dll
 0001:00007e4a       _FormatSearchSpawn         04008e4a f   mq2main:MQ2Main.dll
 0001:00007e50       _WriteChatColor            04008e50 f   mq2main:MQ2Main.dll
 0001:00007e56       _SyntaxError               04008e56 f   mq2main:MQ2Main.dll
 0001:00007e5c       _GetNextArg                04008e5c f   mq2main:MQ2Main.dll
 0001:00007e62       _GetArg                    04008e62 f   mq2main:MQ2Main.dll
 0001:00007e68       ??0invalid_argument@std@@QAE@ABV?$basic_string@DU?$char_traits@D@std@@V?$allocator@D@2@@1@@Z 04008e68 f i libcpmt:string.obj
 0001:00007e85       ??1invalid_argument@std@@UAE@XZ 04008e85 f i libcpmt:string.obj
 0001:00007e90       ??_Ginvalid_argument@std@@UAEPAXI@Z 04008e90 f i libcpmt:string.obj
 0001:00007e90       ??_Einvalid_argument@std@@UAEPAXI@Z 04008e90 f i libcpmt:string.obj
 0001:00007eb7       ?_Xlen@_String_base@std@@SAXXZ 04008eb7 f   libcpmt:string.obj
 0001:00007eef       ?_Xran@_String_base@std@@SAXXZ 04008eef f   libcpmt:string.obj
 0001:00007f27       ?_Xinvarg@_String_base@std@@SAXXZ 04008f27 f   libcpmt:string.obj
 0001:00007f5f       ??0invalid_argument@std@@QAE@ABV01@@Z 04008f5f f i libcpmt:string.obj
 0001:00007f7c       _sprintf                   04008f7c f   LIBCMT:sprintf.obj
 0001:00007ff9       __sprintf_l                04008ff9 f   LIBCMT:sprintf.obj
 0001:00008015       _sprintf_s                 04009015 f   LIBCMT:sprintf.obj
 0001:00008033       __sprintf_s_l              04009033 f   LIBCMT:sprintf.obj
 0001:00008052       __snprintf_s               04009052 f   LIBCMT:sprintf.obj
 0001:00008073       __snprintf_s_l             04009073 f   LIBCMT:sprintf.obj
 0001:00008095       __sprintf_p                04009095 f   LIBCMT:sprintf.obj
 0001:000080b3       __sprintf_p_l              040090b3 f   LIBCMT:sprintf.obj
 0001:000080d2       __scprintf                 040090d2 f   LIBCMT:sprintf.obj
 0001:000080e7       __scprintf_p               040090e7 f   LIBCMT:sprintf.obj
 0001:000080fc       __scprintf_l               040090fc f   LIBCMT:sprintf.obj
 0001:00008115       __scprintf_p_l             04009115 f   LIBCMT:sprintf.obj
 0001:0000812e       ??3@YAXPAX@Z               0400912e f   LIBCMT:delete.obj
 0001:00008139       ??0bad_alloc@std@@QAE@XZ   04009139 f i LIBCMT:new.obj
 0001:00008154       ??2@YAPAXI@Z               04009154 f   LIBCMT:new.obj
 0001:000081c0       _memset                    040091c0 f   LIBCMT:memset.obj
 0001:00008240       _strstr                    04009240 f   LIBCMT:strstr.obj
 0001:000082c6       __fpclear                  040092c6 f   LIBCMT:_fpinit_.obj
 0001:000082c7       __cfltcvt_init             040092c7 f   LIBCMT:_fpinit_.obj
 0001:00008327       ___setfflag                04009327 f   LIBCMT:_fpinit_.obj
 0001:0000833c       __fpmath                   0400933c f   LIBCMT:_fpinit_.obj
 0001:00008360       _cos                       04009360 f   LIBCMT:_cos_.obj
 0001:000083a0       __CIcos                    040093a0 f   LIBCMT:_cos_.obj
 0001:000083db       __CIcos_default            040093db f   LIBCMT:_cos_.obj
 0001:000083ef       __cos_default              040093ef     LIBCMT:_cos_.obj
 0001:00008490       _sin                       04009490 f   LIBCMT:_sin_.obj
 0001:000084d0       __CIsin                    040094d0 f   LIBCMT:_sin_.obj
 0001:0000850b       __CIsin_default            0400950b f   LIBCMT:_sin_.obj
 0001:0000851f       __sin_default              0400951f     LIBCMT:_sin_.obj
 0001:000085b9       ??0exception@std@@QAE@XZ   040095b9 f   LIBCMT:stdexcpt.obj
 0001:000085ca       ??0exception@std@@QAE@ABQBD@Z 040095ca f   LIBCMT:stdexcpt.obj
 0001:0000861d       ??0exception@std@@QAE@ABQBDH@Z 0400961d f   LIBCMT:stdexcpt.obj
 0001:0000863a       ??0exception@std@@QAE@ABV01@@Z 0400963a f   LIBCMT:stdexcpt.obj
 0001:00008697       ??4exception@std@@QAEAAV01@ABV01@@Z 04009697 f   LIBCMT:stdexcpt.obj
 0001:000086f2       ??1exception@std@@UAE@XZ   040096f2 f   LIBCMT:stdexcpt.obj
 0001:00008708       ?what@exception@std@@UBEPBDXZ 04009708 f   LIBCMT:stdexcpt.obj
 0001:00008715       ??0bad_cast@std@@QAE@PBD@Z 04009715 f   LIBCMT:stdexcpt.obj
 0001:00008733       ??0bad_cast@std@@QAE@ABV01@@Z 04009733 f   LIBCMT:stdexcpt.obj
 0001:00008750       ??1bad_cast@std@@UAE@XZ    04009750 f   LIBCMT:stdexcpt.obj
 0001:0000875b       ??0bad_typeid@std@@QAE@PBD@Z 0400975b f   LIBCMT:stdexcpt.obj
 0001:00008779       ??0bad_typeid@std@@QAE@ABV01@@Z 04009779 f   LIBCMT:stdexcpt.obj
 0001:00008796       ??1bad_typeid@std@@UAE@XZ  04009796 f   LIBCMT:stdexcpt.obj
 0001:000087a1       ??0__non_rtti_object@std@@QAE@PBD@Z 040097a1 f   LIBCMT:stdexcpt.obj
 0001:000087be       ??0__non_rtti_object@std@@QAE@ABV01@@Z 040097be f   LIBCMT:stdexcpt.obj
 0001:000087db       ??1__non_rtti_object@std@@UAE@XZ 040097db f   LIBCMT:stdexcpt.obj
 0001:000087e6       ??_Gexception@std@@UAEPAXI@Z 040097e6 f i LIBCMT:stdexcpt.obj
 0001:000087e6       ??_Eexception@std@@UAEPAXI@Z 040097e6 f i LIBCMT:stdexcpt.obj
 0001:00008807       ??_Gbad_cast@std@@UAEPAXI@Z 04009807 f i LIBCMT:stdexcpt.obj
 0001:00008807       ??_Ebad_cast@std@@UAEPAXI@Z 04009807 f i LIBCMT:stdexcpt.obj
 0001:0000882e       ??_Gbad_typeid@std@@UAEPAXI@Z 0400982e f i LIBCMT:stdexcpt.obj
 0001:0000882e       ??_Ebad_typeid@std@@UAEPAXI@Z 0400982e f i LIBCMT:stdexcpt.obj
 0001:00008855       ??_G__non_rtti_object@std@@UAEPAXI@Z 04009855 f i LIBCMT:stdexcpt.obj
 0001:00008855       ??_E__non_rtti_object@std@@UAEPAXI@Z 04009855 f i LIBCMT:stdexcpt.obj
 0001:0000887c       ?name@type_info@@QBEPBDPAU__type_info_node@@@Z 0400987c f   LIBCMT:typinfo.obj
 0001:00008890       ??1type_info@@UAE@XZ       04009890 f   LIBCMT:typinfo.obj
 0001:000088a0       ??_Etype_info@@UAEPAXI@Z   040098a0 f i LIBCMT:typinfo.obj
 0001:000088a0       ??_Gtype_info@@UAEPAXI@Z   040098a0 f i LIBCMT:typinfo.obj
 0001:000088c1       ?_name_internal_method@type_info@@QBEPBDPAU__type_info_node@@@Z 040098c1 f   LIBCMT:typinfo.obj
 0001:000088d5       ?_type_info_dtor_internal_method@type_info@@QAEXXZ 040098d5 f   LIBCMT:typinfo.obj
 0001:000088df       ??8type_info@@QBE_NABV0@@Z 040098df f   LIBCMT:typinfo.obj
 0001:000088ff       ??9type_info@@QBE_NABV0@@Z 040098ff f   LIBCMT:typinfo.obj
 0001:00008920       ?before@type_info@@QBEHABV1@@Z 04009920 f   LIBCMT:typinfo.obj
 0001:00008944       ?raw_name@type_info@@QBEPBDXZ 04009944 f   LIBCMT:typinfo.obj
 0001:00008948       ??0type_info@@AAE@ABV0@@Z  04009948 f   LIBCMT:typinfo.obj
 0001:00008953       ??4type_info@@AAEAAV0@ABV0@@Z 04009953 f   LIBCMT:typinfo.obj
 0001:00008958       _memcpy_s                  04009958 f   LIBCMT:memcpy_s.obj
 0001:000089d5       _memmove_s                 040099d5 f   LIBCMT:memmove_s.obj
 0001:00008a32       _V6_HeapAlloc              04009a32 f   LIBCMT:malloc.obj
 0001:00008a81       __heap_alloc               04009a81 f i LIBCMT:malloc.obj
 0001:00008afb       _malloc                    04009afb f   LIBCMT:malloc.obj
 0001:00008c09       __itoa                     04009c09 f   LIBCMT:xtoa.obj
 0001:00008c09       _itoa                      04009c09 f   LIBCMT:xtoa.obj
 0001:00008c33       __ltoa                     04009c33 f   LIBCMT:xtoa.obj
 0001:00008c5a       __ultoa                    04009c5a f   LIBCMT:xtoa.obj
 0001:00008ce3       __i64toa                   04009ce3 f   LIBCMT:xtoa.obj
 0001:00008d16       __ui64toa                  04009d16 f   LIBCMT:xtoa.obj
 0001:00008d33       __initp_misc_invarg        04009d33 f   LIBCMT:invarg.obj
 0001:00008d42       __invoke_watson            04009d42 f   LIBCMT:invarg.obj
 0001:00008e6a       __set_invalid_parameter_handler 04009e6a f   LIBCMT:invarg.obj
 0001:00008e91       __get_invalid_parameter_handler 04009e91 f   LIBCMT:invarg.obj
 0001:00008e9e       ?_invoke_watson@@YAXPBG00II@Z 04009e9e f   LIBCMT:invarg.obj
 0001:00008ea9       __invalid_parameter        04009ea9 f   LIBCMT:invarg.obj
 0001:00008ecf       __invalid_parameter_noinfo 04009ecf f   LIBCMT:invarg.obj
 0001:00008edf       ?_invalid_parameter@@YAXPBG00II@Z 04009edf f   LIBCMT:invarg.obj
 0001:00008eea       __CxxThrowException@8      04009eea f   LIBCMT:throw.obj
 0001:00008f36       ?_JumpToContinuation@@YGXPAXPAUEHRegistrationNode@@@Z 04009f36 f   LIBCMT:_trnsctrl_.obj
 0001:00008f68       ?_CallMemberFunction0@@YGXPAX0@Z 04009f68 f   LIBCMT:_trnsctrl_.obj
 0001:00008f6f       ?_CallMemberFunction1@@YGXPAX00@Z 04009f6f f   LIBCMT:_trnsctrl_.obj
 0001:00008f76       ?_CallMemberFunction2@@YGXPAX00H@Z 04009f76 f   LIBCMT:_trnsctrl_.obj
 0001:00008f7d       ?_UnwindNestedFrames@@YGXPAUEHRegistrationNode@@PAUEHExceptionRecord@@@Z 04009f7d f   LIBCMT:_trnsctrl_.obj
 0001:00008fd1       ___CxxFrameHandler         04009fd1 f   LIBCMT:_trnsctrl_.obj
 0001:00009007       ___CxxFrameHandler3        0400a007 f   LIBCMT:_trnsctrl_.obj
 0001:0000903d       ___CxxFrameHandler2        0400a03d f   LIBCMT:_trnsctrl_.obj
 0001:00009073       ___CxxLongjmpUnwind@4      0400a073 f   LIBCMT:_trnsctrl_.obj
 0001:000090c5       ?_CallSETranslator@@YAHPAUEHExceptionRecord@@PAUEHRegistrationNode@@PAX2PBU_s_FuncInfo@@H1@Z 0400a0c5 f   LIBCMT:_trnsctrl_.obj
 0001:0000923b       ?_GetRangeOfTrysToCheck@@YAPBU_s_TryBlockMapEntry@@PBU_s_FuncInfo@@HHPAI1@Z 0400a23b f   LIBCMT:_trnsctrl_.obj
 0001:000092b0       __CreateFrameInfo          0400a2b0 f   LIBCMT:_trnsctrl_.obj
 0001:000092dc       __IsExceptionObjectToBeDestroyed 0400a2dc f   LIBCMT:_trnsctrl_.obj
 0001:00009303       __FindAndUnlinkFrame       0400a303 f   LIBCMT:_trnsctrl_.obj
 0001:00009355       ?_CallCatchBlock2@@YAPAXPAUEHRegistrationNode@@PBU_s_FuncInfo@@PAXHK@Z 0400a355 f   LIBCMT:_trnsctrl_.obj
 0001:000093b5       _free                      0400a3b5 f   LIBCMT:free.obj
 0001:00009450       _memcpy                    0400a450 f   LIBCMT:memcpy.obj
 0001:0000986f       ___onexitinit              0400a86f f   LIBCMT:onexit.obj
 0001:000098a0       __onexit                   0400a8a0 f   LIBCMT:onexit.obj
 0001:000098dc       _atexit                    0400a8dc f   LIBCMT:onexit.obj
 0001:000098f3       _atol                      0400a8f3 f   LIBCMT:atox.obj
 0001:00009909       __atol_l                   0400a909 f   LIBCMT:atox.obj
 0001:00009922       _atoi                      0400a922 f   LIBCMT:atox.obj
 0001:0000992d       __atoi_l                   0400a92d f   LIBCMT:atox.obj
 0001:00009938       __atoi64                   0400a938 f   LIBCMT:atox.obj
 0001:0000994e       __atoi64_l                 0400a94e f   LIBCMT:atox.obj
 0001:00009970       __alloca_probe             0400a970     LIBCMT:chkstk.obj
 0001:00009970       __chkstk                   0400a970 f   LIBCMT:chkstk.obj
 0001:0000999b       _strtok                    0400a99b f   LIBCMT:strtok.obj
 0001:00009a5c       __CRT_INIT@12              0400aa5c f   LIBCMT:dllcrt0.obj
 0001:00009c87       __DllMainCRTStartup@12     0400ac87 f   LIBCMT:dllcrt0.obj
 0001:00009cb0       _strlen                    0400acb0 f   LIBCMT:strlen.obj
 0001:00009d3b       @__security_check_cookie@4 0400ad3b f   LIBCMT:secchk.obj
 0001:00009d4a       __EH_prolog3               0400ad4a f   LIBCMT:ehprolg3.obj
 0001:00009d7d       __EH_prolog3_catch         0400ad7d f   LIBCMT:ehprolg3.obj
 0001:00009db3       __EH_prolog3_GS            0400adb3 f   LIBCMT:ehprolg3.obj
 0001:00009de9       __EH_prolog3_catch_GS      0400ade9 f   LIBCMT:ehprolg3.obj
 0001:00009e22       __EH_epilog3               0400ae22 f   LIBCMT:ehprolg3.obj
 0001:00009e36       __EH_epilog3_GS            0400ae36 f   LIBCMT:ehprolg3.obj
 0001:00009e45       __EH_epilog3_catch_GS      0400ae45 f   LIBCMT:ehprolg3.obj
 0001:00009e54       __flsbuf                   0400ae54 f   LIBCMT:_flsbuf.obj
 0001:00009fb8       ??0_LocaleUpdate@@QAE@PAUlocaleinfo_struct@@@Z 0400afb8 f i LIBCMT:output.obj
 0001:0000a03f       ??1_LocaleUpdate@@QAE@XZ   0400b03f f i LIBCMT:output.obj
 0001:0000a04d       ?GetLocaleT@_LocaleUpdate@@QAEPAUlocaleinfo_struct@@XZ 0400b04d f i LIBCMT:output.obj
 0001:0000a0f6       _get_int_arg               0400b0f6 f i LIBCMT:output.obj
 0001:0000a108       _get_int64_arg             0400b108 f i LIBCMT:output.obj
 0001:0000a11d       _get_short_arg             0400b11d f i LIBCMT:output.obj
 0001:0000a130       __output_l                 0400b130 f   LIBCMT:output.obj
 0001:0000acc8       __get_errno_from_oserr     0400bcc8 f   LIBCMT:dosmap.obj
 0001:0000ad0a       __errno                    0400bd0a f   LIBCMT:dosmap.obj
 0001:0000ad1d       ___doserrno                0400bd1d f   LIBCMT:dosmap.obj
 0001:0000ad30       __dosmaperr                0400bd30 f   LIBCMT:dosmap.obj
 0001:0000ad53       __set_errno                0400bd53 f   LIBCMT:dosmap.obj
 0001:0000ad74       __get_errno                0400bd74 f   LIBCMT:dosmap.obj
 0001:0000ada3       __set_doserrno             0400bda3 f   LIBCMT:dosmap.obj
 0001:0000adc4       __get_doserrno             0400bdc4 f   LIBCMT:dosmap.obj
 0001:0000adf3       __vsprintf_l               0400bdf3 f   LIBCMT:vsprintf.obj
 0001:0000ae71       _vsprintf                  0400be71 f   LIBCMT:vsprintf.obj
 0001:0000ae8b       __vscprintf_helper         0400be8b f   LIBCMT:vsprintf.obj
 0001:0000aee2       __vscprintf                0400bee2 f   LIBCMT:vsprintf.obj
 0001:0000aefe       __vscprintf_l              0400befe f   LIBCMT:vsprintf.obj
 0001:0000af1b       __vscprintf_p              0400bf1b f   LIBCMT:vsprintf.obj
 0001:0000af37       __vscprintf_p_l            0400bf37 f   LIBCMT:vsprintf.obj
 0001:0000af54       __vsnprintf_helper         0400bf54 f   LIBCMT:vsnprnc.obj
 0001:0000b020       __vsnprintf_c              0400c020 f   LIBCMT:vsnprnc.obj
[...]
 0003:0000f6d8       ___use_sse2_mathfcns       040436d8     <common>
 0003:0000f6dc       ___sse2_available          040436dc     <common>
 0003:0000f6e0       __acmdln                   040436e0     <common>

 entry point at        0001:00009c87

 Static symbols

 0001:fffff000       __ehhandler$?_Copy@?$basic_string@DU?$char_traits@D@std@@V?$allocator@D@2@@std@@IAEXII@Z 04000000 f   libcpmt:string.obj
 0001:fffff000       __unwindfunclet$??0logic_error@std@@QAE@ABV?$basic_string@DU?$char_traits@D@std@@V?$allocator@D@2@@1@@Z$0 04000000 f   libcpmt:string.obj
 0001:fffff000       __unwindfunclet$??0logic_error@std@@QAE@ABV01@@Z$0 04000000 f   libcpmt:string.obj
 0001:fffff008       __ehhandler$??0logic_error@std@@QAE@ABV?$basic_string@DU?$char_traits@D@std@@V?$allocator@D@2@@1@@Z 04000008 f   libcpmt:string.obj
 0001:fffff008       __ehhandler$??0logic_error@std@@QAE@ABV01@@Z 04000008 f   libcpmt:string.obj
 0001:fffff059       __catch$?_Copy@?$basic_string@DU?$char_traits@D@std@@V?$allocator@D@2@@std@@IAEXII@Z$0 04000059 f   libcpmt:string.obj
 0001:fffff0ca       __catch$?_Copy@?$basic_string@DU?$char_traits@D@std@@V?$allocator@D@2@@std@@IAEXII@Z$1 040000ca f   libcpmt:string.obj
 0001:00000000       ?GetCharInfo@@YAPAU_CHARINFO@EQData@@XZ 04001000 f   MQ2Map.obj
 0001:00000010       ?IsOptionEnabled@@YAHK@Z   04001010 f   MQ2Map.obj
 0001:00000880       ?GetCharInfo@@YAPAU_CHARINFO@EQData@@XZ 04001880 f   MQ2MapAPI.obj
 0001:00000890       ?GetSpawnByName@@YAPAVEQPlayer@EQClasses@@PAD@Z 04001890 f   MQ2MapAPI.obj
 0001:000008b0       ?GetClassDesc@@YAPADK@Z    040018b0 f   MQ2MapAPI.obj
 0001:00000950       ?GetBodyType@@YAKPAU_SPAWNINFO@EQData@@@Z 04001950 f   MQ2MapAPI.obj
 0001:000009d0       ?GetSpawnType@@YA?AW4eSpawnType@MQ2Internal@@PAU_SPAWNINFO@EQData@@@Z 040019d0 f   MQ2MapAPI.obj
 0001:00000c40       ?ConColorToARGB@@YAKK@Z    04001c40 f   MQ2MapAPI.obj
 0001:00000cb0       ?IsOptionEnabled@@YAHK@Z   04001cb0 f   MQ2MapAPI.obj
 0001:00002cb3       __catch$?_Copy@?$basic_string@DU?$char_traits@D@std@@V?$allocator@D@2@@std@@IAEXII@Z$0 04003cb3 f i MQ2MapAPI.obj
 0001:00002d43       __catch$?_Copy@?$basic_string@DU?$char_traits@D@std@@V?$allocator@D@2@@std@@IAEXII@Z$1 04003d43 f i MQ2MapAPI.obj
 0001:000069d0       ?GetCharInfo@@YAPAU_CHARINFO@EQData@@XZ 040079d0 f   MQ2MapCommands.obj
 0001:000069e0       ?IsOptionEnabled@@YAHK@Z   040079e0 f   MQ2MapCommands.obj
 0001:00006a20       ?RequirementsMet@@YAHK@Z   04007a20 f   MQ2MapCommands.obj
 0001:00008bc5       _xtoa@16                   04009bc5 f   LIBCMT:xtoa.obj
 0001:00008c74       @x64toa@20                 04009c74 f   LIBCMT:xtoa.obj
 0001:00009092       ?CatchGuardHandler@@YA?AW4_EXCEPTION_DISPOSITION@@PAUEHExceptionRecord@@PAUCatchGuardRN@@PAX2@Z 0400a092 f   LIBCMT:_trnsctrl_.obj
 0001:0000919c       ?TranslatorGuardHandler@@YA?AW4_EXCEPTION_DISPOSITION@@PAUEHExceptionRecord@@PAUTranslatorGuardRN@@PAX2@Z 0400a19c f   LIBCMT:_trnsctrl_.obj
 0001:000097b5       __onexit_nolock            0400a7b5 f   LIBCMT:onexit.obj
 0001:00009b91       ___DllMainCRTStartup       0400ab91 f   LIBCMT:dllcrt0.obj
 0001:0000a050       _write_char                0400b050 f   LIBCMT:output.obj
 0001:0000a083       _write_multi_char          0400b083 f   LIBCMT:output.obj
 0001:0000a0a9       _write_string              0400b0a9 f   LIBCMT:output.obj
 0001:0000b315       _fastzero_I                0400c315 f   LIBCMT:p4_memset.obj
 0001:0000b3fb       _has_osfxsr_set            0400c3fb f   LIBCMT:cpu_disp.obj
 0001:0000b72a       __shift                    0400c72a f   LIBCMT:cvt.obj
 0001:0000b76f       __cftoe2_l                 0400c76f f   LIBCMT:cvt.obj
 0001:0000bd61       __cftof2_l                 0400cd61 f   LIBCMT:cvt.obj
 0001:0000e330       _ValidateLocalCookies      0400f330 f   LIBCMT:chandler4.obj
 0001:0000e648       __initterm                 0400f648 f   LIBCMT:crt0dat.obj
 0001:0000e786       _doexit                    0400f786 f   LIBCMT:crt0dat.obj
 0001:0000f444       ?ExFilterRethrow@@YAHPAU_EXCEPTION_POINTERS@@@Z 04010444 f   LIBCMT:frame.obj
 0001:0000f838       ?IsInExceptionSpec@@YAEPAUEHExceptionRecord@@PBU_s_ESTypeList@@@Z 04010838 f   LIBCMT:frame.obj
 0001:0000f8b3       ?CallUnexpected@@YAXPBU_s_ESTypeList@@@Z 040108b3 f   LIBCMT:frame.obj
 0001:0000f8e4       __catch$?CallUnexpected@@YAXPBU_s_ESTypeList@@@Z$0 040108e4 f   LIBCMT:frame.obj
 0001:0000f8fc       ?Is_bad_exception_allowed@@YAEPBU_s_ESTypeList@@@Z 040108fc f   LIBCMT:frame.obj
 0001:0000f9b4       ?CallCatchBlock@@YAPAXPAUEHExceptionRecord@@PAUEHRegistrationNode@@PAU_CONTEXT@@PBU_s_FuncInfo@@PAXHK@Z 040109b4 f   LIBCMT:frame.obj
 0001:0000fea6       ?CatchIt@@YAXPAUEHExceptionRecord@@PAUEHRegistrationNode@@PAU_CONTEXT@@PAXPBU_s_FuncInfo@@PBU_s_HandlerType@@PBU_s_CatchableType@@PBU_s_TryBlockMapEntry@@H1E@Z 04010ea6 f   LIBCMT:frame.obj
 0001:0000ff14       ?FindHandlerForForeignException@@YAXPAUEHExceptionRecord@@PAUEHRegistrationNode@@PAU_CONTEXT@@PAXPBU_s_FuncInfo@@HH1@Z 04010f14 f   LIBCMT:frame.obj
 0001:00010008       ?FindHandler@@YAXPAUEHExceptionRecord@@PAUEHRegistrationNode@@PAU_CONTEXT@@PAXPBU_s_FuncInfo@@EH1@Z 04011008 f   LIBCMT:frame.obj
 0001:0001053c       _fastcopy_I                0401153c f   LIBCMT:p4_memcpy.obj
 0001:000108b5       ?strtoxl@@YAKPAUlocaleinfo_struct@@PBDPAPBDHH@Z 040118b5 f   LIBCMT:strtol.obj
 0001:00010b75       ?strtoxq@@YA_KPAUlocaleinfo_struct@@PBDPAPBDHH@Z 04011b75 f   LIBCMT:strtoq.obj
 0001:0001122c       _parse_cmdline             0401222c f   LIBCMT:stdargv.obj
 0001:00011605       _xcptlookup                04012605 f   LIBCMT:winxfltr.obj
 0001:00012597       ?CPtoLCID@@YAHH@Z          04013597 f   LIBCMT:mbctype.obj
 0001:000125c6       ?setSBCS@@YAXPAUthreadmbcinfostruct@@@Z 040135c6 f   LIBCMT:mbctype.obj
 0001:0001262a       ?setSBUpLow@@YAXPAUthreadmbcinfostruct@@@Z 0401362a f   LIBCMT:mbctype.obj
 0001:00012861       ?getSystemCP@@YAHH@Z       04013861 f   LIBCMT:mbctype.obj
 0001:00012f35       __copytlocinfo_nolock      04013f35 f   LIBCMT:setlocal.obj
 0001:00012f5b       __updatetlocinfoEx_nolock  04013f5b f   LIBCMT:setlocal.obj
 0001:00013079       _sync_legacy_variables_lk  04014079 f   LIBCMT:setlocal.obj
 0001:00013426       __setlocale_get_all        04014426 f   LIBCMT:setlocal.obj
 0001:000137d4       __setlocale_set_cat        040147d4 f   LIBCMT:setlocal.obj
 0001:00013ad6       __setlocale_nolock         04014ad6 f   LIBCMT:setlocal.obj
 0001:000146ed       _write_char                040156ed f   LIBCMT:outputp.obj
 0001:00014720       _write_multi_char          04015720 f   LIBCMT:outputp.obj
 0001:00014746       _write_string              04015746 f   LIBCMT:outputp.obj
 0001:00015a68       _write_char                04016a68 f   LIBCMT:outputs.obj
 0001:00015a9b       _write_multi_char          04016a9b f   LIBCMT:outputs.obj
 0001:00015ac1       _write_string              04016ac1 f   LIBCMT:outputs.obj
 0001:0001804d       ?und_strlen@@YAIPBD@Z      0401904d f   LIBCMT:undname.obj
 0001:0001805b       ?und_memcpy@@YAXPADPBDI@Z  0401905b f   LIBCMT:undname.obj
 0001:00018071       ?und_strncmp@@YAIPBD0I@Z   04019071 f   LIBCMT:undname.obj
 0001:0001c9e8       __unwind_handler4          0401d9e8 f   LIBCMT:exsup4.obj
 0001:0001cc8b       _ctrlevent_capture@4       0401dc8b f   LIBCMT:winsig.obj
 0001:0001cd26       _siglookup                 0401dd26 f   LIBCMT:winsig.obj
 0001:0001d890       __unwind_handler           0401e890 f   LIBCMT:exsup.obj
 0001:0001de84       ?x_ismbbtype_l@@YAHPAUlocaleinfo_struct@@IHH@Z 0401ee84 f   LIBCMT:ismbbyte.obj
 0001:0001ea60       _flsall                    0401fa60 f   LIBCMT:fflush.obj
 0001:0001ebcc       ?strncnt@@YAHPBDH@Z        0401fbcc f   LIBCMT:a_map.obj
 0001:0001ebea       ?__crtLCMapStringA_stat@@YAHPAUlocaleinfo_struct@@KKPBDHPADHHH@Z 0401fbea f   LIBCMT:a_map.obj
 0001:0001efd4       ?__crtGetStringTypeA_stat@@YAHPAUlocaleinfo_struct@@KPBDHPAGHHH@Z 0401ffd4 f   LIBCMT:a_str.obj
 0001:0001f1ff       __get_lc_time              040201ff f   LIBCMT:inittime.obj
 0001:0001f828       _fix_grouping              04020828 f   LIBCMT:initnum.obj
 0001:0001fa6a       _fix_grouping              04020a6a f   LIBCMT:initmon.obj
 0001:000207bf       ?_store_str@@YAXPADPAPADPAI@Z 040217bf f   LIBCMT:strftime.obj
 0001:000207df       ?_store_number@@YAXHPAPADPAI@Z 040217df f   LIBCMT:strftime.obj
 0001:00020815       ?_store_num@@YAXHHPAPADPAII@Z 04021815 f   LIBCMT:strftime.obj
 0001:00020890       ?_expandtime@@YAHPAUlocaleinfo_struct@@DPBUtm@@PAPADPAIPAU__lc_time_data@@I@Z 04021890 f   LIBCMT:strftime.obj
 0001:00020c78       ?_store_winword@@YAHPAUlocaleinfo_struct@@HPBUtm@@PAPADPAIPAU__lc_time_data@@@Z 04021c78 f   LIBCMT:strftime.obj
 0001:00021356       _TranslateName             04022356 f   LIBCMT:getqloc.obj
 0001:000213b8       _GetLcidFromDefault        040223b8 f   LIBCMT:getqloc.obj
 0001:000213cc       _ProcessCodePage           040223cc f   LIBCMT:getqloc.obj
 0001:00021470       _TestDefaultCountry        04022470 f   LIBCMT:getqloc.obj
 0001:00021494       _LcidFromHexString         04022494 f   LIBCMT:getqloc.obj
 0001:000214c8       _GetPrimaryLen             040224c8 f   LIBCMT:getqloc.obj
 0001:000214e3       _CountryEnumProc@4         040224e3 f   LIBCMT:getqloc.obj
 0001:0002157b       _TestDefaultLanguage       0402257b f   LIBCMT:getqloc.obj
 0001:000215ef       _LangCountryEnumProc@4     040225ef f   LIBCMT:getqloc.obj
 0001:000217c1       _LanguageEnumProc@4        040227c1 f   LIBCMT:getqloc.obj
 0001:00021882       _GetLcidFromCountry        04022882 f   LIBCMT:getqloc.obj
 0001:000218ae       _GetLcidFromLangCountry    040228ae f   LIBCMT:getqloc.obj
 0001:00021915       _GetLcidFromLanguage       04022915 f   LIBCMT:getqloc.obj
 0001:00021b42       _cmpResult                 04022b42 f   LIBCMT:memcmp.obj
 0001:00021b54       _cmpBYTE                   04022b54 f   LIBCMT:memcmp.obj
 0001:00021b6c       _cmpWORD                   04022b6c f   LIBCMT:memcmp.obj
 0001:00021bac       _cmpDWORD                  04022bac f   LIBCMT:memcmp.obj
 0001:00021c24       _unaligned_memcmp          04022c24 f   LIBCMT:memcmp.obj
 0001:000275c5       __abstract_cw              040285c5 f   LIBCMT:_ieee87_.obj
 0001:00027664       __hw_cw                    04028664 f   LIBCMT:_ieee87_.obj
 0001:000276f2       __abstract_sw              040286f2 f   LIBCMT:_ieee87_.obj
 0001:00027735       ___abstract_cw_sse2        04028735 f   LIBCMT:_ieee87_.obj
 0001:000277d5       ___hw_cw_sse2              040287d5 f   LIBCMT:_ieee87_.obj
 0001:00027875       ___abstract_sw_sse2        04028875 f   LIBCMT:_ieee87_.obj
 0001:000278b8       ___fpreset_sse2            040288b8 f   LIBCMT:_ieee87_.obj
 0001:0002798e       ___statusfp_sse2           0402898e f   LIBCMT:_ieee87_.obj
 0001:000279c9       ___clearfp_sse2            040289c9 f   LIBCMT:_ieee87_.obj
 0001:00027a19       ___control87_sse2          04028a19 f   LIBCMT:_ieee87_.obj
 0001:00028b28       __get_fname                04029b28 f   LIBCMT:_fpexcept_.obj
 0001:000290a6       ?__crtGetLocaleInfoW_stat@@YAHPAUlocaleinfo_struct@@KKPA_WHH@Z 0402a0a6 f   LIBCMT:w_loc.obj
 0001:000290f3       ?__crtGetLocaleInfoA_stat@@YAHPAUlocaleinfo_struct@@KKPADHH@Z 0402a0f3 f   LIBCMT:a_loc.obj
 0001:00029896       __tzset_nolock             0402a896 f   LIBCMT:tzset.obj
 0001:00029bdc       _cvtdate                   0402abdc f   LIBCMT:tzset.obj
 0001:00029dd3       __isindst_nolock           0402add3 f   LIBCMT:tzset.obj
 0001:0002a323       _xtoa_s@20                 0402b323 f   LIBCMT:xtoas.obj
 0001:0002a46b       @x64toa_s@24               0402b46b f   LIBCMT:xtoas.obj
 0001:0002a5b7       ?__crtGetStringTypeW_stat@@YAHPAUlocaleinfo_struct@@KPB_WHPAGHH@Z 0402b5b7 f   LIBCMT:w_str.obj
 0001:0002abb8       __getenv_s_helper          0402bbb8 f   LIBCMT:getenv.obj
 0001:0002ac4d       __dupenv_s_helper          0402bc4d f   LIBCMT:getenv.obj
 0001:0002b19d       ?strncnt@@YAHPBDH@Z        0402c19d f   LIBCMT:a_cmp.obj
 0001:0002b1bb       ?__crtCompareStringA_stat@@YAHPAUlocaleinfo_struct@@KKPBDH1HH@Z 0402c1bb f   LIBCMT:a_cmp.obj
 0001:0002b690       _findenv                   0402c690 f   LIBCMT:setenv.obj
 0001:0002b6e2       _copy_environ              0402c6e2 f   LIBCMT:setenv.obj
 0001:0002bcb0       __ehhandler$?_Copy@?$basic_string@DU?$char_traits@D@std@@V?$allocator@D@2@@std@@IAEXII@Z 0402ccb0 f   MQ2MapAPI.obj
 0001:0002bcc0       __unwindfunclet$??0logic_error@std@@QAE@ABV?$basic_string@DU?$char_traits@D@std@@V?$allocator@D@2@@1@@Z$0 0402ccc0 f   MQ2MapAPI.obj
 0001:0002bcc8       __ehhandler$??0logic_error@std@@QAE@ABV?$basic_string@DU?$char_traits@D@std@@V?$allocator@D@2@@1@@Z 0402ccc8 f   MQ2MapAPI.obj
 0001:0002bce0       __unwindfunclet$?_Insert@?$_Tree@V?$_Tmap_traits@KPAU_MAPSPAWN@@U?$less@K@std@@V?$allocator@U?$pair@$$CBKPAU_MAPSPAWN@@@std@@@3@$0A@@std@@@std@@IAE?AViterator@12@_NPAU_Node@?$_Tree_nod@V?$_Tmap_traits@KPAU_MAPSPAWN@@U?$less@K@std@@V?$allocator@U?$pair@$$CBKPAU_MAPSPAWN@@@std@@@3@$0A@@std@@@2@ABU?$pair@$$CBKPAU_MAPSPAWN@@@2@@Z$0 0402cce0 f   MQ2MapAPI.obj
 0001:0002bce8       __ehhandler$?_Insert@?$_Tree@V?$_Tmap_traits@KPAU_MAPSPAWN@@U?$less@K@std@@V?$allocator@U?$pair@$$CBKPAU_MAPSPAWN@@@std@@@3@$0A@@std@@@std@@IAE?AViterator@12@_NPAU_Node@?$_Tree_nod@V?$_Tmap_traits@KPAU_MAPSPAWN@@U?$less@K@std@@V?$allocator@U?$pair@$$CBKPAU_MAPSPAWN@@@std@@@3@$0A@@std@@@2@ABU?$pair@$$CBKPAU_MAPSPAWN@@@2@@Z 0402cce8 f   MQ2MapAPI.obj
 0001:0002bd00       __unwindfunclet$??0logic_error@std@@QAE@ABV01@@Z$0 0402cd00 f   MQ2MapAPI.obj
 0001:0002bd08       __ehhandler$??0logic_error@std@@QAE@ABV01@@Z 0402cd08 f   MQ2MapAPI.obj
 0001:0002bd20       __unwindfunclet$?_Insert@?$_Tree@V?$_Tmap_traits@PAU_MAPLABEL@EQUIStructs@@PAU_MAPSPAWN@@U?$less@PAU_MAPLABEL@EQUIStructs@@@std@@V?$allocator@U?$pair@QAU_MAPLABEL@EQUIStructs@@PAU_MAPSPAWN@@@std@@@5@$0A@@std@@@std@@IAE?AViterator@12@_NPAU_Node@?$_Tree_nod@V?$_Tmap_traits@PAU_MAPLABEL@EQUIStructs@@PAU_MAPSPAWN@@U?$less@PAU_MAPLABEL@EQUIStructs@@@std@@V?$allocator@U?$pair@QAU_MAPLABEL@EQUIStructs@@PAU_MAPSPAWN@@@std@@@5@$0A@@std@@@2@ABU?$pair@QAU_MAPLABEL@EQUIStructs@@PAU_MAPSPAWN@@@2@@Z$0 0402cd20 f   MQ2MapAPI.obj
 0001:0002bd28       __ehhandler$?_Insert@?$_Tree@V?$_Tmap_traits@PAU_MAPLABEL@EQUIStructs@@PAU_MAPSPAWN@@U?$less@PAU_MAPLABEL@EQUIStructs@@@std@@V?$allocator@U?$pair@QAU_MAPLABEL@EQUIStructs@@PAU_MAPSPAWN@@@std@@@5@$0A@@std@@@std@@IAE?AViterator@12@_NPAU_Node@?$_Tree_nod@V?$_Tmap_traits@PAU_MAPLABEL@EQUIStructs@@PAU_MAPSPAWN@@U?$less@PAU_MAPLABEL@EQUIStructs@@@std@@V?$allocator@U?$pair@QAU_MAPLABEL@EQUIStructs@@PAU_MAPSPAWN@@@std@@@5@$0A@@std@@@2@ABU?$pair@QAU_MAPLABEL@EQUIStructs@@PAU_MAPSPAWN@@@2@@Z 0402cd28 f   MQ2MapAPI.obj
 0001:0002bd40       __unwindfunclet$?erase@?$_Tree@V?$_Tmap_traits@KPAU_MAPSPAWN@@U?$less@K@std@@V?$allocator@U?$pair@$$CBKPAU_MAPSPAWN@@@std@@@3@$0A@@std@@@std@@QAE?AViterator@12@Vconst_iterator@12@@Z$0 0402cd40 f   MQ2MapAPI.obj
 0001:0002bd48       __ehhandler$?erase@?$_Tree@V?$_Tmap_traits@KPAU_MAPSPAWN@@U?$less@K@std@@V?$allocator@U?$pair@$$CBKPAU_MAPSPAWN@@@std@@@3@$0A@@std@@@std@@QAE?AViterator@12@Vconst_iterator@12@@Z 0402cd48 f   MQ2MapAPI.obj
 0001:0002bd60       __unwindfunclet$?erase@?$_Tree@V?$_Tmap_traits@PAU_MAPLABEL@EQUIStructs@@PAU_MAPSPAWN@@U?$less@PAU_MAPLABEL@EQUIStructs@@@std@@V?$allocator@U?$pair@QAU_MAPLABEL@EQUIStructs@@PAU_MAPSPAWN@@@std@@@5@$0A@@std@@@std@@QAE?AViterator@12@Vconst_iterator@12@@Z$0 0402cd60 f   MQ2MapAPI.obj
 0001:0002bd68       __ehhandler$?erase@?$_Tree@V?$_Tmap_traits@PAU_MAPLABEL@EQUIStructs@@PAU_MAPSPAWN@@U?$less@PAU_MAPLABEL@EQUIStructs@@@std@@V?$allocator@U?$pair@QAU_MAPLABEL@EQUIStructs@@PAU_MAPSPAWN@@@std@@@5@$0A@@std@@@std@@QAE?AViterator@12@Vconst_iterator@12@@Z 0402cd68 f   MQ2MapAPI.obj
 0001:0002bd80       __unwindfunclet$??0?$_Tree@V?$_Tmap_traits@KPAU_MAPSPAWN@@U?$less@K@std@@V?$allocator@U?$pair@$$CBKPAU_MAPSPAWN@@@std@@@3@$0A@@std@@@std@@QAE@ABU?$less@K@1@ABV?$allocator@U?$pair@$$CBKPAU_MAPSPAWN@@@std@@@1@@Z$0 0402cd80 f   MQ2MapAPI.obj
 0001:0002bd88       __ehhandler$??0?$_Tree@V?$_Tmap_traits@KPAU_MAPSPAWN@@U?$less@K@std@@V?$allocator@U?$pair@$$CBKPAU_MAPSPAWN@@@std@@@3@$0A@@std@@@std@@QAE@ABU?$less@K@1@ABV?$allocator@U?$pair@$$CBKPAU_MAPSPAWN@@@std@@@1@@Z 0402cd88 f   MQ2MapAPI.obj
 0001:0002bda0       __unwindfunclet$??0?$_Tree@V?$_Tmap_traits@PAU_MAPLABEL@EQUIStructs@@PAU_MAPSPAWN@@U?$less@PAU_MAPLABEL@EQUIStructs@@@std@@V?$allocator@U?$pair@QAU_MAPLABEL@EQUIStructs@@PAU_MAPSPAWN@@@std@@@5@$0A@@std@@@std@@QAE@ABU?$less@PAU_MAPLABEL@EQUIStructs@@@1@ABV?$allocator@U?$pair@QAU_MAPLABEL@EQUIStructs@@PAU_MAPSPAWN@@@std@@@1@@Z$0 0402cda0 f   MQ2MapAPI.obj
 0001:0002bda8       __ehhandler$??0?$_Tree@V?$_Tmap_traits@PAU_MAPLABEL@EQUIStructs@@PAU_MAPSPAWN@@U?$less@PAU_MAPLABEL@EQUIStructs@@@std@@V?$allocator@U?$pair@QAU_MAPLABEL@EQUIStructs@@PAU_MAPSPAWN@@@std@@@5@$0A@@std@@@std@@QAE@ABU?$less@PAU_MAPLABEL@EQUIStructs@@@1@ABV?$allocator@U?$pair@QAU_MAPLABEL@EQUIStructs@@PAU_MAPSPAWN@@@std@@@1@@Z 0402cda8 f   MQ2MapAPI.obj
 0001:0002bdc0       __unwindfunclet$??1?$_Tree@V?$_Tmap_traits@KPAU_MAPSPAWN@@U?$less@K@std@@V?$allocator@U?$pair@$$CBKPAU_MAPSPAWN@@@std@@@3@$0A@@std@@@std@@QAE@XZ$0 0402cdc0 f   MQ2MapAPI.obj
 0001:0002bdc8       __ehhandler$??1?$_Tree@V?$_Tmap_traits@KPAU_MAPSPAWN@@U?$less@K@std@@V?$allocator@U?$pair@$$CBKPAU_MAPSPAWN@@@std@@@3@$0A@@std@@@std@@QAE@XZ 0402cdc8 f   MQ2MapAPI.obj
 0001:0002bde0       __unwindfunclet$??1?$_Tree@V?$_Tmap_traits@PAU_MAPLABEL@EQUIStructs@@PAU_MAPSPAWN@@U?$less@PAU_MAPLABEL@EQUIStructs@@@std@@V?$allocator@U?$pair@QAU_MAPLABEL@EQUIStructs@@PAU_MAPSPAWN@@@std@@@5@$0A@@std@@@std@@QAE@XZ$0 0402cde0 f   MQ2MapAPI.obj
 0001:0002bde8       __ehhandler$??1?$_Tree@V?$_Tmap_traits@PAU_MAPLABEL@EQUIStructs@@PAU_MAPSPAWN@@U?$less@PAU_MAPLABEL@EQUIStructs@@@std@@V?$allocator@U?$pair@QAU_MAPLABEL@EQUIStructs@@PAU_MAPSPAWN@@@std@@@5@$0A@@std@@@std@@QAE@XZ 0402cde8 f   MQ2MapAPI.obj
 0001:0002bdf2       __unwindfunclet$?_Xlen@_String_base@std@@SAXXZ$0 0402cdf2 f   libcpmt:string.obj
 0001:0002bdfa       __ehhandler$?_Xlen@_String_base@std@@SAXXZ 0402cdfa f   libcpmt:string.obj
 0001:0002be15       __unwindfunclet$?_Xran@_String_base@std@@SAXXZ$0 0402ce15 f   libcpmt:string.obj
 0001:0002be1d       __ehhandler$?_Xran@_String_base@std@@SAXXZ 0402ce1d f   libcpmt:string.obj
 0001:0002be38       __unwindfunclet$?_Xinvarg@_String_base@std@@SAXXZ$0 0402ce38 f   libcpmt:string.obj
 0001:0002be40       __ehhandler$?_Xinvarg@_String_base@std@@SAXXZ 0402ce40 f   libcpmt:string.obj
 0001:0002be5b       __ehhandler$?CallUnexpected@@YAXPBU_s_ESTypeList@@@Z 0402ce5b f   LIBCMT:frame.obj
 0001:0002be80       ??__ESpawnMap@@YAXXZ       0402ce80 f   MQ2MapAPI.obj
 0001:0002beb0       ??__EGroundItemMap@@YAXXZ  0402ceb0 f   MQ2MapAPI.obj
 0001:0002bee0       ??__ELabelMap@@YAXXZ       0402cee0 f   MQ2MapAPI.obj
 0001:0002bf10       ??__FGroundItemMap@@YAXXZ  0402cf10 f   MQ2MapAPI.obj
 0001:0002bf20       ??__FSpawnMap@@YAXXZ       0402cf20 f   MQ2MapAPI.obj
 0001:0002bf30       ??__FLabelMap@@YAXXZ       0402cf30 f   MQ2MapAPI.obj
 0001:0002bf3a       ??__Fnomem@?5???2@YAPAXI@Z@YAXXZ 0402cf3a f   LIBCMT:new.obj

 Exports

  ordinal    name

        1    _InitializePlugin
               exported name: InitializePlugin
        2    _OnAddGroundItem
               exported name: OnAddGroundItem
        3    _OnAddSpawn
               exported name: OnAddSpawn
        4    _OnRemoveGroundItem
               exported name: OnRemoveGroundItem
        5    _OnRemoveSpawn
               exported name: OnRemoveSpawn
        6    _SetGameState
               exported name: SetGameState
        7    _ShutdownPlugin
               exported name: ShutdownPlugin
