 MQ2Telnet

 Timestamp is 4d3d7c96 (Mon Jan 24 08:20:22 2011)

 Preferred load address is 04000000

 Start         Length     Name                   Class
 0001:00000000 0001f65eH .text                   CODE
 0001:0001f660 00000114H .text$x                 CODE
 0001:0001f774 00000014H .text$yd                CODE
 0002:00000000 000001d4H .idata$5                DATA
 0002:000001d4 00000004H .CRT$XCA                DATA
 0002:000001d8 00000004H .CRT$XCZ                DATA
 0002:000001dc 00000004H .CRT$XIA                DATA
 0002:000001e0 00000010H .CRT$XIC                DATA
 0002:000001f0 00000004H .CRT$XIZ                DATA
 0002:000001f4 00000004H .CRT$XPA                DATA
 0002:000001f8 00000004H .CRT$XPX                DATA
 0002:000001fc 00000004H .CRT$XPXA               DATA
 0002:00000200 00000004H .CRT$XPZ                DATA
 0002:00000204 00000004H .CRT$XTA                DATA
 0002:00000208 00000004H .CRT$XTZ                DATA
 0002:00000210 00002b48H .rdata                  DATA
 0002:00002d58 00000068H .rdata$debug            DATA
 0002:00002dc0 000003e0H .rdata$r                DATA
 0002:000031a0 00000038H .rdata$sxdata           DATA
 0002:000031d8 00000004H .rtc$IAA                DATA
 0002:000031dc 00000004H .rtc$IZZ                DATA
 0002:000031e0 00000004H .rtc$TAA                DATA
 0002:000031e4 00000004H .rtc$TZZ                DATA
 0002:000031e8 00000bd4H .xdata$x                DATA
 0002:00003dbc 00000050H .idata$2                DATA
 0002:00003e0c 00000014H .idata$3                DATA
 0002:00003e20 000001d4H .idata$4                DATA
 0002:00003ff4 00000728H .idata$6                DATA
 0002:00004720 000000b0H .edata                  DATA
 0003:00000000 000012b0H .data                   DATA
 0003:000012c0 00003604H .bss                    DATA

  Address         Publics by Value              Rva+Base       Lib:Object

 0000:00000000       __except_list              00000000     <absolute>
 0000:0000000e       ___safe_se_handler_count   0000000e     <absolute>
 0000:00000000       ___ImageBase               04000000     <linker-defined>
 0001:00000000       _DllMain@12                04001000 f   mq2telnet.obj
 0001:00000060       _InitializePlugin          04001060 f   mq2telnet.obj
 0001:00000160       ??_GCTelnetServer@@QAEPAXI@Z 04001160 f i mq2telnet.obj
 0001:00000180       _OnPulse                   04001180 f   mq2telnet.obj
 0001:00000190       _OnWriteChatColor          04001190 f   mq2telnet.obj
 0001:000001d0       _OnIncomingChat            040011d0 f   mq2telnet.obj
 0001:00000210       _ShutdownPlugin            04001210 f   mq2telnet.obj
 0001:00000260       ??_GCWinTelnet@@QAEPAXI@Z  04001260 f i TelnetServer.obj
 0001:00000280       ?ShutdownListener@CTelnetServer@@QAEXXZ 04001280 f   TelnetServer.obj
 0001:000002c0       ?Listen@CTelnetServer@@QAE_NH@Z 040012c0 f   TelnetServer.obj
 0001:000003b0       ?Broadcast@CTelnetServer@@QAEXPAD@Z 040013b0 f   TelnetServer.obj
 0001:00000430       ?Shutdown@CTelnetServer@@QAEXXZ 04001430 f   TelnetServer.obj
 0001:00000550       ?IsValidUser@CTelnetServer@@QAE_NPAD0@Z 04001550 f   TelnetServer.obj
 0001:00000590       ?ProcessIncoming@CTelnetServer@@QAEXXZ 04001590 f   TelnetServer.obj
 0001:00000600       ?ProcessingThread@@YGKPAX@Z 04001600 f   TelnetServer.obj
 0001:00000d60       ??0CTelnetServer@@QAE@XZ   04001d60 f   TelnetServer.obj
 0001:00000df0       ??1CTelnetServer@@QAE@XZ   04001df0 f   TelnetServer.obj
 0001:00000e20       ??0bad_alloc@std@@QAE@PBD@Z 04001e20 f i WinTelnet.obj
 0001:00000e40       ??1bad_alloc@std@@UAE@XZ   04001e40 f i WinTelnet.obj
 0001:00000e50       ??_Gbad_alloc@std@@UAEPAXI@Z 04001e50 f i WinTelnet.obj
 0001:00000e50       ??_Ebad_alloc@std@@UAEPAXI@Z 04001e50 f i WinTelnet.obj
 0001:00000e80       ?assign@?$char_traits@D@std@@SAXAADABD@Z 04001e80 f i WinTelnet.obj
 0001:00000e90       ?length@?$char_traits@D@std@@SAIPBD@Z 04001e90 f i WinTelnet.obj
 0001:00000eb0       ?_Copy_s@?$char_traits@D@std@@SAPADPADIPBDI@Z 04001eb0 f i WinTelnet.obj
 0001:00000ee0       ?_Move_s@?$char_traits@D@std@@SAPADPADIPBDI@Z 04001ee0 f i WinTelnet.obj
 0001:00000f10       ??0CTelnet@@QAE@XZ         04001f10 f i WinTelnet.obj
 0001:00000f30       ??1CTelnet@@QAE@XZ         04001f30 f i WinTelnet.obj
 0001:00000f40       ??0CWinTelnet@@QAE@XZ      04001f40 f   WinTelnet.obj
 0001:00000f70       ??1CWinTelnet@@QAE@XZ      04001f70 f   WinTelnet.obj
 0001:00000fb0       ?Connect@CWinTelnet@@UAE_NPADH@Z 04001fb0 f   WinTelnet.obj
 0001:00001070       ?Disconnect@CWinTelnet@@UAE_NXZ 04002070 f   WinTelnet.obj
 0001:00001090       ?Open@CWinTelnet@@UAE_NH@Z 04002090 f   WinTelnet.obj
 0001:00001150       ?Close@CWinTelnet@@UAE_NXZ 04002150 f   WinTelnet.obj
 0001:00001180       ?Write@CWinTelnet@@UAE_ND@Z 04002180 f   WinTelnet.obj
 0001:000011b0       ?Write@CWinTelnet@@UAEHPBXH@Z 040021b0 f   WinTelnet.obj
 0001:000011e0       ?WriteStr@CWinTelnet@@QAEHPBD@Z 040021e0 f   WinTelnet.obj
 0001:00001230       ?Read@CWinTelnet@@UAE_NPAD@Z 04002230 f   WinTelnet.obj
 0001:00001260       ?isOpen@CWinTelnet@@UAE_NXZ 04002260 f   WinTelnet.obj
 0001:00001270       ?isConnected@CWinTelnet@@UAE_NXZ 04002270 f   WinTelnet.obj
 0001:000012e0       ?isData@CWinTelnet@@UAEJXZ 040022e0 f   WinTelnet.obj
 0001:00001310       ?size@?$basic_string@DU?$char_traits@D@std@@V?$allocator@D@2@@std@@QBEIXZ 04002310 f i WinTelnet.obj
 0001:00001320       ?_Myptr@?$basic_string@DU?$char_traits@D@std@@V?$allocator@D@2@@std@@IAEPADXZ 04002320 f i WinTelnet.obj
 0001:00001330       ?_Myptr@?$basic_string@DU?$char_traits@D@std@@V?$allocator@D@2@@std@@IBEPBDXZ 04002330 f i WinTelnet.obj
 0001:00001340       ??0?$allocator@D@std@@QAE@XZ 04002340 f i WinTelnet.obj
 0001:00001350       ?_Eos@?$basic_string@DU?$char_traits@D@std@@V?$allocator@D@2@@std@@IAEXI@Z 04002350 f i WinTelnet.obj
 0001:00001370       ??0?$allocator@D@std@@QAE@ABV01@@Z 04002370 f i WinTelnet.obj
 0001:00001380       ?deallocate@?$allocator@D@std@@QAEXPADI@Z 04002380 f i WinTelnet.obj
 0001:00001390       ?_Inside@?$basic_string@DU?$char_traits@D@std@@V?$allocator@D@2@@std@@IAE_NPBD@Z 04002390 f i WinTelnet.obj
 0001:000013d0       ?max_size@?$allocator@D@std@@QBEIXZ 040023d0 f i WinTelnet.obj
 0001:000013e0       ??$_Allocate@D@std@@YAPADIPAD@Z 040023e0 f i WinTelnet.obj
 0001:00001440       ??0bad_alloc@std@@QAE@ABV01@@Z 04002440 f i WinTelnet.obj
 0001:00001460       ??$_Char_traits_cat@U?$char_traits@D@std@@@std@@YA?AU_Secure_char_traits_tag@0@XZ 04002460 f i WinTelnet.obj
 0001:00001470       ??$copy_s@U?$char_traits@D@std@@@_Traits_helper@std@@YAPADPADIPBDIU_Secure_char_traits_tag@1@@Z 04002470 f i WinTelnet.obj
 0001:000014a0       ??$move_s@U?$char_traits@D@std@@@_Traits_helper@std@@YAPADPADIPBDIU_Secure_char_traits_tag@1@@Z 040024a0 f i WinTelnet.obj
 0001:000014d0       ??A?$basic_string@DU?$char_traits@D@std@@V?$allocator@D@2@@std@@QAEAADI@Z 040024d0 f i WinTelnet.obj
 0001:00001500       ??0?$_String_val@DV?$allocator@D@std@@@std@@IAE@V?$allocator@D@1@@Z 04002500 f i WinTelnet.obj
 0001:00001510       ?max_size@?$basic_string@DU?$char_traits@D@std@@V?$allocator@D@2@@std@@QBEIXZ 04002510 f i WinTelnet.obj
 0001:00001520       ?allocate@?$allocator@D@std@@QAEPADI@Z 04002520 f i WinTelnet.obj
 0001:00001540       ??$copy_s@U?$char_traits@D@std@@@_Traits_helper@std@@YAPADPADIPBDI@Z 04002540 f i WinTelnet.obj
 0001:00001570       ??$move_s@U?$char_traits@D@std@@@_Traits_helper@std@@YAPADPADIPBDI@Z 04002570 f i WinTelnet.obj
 0001:000015a0       ?_Tidy@?$basic_string@DU?$char_traits@D@std@@V?$allocator@D@2@@std@@IAEX_NI@Z 040025a0 f i WinTelnet.obj
 0001:000015f0       ?erase@?$basic_string@DU?$char_traits@D@std@@V?$allocator@D@2@@std@@QAEAAV12@II@Z 040025f0 f i WinTelnet.obj
 0001:00001680       ?_Copy@?$basic_string@DU?$char_traits@D@std@@V?$allocator@D@2@@std@@IAEXII@Z 04002680 f i WinTelnet.obj
 0001:000017c0       ??1?$basic_string@DU?$char_traits@D@std@@V?$allocator@D@2@@std@@QAE@XZ 040027c0 f i WinTelnet.obj
 0001:000017f0       ?_Grow@?$basic_string@DU?$char_traits@D@std@@V?$allocator@D@2@@std@@IAE_NI_N@Z 040027f0 f i WinTelnet.obj
 0001:000018b0       ?assign@?$basic_string@DU?$char_traits@D@std@@V?$allocator@D@2@@std@@QAEAAV12@ABV12@II@Z 040028b0 f i WinTelnet.obj
 0001:00001990       ?assign@?$basic_string@DU?$char_traits@D@std@@V?$allocator@D@2@@std@@QAEAAV12@PBDI@Z 04002990 f i WinTelnet.obj
 0001:00001a70       ?assign@?$basic_string@DU?$char_traits@D@std@@V?$allocator@D@2@@std@@QAEAAV12@PBD@Z 04002a70 f i WinTelnet.obj
 0001:00001aa0       ??0?$basic_string@DU?$char_traits@D@std@@V?$allocator@D@2@@std@@QAE@PBD@Z 04002aa0 f i WinTelnet.obj
 0001:00001ae0       ?Wont@CTelnet@@SA?AV?$basic_string@DU?$char_traits@D@std@@V?$allocator@D@2@@std@@E@Z 04002ae0 f i WinTelnet.obj
 0001:00001b40       ?Will@CTelnet@@SA?AV?$basic_string@DU?$char_traits@D@std@@V?$allocator@D@2@@std@@E@Z 04002b40 f i WinTelnet.obj
 0001:00001ba0       ?InterpretTelnet@CTelnet@@QAEXPAEH@Z 04002ba0 f i WinTelnet.obj
 0001:00001d60       ?StripTelnet@CTelnet@@QAEHPAEAAH@Z 04002d60 f i WinTelnet.obj
 0001:00001e50       ?Read@CWinTelnet@@UAEHPAXH@Z 04002e50 f   WinTelnet.obj
 0001:00001e9a       _closesocket@4             04002e9a f   wsock32:WSOCK32.dll
 0001:00001ea0       _shutdown@8                04002ea0 f   wsock32:WSOCK32.dll
 0001:00001ea6       _ioctlsocket@12            04002ea6 f   wsock32:WSOCK32.dll
 0001:00001eac       _listen@8                  04002eac f   wsock32:WSOCK32.dll
 0001:00001eb2       _htons@4                   04002eb2 f   wsock32:WSOCK32.dll
 0001:00001eb8       _bind@12                   04002eb8 f   wsock32:WSOCK32.dll
 0001:00001ebe       _socket@12                 04002ebe f   wsock32:WSOCK32.dll
 0001:00001ec4       _inet_ntoa@4               04002ec4 f   wsock32:WSOCK32.dll
 0001:00001eca       _getpeername@12            04002eca f   wsock32:WSOCK32.dll
 0001:00001ed0       _accept@12                 04002ed0 f   wsock32:WSOCK32.dll
 0001:00001ed6       _WSAStartup@8              04002ed6 f   wsock32:WSOCK32.dll
 0001:00001edc       _WSAGetLastError@0         04002edc f   wsock32:WSOCK32.dll
 0001:00001ee2       _gethostbyname@4           04002ee2 f   wsock32:WSOCK32.dll
 0001:00001ee8       _inet_addr@4               04002ee8 f   wsock32:WSOCK32.dll
 0001:00001eee       _send@16                   04002eee f   wsock32:WSOCK32.dll
 0001:00001ef4       _recv@16                   04002ef4 f   wsock32:WSOCK32.dll
 0001:00001efa       _GetPrivateProfileStringA@24 04002efa f   kernel32:KERNEL32.dll
 0001:00001f00       _GetPrivateProfileIntA@16  04002f00 f   kernel32:KERNEL32.dll
 0001:00001f06       _LeaveCriticalSection@4    04002f06 f   kernel32:KERNEL32.dll
 0001:00001f0c       _EnterCriticalSection@4    04002f0c f   kernel32:KERNEL32.dll
 0001:00001f12       _Sleep@4                   04002f12 f   kernel32:KERNEL32.dll
 0001:00001f18       _CreateThread@24           04002f18 f   kernel32:KERNEL32.dll
 0001:00001f1e       _InitializeCriticalSection@4 04002f1e f   kernel32:KERNEL32.dll
 0001:00001f24       _DeleteCriticalSection@4   04002f24 f   kernel32:KERNEL32.dll
 0001:00001f2a       _DebugSpewAlways           04002f2a f   mq2main:MQ2Main.dll
 0001:00001f30       _StripMQChat               04002f30 f   mq2main:MQ2Main.dll
 0001:00001f36       _HideDoCommand             04002f36 f   mq2main:MQ2Main.dll
 0001:00001f3c       _DebugSpew                 04002f3c f   mq2main:MQ2Main.dll
 0001:00001f42       ??0?$_String_val@DV?$allocator@D@std@@@std@@QAE@ABV01@@Z 04002f42 f i libcpmt:string.obj
 0001:00001f47       ??0logic_error@std@@QAE@ABV?$basic_string@DU?$char_traits@D@std@@V?$allocator@D@2@@1@@Z 04002f47 f i libcpmt:string.obj
 0001:00001f7c       ?c_str@?$basic_string@DU?$char_traits@D@std@@V?$allocator@D@2@@std@@QBEPBDXZ 04002f7c f i libcpmt:string.obj
 0001:00001f8a       ?what@logic_error@std@@UBEPBDXZ 04002f8a f i libcpmt:string.obj
 0001:00001f98       ??1logic_error@std@@UAE@XZ 04002f98 f i libcpmt:string.obj
 0001:00001fb7       ??_Elogic_error@std@@UAEPAXI@Z 04002fb7 f i libcpmt:string.obj
 0001:00001fb7       ??_Glogic_error@std@@UAEPAXI@Z 04002fb7 f i libcpmt:string.obj
 0001:00001fd8       ??0invalid_argument@std@@QAE@ABV?$basic_string@DU?$char_traits@D@std@@V?$allocator@D@2@@1@@Z 04002fd8 f i libcpmt:string.obj
 0001:00001ff5       ??1invalid_argument@std@@UAE@XZ 04002ff5 f i libcpmt:string.obj
 0001:00002000       ??_Ginvalid_argument@std@@UAEPAXI@Z 04003000 f i libcpmt:string.obj
 0001:00002000       ??_Einvalid_argument@std@@UAEPAXI@Z 04003000 f i libcpmt:string.obj
 0001:00002027       ??0length_error@std@@QAE@ABV?$basic_string@DU?$char_traits@D@std@@V?$allocator@D@2@@1@@Z 04003027 f i libcpmt:string.obj
 0001:00002044       ??1length_error@std@@UAE@XZ 04003044 f i libcpmt:string.obj
 0001:0000204f       ??_Glength_error@std@@UAEPAXI@Z 0400304f f i libcpmt:string.obj
 0001:0000204f       ??_Elength_error@std@@UAEPAXI@Z 0400304f f i libcpmt:string.obj
 0001:00002076       ??0out_of_range@std@@QAE@ABV?$basic_string@DU?$char_traits@D@std@@V?$allocator@D@2@@1@@Z 04003076 f i libcpmt:string.obj
 0001:00002093       ??1out_of_range@std@@UAE@XZ 04003093 f i libcpmt:string.obj
 0001:0000209e       ??_Eout_of_range@std@@UAEPAXI@Z 0400309e f i libcpmt:string.obj
 0001:0000209e       ??_Gout_of_range@std@@UAEPAXI@Z 0400309e f i libcpmt:string.obj
 0001:000020c5       ?_Xlen@_String_base@std@@SAXXZ 040030c5 f   libcpmt:string.obj
 0001:000020fd       ?_Xran@_String_base@std@@SAXXZ 040030fd f   libcpmt:string.obj
 0001:00002135       ?_Xinvarg@_String_base@std@@SAXXZ 04003135 f   libcpmt:string.obj
 0001:0000216d       ??0?$basic_string@DU?$char_traits@D@std@@V?$allocator@D@2@@std@@QAE@ABV01@@Z 0400316d f i libcpmt:string.obj
 0001:00002198       ??0logic_error@std@@QAE@ABV01@@Z 04003198 f i libcpmt:string.obj
 0001:000021d2       ??0length_error@std@@QAE@ABV01@@Z 040031d2 f i libcpmt:string.obj
 0001:000021ef       ??0invalid_argument@std@@QAE@ABV01@@Z 040031ef f i libcpmt:string.obj
 0001:0000220c       ??0out_of_range@std@@QAE@ABV01@@Z 0400320c f i libcpmt:string.obj
 0001:0000222a       _WSAConnect@28             0400322a f   ws2_32:WS2_32.dll
 0001:00002230       _WSASocketA@24             04003230 f   ws2_32:WS2_32.dll
 0001:00002236       _sprintf                   04003236 f   LIBCMT:sprintf.obj
 0001:000022b3       __sprintf_l                040032b3 f   LIBCMT:sprintf.obj
 0001:000022cf       _sprintf_s                 040032cf f   LIBCMT:sprintf.obj
 0001:000022ed       __sprintf_s_l              040032ed f   LIBCMT:sprintf.obj
 0001:0000230c       __snprintf_s               0400330c f   LIBCMT:sprintf.obj
 0001:0000232d       __snprintf_s_l             0400332d f   LIBCMT:sprintf.obj
 0001:0000234f       __sprintf_p                0400334f f   LIBCMT:sprintf.obj
 0001:0000236d       __sprintf_p_l              0400336d f   LIBCMT:sprintf.obj
 0001:0000238c       __scprintf                 0400338c f   LIBCMT:sprintf.obj
 0001:000023a1       __scprintf_p               040033a1 f   LIBCMT:sprintf.obj
 0001:000023b6       __scprintf_l               040033b6 f   LIBCMT:sprintf.obj
 0001:000023cf       __scprintf_p_l             040033cf f   LIBCMT:sprintf.obj
 0001:000023e8       ??0bad_alloc@std@@QAE@XZ   040033e8 f i LIBCMT:new.obj
 0001:00002403       ??2@YAPAXI@Z               04003403 f   LIBCMT:new.obj
 0001:00002468       ??3@YAXPAX@Z               04003468 f   LIBCMT:delete.obj
 0001:00002473       _V6_HeapAlloc              04003473 f   LIBCMT:malloc.obj
 0001:000024c2       __heap_alloc               040034c2 f i LIBCMT:malloc.obj
 0001:0000253c       _malloc                    0400353c f   LIBCMT:malloc.obj
 0001:00002606       _free                      04003606 f   LIBCMT:free.obj
 0001:00002694       ?_JumpToContinuation@@YGXPAXPAUEHRegistrationNode@@@Z 04003694 f   LIBCMT:_trnsctrl_.obj
 0001:000026c6       ?_CallMemberFunction0@@YGXPAX0@Z 040036c6 f   LIBCMT:_trnsctrl_.obj
 0001:000026cd       ?_CallMemberFunction1@@YGXPAX00@Z 040036cd f   LIBCMT:_trnsctrl_.obj
 0001:000026d4       ?_CallMemberFunction2@@YGXPAX00H@Z 040036d4 f   LIBCMT:_trnsctrl_.obj
 0001:000026db       ?_UnwindNestedFrames@@YGXPAUEHRegistrationNode@@PAUEHExceptionRecord@@@Z 040036db f   LIBCMT:_trnsctrl_.obj
 0001:0000272f       ___CxxFrameHandler         0400372f f   LIBCMT:_trnsctrl_.obj
 0001:00002765       ___CxxFrameHandler3        04003765 f   LIBCMT:_trnsctrl_.obj
 0001:0000279b       ___CxxFrameHandler2        0400379b f   LIBCMT:_trnsctrl_.obj
 0001:000027d1       ___CxxLongjmpUnwind@4      040037d1 f   LIBCMT:_trnsctrl_.obj
 0001:00002823       ?_CallSETranslator@@YAHPAUEHExceptionRecord@@PAUEHRegistrationNode@@PAX2PBU_s_FuncInfo@@H1@Z 04003823 f   LIBCMT:_trnsctrl_.obj
 0001:00002999       ?_GetRangeOfTrysToCheck@@YAPBU_s_TryBlockMapEntry@@PBU_s_FuncInfo@@HHPAI1@Z 04003999 f   LIBCMT:_trnsctrl_.obj
 0001:00002a0e       __CreateFrameInfo          04003a0e f   LIBCMT:_trnsctrl_.obj
 0001:00002a3a       __IsExceptionObjectToBeDestroyed 04003a3a f   LIBCMT:_trnsctrl_.obj
 0001:00002a61       __FindAndUnlinkFrame       04003a61 f   LIBCMT:_trnsctrl_.obj
 0001:00002ab3       ?_CallCatchBlock2@@YAPAXPAUEHRegistrationNode@@PBU_s_FuncInfo@@PAXHK@Z 04003ab3 f   LIBCMT:_trnsctrl_.obj
 0001:00002b20       __chkstk                   04003b20 f   LIBCMT:chkstk.obj
 0001:00002b20       __alloca_probe             04003b20     LIBCMT:chkstk.obj
 0001:00002b50       _memcpy                    04003b50 f   LIBCMT:memcpy.obj
 0001:00002ec0       _memset                    04003ec0 f   LIBCMT:memset.obj
 0001:00002f3a       ??0exception@std@@QAE@XZ   04003f3a f   LIBCMT:stdexcpt.obj
 0001:00002f4b       ??0exception@std@@QAE@ABQBD@Z 04003f4b f   LIBCMT:stdexcpt.obj
 0001:00002f9e       ??0exception@std@@QAE@ABQBDH@Z 04003f9e f   LIBCMT:stdexcpt.obj
 0001:00002fbb       ??0exception@std@@QAE@ABV01@@Z 04003fbb f   LIBCMT:stdexcpt.obj
 0001:00003018       ??4exception@std@@QAEAAV01@ABV01@@Z 04004018 f   LIBCMT:stdexcpt.obj
 0001:00003073       ??1exception@std@@UAE@XZ   04004073 f   LIBCMT:stdexcpt.obj
 0001:00003089       ?what@exception@std@@UBEPBDXZ 04004089 f   LIBCMT:stdexcpt.obj
 0001:00003096       ??0bad_cast@std@@QAE@PBD@Z 04004096 f   LIBCMT:stdexcpt.obj
 0001:000030b4       ??0bad_cast@std@@QAE@ABV01@@Z 040040b4 f   LIBCMT:stdexcpt.obj
 0001:000030d1       ??1bad_cast@std@@UAE@XZ    040040d1 f   LIBCMT:stdexcpt.obj
 0001:000030dc       ??0bad_typeid@std@@QAE@PBD@Z 040040dc f   LIBCMT:stdexcpt.obj
 0001:000030fa       ??0bad_typeid@std@@QAE@ABV01@@Z 040040fa f   LIBCMT:stdexcpt.obj
 0001:00003117       ??1bad_typeid@std@@UAE@XZ  04004117 f   LIBCMT:stdexcpt.obj
 0001:00003122       ??0__non_rtti_object@std@@QAE@PBD@Z 04004122 f   LIBCMT:stdexcpt.obj
 0001:0000313f       ??0__non_rtti_object@std@@QAE@ABV01@@Z 0400413f f   LIBCMT:stdexcpt.obj
 0001:0000315c       ??1__non_rtti_object@std@@UAE@XZ 0400415c f   LIBCMT:stdexcpt.obj
 0001:00003167       ??_Eexception@std@@UAEPAXI@Z 04004167 f i LIBCMT:stdexcpt.obj
 0001:00003167       ??_Gexception@std@@UAEPAXI@Z 04004167 f i LIBCMT:stdexcpt.obj
 0001:00003188       ??_Gbad_cast@std@@UAEPAXI@Z 04004188 f i LIBCMT:stdexcpt.obj
 0001:00003188       ??_Ebad_cast@std@@UAEPAXI@Z 04004188 f i LIBCMT:stdexcpt.obj
 0001:000031af       ??_Gbad_typeid@std@@UAEPAXI@Z 040041af f i LIBCMT:stdexcpt.obj
 0001:000031af       ??_Ebad_typeid@std@@UAEPAXI@Z 040041af f i LIBCMT:stdexcpt.obj
 0001:000031d6       ??_E__non_rtti_object@std@@UAEPAXI@Z 040041d6 f i LIBCMT:stdexcpt.obj
 0001:000031d6       ??_G__non_rtti_object@std@@UAEPAXI@Z 040041d6 f i LIBCMT:stdexcpt.obj
 0001:000031fd       ?name@type_info@@QBEPBDPAU__type_info_node@@@Z 040041fd f   LIBCMT:typinfo.obj
 0001:00003211       ??1type_info@@UAE@XZ       04004211 f   LIBCMT:typinfo.obj
 0001:00003221       ??_Etype_info@@UAEPAXI@Z   04004221 f i LIBCMT:typinfo.obj
 0001:00003221       ??_Gtype_info@@UAEPAXI@Z   04004221 f i LIBCMT:typinfo.obj
 0001:00003242       ?_name_internal_method@type_info@@QBEPBDPAU__type_info_node@@@Z 04004242 f   LIBCMT:typinfo.obj
 0001:00003256       ?_type_info_dtor_internal_method@type_info@@QAEXXZ 04004256 f   LIBCMT:typinfo.obj
 0001:00003260       ??8type_info@@QBE_NABV0@@Z 04004260 f   LIBCMT:typinfo.obj
 0001:00003280       ??9type_info@@QBE_NABV0@@Z 04004280 f   LIBCMT:typinfo.obj
 0001:000032a1       ?before@type_info@@QBEHABV1@@Z 040042a1 f   LIBCMT:typinfo.obj
 0001:000032c5       ?raw_name@type_info@@QBEPBDXZ 040042c5 f   LIBCMT:typinfo.obj
 0001:000032c9       ??0type_info@@AAE@ABV0@@Z  040042c9 f   LIBCMT:typinfo.obj
 0001:000032d4       ??4type_info@@AAEAAV0@ABV0@@Z 040042d4 f   LIBCMT:typinfo.obj
 0001:000032d9       _memcpy_s                  040042d9 f   LIBCMT:memcpy_s.obj
 0001:00003356       _memmove_s                 04004356 f   LIBCMT:memmove_s.obj
 0001:000033b3       __purecall                 040043b3 f   LIBCMT:purevirt.obj
 0001:000033dd       __set_purecall_handler     040043dd f   LIBCMT:purevirt.obj
 0001:00003404       __get_purecall_handler     04004404 f   LIBCMT:purevirt.obj
 0001:00003411       __CxxThrowException@8      04004411 f   LIBCMT:throw.obj
 0001:0000345d       __initp_misc_invarg        0400445d f   LIBCMT:invarg.obj
 0001:0000346c       __invoke_watson            0400446c f   LIBCMT:invarg.obj
 0001:00003594       __set_invalid_parameter_handler 04004594 f   LIBCMT:invarg.obj
 0001:000035bb       __get_invalid_parameter_handler 040045bb f   LIBCMT:invarg.obj
 0001:000035c8       ?_invoke_watson@@YAXPBG00II@Z 040045c8 f   LIBCMT:invarg.obj
 0001:000035d3       __invalid_parameter        040045d3 f   LIBCMT:invarg.obj
 0001:000035f9       __invalid_parameter_noinfo 040045f9 f   LIBCMT:invarg.obj
 0001:00003609       ?_invalid_parameter@@YAXPBG00II@Z 04004609 f   LIBCMT:invarg.obj
 0001:00003614       __CRT_INIT@12              04004614 f   LIBCMT:dllcrt0.obj
 0001:0000383f       __DllMainCRTStartup@12     0400483f f   LIBCMT:dllcrt0.obj
 0001:00003870       _strlen                    04004870 f   LIBCMT:strlen.obj
 0001:000038fb       @__security_check_cookie@4 040048fb f   LIBCMT:secchk.obj
 0001:0000390a       __EH_prolog3               0400490a f   LIBCMT:ehprolg3.obj
 0001:0000393d       __EH_prolog3_catch         0400493d f   LIBCMT:ehprolg3.obj
 0001:00003973       __EH_prolog3_GS            04004973 f   LIBCMT:ehprolg3.obj
 0001:000039a9       __EH_prolog3_catch_GS      040049a9 f   LIBCMT:ehprolg3.obj
 0001:000039e2       __EH_epilog3               040049e2 f   LIBCMT:ehprolg3.obj
 0001:000039f6       __EH_epilog3_GS            040049f6 f   LIBCMT:ehprolg3.obj
 0001:00003a05       __EH_epilog3_catch_GS      04004a05 f   LIBCMT:ehprolg3.obj
 0001:00003a14       __flsbuf                   04004a14 f   LIBCMT:_flsbuf.obj
 0001:00003b78       ??0_LocaleUpdate@@QAE@PAUlocaleinfo_struct@@@Z 04004b78 f i LIBCMT:output.obj
 0001:00003bff       ??1_LocaleUpdate@@QAE@XZ   04004bff f i LIBCMT:output.obj
 0001:00003c0d       ?GetLocaleT@_LocaleUpdate@@QAEPAUlocaleinfo_struct@@XZ 04004c0d f i LIBCMT:output.obj
 0001:00003cb6       _get_int_arg               04004cb6 f i LIBCMT:output.obj
 0001:00003cc8       _get_int64_arg             04004cc8 f i LIBCMT:output.obj
 0001:00003cdd       _get_short_arg             04004cdd f i LIBCMT:output.obj
 0001:00003cf0       __output_l                 04004cf0 f   LIBCMT:output.obj
 0001:00004888       __get_errno_from_oserr     04005888 f   LIBCMT:dosmap.obj
 0001:000048ca       __errno                    040058ca f   LIBCMT:dosmap.obj
 0001:000048dd       ___doserrno                040058dd f   LIBCMT:dosmap.obj
 0001:000048f0       __dosmaperr                040058f0 f   LIBCMT:dosmap.obj
 0001:00004913       __set_errno                04005913 f   LIBCMT:dosmap.obj
 0001:00004934       __get_errno                04005934 f   LIBCMT:dosmap.obj
 0001:00004963       __set_doserrno             04005963 f   LIBCMT:dosmap.obj
 0001:00004984       __get_doserrno             04005984 f   LIBCMT:dosmap.obj
 0001:000049b3       __vsprintf_l               040059b3 f   LIBCMT:vsprintf.obj
 0001:00004a31       _vsprintf                  04005a31 f   LIBCMT:vsprintf.obj
 0001:00004a4b       __vscprintf_helper         04005a4b f   LIBCMT:vsprintf.obj
 0001:00004aa2       __vscprintf                04005aa2 f   LIBCMT:vsprintf.obj
 0001:00004abe       __vscprintf_l              04005abe f   LIBCMT:vsprintf.obj
 0001:00004adb       __vscprintf_p              04005adb f   LIBCMT:vsprintf.obj
 0001:00004af7       __vscprintf_p_l            04005af7 f   LIBCMT:vsprintf.obj
 0001:00004b14       __vsnprintf_helper         04005b14 f   LIBCMT:vsnprnc.obj
 0001:00004be0       __vsnprintf_c              04005be0 f   LIBCMT:vsnprnc.obj
 0001:00004c09       __vsnprintf_c_l            04005c09 f   LIBCMT:vsnprnc.obj
 0001:00004c33       __vsprintf_s_l             04005c33 f   LIBCMT:vsnprnc.obj
 0001:00004cbb       _vsprintf_s                04005cbb f   LIBCMT:vsnprnc.obj
 0001:00004cd8       __vsnprintf_s_l            04005cd8 f   LIBCMT:vsnprnc.obj
 0001:00004ddf       __vsnprintf_s              04005ddf f   LIBCMT:vsnprnc.obj
 0001:00004dff       __vsprintf_p               04005dff f   LIBCMT:vsnprnc.obj
 0001:00004e28       __vsprintf_p_l             04005e28 f   LIBCMT:vsnprnc.obj
 0001:00004f0c       ___onexitinit              04005f0c f   LIBCMT:onexit.obj
 0001:00004f3d       __onexit                   04005f3d f   LIBCMT:onexit.obj
 0001:00004f79       _atexit                    04005f79 f   LIBCMT:onexit.obj
 0001:00004f90       __initp_heap_handler       04005f90 f   LIBCMT:handler.obj
 0001:00004f9f       ?_set_new_handler@@YAP6AHI@ZP6AHI@Z@Z 04005f9f f   LIBCMT:handler.obj
 0001:00004fd5       ?_set_new_handler@@YAP6AHI@ZH@Z 04005fd5 f   LIBCMT:handler.obj
 0001:00004fde       ?_query_new_handler@@YAP6AHI@ZXZ 04005fde f   LIBCMT:handler.obj
 0001:00004feb       __callnewh                 04005feb f   LIBCMT:handler.obj
 0001:00005013       __mtinitlocks              04006013 f   LIBCMT:mlock.obj
 0001:0000505e       __mtdeletelocks            0400605e f   LIBCMT:mlock.obj
 0001:000050b5       __unlock                   040060b5 f   LIBCMT:mlock.obj
 0001:000050cc       __lockerr_exit             040060cc f   LIBCMT:mlock.obj
 0001:000050e4       __mtinitlocknum            040060e4 f   LIBCMT:mlock.obj
 0001:000051a7       __lock                     040061a7 f   LIBCMT:mlock.obj
 0001:000051da       __get_sbh_threshold        040061da f   LIBCMT:sbheap.obj
 0001:000051fb       __set_amblksiz             040061fb f   LIBCMT:sbheap.obj
 0001:00005246       __get_amblksiz             04006246 f   LIBCMT:sbheap.obj
 0001:00005287       ___sbh_heap_init           04006287 f   LIBCMT:sbheap.obj
 0001:000052d5       ___sbh_find_block          040062d5 f   LIBCMT:sbheap.obj
 0001:00005305       ___sbh_free_block          04006305 f   LIBCMT:sbheap.obj
 0001:0000561b       ___sbh_alloc_new_region    0400661b f   LIBCMT:sbheap.obj
 0001:000056cb       ___sbh_alloc_new_group     040066cb f   LIBCMT:sbheap.obj
 0001:000057d3       ___sbh_resize_block        040067d3 f   LIBCMT:sbheap.obj
 0001:00005ab4       ___sbh_heapmin             04006ab4 f   LIBCMT:sbheap.obj
 0001:00005b81       ___sbh_heap_check          04006b81 f   LIBCMT:sbheap.obj
 0001:00005e65       __set_sbh_threshold        04006e65 f   LIBCMT:sbheap.obj
 0001:00005f14       ___sbh_alloc_block         04006f14 f   LIBCMT:sbheap.obj
 0001:000061fc       __SEH_prolog4              040071fc f   LIBCMT:sehprolg4.obj
 0001:00006241       __SEH_epilog4              04007241 f   LIBCMT:sehprolg4.obj
 0001:00006290       __except_handler4          04007290 f   LIBCMT:chandler4.obj
 0001:0000641c       ___heap_select             0400741c f   LIBCMT:heapinit.obj
 0001:00006420       __heap_init                04007420 f   LIBCMT:heapinit.obj
 0001:00006450       __heap_term                04007450 f   LIBCMT:heapinit.obj
 0001:000064c4       __get_heap_handle          040074c4 f   LIBCMT:heapinit.obj
 0001:000064ca       __crt_waiting_on_module_handle 040074ca f   LIBCMT:crt0dat.obj
 0001:000064fa       __amsg_exit                040074fa f   LIBCMT:crt0dat.obj
 0001:00006523       ___crtCorExitProcess       04007523 f   LIBCMT:crt0dat.obj
 0001:0000654e       ___crtExitProcess          0400754e f   LIBCMT:crt0dat.obj
 0001:00006566       __lockexit                 04007566 f   LIBCMT:crt0dat.obj
 0001:0000656f       __unlockexit               0400756f f   LIBCMT:crt0dat.obj
 0001:00006595       __initterm_e               04007595 f   LIBCMT:crt0dat.obj
 0001:000065b9       __get_wpgmptr              040075b9 f   LIBCMT:crt0dat.obj
 0001:000065f5       __get_pgmptr               040075f5 f   LIBCMT:crt0dat.obj
 0001:00006631       __cinit                    04007631 f   LIBCMT:crt0dat.obj
 0001:000067e2       _exit                      040077e2 f   LIBCMT:crt0dat.obj
 0001:000067f8       __exit                     040077f8 f   LIBCMT:crt0dat.obj
 0001:0000680e       __cexit                    0400780e f   LIBCMT:crt0dat.obj
 0001:0000681d       __c_exit                   0400781d f   LIBCMT:crt0dat.obj
 0001:0000682c       __init_pointers            0400782c f   LIBCMT:crt0dat.obj
 0001:0000687a       __invoke_watson_if_error   0400787a f i LIBCMT:crt0msg.obj
 0001:0000689e       __NMSG_WRITE               0400789e f   LIBCMT:crt0msg.obj
 0001:00006a49       __GET_RTERRMSG             04007a49 f   LIBCMT:crt0msg.obj
 0001:00006a6f       __FF_MSGBANNER             04007a6f f   LIBCMT:crt0msg.obj
 0001:00006aa8       ??0bad_exception@std@@QAE@PBD@Z 04007aa8 f i LIBCMT:frame.obj
 0001:00006ac6       ??1bad_exception@std@@UAE@XZ 04007ac6 f i LIBCMT:frame.obj
 0001:00006ad1       ??_Gbad_exception@std@@UAEPAXI@Z 04007ad1 f i LIBCMT:frame.obj
 0001:00006ad1       ??_Ebad_exception@std@@UAEPAXI@Z 04007ad1 f i LIBCMT:frame.obj
 0001:00006af8       ___TypeMatch               04007af8 f   LIBCMT:frame.obj
 0001:00006b57       ___FrameUnwindFilter       04007b57 f   LIBCMT:frame.obj
 0001:00006ba0       ___FrameUnwindToState      04007ba0 f   LIBCMT:frame.obj
 0001:00006cc6       ___DestructExceptionObject 04007cc6 f   LIBCMT:frame.obj
 0001:00006d1b       ___AdjustPointer           04007d1b f   LIBCMT:frame.obj
 0001:00006d44       ?__uncaught_exception@@YA_NXZ 04007d44 f   LIBCMT:frame.obj
 0001:00006d57       ___CxxRegisterExceptionObject 04007d57 f   LIBCMT:frame.obj
 0001:00006e0e       ___CxxDetectRethrow        04007e0e f   LIBCMT:frame.obj
 0001:00006e60       ___CxxUnregisterExceptionObject 04007e60 f   LIBCMT:frame.obj
 0001:00006f9f       ___CxxQueryExceptionSize   04007f9f f   LIBCMT:frame.obj
 0001:00006fa3       ___CxxCallUnwindDtor       04007fa3 f   LIBCMT:frame.obj
 0001:00006fd5       ___CxxCallUnwindDelDtor    04007fd5 f   LIBCMT:frame.obj
 0001:00007008       ___CxxCallUnwindStdDelDtor 04008008 f   LIBCMT:frame.obj
 0001:0000703a       ___CxxCallUnwindVecDtor    0400803a f   LIBCMT:frame.obj
 0001:0000716b       ?_is_exception_typeof@@YAHABVtype_info@@PAU_EXCEPTION_POINTERS@@@Z 0400816b f   LIBCMT:frame.obj
 0001:0000738d       ___BuildCatchObjectHelper  0400838d f   LIBCMT:frame.obj
 0001:0000750c       ___BuildCatchObject        0400850c f   LIBCMT:frame.obj
 0001:0000759e       ___CxxExceptionFilter      0400859e f   LIBCMT:frame.obj
 0001:00007b8c       ??0bad_exception@std@@QAE@ABV01@@Z 04008b8c f i LIBCMT:frame.obj
 0001:00007ba9       ___InternalCxxFrameHandler 04008ba9 f   LIBCMT:frame.obj
 0001:00007c8f       __crt_wait_module_handle   04008c8f f i LIBCMT:tidtable.obj
 0001:00007ca9       __encode_pointer           04008ca9 f   LIBCMT:tidtable.obj
 0001:00007d1b       __encoded_null             04008d1b f   LIBCMT:tidtable.obj
 0001:00007d24       __decode_pointer           04008d24 f   LIBCMT:tidtable.obj
 0001:00007d96       ___crtTlsAlloc@4           04008d96 f   LIBCMT:tidtable.obj
 0001:00007d9f       ___fls_getvalue@4          04008d9f f   LIBCMT:tidtable.obj
 0001:00007db9       ___get_flsindex            04008db9 f   LIBCMT:tidtable.obj
 0001:00007dbf       ___set_flsgetvalue         04008dbf f   LIBCMT:tidtable.obj
 0001:00007df3       ___fls_setvalue@8          04008df3 f   LIBCMT:tidtable.obj
 0001:00007e10       __mtterm                   04008e10 f   LIBCMT:tidtable.obj
 0001:00007e4d       __initptd                  04008e4d f   LIBCMT:tidtable.obj
 0001:00007f34       __getptd_noexit            04008f34 f   LIBCMT:tidtable.obj
 0001:00007fad       __getptd                   04008fad f   LIBCMT:tidtable.obj
 0001:00007fc7       __freefls@4                04008fc7 f   LIBCMT:tidtable.obj
 0001:000080f6       __freeptd                  040090f6 f   LIBCMT:tidtable.obj
 0001:00008164       ___threadid                04009164 f   LIBCMT:tidtable.obj
 0001:0000816a       ___threadhandle            0400916a f   LIBCMT:tidtable.obj
 0001:00008170       __mtinit                   04009170 f   LIBCMT:tidtable.obj
 0001:000082fd       ?terminate@@YAXXZ          040092fd f   LIBCMT:hooks.obj
 0001:00008336       ?unexpected@@YAXXZ         04009336 f   LIBCMT:hooks.obj
 0001:00008349       ?_inconsistency@@YAXXZ     04009349 f   LIBCMT:hooks.obj
 0001:00008381       __initp_eh_hooks           04009381 f   LIBCMT:hooks.obj
 0001:000083a0       __CallSettingFrame@12      040093a0 f   LIBCMT:lowhelpr.obj
 0001:000083c7       __NLG_Return               040093c7     LIBCMT:lowhelpr.obj
 0001:00008473       __VEC_memcpy               04009473 f   LIBCMT:p4_memcpy.obj
 0001:000085a6       __get_sse2_info            040095a6 f   LIBCMT:cpu_disp.obj
 0001:00008608       ___sse2_available_init     04009608 f   LIBCMT:cpu_disp.obj
 0001:0000866c       __VEC_memzero              0400966c f   LIBCMT:p4_memset.obj
 0001:000086fb       _strcpy_s                  040096fb f   LIBCMT:strcpy_s.obj
 0001:00008763       ?_Type_info_dtor@type_info@@CAXPAV1@@Z 04009763 f   LIBCMT:typname.obj
 0001:000087d3       ?_Name_base@type_info@@CAPBDPBV1@PAU__type_info_node@@@Z 040097d3 f   LIBCMT:typname.obj
 0001:000088c8       ?_Type_info_dtor_internal@type_info@@CAXPAV1@@Z 040098c8 f   LIBCMT:typname.obj
 0001:00008938       ___unDNameHelper           04009938 f   LIBCMT:typname.obj
 0001:0000896b       ?_Name_base_internal@type_info@@CAPBDPBV1@PAU__type_info_node@@@Z 0400996b f   LIBCMT:typname.obj
 0001:00008a7a       ___clean_type_info_names_internal 04009a7a f   LIBCMT:typname.obj
 0001:00008ad0       _strcmp                    04009ad0 f   LIBCMT:strcmp.obj
 0001:00008b60       _memmove                   04009b60 f   LIBCMT:memmove.obj
 0001:00008ec5       _abort                     04009ec5 f   LIBCMT:abort.obj
 0001:00008fdc       __set_abort_behavior       04009fdc f   LIBCMT:abort.obj
 0001:00008ffd       ___getlocaleinfo           04009ffd f   LIBCMT:inithelp.obj
 0001:0000917c       __initp_misc_purevirt      0400a17c f   LIBCMT:inithelp.obj
 0001:0000918b       __crt_debugger_hook        0400a18b f   LIBCMT:dbghook.obj
 0001:00009193       _wait_a_bit                0400a193 f i LIBCMT:crtheap.obj
 0001:000091b9       __set_malloc_crt_max_wait  0400a1b9 f   LIBCMT:crtheap.obj
 0001:000091ce       __malloc_crt               0400a1ce f   LIBCMT:crtheap.obj
 0001:00009213       __calloc_crt               0400a213 f   LIBCMT:crtheap.obj
 0001:0000925f       __realloc_crt              0400a25f f   LIBCMT:crtheap.obj
 0001:000092ad       __recalloc_crt             0400a2ad f   LIBCMT:crtheap.obj
 0001:000092ff       __ioinit                   0400a2ff f   LIBCMT:ioinit.obj
 0001:00009553       __ioterm                   0400a553 f   LIBCMT:ioinit.obj
 0001:000095a1       __setenvp                  0400a5a1 f   LIBCMT:stdenvp.obj
 0001:0000967f       __set_pgmptr               0400a67f f i LIBCMT:stdargv.obj
 0001:00009828       __setargv                  0400a828 f   LIBCMT:stdargv.obj
 0001:000098e3       ___crtGetEnvironmentStringsA 0400a8e3 f   LIBCMT:a_env.obj
 0001:00009a1a       __RTC_Initialize           0400aa1a f   LIBCMT:_initsect_.obj
 0001:00009a40       __RTC_Terminate            0400aa40 f   LIBCMT:_initsect_.obj
 0001:00009a66       __initp_misc_winxfltr      0400aa66 f   LIBCMT:winxfltr.obj
 0001:00009a9c       __XcptFilter               0400aa9c f   LIBCMT:winxfltr.obj
 0001:00009bfc       ___CppXcptFilter           0400abfc f   LIBCMT:winxfltr.obj
 0001:00009c1c       ___security_init_cookie    0400ac1c f   LIBCMT:gs_support.obj
 0001:00009cb2       ___report_gsfailure        0400acb2 f   LIBCMT:gs_report.obj
 0001:00009db8       __lseeki64_nolock          0400adb8 f   LIBCMT:lseeki64.obj
 0001:00009e3d       __lseeki64                 0400ae3d f   LIBCMT:lseeki64.obj
 0001:00009f56       __write_nolock             0400af56 f   LIBCMT:write.obj
 0001:0000a689       __write                    0400b689 f   LIBCMT:write.obj
 0001:0000a765       __getbuf                   0400b765 f   LIBCMT:_getbuf.obj
 0001:0000a7ae       __isatty                   0400b7ae f   LIBCMT:isatty.obj
 0001:0000a812       ___iob_func                0400b812 f   LIBCMT:_file.obj
 0001:0000a818       ___initstdio               0400b818 f   LIBCMT:_file.obj
 0001:0000a8c9       ___endstdio                0400b8c9 f   LIBCMT:_file.obj
 0001:0000a8e9       __lock_file                0400b8e9 f   LIBCMT:_file.obj
 0001:0000a92a       __lock_file2               0400b92a f   LIBCMT:_file.obj
 0001:0000a95c       __unlock_file              0400b95c f   LIBCMT:_file.obj
 0001:0000a998       __unlock_file2             0400b998 f   LIBCMT:_file.obj
 0001:0000a9c7       __fileno                   0400b9c7 f   LIBCMT:fileno.obj
 0001:0000ac1f       ___updatetmbcinfo          0400bc1f f   LIBCMT:mbctype.obj
 0001:0000ad3f       __setmbcp_nolock           0400bd3f f   LIBCMT:mbctype.obj
 0001:0000af24       __getmbcp                  0400bf24 f   LIBCMT:mbctype.obj
 0001:0000af62       __setmbcp                  0400bf62 f   LIBCMT:mbctype.obj
 0001:0000b0fc       ___initmbctable            0400c0fc f   LIBCMT:mbctype.obj
 0001:0000b11a       ____setlc_active_func      0400c11a f   LIBCMT:setlocal.obj
 0001:0000b120       ____unguarded_readlc_active_add_func 0400c120 f   LIBCMT:setlocal.obj
 0001:0000b126       ___freetlocinfo            0400c126 f   LIBCMT:setlocal.obj
 0001:0000b26f       ___addlocaleref            0400c26f f   LIBCMT:setlocal.obj
 0001:0000b2fe       ___removelocaleref         0400c2fe f   LIBCMT:setlocal.obj
 0001:0000b3fb       ___updatetlocinfo          0400c3fb f   LIBCMT:setlocal.obj
 0001:0000b471       __configthreadlocale       0400c471 f   LIBCMT:setlocal.obj
 0001:0000b52e       __free_locale              0400c52e f   LIBCMT:setlocal.obj
 0001:0000b5f0       ___free_locale             0400c5f0 f   LIBCMT:setlocal.obj
 0001:0000b5fb       __get_current_locale       0400c5fb f   LIBCMT:setlocal.obj
 0001:0000b6aa       ___get_current_locale      0400c6aa f   LIBCMT:setlocal.obj
 0001:0000b6af       ___init_dummy              0400c6af f   LIBCMT:setlocal.obj
 0001:0000b6b2       __strcats                  0400c6b2 f   LIBCMT:setlocal.obj
 0001:0000b6f2       ___lc_strtolc              0400c6f2 f   LIBCMT:setlocal.obj
 0001:0000b81b       ___lc_lctostr              0400c81b f   LIBCMT:setlocal.obj
 0001:0000ba05       __expandlocale             0400ca05 f   LIBCMT:setlocal.obj
 0001:0000c153       __create_locale            0400d153 f   LIBCMT:setlocal.obj
 0001:0000c248       ___create_locale           0400d248 f   LIBCMT:setlocal.obj
 0001:0000c253       _setlocale                 0400d253 f   LIBCMT:setlocal.obj
 0001:0000c3c3       __initp_misc_cfltcvt_tab   0400d3c3 f   LIBCMT:cmiscdat.obj
 0001:0000c3e4       _printf                    0400d3e4 f   LIBCMT:printf.obj
 0001:0000c493       __printf_l                 0400d493 f   LIBCMT:printf.obj
 0001:0000c4ac       __printf_s_l               0400d4ac f   LIBCMT:printf.obj
 0001:0000c4c5       _printf_s                  0400d4c5 f   LIBCMT:printf.obj
 0001:0000c4dd       __printf_p_l               0400d4dd f   LIBCMT:printf.obj
 0001:0000c4f6       __printf_p                 0400d4f6 f   LIBCMT:printf.obj
 0001:0000c50e       __set_printf_count_output  0400d50e f   LIBCMT:printf.obj
 0001:0000c538       __get_printf_count_output  0400d538 f   LIBCMT:printf.obj
 0001:0000c54e       __wctomb_s_l               0400d54e f   LIBCMT:wctomb.obj
 0001:0000c6ba       _wctomb_s                  0400d6ba f   LIBCMT:wctomb.obj
 0001:0000c6d7       __wctomb_l                 0400d6d7 f   LIBCMT:wctomb.obj
 0001:0000c728       _wctomb                    0400d728 f   LIBCMT:wctomb.obj
 0001:0000c75a       __isleadbyte_l             0400d75a f i LIBCMT:_wctype.obj
 0001:0000c792       _isleadbyte                0400d792 f i LIBCMT:_wctype.obj
 0001:0000c7a5       __iswalpha_l               0400d7a5 f i LIBCMT:_wctype.obj
 0001:0000c7bf       _iswalpha                  0400d7bf f i LIBCMT:_wctype.obj
 0001:0000c7d5       __iswupper_l               0400d7d5 f i LIBCMT:_wctype.obj
 0001:0000c7ec       _iswupper                  0400d7ec f i LIBCMT:_wctype.obj
 0001:0000c7ff       __iswlower_l               0400d7ff f i LIBCMT:_wctype.obj
 0001:0000c816       _iswlower                  0400d816 f i LIBCMT:_wctype.obj
 0001:0000c829       __iswdigit_l               0400d829 f i LIBCMT:_wctype.obj
 0001:0000c840       _iswdigit                  0400d840 f i LIBCMT:_wctype.obj
 0001:0000c853       __iswxdigit_l              0400d853 f i LIBCMT:_wctype.obj
 0001:0000c86d       _iswxdigit                 0400d86d f i LIBCMT:_wctype.obj
 0001:0000c883       __iswspace_l               0400d883 f i LIBCMT:_wctype.obj
 0001:0000c89a       _iswspace                  0400d89a f i LIBCMT:_wctype.obj
 0001:0000c8ad       __iswpunct_l               0400d8ad f i LIBCMT:_wctype.obj
 0001:0000c8c4       _iswpunct                  0400d8c4 f i LIBCMT:_wctype.obj
 0001:0000c8d7       __iswalnum_l               0400d8d7 f i LIBCMT:_wctype.obj
 0001:0000c8f1       _iswalnum                  0400d8f1 f i LIBCMT:_wctype.obj
 0001:0000c907       __iswprint_l               0400d907 f i LIBCMT:_wctype.obj
 0001:0000c921       _iswprint                  0400d921 f i LIBCMT:_wctype.obj
 0001:0000c937       __iswgraph_l               0400d937 f i LIBCMT:_wctype.obj
 0001:0000c951       _iswgraph                  0400d951 f i LIBCMT:_wctype.obj
 0001:0000c967       __iswcntrl_l               0400d967 f i LIBCMT:_wctype.obj
 0001:0000c97e       _iswcntrl                  0400d97e f i LIBCMT:_wctype.obj
 0001:0000c991       _iswascii                  0400d991 f i LIBCMT:_wctype.obj
 0001:0000c9a5       __iswcsym_l                0400d9a5 f i LIBCMT:_wctype.obj
 0001:0000c9cf       ___iswcsym                 0400d9cf f i LIBCMT:_wctype.obj
 0001:0000c9f5       __iswcsymf_l               0400d9f5 f i LIBCMT:_wctype.obj
 0001:0000ca1f       ___iswcsymf                0400da1f f i LIBCMT:_wctype.obj
 0001:0000ca50       __aulldvrm                 0400da50 f   LIBCMT:ulldvrm.obj
 0001:0000cae5       __validate_param_reuseA    0400dae5 f   LIBCMT:outputp.obj
 0001:0000ccb6       _get_crtdouble_arg         0400dcb6 f i LIBCMT:outputp.obj
 0001:0000cccb       __output_p_l               0400dccb f   LIBCMT:outputp.obj
 0001:0000e031       __output_s_l               0400f031 f   LIBCMT:outputs.obj
 0001:0000ec01       __msize                    0400fc01 f   LIBCMT:msize.obj
 0001:0000eca4       __initp_misc_initcrit      0400fca4 f   LIBCMT:initcrit.obj
 0001:0000ecb3       ___crtInitCritSecAndSpinCount 0400fcb3 f   LIBCMT:initcrit.obj
 0001:0000ed14       __local_unwind4            0400fd14 f   LIBCMT:exsup4.obj
 0001:0000edea       __seh_longjmp_unwind4@4    0400fdea f   LIBCMT:exsup4.obj
 0001:0000ee06       @_EH4_CallFilterFunc@8     0400fe06 f   LIBCMT:exsup4.obj
 0001:0000ee1d       @_EH4_TransferToHandler@8  0400fe1d f   LIBCMT:exsup4.obj
 0001:0000ee36       @_EH4_GlobalUnwind@4       0400fe36 f   LIBCMT:exsup4.obj
 0001:0000ee50       @_EH4_LocalUnwind@16       0400fe50 f   LIBCMT:exsup4.obj
 0001:0000ee70       __ValidateImageBase        0400fe70 f   LIBCMT:pesect.obj
 0001:0000eeb0       __FindPESection            0400feb0 f   LIBCMT:pesect.obj
 0001:0000ef00       __IsNonwritableInCurrentImage 0400ff00 f   LIBCMT:pesect.obj
 0001:0000efbd       __initp_misc_winsig        0400ffbd f   LIBCMT:winsig.obj
 0001:0000f0ad       ___get_sigabrt             040100ad f   LIBCMT:winsig.obj
 0001:0000f0ba       ___fpecode                 040100ba f   LIBCMT:winsig.obj
 0001:0000f0c3       ___pxcptinfoptrs           040100c3 f   LIBCMT:winsig.obj
 0001:0000f0cc       _signal                    040100cc f   LIBCMT:winsig.obj
 0001:0000f309       _raise                     04010309 f   LIBCMT:winsig.obj
 0001:0000f4b9       __initp_misc_rand_s        040104b9 f   LIBCMT:rand_s.obj
 0001:0000f4c8       _rand_s                    040104c8 f   LIBCMT:rand_s.obj
 0001:0000f5d0       ___crtMessageBoxA          040105d0 f   LIBCMT:crtmbox.obj
 0001:0000f739       _strcat_s                  04010739 f   LIBCMT:strcat_s.obj
 0001:0000f7ad       _strncpy_s                 040107ad f   LIBCMT:strncpy_s.obj
 0001:0000f862       __set_error_mode           04010862 f   LIBCMT:errmode.obj
 0001:0000f8ad       ___set_app_type            040108ad f   LIBCMT:errmode.obj
 0001:0000f8bc       ___get_app_type            040108bc f   LIBCMT:errmode.obj
 0001:0000f8c2       ?_ValidateRead@@YAHPBXI@Z  040108c2 f   LIBCMT:validate.obj
 0001:0000f8d4       ?_ValidateWrite@@YAHPAXI@Z 040108d4 f   LIBCMT:validate.obj
 0001:0000f8e6       ?_ValidateExecute@@YAHP6GHXZ@Z 040108e6 f   LIBCMT:validate.obj
 0001:0000f8f8       __global_unwind2           040108f8 f   LIBCMT:exsup.obj
 0001:0000f95d       __local_unwind2            0401095d f   LIBCMT:exsup.obj
 0001:0000f9e1       __abnormal_termination     040109e1 f   LIBCMT:exsup.obj
 0001:0000fa04       __NLG_Notify1              04010a04 f   LIBCMT:exsup.obj
 0001:0000fa0d       __NLG_Notify               04010a0d f   LIBCMT:exsup.obj
 0001:0000fa24       __NLG_Dispatch             04010a24     LIBCMT:exsup.obj
 0001:0000fa24       __NLG_Dispatch2            04010a24     LIBCMT:exsup.obj
 0001:0000fa2c       __NLG_Call                 04010a2c f   LIBCMT:exsup.obj
 0001:0000fa2e       __NLG_Return2              04010a2e     LIBCMT:exsup.obj
 0001:0000fa2f       ??0Block@HeapManager@@QAE@XZ 04010a2f f i LIBCMT:undname.obj
 0001:0000fa35       ?Constructor@HeapManager@@QAEXP6APAXI@ZP6AXPAX@Z@Z 04010a35 f i LIBCMT:undname.obj
 0001:0000fa54       ?Destructor@HeapManager@@QAEXXZ 04010a54 f i LIBCMT:undname.obj
 0001:0000fa7c       ?getNumberOfDimensions@UnDecorator@@CAHXZ 04010a7c f   LIBCMT:undname.obj
 0001:0000fadf       ?getTypeEncoding@UnDecorator@@CAHXZ 04010adf f i LIBCMT:undname.obj
 0001:0000ffcb       ?doUnderScore@UnDecorator@@SAHXZ 04010fcb f i LIBCMT:undname.obj
 0001:0000ffd6       ?doMSKeywords@UnDecorator@@SAHXZ 04010fd6 f i LIBCMT:undname.obj
 0001:0000ffe3       ?doPtr64@UnDecorator@@SAHXZ 04010fe3 f i LIBCMT:undname.obj
 0001:0000fff1       ?doFunctionReturns@UnDecorator@@SAHXZ 04010ff1 f i LIBCMT:undname.obj
 0001:0000ffff       ?doAllocationModel@UnDecorator@@SAHXZ 04010fff f i LIBCMT:undname.obj
 0001:0001000d       ?doAllocationLanguage@UnDecorator@@SAHXZ 0401100d f i LIBCMT:undname.obj
 0001:0001001b       ?doThisTypes@UnDecorator@@SAHXZ 0401101b f i LIBCMT:undname.obj
 0001:0001002d       ?doAccessSpecifiers@UnDecorator@@SAHXZ 0401102d f i LIBCMT:undname.obj
 0001:0001003b       ?doThrowTypes@UnDecorator@@SAHXZ 0401103b f i LIBCMT:undname.obj
 0001:00010049       ?doMemberTypes@UnDecorator@@SAHXZ 04011049 f i LIBCMT:undname.obj
 0001:00010057       ?doNameOnly@UnDecorator@@SAHXZ 04011057 f i LIBCMT:undname.obj
 0001:00010062       ?doTypeOnly@UnDecorator@@SAHXZ 04011062 f i LIBCMT:undname.obj
 0001:0001006d       ?haveTemplateParameters@UnDecorator@@SAHXZ 0401106d f i LIBCMT:undname.obj
 0001:00010078       ?doEcsu@UnDecorator@@SAHXZ 04011078 f i LIBCMT:undname.obj
 0001:00010086       ?doNoIdentCharCheck@UnDecorator@@SAHXZ 04011086 f i LIBCMT:undname.obj
 0001:00010091       ?doEllipsis@UnDecorator@@SAHXZ 04011091 f i LIBCMT:undname.obj
 0001:0001009f       ?UScore@UnDecorator@@SAPBDW4Tokens@@@Z 0401109f f   LIBCMT:undname.obj
 0001:000100bd       ?getMemory@HeapManager@@QAEPAXIH@Z 040110bd f   LIBCMT:undname.obj
 0001:00010145       ??0DName@@QAE@XZ           04011145 f i LIBCMT:undname.obj
 0001:00010156       ??0DName@@QAE@ABV0@@Z      04011156 f i LIBCMT:undname.obj
 0001:0001016e       ?isValid@DName@@QBEHXZ     0401116e f i LIBCMT:undname.obj
 0001:00010178       ?isEmpty@DName@@QBEHXZ     04011178 f i LIBCMT:undname.obj
 0001:00010180       ?status@DName@@QBE?AW4DNameStatus@@XZ 04011180 f i LIBCMT:undname.obj
 0001:00010185       ?setPtrRef@DName@@QAEAAV1@XZ 04011185 f i LIBCMT:undname.obj
 0001:0001018f       ?isPtrRef@DName@@QBEHXZ    0401118f f i LIBCMT:undname.obj
 0001:00010199       ?isUDC@DName@@QBEHXZ       04011199 f i LIBCMT:undname.obj
 0001:000101aa       ?setIsUDC@DName@@QAEXXZ    040111aa f i LIBCMT:undname.obj
 0001:000101b7       ?isUDTThunk@DName@@QBEHXZ  040111b7 f i LIBCMT:undname.obj
 0001:000101c8       ?setIsArray@DName@@QAEXXZ  040111c8 f i LIBCMT:undname.obj
 0001:000101d0       ?isArray@DName@@QBEHXZ     040111d0 f i LIBCMT:undname.obj
 0001:000101da       ?isNoTE@DName@@QBEHXZ      040111da f i LIBCMT:undname.obj
 0001:000101e4       ?setIsNoTE@DName@@QAEXXZ   040111e4 f i LIBCMT:undname.obj
 0001:000101ec       ?isPinPtr@DName@@QBEHXZ    040111ec f i LIBCMT:undname.obj
 0001:000101f6       ?setIsPinPtr@DName@@QAEXXZ 040111f6 f i LIBCMT:undname.obj
 0001:000101fe       ?isComArray@DName@@QBEHXZ  040111fe f i LIBCMT:undname.obj
 0001:00010208       ?setIsComArray@DName@@QAEXXZ 04011208 f i LIBCMT:undname.obj
 0001:00010210       ?isVCallThunk@DName@@QBEHXZ 04011210 f i LIBCMT:undname.obj
 0001:0001021a       ?setIsVCallThunk@DName@@QAEXXZ 0401121a f i LIBCMT:undname.obj
 0001:00010222       ?length@DName@@QBEHXZ      04011222 f i LIBCMT:undname.obj
 0001:0001022f       ?getLastChar@DName@@QBEDXZ 0401122f f i LIBCMT:undname.obj
 0001:0001023d       ?getString@DName@@QBEPADPAD0@Z 0401123d f i LIBCMT:undname.obj
 0001:00010255       ??_5DName@@QAEAAV0@ABV0@@Z 04011255 f   LIBCMT:undname.obj
 0001:00010274       ??4DName@@QAEAAV0@ABV0@@Z  04011274 f   LIBCMT:undname.obj
 0001:0001028c       ?isFull@Replicator@@QBEHXZ 0401128c f i LIBCMT:undname.obj
 0001:00010295       ??0Replicator@@QAE@XZ      04011295 f i LIBCMT:undname.obj
 0001:0001029b       ??0DNameNode@@IAE@XZ       0401129b f   LIBCMT:undname.obj
 0001:000102a4       ??0charNode@@QAE@D@Z       040112a4 f   LIBCMT:undname.obj
 0001:000102bb       ?length@charNode@@UBEHXZ   040112bb f i LIBCMT:undname.obj
 0001:000102bf       ?getLastChar@charNode@@UBEDXZ 040112bf f i LIBCMT:undname.obj
 0001:000102c3       ?getString@charNode@@UBEPADPAD0@Z 040112c3 f i LIBCMT:undname.obj
 0001:000102da       ??0pDNameNode@@QAE@PAVDName@@@Z 040112da f   LIBCMT:undname.obj
 0001:00010304       ?length@pDNameNode@@UBEHXZ 04011304 f i LIBCMT:undname.obj
 0001:0001031a       ?getLastChar@pDNameNode@@UBEDXZ 0401131a f i LIBCMT:undname.obj
 0001:00010331       ?getString@pDNameNode@@UBEPADPAD0@Z 04011331 f i LIBCMT:undname.obj
 0001:0001034a       ??0DNameStatusNode@@AAE@W4DNameStatus@@@Z 0401134a f   LIBCMT:undname.obj
 0001:0001036f       ?length@DNameStatusNode@@UBEHXZ 0401136f f i LIBCMT:undname.obj
 0001:00010373       ?getLastChar@DNameStatusNode@@UBEDXZ 04011373 f i LIBCMT:undname.obj
 0001:0001037f       ?make@DNameStatusNode@@SAPAV1@W4DNameStatus@@@Z 0401137f f i LIBCMT:undname.obj
 0001:00010405       ??0pairNode@@QAE@PAVDNameNode@@0@Z 04011405 f   LIBCMT:undname.obj
 0001:00010426       ?length@pairNode@@UBEHXZ   04011426 f i LIBCMT:undname.obj
 0001:00010451       ?getLastChar@pairNode@@UBEDXZ 04011451 f i LIBCMT:undname.obj
 0001:0001046d       ?getString@pairNode@@UBEPADPAD0@Z 0401146d f i LIBCMT:undname.obj
 0001:000104e7       ??0UnDecorator@@QAE@PADPBDHP6APADJ@ZK@Z 040114e7 f i LIBCMT:undname.obj
 0001:00010556       ?getDataIndirectType@UnDecorator@@CA?AVDName@@XZ 04011556 f i LIBCMT:undname.obj
 0001:0001058b       ?getThisType@UnDecorator@@CA?AVDName@@XZ 0401158b f i LIBCMT:undname.obj
 0001:000105c1       ??2@YAPAXIAAVHeapManager@@H@Z 040115c1 f i LIBCMT:undname.obj
 0001:000105d8       ?getStringHelper@@YAPADPAD00H@Z 040115d8 f i LIBCMT:undname.obj
 0001:0001060f       ??0DName@@QAE@PAV0@@Z      0401160f f   LIBCMT:undname.obj
 0001:00010662       ??0DName@@QAE@W4DNameStatus@@@Z 04011662 f   LIBCMT:undname.obj
 0001:000106a7       ?getString@DName@@QBEPADPADH@Z 040116a7 f i LIBCMT:undname.obj
 0001:000106ff       ?append@DName@@AAEXPAVDNameNode@@@Z 040116ff f   LIBCMT:undname.obj
 0001:0001073e       ??4DName@@QAEAAV0@PAV0@@Z  0401173e f   LIBCMT:undname.obj
 0001:0001078b       ??4DName@@QAEAAV0@W4DNameStatus@@@Z 0401178b f   LIBCMT:undname.obj
 0001:000107c2       ??YReplicator@@QAEAAV0@ABVDName@@@Z 040117c2 f   LIBCMT:undname.obj
 0001:0001080c       ??AReplicator@@QBE?AVDName@@H@Z 0401180c f   LIBCMT:undname.obj
 0001:0001084c       ??0pcharNode@@QAE@PBDH@Z   0401184c f   LIBCMT:undname.obj
 0001:000108a3       ?length@pcharNode@@UBEHXZ  040118a3 f i LIBCMT:undname.obj
 0001:000108a7       ?getLastChar@pcharNode@@UBEDXZ 040118a7 f i LIBCMT:undname.obj
 0001:000108b9       ?getString@pcharNode@@UBEPADPAD0@Z 040118b9 f i LIBCMT:undname.obj
 0001:000108d6       ?getString@DNameStatusNode@@UBEPADPAD0@Z 040118d6 f i LIBCMT:undname.obj
 0001:000108ff       ?getReturnType@UnDecorator@@CA?AVDName@@PAV2@@Z 040118ff f   LIBCMT:undname.obj
 0001:00010930       ?getStorageConvention@UnDecorator@@CA?AVDName@@XZ 04011930 f i LIBCMT:undname.obj
 0001:00010943       ??YDName@@QAEAAV0@W4DNameStatus@@@Z 04011943 f   LIBCMT:undname.obj
 0001:00010985       ?doPchar@DName@@AAEXPBDH@Z 04011985 f   LIBCMT:undname.obj
 0001:00010a01       ??0DName@@QAE@D@Z          04011a01 f   LIBCMT:undname.obj
 0001:00010a2e       ??0DName@@QAE@PBD@Z        04011a2e f   LIBCMT:undname.obj
 0001:00010a67       ??0DName@@QAE@AAPBDD@Z     04011a67 f   LIBCMT:undname.obj
 0001:00010b26       ??0DName@@QAE@_K@Z         04011b26 f   LIBCMT:undname.obj
 0001:00010b94       ??0DName@@QAE@_J@Z         04011b94 f   LIBCMT:undname.obj
 0001:00010c2f       ??HDName@@QBE?AV0@W4DNameStatus@@@Z 04011c2f f   LIBCMT:undname.obj
 0001:00010c53       ??YDName@@QAEAAV0@ABV0@@Z  04011c53 f   LIBCMT:undname.obj
 0001:00010c96       ??YDName@@QAEAAV0@PAV0@@Z  04011c96 f   LIBCMT:undname.obj
 0001:00010cfd       ??4DName@@QAEAAV0@D@Z      04011cfd f i LIBCMT:undname.obj
 0001:00010d2a       ??4DName@@QAEAAV0@PBD@Z    04011d2a f   LIBCMT:undname.obj
 0001:00010d5f       ?getCallingConvention@UnDecorator@@CA?AVDName@@XZ 04011d5f f   LIBCMT:undname.obj
 0001:00010e09       ?getVCallThunkType@UnDecorator@@CA?AVDName@@XZ 04011e09 f i LIBCMT:undname.obj
 0001:00010e42       ??HDName@@QBE?AV0@ABV0@@Z  04011e42 f   LIBCMT:undname.obj
 0001:00010e66       ??HDName@@QBE?AV0@PAV0@@Z  04011e66 f   LIBCMT:undname.obj
 0001:00010e8a       ??YDName@@QAEAAV0@D@Z      04011e8a f   LIBCMT:undname.obj
 0001:00010edc       ??YDName@@QAEAAV0@PBD@Z    04011edc f   LIBCMT:undname.obj
 0001:00010f40       ?getArgumentList@UnDecorator@@CA?AVDName@@XZ 04011f40 f   LIBCMT:undname.obj
 0001:00011042       ?getVdispMapType@UnDecorator@@CA?AVDName@@ABV2@@Z 04012042 f i LIBCMT:undname.obj
 0001:00011096       ??H@YA?AVDName@@DABV0@@Z   04012096 f i LIBCMT:undname.obj
 0001:000110ba       ??H@YA?AVDName@@W4DNameStatus@@ABV0@@Z 040120ba f i LIBCMT:undname.obj
 0001:000110de       ??H@YA?AVDName@@PBDABV0@@Z 040120de f i LIBCMT:undname.obj
 0001:00011102       ??HDName@@QBE?AV0@D@Z      04012102 f   LIBCMT:undname.obj
 0001:00011126       ??HDName@@QBE?AV0@PBD@Z    04012126 f   LIBCMT:undname.obj
 0001:0001114a       ?getDimension@UnDecorator@@CA?AVDName@@_N@Z 0401214a f   LIBCMT:undname.obj
 0001:0001129c       ?getEnumType@UnDecorator@@CA?AVDName@@XZ 0401229c f i LIBCMT:undname.obj
 0001:00011370       ?getArgumentTypes@UnDecorator@@CA?AVDName@@XZ 04012370 f   LIBCMT:undname.obj
 0001:0001144c       ?getThrowTypes@UnDecorator@@CA?AVDName@@XZ 0401244c f   LIBCMT:undname.obj
 0001:000114cb       ?getExtendedDataIndirectType@UnDecorator@@CA?AVDName@@AADAA_NH@Z 040124cb f   LIBCMT:undname.obj
 0001:00011648       ?getArrayType@UnDecorator@@CA?AVDName@@ABV2@@Z 04012648 f i LIBCMT:undname.obj
 0001:000117c2       ?getLexicalFrame@UnDecorator@@CA?AVDName@@XZ 040127c2 f i LIBCMT:undname.obj
 0001:000117f5       ?getDisplacement@UnDecorator@@CA?AVDName@@XZ 040127f5 f i LIBCMT:undname.obj
 0001:0001180b       ?getCallIndex@UnDecorator@@CA?AVDName@@XZ 0401280b f i LIBCMT:undname.obj
 0001:00011821       ?getGuardNumber@UnDecorator@@CA?AVDName@@XZ 04012821 f i LIBCMT:undname.obj
 0001:00011837       ?getVfTableType@UnDecorator@@CA?AVDName@@ABV2@@Z 04012837 f i LIBCMT:undname.obj
 0001:0001196e       ?getStringEncoding@UnDecorator@@CA?AVDName@@PADH@Z 0401296e f   LIBCMT:undname.obj
 0001:00011a12       ?getSignedDimension@UnDecorator@@CA?AVDName@@XZ 04012a12 f   LIBCMT:undname.obj
 0001:00011a64       ?getTemplateConstant@UnDecorator@@CA?AVDName@@XZ 04012a64 f   LIBCMT:undname.obj
 0001:00011d31       ?getPtrRefDataType@UnDecorator@@CA?AVDName@@ABV2@H@Z 04012d31 f i LIBCMT:undname.obj
 0001:00011e0f       ?getVbTableType@UnDecorator@@CA?AVDName@@ABV2@@Z 04012e0f f i LIBCMT:undname.obj
 0001:00011e26       ?getTemplateArgumentList@UnDecorator@@CA?AVDName@@XZ 04012e26 f   LIBCMT:undname.obj
 0001:00011fea       ?getOperatorName@UnDecorator@@CA?AVDName@@_NPA_N@Z 04012fea f i LIBCMT:undname.obj
 0001:00012587       ?getTemplateName@UnDecorator@@CA?AVDName@@_N@Z 04013587 f   LIBCMT:undname.obj
 0001:000126ce       ?getZName@UnDecorator@@CA?AVDName@@_N0@Z 040136ce f   LIBCMT:undname.obj
 0001:000128c4       ?getScopedName@UnDecorator@@CA?AVDName@@XZ 040138c4 f   LIBCMT:undname.obj
 0001:00012995       ?getECSUName@UnDecorator@@CA?AVDName@@XZ 04013995 f i LIBCMT:undname.obj
 0001:000129a8       ?getECSUDataType@UnDecorator@@CA?AVDName@@XZ 040139a8 f   LIBCMT:undname.obj
 0001:00012aaf       ?getSymbolName@UnDecorator@@CA?AVDName@@XZ 04013aaf f i LIBCMT:undname.obj
 0001:00012af9       ?getBasedType@UnDecorator@@CA?AVDName@@XZ 04013af9 f   LIBCMT:undname.obj
 0001:00012b91       ?composeDeclaration@UnDecorator@@CA?AVDName@@ABV2@@Z 04013b91 f i LIBCMT:undname.obj
 0001:0001372c       ?getDecoratedName@UnDecorator@@CA?AVDName@@XZ 0401472c f   LIBCMT:undname.obj
 0001:00013944       ?getScope@UnDecorator@@CA?AVDName@@XZ 04014944 f   LIBCMT:undname.obj
 0001:00013bb4       ?getFunctionIndirectType@UnDecorator@@CA?AVDName@@ABV2@@Z 04014bb4 f   LIBCMT:undname.obj
 0001:00013f08       ?getDataIndirectType@UnDecorator@@CA?AVDName@@ABV2@D0H@Z 04014f08 f   LIBCMT:undname.obj
 0001:000143cf       ??BUnDecorator@@QAEPADXZ   040153cf f i LIBCMT:undname.obj
 0001:00014500       ?getPtrRefType@UnDecorator@@CA?AVDName@@ABV2@0D@Z 04015500 f   LIBCMT:undname.obj
 0001:000145f9       ?getPointerType@UnDecorator@@CA?AVDName@@ABV2@0@Z 040155f9 f i LIBCMT:undname.obj
 0001:00014616       ?getPointerTypeArray@UnDecorator@@CA?AVDName@@ABV2@0@Z 04015616 f i LIBCMT:undname.obj
 0001:00014633       ?getReferenceType@UnDecorator@@CA?AVDName@@ABV2@0@Z 04015633 f i LIBCMT:undname.obj
 0001:00014650       ___unDName                 04015650 f   LIBCMT:undname.obj
 0001:000146ea       ___unDNameEx               040156ea f   LIBCMT:undname.obj
 0001:00014784       ?getBasicDataType@UnDecorator@@CA?AVDName@@ABV2@@Z 04015784 f   LIBCMT:undname.obj
 0001:00014b3b       ?getPrimaryDataType@UnDecorator@@CA?AVDName@@ABV2@@Z 04015b3b f   LIBCMT:undname.obj
 0001:00014c73       ?getDataType@UnDecorator@@CA?AVDName@@PAV2@@Z 04015c73 f   LIBCMT:undname.obj
 0001:00014d33       ?getExternalDataType@UnDecorator@@CA?AVDName@@ABV2@@Z 04015d33 f i LIBCMT:undname.obj
 0001:00014da1       __isalpha_l                04015da1 f i LIBCMT:_ctype.obj
 0001:00014df7       _isalpha                   04015df7 f i LIBCMT:_ctype.obj
 0001:00014e27       __isupper_l                04015e27 f i LIBCMT:_ctype.obj
 0001:00014e78       _isupper                   04015e78 f i LIBCMT:_ctype.obj
 0001:00014ea6       __islower_l                04015ea6 f i LIBCMT:_ctype.obj
 0001:00014ef7       _islower                   04015ef7 f i LIBCMT:_ctype.obj
 0001:00014f25       __isdigit_l                04015f25 f i LIBCMT:_ctype.obj
 0001:00014f76       _isdigit                   04015f76 f i LIBCMT:_ctype.obj
 0001:00014fa4       __isxdigit_l               04015fa4 f i LIBCMT:_ctype.obj
 0001:00014ffa       _isxdigit                  04015ffa f i LIBCMT:_ctype.obj
 0001:0001502a       __isspace_l                0401602a f i LIBCMT:_ctype.obj
 0001:0001507b       _isspace                   0401607b f i LIBCMT:_ctype.obj
 0001:000150a9       __ispunct_l                040160a9 f i LIBCMT:_ctype.obj
 0001:000150fa       _ispunct                   040160fa f i LIBCMT:_ctype.obj
 0001:00015128       __isalnum_l                04016128 f i LIBCMT:_ctype.obj
 0001:0001517e       _isalnum                   0401617e f i LIBCMT:_ctype.obj
 0001:000151ae       __isprint_l                040161ae f i LIBCMT:_ctype.obj
 0001:00015204       _isprint                   04016204 f i LIBCMT:_ctype.obj
 0001:00015234       __isgraph_l                04016234 f i LIBCMT:_ctype.obj
 0001:0001528a       _isgraph                   0401628a f i LIBCMT:_ctype.obj
 0001:000152ba       __iscntrl_l                040162ba f i LIBCMT:_ctype.obj
 0001:0001530b       _iscntrl                   0401630b f i LIBCMT:_ctype.obj
 0001:00015339       ___isascii                 04016339 f i LIBCMT:_ctype.obj
 0001:0001534b       ___toascii                 0401634b f i LIBCMT:_ctype.obj
 0001:00015358       __iscsymf_l                04016358 f i LIBCMT:_ctype.obj
 0001:0001537b       ___iscsymf                 0401637b f i LIBCMT:_ctype.obj
 0001:0001539a       __iscsym_l                 0401639a f i LIBCMT:_ctype.obj
 0001:000153bd       ___iscsym                  040163bd f i LIBCMT:_ctype.obj
 0001:000153f7       ___crtGetLocaleInfoW       040163f7 f   LIBCMT:w_loc.obj
 0001:0001542b       __MarkAllocaS              0401642b f i LIBCMT:a_loc.obj
 0001:00015441       __freea                    04016441 f i LIBCMT:a_loc.obj
 0001:000155a0       ___crtGetLocaleInfoA       040165a0 f   LIBCMT:a_loc.obj
 0001:000155dd       __calloc_impl              040165dd f   LIBCMT:calloc_impl.obj
 0001:000156fb       _realloc                   040166fb f   LIBCMT:realloc.obj
 0001:00015916       __recalloc                 04016916 f   LIBCMT:recalloc.obj
 0001:000159e4       __ismbbkalnum_l            040169e4 f   LIBCMT:ismbbyte.obj
 0001:000159fd       __ismbbkalnum              040169fd f   LIBCMT:ismbbyte.obj
 0001:00015a15       __ismbbkprint_l            04016a15 f   LIBCMT:ismbbyte.obj
 0001:00015a2e       __ismbbkprint              04016a2e f   LIBCMT:ismbbyte.obj
 0001:00015a46       __ismbbkpunct_l            04016a46 f   LIBCMT:ismbbyte.obj
 0001:00015a5f       __ismbbkpunct              04016a5f f   LIBCMT:ismbbyte.obj
 0001:00015a77       __ismbbalnum_l             04016a77 f   LIBCMT:ismbbyte.obj
 0001:00015a93       __ismbbalnum               04016a93 f   LIBCMT:ismbbyte.obj
 0001:00015aae       __ismbbalpha_l             04016aae f   LIBCMT:ismbbyte.obj
 0001:00015aca       __ismbbalpha               04016aca f   LIBCMT:ismbbyte.obj
 0001:00015ae5       __ismbbgraph_l             04016ae5 f   LIBCMT:ismbbyte.obj
 0001:00015b01       __ismbbgraph               04016b01 f   LIBCMT:ismbbyte.obj
 0001:00015b1c       __ismbbprint_l             04016b1c f   LIBCMT:ismbbyte.obj
 0001:00015b38       __ismbbprint               04016b38 f   LIBCMT:ismbbyte.obj
 0001:00015b53       __ismbbpunct_l             04016b53 f   LIBCMT:ismbbyte.obj
 0001:00015b6c       __ismbbpunct               04016b6c f   LIBCMT:ismbbyte.obj
 0001:00015b84       __ismbblead_l              04016b84 f   LIBCMT:ismbbyte.obj
 0001:00015b9d       __ismbblead                04016b9d f   LIBCMT:ismbbyte.obj
 0001:00015bb5       __ismbbtrail_l             04016bb5 f   LIBCMT:ismbbyte.obj
 0001:00015bce       __ismbbtrail               04016bce f   LIBCMT:ismbbyte.obj
 0001:00015be6       __ismbbkana_l              04016be6 f   LIBCMT:ismbbyte.obj
 0001:00015c3b       __ismbbkana                04016c3b f   LIBCMT:ismbbyte.obj
 0001:00015c4e       __set_osfhnd               04016c4e f   LIBCMT:osfinfo.obj
 0001:00015ccf       __free_osfhnd              04016ccf f   LIBCMT:osfinfo.obj
 0001:00015d55       __get_osfhandle            04016d55 f   LIBCMT:osfinfo.obj
 0001:00015dcc       ___lock_fhandle            04016dcc f   LIBCMT:osfinfo.obj
 0001:00015e6c       __unlock_fhandle           04016e6c f   LIBCMT:osfinfo.obj
 0001:00015e93       __alloc_osfhnd             04016e93 f   LIBCMT:osfinfo.obj
 0001:0001602d       __open_osfhandle           0401702d f   LIBCMT:osfinfo.obj
 0001:00016143       __putwch_nolock            04017143 f   LIBCMT:putwch.obj
 0001:00016208       __cputws                   04017208 f   LIBCMT:putwch.obj
 0001:000162a7       __putwch                   040172a7 f   LIBCMT:putwch.obj
 0001:000162ed       __mbtowc_l                 040172ed f   LIBCMT:mbtowc.obj
 0001:00016404       _mbtowc                    04017404 f   LIBCMT:mbtowc.obj
 0001:0001641e       __fcloseall                0401741e f   LIBCMT:closeall.obj
 0001:000164bd       __flush                    040174bd f   LIBCMT:fflush.obj
 0001:00016525       __fflush_nolock            04017525 f   LIBCMT:fflush.obj
 0001:00016647       _fflush                    04017647 f   LIBCMT:fflush.obj
 0001:0001669a       __flushall                 0401769a f   LIBCMT:fflush.obj
 0001:00016a66       ___crtLCMapStringA         04017a66 f   LIBCMT:a_map.obj
 0001:00016c65       ___crtGetStringTypeA       04017c65 f   LIBCMT:a_str.obj
 0001:00016ca7       ___pwctype_func            04017ca7 f   LIBCMT:ctype.obj
 0001:00016cad       ___pctype_func             04017cad f   LIBCMT:ctype.obj
 0001:000170f1       ___free_lc_time            040180f1 f   LIBCMT:inittime.obj
 0001:00017286       ___init_time               04018286 f   LIBCMT:inittime.obj
 0001:00017332       ___free_lconv_num          04018332 f   LIBCMT:initnum.obj
 0001:00017377       ___init_numeric            04018377 f   LIBCMT:initnum.obj
 0001:00017574       ___free_lconv_mon          04018574 f   LIBCMT:initmon.obj
 0001:00017602       ___init_monetary           04018602 f   LIBCMT:initmon.obj
 0001:000178c8       ___init_ctype              040188c8 f   LIBCMT:initctyp.obj
 0001:00017c6a       ____mb_cur_max_func        04018c6a f   LIBCMT:initctyp.obj
 0001:00017c93       ____mb_cur_max_l_func      04018c93 f   LIBCMT:initctyp.obj
 0001:00017caf       ____lc_codepage_func       04018caf f   LIBCMT:initctyp.obj
 0001:00017cd5       ____lc_collate_cp_func     04018cd5 f   LIBCMT:initctyp.obj
 0001:00017cfb       ____lc_handle_func         04018cfb f   LIBCMT:initctyp.obj
 0001:00017d21       ___init_collate            04018d21 f   LIBCMT:initcoll.obj
 0001:00017d24       __Getdays_l                04018d24 f   LIBCMT:strftime.obj
 0001:00017e24       __Getdays                  04018e24 f   LIBCMT:strftime.obj
 0001:00017e2d       __Getmonths_l              04018e2d f   LIBCMT:strftime.obj
 0001:00017f2d       __Getmonths                04018f2d f   LIBCMT:strftime.obj
 0001:00017f36       __Gettnames_l              04018f36 f   LIBCMT:strftime.obj
 0001:0001828d       __Gettnames                0401928d f   LIBCMT:strftime.obj
 0001:00018bb0       __Strftime_l               04019bb0 f   LIBCMT:strftime.obj
 0001:00018d54       __strftime_l               04019d54 f   LIBCMT:strftime.obj
 0001:00018d74       _strftime                  04019d74 f   LIBCMT:strftime.obj
 0001:00018d93       __Strftime                 04019d93 f   LIBCMT:strftime.obj
 0001:00018db3       _localeconv                04019db3 f   LIBCMT:lconv.obj
 0001:00018de0       _strcspn                   04019de0 f   LIBCMT:strcspn.obj
 0001:00019421       ___get_qualified_locale    0401a421 f   LIBCMT:getqloc.obj
 0001:0001ab88       _memcmp                    0401bb88 f   LIBCMT:memcmp.obj
 0001:0001c208       _strncmp                   0401d208 f   LIBCMT:strncmp.obj
 0001:0001c2d0       _strpbrk                   0401d2d0 f   LIBCMT:strpbrk.obj
 0001:0001c310       __fptrap                   0401d310 f   LIBCMT:crt0fp.obj
 0001:0001c319       __stbuf                    0401d319 f   LIBCMT:_sftbuf.obj
 0001:0001c3b5       __ftbuf                    0401d3b5 f   LIBCMT:_sftbuf.obj
 0001:0001c3e9       _vprintf_helper            0401d3e9 f   LIBCMT:vprintf.obj
 0001:0001c479       __vprintf_l                0401d479 f   LIBCMT:vprintf.obj
 0001:0001c496       __vprintf_s_l              0401d496 f   LIBCMT:vprintf.obj
 0001:0001c4b3       __vprintf_p_l              0401d4b3 f   LIBCMT:vprintf.obj
 0001:0001c4d0       _vprintf                   0401d4d0 f   LIBCMT:vprintf.obj
 0001:0001c4ec       _vprintf_s                 0401d4ec f   LIBCMT:vprintf.obj
 0001:0001c508       __vprintf_p                0401d508 f   LIBCMT:vprintf.obj
 0001:0001c524       __iswctype_l               0401d524 f   LIBCMT:iswctype.obj
 0001:0001c5ae       _iswctype                  0401d5ae f   LIBCMT:iswctype.obj
 0001:0001c624       _is_wctype                 0401d624 f   LIBCMT:iswctype.obj
 0001:0001c85e       _strtol                    0401d85e f   LIBCMT:strtol.obj
 0001:0001c889       __strtol_l                 0401d889 f   LIBCMT:strtol.obj
 0001:0001c8a6       _strtoul                   0401d8a6 f   LIBCMT:strtol.obj
 0001:0001c8d2       __strtoul_l                0401d8d2 f   LIBCMT:strtol.obj
 0001:0001c8f0       __allmul                   0401d8f0 f   LIBCMT:llmul.obj
 0001:0001c924       _atol                      0401d924 f   LIBCMT:atox.obj
 0001:0001c93a       __atol_l                   0401d93a f   LIBCMT:atox.obj
 0001:0001c953       _atoi                      0401d953 f   LIBCMT:atox.obj
 0001:0001c95e       __atoi_l                   0401d95e f   LIBCMT:atox.obj
 0001:0001c969       __atoi64                   0401d969 f   LIBCMT:atox.obj
 0001:0001c97f       __atoi64_l                 0401d97f f   LIBCMT:atox.obj
 0001:0001c998       __isctype_l                0401d998 f   LIBCMT:isctype.obj
 0001:0001ca50       __isctype                  0401da50 f   LIBCMT:isctype.obj
 0001:0001ca90       __alloca_probe_16          0401da90 f   LIBCMT:alloca16.obj
 0001:0001caa6       __alloca_probe_8           0401daa6     LIBCMT:alloca16.obj
 0001:0001cabc       ___initconin               0401dabc f   LIBCMT:initcon.obj
 0001:0001cadb       ___initconout              0401dadb f   LIBCMT:initcon.obj
 0001:0001cafa       ___termcon                 0401dafa f   LIBCMT:initcon.obj
 0001:0001cb27       _wcslen                    0401db27 f   LIBCMT:wcslen.obj
 0001:0001cb41       __fclose_nolock            0401db41 f   LIBCMT:fclose.obj
 0001:0001cbb8       _fclose                    0401dbb8 f   LIBCMT:fclose.obj
 0001:0001cc34       __commit                   0401dc34 f   LIBCMT:commit.obj
 0001:0001cd15       ___ansicp                  0401dd15 f   LIBCMT:convrtcp.obj
 0001:0001cd5e       ___convertcp               0401dd5e f   LIBCMT:convrtcp.obj
 0001:0001cf12       __get_daylight             0401df12 f   LIBCMT:timeset.obj
 0001:0001cf4b       __get_dstbias              0401df4b f   LIBCMT:timeset.obj
 0001:0001cf84       __get_timezone             0401df84 f   LIBCMT:timeset.obj
 0001:0001cfbd       __get_tzname               0401dfbd f   LIBCMT:timeset.obj
 0001:0001d061       ___daylight                0401e061 f   LIBCMT:timeset.obj
 0001:0001d067       ___dstbias                 0401e067 f   LIBCMT:timeset.obj
 0001:0001d06d       ___timezone                0401e06d f   LIBCMT:timeset.obj
 0001:0001d073       ___tzname                  0401e073 f   LIBCMT:timeset.obj
 0001:0001d079       __set_daylight             0401e079 f i LIBCMT:tzset.obj
 0001:0001d08a       __set_dstbias              0401e08a f i LIBCMT:tzset.obj
 0001:0001d09b       __set_timezone             0401e09b f i LIBCMT:tzset.obj
 0001:0001d7c1       ___tzset                   0401e7c1 f   LIBCMT:tzset.obj
 0001:0001d810       __tzset                    0401e810 f   LIBCMT:tzset.obj
 0001:0001d848       __isindst                  0401e848 f   LIBCMT:tzset.obj
 0001:0001d889       ___ascii_stricmp           0401e889 f   LIBCMT:stricmp.obj
 0001:0001d8c2       __stricmp_l                0401e8c2 f   LIBCMT:stricmp.obj
 0001:0001d997       __stricmp                  0401e997 f   LIBCMT:stricmp.obj
 0001:0001d9e9       __strnicmp_l               0401e9e9 f   LIBCMT:strnicmp.obj
 0001:0001dadb       __strnicmp                 0401eadb f   LIBCMT:strnicmp.obj
 0001:0001dc16       __itoa_s                   0401ec16 f   LIBCMT:xtoas.obj
 0001:0001dc40       __ltoa_s                   0401ec40 f   LIBCMT:xtoas.obj
 0001:0001dc67       __ultoa_s                  0401ec67 f   LIBCMT:xtoas.obj
 0001:0001dd79       __i64toa_s                 0401ed79 f   LIBCMT:xtoas.obj
 0001:0001ddae       __ui64toa_s                0401edae f   LIBCMT:xtoas.obj
 0001:0001ddf0       ___crtGetStringTypeW       0401edf0 f   LIBCMT:w_str.obj
 0001:0001e0c5       __strtoi64                 0401f0c5 f   LIBCMT:strtoq.obj
 0001:0001e0f0       __strtoi64_l               0401f0f0 f   LIBCMT:strtoq.obj
 0001:0001e10d       __strtoui64                0401f10d f   LIBCMT:strtoq.obj
 0001:0001e139       __strtoui64_l              0401f139 f   LIBCMT:strtoq.obj
 0001:0001e156       __close_nolock             0401f156 f   LIBCMT:close.obj
 0001:0001e1f2       __close                    0401f1f2 f   LIBCMT:close.obj
 0001:0001e2bf       __freebuf                  0401f2bf f   LIBCMT:_freebuf.obj
 0001:0001e2f0       __getenv_helper_nolock     0401f2f0 f   LIBCMT:getenv.obj
 0001:0001e4b0       _getenv                    0401f4b0 f   LIBCMT:getenv.obj
 0001:0001e533       _getenv_s                  0401f533 f   LIBCMT:getenv.obj
 0001:0001e60b       __dupenv_s                 0401f60b f   LIBCMT:getenv.obj
 0001:0001e6f1       __tolower                  0401f6f1 f   LIBCMT:tolower.obj
 0001:0001e6fe       __tolower_l                0401f6fe f   LIBCMT:tolower.obj
 0001:0001e813       _tolower                   0401f813 f   LIBCMT:tolower.obj
 0001:0001e840       ___ascii_strnicmp          0401f840 f   LIBCMT:_strnicm.obj
 0001:0001e8a1       __mbsnbicoll_l             0401f8a1 f   LIBCMT:mbsnbico.obj
 0001:0001e98f       __mbsnbicoll               0401f98f f   LIBCMT:mbsnbico.obj
 0001:0001e9a9       ___wtomb_environ           0401f9a9 f   LIBCMT:wtombenv.obj
 0001:0001ea40       _calloc                    0401fa40 f   LIBCMT:calloc.obj
 0001:0001ea80       _strnlen                   0401fa80 f   LIBCMT:strlen_s.obj
 0001:0001ee2b       ___crtCompareStringA       0401fe2b f   LIBCMT:a_cmp.obj
 0001:0001ee6d       __strnicoll_l              0401fe6d f   LIBCMT:strnicol.obj
 0001:0001ef67       __strnicoll                0401ff67 f   LIBCMT:strnicol.obj
 0001:0001f03c       ___crtsetenv               0402003c f   LIBCMT:setenv.obj
 0001:0001f287       __strdup                   04020287 f   LIBCMT:strdup.obj
 0001:0001f2dc       __mbschr_l                 040202dc f   LIBCMT:mbschr.obj
 0001:0001f398       __mbschr                   04020398 f   LIBCMT:mbschr.obj
 0001:0001f3c0       _strchr                    040203c0 f   LIBCMT:strchr.obj
 0001:0001f3c6       ___from_strstr_to_strchr   040203c6     LIBCMT:strchr.obj
 0001:0001f47e       _HeapAlloc@12              0402047e f   kernel32:KERNEL32.dll
 0001:0001f484       _GetLastError@0            04020484 f   kernel32:KERNEL32.dll
 0001:0001f48a       _HeapFree@12               0402048a f   kernel32:KERNEL32.dll
 0001:0001f490       _RtlUnwind@16              04020490 f   kernel32:KERNEL32.dll
 0001:0001f496       _RaiseException@16         04020496 f   kernel32:KERNEL32.dll
 0001:0001f49c       _TerminateProcess@8        0402049c f   kernel32:KERNEL32.dll
 0001:0001f4a2       _GetCurrentProcess@0       040204a2 f   kernel32:KERNEL32.dll
 0001:0001f4a8       _UnhandledExceptionFilter@4 040204a8 f   kernel32:KERNEL32.dll
 0001:0001f4ae       _SetUnhandledExceptionFilter@4 040204ae f   kernel32:KERNEL32.dll
 0001:0001f4b4       _IsDebuggerPresent@0       040204b4 f   kernel32:KERNEL32.dll
 0001:0001f4ba       _GetCurrentThreadId@0      040204ba f   kernel32:KERNEL32.dll
 0001:0001f4c0       _GetCommandLineA@0         040204c0 f   kernel32:KERNEL32.dll
 0001:0001f4c6       _FatalAppExitA@8           040204c6 f   kernel32:KERNEL32.dll
 0001:0001f4cc       _VirtualFree@12            040204cc f   kernel32:KERNEL32.dll
 0001:0001f4d2       _VirtualAlloc@16           040204d2 f   kernel32:KERNEL32.dll
 0001:0001f4d8       _HeapReAlloc@16            040204d8 f   kernel32:KERNEL32.dll
 0001:0001f4de       _HeapCreate@12             040204de f   kernel32:KERNEL32.dll
 0001:0001f4e4       _HeapDestroy@4             040204e4 f   kernel32:KERNEL32.dll
 0001:0001f4ea       _GetModuleHandleW@4        040204ea f   kernel32:KERNEL32.dll
 0001:0001f4f0       _GetProcAddress@8          040204f0 f   kernel32:KERNEL32.dll
 0001:0001f4f6       _ExitProcess@4             040204f6 f   kernel32:KERNEL32.dll
 0001:0001f4fc       _WriteFile@20              040204fc f   kernel32:KERNEL32.dll
 0001:0001f502       _GetStdHandle@4            04020502 f   kernel32:KERNEL32.dll
 0001:0001f508       _GetModuleFileNameA@12     04020508 f   kernel32:KERNEL32.dll
 0001:0001f50e       _TlsGetValue@4             0402050e f   kernel32:KERNEL32.dll
 0001:0001f514       _TlsAlloc@0                04020514 f   kernel32:KERNEL32.dll
 0001:0001f51a       _TlsSetValue@8             0402051a f   kernel32:KERNEL32.dll
 0001:0001f520       _TlsFree@4                 04020520 f   kernel32:KERNEL32.dll
 0001:0001f526       _InterlockedIncrement@4    04020526 f   kernel32:KERNEL32.dll
 0001:0001f52c       _SetLastError@4            0402052c f   kernel32:KERNEL32.dll
 0001:0001f532       _InterlockedDecrement@4    04020532 f   kernel32:KERNEL32.dll
 0001:0001f538       _GetCurrentThread@0        04020538 f   kernel32:KERNEL32.dll
 0001:0001f53e       _SetHandleCount@4          0402053e f   kernel32:KERNEL32.dll
 0001:0001f544       _GetFileType@4             04020544 f   kernel32:KERNEL32.dll
 0001:0001f54a       _GetStartupInfoA@4         0402054a f   kernel32:KERNEL32.dll
 0001:0001f550       _FreeEnvironmentStringsA@4 04020550 f   kernel32:KERNEL32.dll
 0001:0001f556       _GetEnvironmentStrings@0   04020556 f   kernel32:KERNEL32.dll
 0001:0001f55c       _FreeEnvironmentStringsW@4 0402055c f   kernel32:KERNEL32.dll
 0001:0001f562       _WideCharToMultiByte@32    04020562 f   kernel32:KERNEL32.dll
[...]
 0003:00001198       __timezone                 04027198     LIBCMT:timeset.obj
 0003:0000119c       __daylight                 0402719c     LIBCMT:timeset.obj
 0003:000011a0       __dstbias                  040271a0     LIBCMT:timeset.obj
 0003:00001228       __tzname                   04027228     LIBCMT:timeset.obj
 0003:00001248       __lpdays                   04027248     LIBCMT:days.obj
 0003:0000127c       __days                     0402727c     LIBCMT:days.obj
 0003:000012c0       ?INIFileName@@3PADA        040272c0     mq2telnet.obj
 0003:000013c4       ?server@@3PAVCTelnetServer@@A 040273c4     mq2telnet.obj
 0003:000013c8       ?TelnetPort@@3KA           040273c8     mq2telnet.obj
 0003:000013d0       ?Listener@@3IA             040273d0     TelnetServer.obj
 0003:000013d4       ?Connections@@3PAU_TELNET@@A 040273d4     TelnetServer.obj
 0003:000013d8       ?Commands@@3PAU_CHATBUF@MQ2Internal@@A 040273d8     TelnetServer.obj
 0003:000013dc       ?CommandCS@@3U_RTL_CRITICAL_SECTION@@A 040273dc     TelnetServer.obj
 0003:000013f4       ?BufferCS@@3U_RTL_CRITICAL_SECTION@@A 040273f4     TelnetServer.obj
 0003:0000140c       ?bListening@@3_NA          0402740c     TelnetServer.obj
 0003:0000140d       ?bThreading@@3_NA          0402740d     TelnetServer.obj
 0003:0000140e       ?bKillThread@@3_NA         0402740e     TelnetServer.obj
 0003:00001410       ?Sends@@3PAU_CHATBUF@MQ2Internal@@A 04027410     TelnetServer.obj
 0003:00001414       ?ProcessingCS@@3U_RTL_CRITICAL_SECTION@@A 04027414     TelnetServer.obj
 0003:0000142c       ?ListCS@@3U_RTL_CRITICAL_SECTION@@A 0402742c     TelnetServer.obj
 0003:00001448       ?TelnetLoginPrompt@@3PADA  04027448     TelnetServer.obj
 0003:00001c48       ?TelnetPasswordPrompt@@3PADA 04027c48     TelnetServer.obj
 0003:00002448       ?TelnetWelcome@@3PADA      04028448     TelnetServer.obj
 0003:00002c58       ___pInvalidArgHandler      04028c58     LIBCMT:invarg.obj
 0003:00002c60       __aenvptr                  04028c60     LIBCMT:dllcrt0.obj
 0003:00002c64       __wenvptr                  04028c64     LIBCMT:dllcrt0.obj
 0003:00002c68       ___error_mode              04028c68     LIBCMT:dllcrt0.obj
 0003:00002c6c       ___app_type                04028c6c     LIBCMT:dllcrt0.obj
 0003:00002c70       ?_pnhHeap@@3P6AHI@ZA       04028c70     LIBCMT:handler.obj
 0003:00002dc8       ___sbh_pHeaderDefer        04028dc8     LIBCMT:sbheap.obj
 0003:00002dcc       __crtheap                  04028dcc     LIBCMT:heapinit.obj
 0003:00002dd0       __umaskval                 04028dd0     LIBCMT:crt0dat.obj
 0003:00002dd4       ___argc                    04028dd4     LIBCMT:crt0dat.obj
 0003:00002dd8       ___argv                    04028dd8     LIBCMT:crt0dat.obj
 0003:00002ddc       ___wargv                   04028ddc     LIBCMT:crt0dat.obj
 0003:00002de0       __environ                  04028de0     LIBCMT:crt0dat.obj
 0003:00002de4       ___initenv                 04028de4     LIBCMT:crt0dat.obj
 0003:00002de8       __wenviron                 04028de8     LIBCMT:crt0dat.obj
 0003:00002dec       ___winitenv                04028dec     LIBCMT:crt0dat.obj
 0003:00002df0       __pgmptr                   04028df0     LIBCMT:crt0dat.obj
 0003:00002df4       __wpgmptr                  04028df4     LIBCMT:crt0dat.obj
 0003:00002df8       __exitflag                 04028df8     LIBCMT:crt0dat.obj
 0003:00002dfc       __C_Termination_Done       04028dfc     LIBCMT:crt0dat.obj
 0003:00002e00       __C_Exit_Done              04028e00     LIBCMT:crt0dat.obj
 0003:0000311c       __newmode                  0402911c     LIBCMT:_newmode.obj
 0003:00003120       _gpFlsAlloc                04029120     LIBCMT:tidtable.obj
 0003:00003124       _gpFlsGetValue             04029124     LIBCMT:tidtable.obj
 0003:00003128       _gpFlsSetValue             04029128     LIBCMT:tidtable.obj
 0003:0000312c       _gpFlsFree                 0402912c     LIBCMT:tidtable.obj
 0003:00003130       ?__pInconsistency@@3P6AXXZA 04029130     LIBCMT:hooks.obj
 0003:00003144       ___pPurecall               04029144     LIBCMT:inithelp.obj
 0003:00003148       __maxwait                  04029148     LIBCMT:crtheap.obj
 0003:00003584       __cflush                   04029584     LIBCMT:_file.obj
 0003:0000358c       ___mbulinfo                0402958c     LIBCMT:mbctype.obj
 0003:00003598       ___mbcodepage              04029598     LIBCMT:mbctype.obj
 0003:0000359c       ___ismbcodepage            0402959c     LIBCMT:mbctype.obj
 0003:000035a0       ___mblcid                  040295a0     LIBCMT:mbctype.obj
 0003:000035a4       ___locale_changed          040295a4     LIBCMT:setlocal.obj
 0003:000035a8       ___lc_handle               040295a8     LIBCMT:nlsdata2.obj
 0003:000035c0       ___lc_codepage             040295c0     LIBCMT:nlsdata2.obj
 0003:000035c4       ___lc_collate_cp           040295c4     LIBCMT:nlsdata2.obj
 0003:00003610       ?pArgList@UnDecorator@@0PAVReplicator@@A 04029610     LIBCMT:undname.obj
 0003:00003614       ?pZNameList@UnDecorator@@0PAVReplicator@@A 04029614     LIBCMT:undname.obj
 0003:00003618       ?pTemplateArgList@UnDecorator@@0PAVReplicator@@A 04029618     LIBCMT:undname.obj
 0003:0000361c       ?gName@UnDecorator@@0PBDB  0402961c     LIBCMT:undname.obj
 0003:00003620       ?name@UnDecorator@@0PBDB   04029620     LIBCMT:undname.obj
 0003:00003624       ?outputString@UnDecorator@@0PADA 04029624     LIBCMT:undname.obj
 0003:00003628       ?maxStringLength@UnDecorator@@0HA 04029628     LIBCMT:undname.obj
 0003:0000362c       ?disableFlags@UnDecorator@@0KA 0402962c     LIBCMT:undname.obj
 0003:00003630       ?m_pGetParameter@UnDecorator@@0P6APADJ@ZA 04029630     LIBCMT:undname.obj
 0003:00003634       ?fExplicitTemplateParams@UnDecorator@@0_NA 04029634     LIBCMT:undname.obj
 0003:00003635       ?fGetTemplateArgumentList@UnDecorator@@0_NA 04029635     LIBCMT:undname.obj
 0003:00003638       ?nodes@?1??make@DNameStatusNode@@SAPAV2@W4DNameStatus@@@Z@4PAV2@A 04029638     LIBCMT:undname.obj
 0003:00003668       ??_B?1??make@DNameStatusNode@@SAPAV1@W4DNameStatus@@@Z@51 04029668     LIBCMT:undname.obj
 0003:00003678       ___lconv_static_null       04029678     LIBCMT:lconv.obj
 0003:0000367c       __stdbuf                   0402967c     LIBCMT:_sftbuf.obj
 0003:00003744       ___setlc_active            04029744     <common>
 0003:00003748       ___unguarded_readlc_active 04029748     <common>
 0003:0000374c       ___piob                    0402974c     <common>
 0003:00003760       __bufin                    04029760     <common>
 0003:00004760       __nstream                  0402a760     <common>
 0003:00004764       __nhandle                  0402a764     <common>
 0003:00004780       ___pioinfo                 0402a780     <common>
 0003:00004880       __debugger_hook_dummy      0402a880     <common>
 0003:00004884       ___sse2_available          0402a884     <common>
 0003:00004888       ___env_initialized         0402a888     <common>
 0003:0000488c       ___onexitend               0402a88c     <common>
 0003:00004890       ___onexitbegin             0402a890     <common>
 0003:00004894       ___mbctype_initialized     0402a894     <common>
 0003:00004898       __FPinit                   0402a898     <common>
 0003:0000489c       ___dyn_tls_init_callback   0402a89c     <common>
 0003:000048a0       ___active_heap             0402a8a0     <common>
 0003:000048a4       ___sbh_initialized         0402a8a4     <common>
 0003:000048a8       ___sbh_cntHeaderList       0402a8a8     <common>
 0003:000048ac       ___sbh_pHeaderList         0402a8ac     <common>
 0003:000048b0       ___sbh_threshold           0402a8b0     <common>
 0003:000048b4       ___sbh_pHeaderScan         0402a8b4     <common>
 0003:000048b8       ___sbh_sizeHeaderList      0402a8b8     <common>
 0003:000048bc       ___sbh_indGroupDefer       0402a8bc     <common>
 0003:000048c0       __acmdln                   0402a8c0     <common>

 entry point at        0001:0000383f

 Static symbols

 0001:fffff000       __ehhandler$?_Copy@?$basic_string@DU?$char_traits@D@std@@V?$allocator@D@2@@std@@IAEXII@Z 04000000 f   libcpmt:string.obj
 0001:fffff059       __catch$?_Copy@?$basic_string@DU?$char_traits@D@std@@V?$allocator@D@2@@std@@IAEXII@Z$0 04000059 f   libcpmt:string.obj
 0001:fffff0ca       __catch$?_Copy@?$basic_string@DU?$char_traits@D@std@@V?$allocator@D@2@@std@@IAEXII@Z$1 040000ca f   libcpmt:string.obj
 0001:00000250       ?GetCharInfo@@YAPAU_CHARINFO@EQData@@XZ 04001250 f   TelnetServer.obj
 0001:000016f3       __catch$?_Copy@?$basic_string@DU?$char_traits@D@std@@V?$allocator@D@2@@std@@IAEXII@Z$0 040026f3 f i WinTelnet.obj
 0001:00001783       __catch$?_Copy@?$basic_string@DU?$char_traits@D@std@@V?$allocator@D@2@@std@@IAEXII@Z$1 04002783 f i WinTelnet.obj
 0001:000027f0       ?CatchGuardHandler@@YA?AW4_EXCEPTION_DISPOSITION@@PAUEHExceptionRecord@@PAUCatchGuardRN@@PAX2@Z 040037f0 f   LIBCMT:_trnsctrl_.obj
 0001:000028fa       ?TranslatorGuardHandler@@YA?AW4_EXCEPTION_DISPOSITION@@PAUEHExceptionRecord@@PAUTranslatorGuardRN@@PAX2@Z 040038fa f   LIBCMT:_trnsctrl_.obj
 0001:00003749       ___DllMainCRTStartup       04004749 f   LIBCMT:dllcrt0.obj
 0001:00003c10       _write_char                04004c10 f   LIBCMT:output.obj
 0001:00003c43       _write_multi_char          04004c43 f   LIBCMT:output.obj
 0001:00003c69       _write_string              04004c69 f   LIBCMT:output.obj
 0001:00004e52       __onexit_nolock            04005e52 f   LIBCMT:onexit.obj
 0001:00006260       _ValidateLocalCookies      04007260 f   LIBCMT:chandler4.obj
 0001:00006578       __initterm                 04007578 f   LIBCMT:crt0dat.obj
 0001:000066b6       _doexit                    040076b6 f   LIBCMT:crt0dat.obj
 0001:00006c81       ?ExFilterRethrow@@YAHPAU_EXCEPTION_POINTERS@@@Z 04007c81 f   LIBCMT:frame.obj
 0001:00007075       ?IsInExceptionSpec@@YAEPAUEHExceptionRecord@@PBU_s_ESTypeList@@@Z 04008075 f   LIBCMT:frame.obj
 0001:000070f0       ?CallUnexpected@@YAXPBU_s_ESTypeList@@@Z 040080f0 f   LIBCMT:frame.obj
 0001:00007121       __catch$?CallUnexpected@@YAXPBU_s_ESTypeList@@@Z$0 04008121 f   LIBCMT:frame.obj
 0001:00007139       ?Is_bad_exception_allowed@@YAEPBU_s_ESTypeList@@@Z 04008139 f   LIBCMT:frame.obj
 0001:000071f1       ?CallCatchBlock@@YAPAXPAUEHExceptionRecord@@PAUEHRegistrationNode@@PAU_CONTEXT@@PBU_s_FuncInfo@@PAXHK@Z 040081f1 f   LIBCMT:frame.obj
 0001:000076e3       ?CatchIt@@YAXPAUEHExceptionRecord@@PAUEHRegistrationNode@@PAU_CONTEXT@@PAXPBU_s_FuncInfo@@PBU_s_HandlerType@@PBU_s_CatchableType@@PBU_s_TryBlockMapEntry@@H1E@Z 040086e3 f   LIBCMT:frame.obj
 0001:00007751       ?FindHandlerForForeignException@@YAXPAUEHExceptionRecord@@PAUEHRegistrationNode@@PAU_CONTEXT@@PAXPBU_s_FuncInfo@@HH1@Z 04008751 f   LIBCMT:frame.obj
 0001:00007845       ?FindHandler@@YAXPAUEHExceptionRecord@@PAUEHRegistrationNode@@PAU_CONTEXT@@PAXPBU_s_FuncInfo@@EH1@Z 04008845 f   LIBCMT:frame.obj
 0001:000083ec       _fastcopy_I                040093ec f   LIBCMT:p4_memcpy.obj
 0001:00008556       _has_osfxsr_set            04009556 f   LIBCMT:cpu_disp.obj
 0001:00008615       _fastzero_I                04009615 f   LIBCMT:p4_memset.obj
 0001:0000968e       _parse_cmdline             0400a68e f   LIBCMT:stdargv.obj
 0001:00009a67       _xcptlookup                0400aa67 f   LIBCMT:winxfltr.obj
 0001:0000a9f9       ?CPtoLCID@@YAHH@Z          0400b9f9 f   LIBCMT:mbctype.obj
 0001:0000aa28       ?setSBCS@@YAXPAUthreadmbcinfostruct@@@Z 0400ba28 f   LIBCMT:mbctype.obj
 0001:0000aa8c       ?setSBUpLow@@YAXPAUthreadmbcinfostruct@@@Z 0400ba8c f   LIBCMT:mbctype.obj
 0001:0000acc3       ?getSystemCP@@YAHH@Z       0400bcc3 f   LIBCMT:mbctype.obj
 0001:0000b397       __copytlocinfo_nolock      0400c397 f   LIBCMT:setlocal.obj
 0001:0000b3bd       __updatetlocinfoEx_nolock  0400c3bd f   LIBCMT:setlocal.obj
 0001:0000b4db       _sync_legacy_variables_lk  0400c4db f   LIBCMT:setlocal.obj
 0001:0000b888       __setlocale_get_all        0400c888 f   LIBCMT:setlocal.obj
 0001:0000bc36       __setlocale_set_cat        0400cc36 f   LIBCMT:setlocal.obj
 0001:0000bf38       __setlocale_nolock         0400cf38 f   LIBCMT:setlocal.obj
 0001:0000cc10       _write_char                0400dc10 f   LIBCMT:outputp.obj
 0001:0000cc43       _write_multi_char          0400dc43 f   LIBCMT:outputp.obj
 0001:0000cc69       _write_string              0400dc69 f   LIBCMT:outputp.obj
 0001:0000df8b       _write_char                0400ef8b f   LIBCMT:outputs.obj
 0001:0000dfbe       _write_multi_char          0400efbe f   LIBCMT:outputs.obj
 0001:0000dfe4       _write_string              0400efe4 f   LIBCMT:outputs.obj
 0001:0000eda4       __unwind_handler4          0400fda4 f   LIBCMT:exsup4.obj
 0001:0000efdb       _ctrlevent_capture@4       0400ffdb f   LIBCMT:winsig.obj
 0001:0000f076       _siglookup                 04010076 f   LIBCMT:winsig.obj
 0001:0000f918       __unwind_handler           04010918 f   LIBCMT:exsup.obj
 0001:00010499       ?und_strlen@@YAIPBD@Z      04011499 f   LIBCMT:undname.obj
 0001:000104a7       ?und_memcpy@@YAXPADPBDI@Z  040114a7 f   LIBCMT:undname.obj
 0001:000104bd       ?und_strncmp@@YAIPBD0I@Z   040114bd f   LIBCMT:undname.obj
 0001:000153de       ?__crtGetLocaleInfoW_stat@@YAHPAUlocaleinfo_struct@@KKPA_WHH@Z 040163de f   LIBCMT:w_loc.obj
 0001:00015461       ?__crtGetLocaleInfoA_stat@@YAHPAUlocaleinfo_struct@@KKPADHH@Z 04016461 f   LIBCMT:a_loc.obj
 0001:00015991       ?x_ismbbtype_l@@YAHPAUlocaleinfo_struct@@IHH@Z 04016991 f   LIBCMT:ismbbyte.obj
 0001:0001656d       _flsall                    0401756d f   LIBCMT:fflush.obj
 0001:000166a3       ?strncnt@@YAHPBDH@Z        040176a3 f   LIBCMT:a_map.obj
 0001:000166c1       ?__crtLCMapStringA_stat@@YAHPAUlocaleinfo_struct@@KKPBDHPADHHH@Z 040176c1 f   LIBCMT:a_map.obj
 0001:00016aab       ?__crtGetStringTypeA_stat@@YAHPAUlocaleinfo_struct@@KPBDHPAGHHH@Z 04017aab f   LIBCMT:a_str.obj
 0001:00016cd6       __get_lc_time              04017cd6 f   LIBCMT:inittime.obj
 0001:000172ff       _fix_grouping              040182ff f   LIBCMT:initnum.obj
 0001:00017541       _fix_grouping              04018541 f   LIBCMT:initmon.obj
 0001:00018296       ?_store_str@@YAXPADPAPADPAI@Z 04019296 f   LIBCMT:strftime.obj
 0001:000182b6       ?_store_number@@YAXHPAPADPAI@Z 040192b6 f   LIBCMT:strftime.obj
 0001:000182ec       ?_store_num@@YAXHHPAPADPAII@Z 040192ec f   LIBCMT:strftime.obj
 0001:00018367       ?_expandtime@@YAHPAUlocaleinfo_struct@@DPBUtm@@PAPADPAIPAU__lc_time_data@@I@Z 04019367 f   LIBCMT:strftime.obj
 0001:0001874f       ?_store_winword@@YAHPAUlocaleinfo_struct@@HPBUtm@@PAPADPAIPAU__lc_time_data@@@Z 0401974f f   LIBCMT:strftime.obj
 0001:00018e26       _TranslateName             04019e26 f   LIBCMT:getqloc.obj
 0001:00018e88       _GetLcidFromDefault        04019e88 f   LIBCMT:getqloc.obj
 0001:00018e9c       _ProcessCodePage           04019e9c f   LIBCMT:getqloc.obj
 0001:00018f40       _TestDefaultCountry        04019f40 f   LIBCMT:getqloc.obj
 0001:00018f64       _LcidFromHexString         04019f64 f   LIBCMT:getqloc.obj
 0001:00018f98       _GetPrimaryLen             04019f98 f   LIBCMT:getqloc.obj
 0001:00018fb3       _CountryEnumProc@4         04019fb3 f   LIBCMT:getqloc.obj
 0001:0001904b       _TestDefaultLanguage       0401a04b f   LIBCMT:getqloc.obj
 0001:000190bf       _LangCountryEnumProc@4     0401a0bf f   LIBCMT:getqloc.obj
 0001:00019291       _LanguageEnumProc@4        0401a291 f   LIBCMT:getqloc.obj
 0001:00019352       _GetLcidFromCountry        0401a352 f   LIBCMT:getqloc.obj
 0001:0001937e       _GetLcidFromLangCountry    0401a37e f   LIBCMT:getqloc.obj
 0001:000193e5       _GetLcidFromLanguage       0401a3e5 f   LIBCMT:getqloc.obj
 0001:00019612       _cmpResult                 0401a612 f   LIBCMT:memcmp.obj
 0001:00019624       _cmpBYTE                   0401a624 f   LIBCMT:memcmp.obj
 0001:0001963c       _cmpWORD                   0401a63c f   LIBCMT:memcmp.obj
 0001:0001967c       _cmpDWORD                  0401a67c f   LIBCMT:memcmp.obj
 0001:000196f4       _unaligned_memcmp          0401a6f4 f   LIBCMT:memcmp.obj
 0001:0001c62f       ?strtoxl@@YAKPAUlocaleinfo_struct@@PBDPAPBDHH@Z 0401d62f f   LIBCMT:strtol.obj
 0001:0001d0ac       __tzset_nolock             0401e0ac f   LIBCMT:tzset.obj
 0001:0001d3f2       _cvtdate                   0401e3f2 f   LIBCMT:tzset.obj
 0001:0001d5e9       __isindst_nolock           0401e5e9 f   LIBCMT:tzset.obj
 0001:0001db39       _xtoa_s@20                 0401eb39 f   LIBCMT:xtoas.obj
 0001:0001dc81       @x64toa_s@24               0401ec81 f   LIBCMT:xtoas.obj
 0001:0001ddcd       ?__crtGetStringTypeW_stat@@YAHPAUlocaleinfo_struct@@KPB_WHPAGHH@Z 0401edcd f   LIBCMT:w_str.obj
 0001:0001de2e       ?strtoxq@@YA_KPAUlocaleinfo_struct@@PBDPAPBDHH@Z 0401ee2e f   LIBCMT:strtoq.obj
 0001:0001e377       __getenv_s_helper          0401f377 f   LIBCMT:getenv.obj
 0001:0001e40c       __dupenv_s_helper          0401f40c f   LIBCMT:getenv.obj
 0001:0001ea9d       ?strncnt@@YAHPBDH@Z        0401fa9d f   LIBCMT:a_cmp.obj
 0001:0001eabb       ?__crtCompareStringA_stat@@YAHPAUlocaleinfo_struct@@KKPBDH1HH@Z 0401fabb f   LIBCMT:a_cmp.obj
 0001:0001ef90       _findenv                   0401ff90 f   LIBCMT:setenv.obj
 0001:0001efe2       _copy_environ              0401ffe2 f   LIBCMT:setenv.obj
 0001:0001f660       __unwindfunclet$?ProcessingThread@@YGKPAX@Z$0 04020660 f   TelnetServer.obj
 0001:0001f66e       __ehhandler$?ProcessingThread@@YGKPAX@Z 0402066e f   TelnetServer.obj
 0001:0001f680       __ehhandler$?_Copy@?$basic_string@DU?$char_traits@D@std@@V?$allocator@D@2@@std@@IAEXII@Z 04020680 f   WinTelnet.obj
 0001:0001f690       __unwindfunclet$?InterpretTelnet@CTelnet@@QAEXPAEH@Z$1 04020690 f   WinTelnet.obj
 0001:0001f698       __unwindfunclet$?InterpretTelnet@CTelnet@@QAEXPAEH@Z$0 04020698 f   WinTelnet.obj
 0001:0001f6a0       __ehhandler$?InterpretTelnet@CTelnet@@QAEXPAEH@Z 040206a0 f   WinTelnet.obj
 0001:0001f6aa       __unwindfunclet$??0logic_error@std@@QAE@ABV?$basic_string@DU?$char_traits@D@std@@V?$allocator@D@2@@1@@Z$0 040206aa f   libcpmt:string.obj
 0001:0001f6b2       __ehhandler$??0logic_error@std@@QAE@ABV?$basic_string@DU?$char_traits@D@std@@V?$allocator@D@2@@1@@Z 040206b2 f   libcpmt:string.obj
 0001:0001f6cd       __unwindfunclet$?_Xlen@_String_base@std@@SAXXZ$0 040206cd f   libcpmt:string.obj
 0001:0001f6d5       __ehhandler$?_Xlen@_String_base@std@@SAXXZ 040206d5 f   libcpmt:string.obj
 0001:0001f6f0       __unwindfunclet$?_Xran@_String_base@std@@SAXXZ$0 040206f0 f   libcpmt:string.obj
 0001:0001f6f8       __ehhandler$?_Xran@_String_base@std@@SAXXZ 040206f8 f   libcpmt:string.obj
 0001:0001f713       __unwindfunclet$?_Xinvarg@_String_base@std@@SAXXZ$0 04020713 f   libcpmt:string.obj
 0001:0001f71b       __ehhandler$?_Xinvarg@_String_base@std@@SAXXZ 0402071b f   libcpmt:string.obj
 0001:0001f736       __unwindfunclet$??0logic_error@std@@QAE@ABV01@@Z$0 04020736 f   libcpmt:string.obj
 0001:0001f73e       __ehhandler$??0logic_error@std@@QAE@ABV01@@Z 0402073e f   libcpmt:string.obj
 0001:0001f759       __ehhandler$?CallUnexpected@@YAXPBU_s_ESTypeList@@@Z 04020759 f   LIBCMT:frame.obj
 0001:0001f774       ??__Fnomem@?5???2@YAPAXI@Z@YAXXZ 04020774 f   LIBCMT:new.obj

 Exports

  ordinal    name

        1    _InitializePlugin
               exported name: InitializePlugin
        2    _OnIncomingChat
               exported name: OnIncomingChat
        3    _OnPulse
               exported name: OnPulse
        4    _OnWriteChatColor
               exported name: OnWriteChatColor
        5    _ShutdownPlugin
               exported name: ShutdownPlugin
